0 ffffff90 acos
0 ffffff91 testPrintFloat
0 ffffff92 testPrintInt
0 ffffff93 ceil
0 ffffff94 floor
0 ffffff95 sqrt
0 ffffff96 atan2
0 ffffff97 cos
0 ffffff98 sin
0 ffffff99 strncpy
0 ffffff9a memcpy
0 ffffff9b memset
0 ffffffa6 trap_FS_Seek
0 ffffffa7 trap_R_inPVS
0 ffffffa8 trap_R_AddPolysToScene
0 ffffffa9 trap_GetEntityToken
0 ffffffaa trap_R_AddAdditiveLightToScene
0 ffffffab trap_CM_TransformedCapsuleTrace
0 ffffffac trap_CM_CapsuleTrace
0 ffffffad trap_CM_TempCapsuleModel
0 ffffffae trap_S_StopLoopingSound
0 ffffffaf trap_S_AddRealLoopingSound
0 ffffffb0 trap_R_RemapShader
0 ffffffb1 trap_CIN_SetExtents
0 ffffffb2 trap_CIN_DrawCinematic
0 ffffffb3 trap_CIN_RunCinematic
0 ffffffb4 trap_CIN_StopCinematic
0 ffffffb5 trap_CIN_PlayCinematic
0 ffffffb6 trap_R_LightForPoint
0 ffffffb7 trap_RemoveCommand
0 ffffffb8 trap_SnapVector
0 ffffffb9 trap_RealTime
0 ffffffba trap_S_StopBackgroundTrack
0 ffffffbb trap_PC_SourceFileAndLine
0 ffffffbc trap_PC_ReadToken
0 ffffffbd trap_PC_FreeSource
0 ffffffbe trap_PC_LoadSource
0 ffffffbf trap_PC_AddGlobalDefine
0 ffffffc0 trap_Key_GetKey
0 ffffffc1 trap_Key_SetCatcher
0 ffffffc2 trap_Key_GetCatcher
0 ffffffc3 trap_Key_IsDown
0 ffffffc4 trap_R_RegisterFont
0 ffffffc5 trap_MemoryRemaining
0 ffffffc6 trap_R_RegisterShaderNoMip
0 ffffffc7 trap_SetUserCmdValue
0 ffffffc8 trap_GetUserCmd
0 ffffffc9 trap_GetCurrentCmdNumber
0 ffffffca trap_GetServerCommand
0 ffffffcb trap_GetSnapshot
0 ffffffcc trap_GetCurrentSnapshotNumber
0 ffffffcd trap_GetGameState
0 ffffffce trap_GetGlconfig
0 ffffffcf trap_R_LerpTag
0 ffffffd0 trap_R_ModelBounds
0 ffffffd1 trap_R_DrawStretchPic
0 ffffffd2 trap_R_SetColor
0 ffffffd3 trap_R_RenderScene
0 ffffffd4 trap_R_AddLightToScene
0 ffffffd5 trap_R_AddPolyToScene
0 ffffffd6 trap_R_AddRefEntityToScene
0 ffffffd7 trap_R_ClearScene
0 ffffffd8 trap_R_RegisterShader
0 ffffffd9 trap_R_RegisterSkin
0 ffffffda trap_R_RegisterModel
0 ffffffdb trap_R_LoadWorldMap
0 ffffffdc trap_S_StartBackgroundTrack
0 ffffffdd trap_S_RegisterSound
0 ffffffde trap_S_Respatialize
0 ffffffdf trap_S_UpdateEntityPosition
0 ffffffe0 trap_S_AddLoopingSound
0 ffffffe1 trap_S_ClearLoopingSounds
0 ffffffe2 trap_S_StartLocalSound
0 ffffffe3 trap_S_StartSound
0 ffffffe4 trap_CM_MarkFragments
0 ffffffe5 trap_CM_TransformedBoxTrace
0 ffffffe6 trap_CM_BoxTrace
0 ffffffe7 trap_CM_TransformedPointContents
0 ffffffe8 trap_CM_PointContents
0 ffffffe9 trap_CM_TempBoxModel
0 ffffffea trap_CM_LoadModel
0 ffffffeb trap_CM_InlineModel
0 ffffffec trap_CM_NumInlineModels
0 ffffffed trap_CM_LoadMap
0 ffffffee trap_UpdateScreen
0 ffffffef trap_SendClientCommand
0 fffffff0 trap_AddCommand
0 fffffff1 trap_SendConsoleCommand
0 fffffff2 trap_FS_FCloseFile
0 fffffff3 trap_FS_Write
0 fffffff4 trap_FS_Read
0 fffffff5 trap_FS_FOpenFile
0 fffffff6 trap_Args
0 fffffff7 trap_Argv
0 fffffff8 trap_Argc
0 fffffff9 trap_Cvar_VariableStringBuffer
0 fffffffa trap_Cvar_Set
0 fffffffb trap_Cvar_Update
0 fffffffc trap_Cvar_Register
0 fffffffd trap_Milliseconds
0 fffffffe trap_Error
0 ffffffff trap_Print
0        0 vmMain
0       87 CG_RegisterCvars
0       ff CG_ForceModelChange
0      12a CG_UpdateCvars
0      17d CG_CrosshairPlayer
0      18e CG_LastAttacker
0      19f CG_Printf
0      1b8 CG_Error
0      1d1 Com_Error
0      1ec Com_Printf
0      207 CG_Argv
0      216 CG_RegisterItemSounds
0      2b3 CG_RegisterSounds
0      790 CG_RegisterGraphics
0      c2c CG_BuildSpectatorString
0      c80 CG_RegisterClients
0      cc7 CG_ConfigString
0      ce8 CG_StartMusic
0      d1c CG_Init
0      e36 CG_Shutdown
0      e39 CG_EventHandling
0      e3c CG_KeyEvent
0      e3f CG_MouseEvent
0      e42 CG_TargetCommand_f
0      e74 CG_SizeUp_f
0      e8a CG_SizeDown_f
0      ea0 CG_Viewpos_f
0      eb8 CG_ScoresDown_f
0      eda CG_ScoresUp_f
0      ee8 CG_TellTarget_f
0      f13 CG_TellAttacker_f
0      f3e CG_VoiceTellTarget_f
0      f69 CG_VoiceTellAttacker_f
0      f94 CG_StartOrbit_f
0      fdc CG_ConsoleCommand
0     101a CG_InitConsoleCommands
0     10be CG_DrawField
0     11ed CG_Draw3DModel
0     1266 CG_DrawHead
0     131f CG_DrawFlagModel
0     1404 CG_DrawStatusBarHead
0     1571 CG_DrawStatusBarFlag
0     158a CG_DrawTeamBackground
0     15cd CG_DrawStatusBar
0     17c8 CG_DrawAttacker
0     186d CG_DrawSnapshot
0     18ad CG_DrawFPS
0     193a CG_DrawTimer
0     19a2 CG_DrawTeamOverlay
0     1ce1 CG_DrawUpperRight
0     1d3f CG_DrawScores
0     2097 CG_DrawPowerups
0     2245 CG_DrawLowerRight
0     2278 CG_DrawPickupItem
0     22ea CG_DrawLowerLeft
0     231e CG_DrawTeamInfo
0     2446 CG_DrawHoldableItem
0     2472 CG_DrawReward
0     259b CG_AddLagometerFrameInfo
0     25bb CG_AddLagometerSnapshotInfo
0     25fe CG_DrawDisconnect
0     2674 CG_DrawLagometer
0     288e CG_CenterPrint
0     28cc CG_DrawCenterString
0     29a2 CG_DrawCrosshair
0     2a79 CG_ScanForCrosshairEntity
0     2ae8 CG_DrawCrosshairNames
0     2b4b CG_DrawSpectator
0     2b79 CG_DrawVote
0     2bc4 CG_DrawTeamVote
0     2c44 CG_DrawScoreboard
0     2c4e CG_DrawIntermission
0     2c66 CG_DrawFollow
0     2cc9 CG_DrawAmmoWarning
0     2d02 CG_DrawWarmup
0     2f0a CG_Draw2D
0     2f8f CG_DrawTourneyScoreboard
0     2f95 CG_DrawActive
0     3020 CG_AdjustFrom640
0     3057 CG_FillRect
0     3091 CG_DrawSides
0     30f2 CG_DrawTopBottom
0     3153 CG_DrawRect
0     3185 CG_DrawPic
0     31b7 CG_DrawChar
0     3226 CG_DrawStringExt
0     3355 CG_DrawBigString
0     338d CG_DrawBigStringColor
0     33b3 CG_DrawSmallString
0     33e7 CG_DrawSmallStringColor
0     3408 CG_DrawStrlen
0     3450 CG_TileClearBox
0     3497 CG_TileClear
0     352e CG_FadeColor
0     3572 CG_TeamColor
0     3595 CG_GetColorForHealth
0     362e CG_ColorForHealth
0     3643 UI_DrawBannerString2
0     3709 UI_DrawBannerString
0     37b7 UI_ProportionalStringWidth
0     37fa UI_DrawProportionalString2
0     38c5 UI_ProportionalSizeScale
0     38d4 UI_DrawProportionalString
0     3a28 CG_BubbleTrail
0     3bc6 CG_SmokePuff
0     3d4e CG_SpawnEffect
0     3de6 CG_ScorePlum
0     3eb3 CG_MakeExplosion
0     3fbe CG_Bleed
0     4026 CG_LaunchGib
0     40a5 CG_GibPlayer
0     43a4 CG_LaunchExplode
0     4423 CG_BigExplode
0     45af CG_PositionEntityOnTag
0     4674 CG_PositionRotatedEntityOnTag
0     4736 CG_SetEntitySoundPosition
0     4793 CG_EntityEffects
0     482c CG_General
0     4889 CG_Speaker
0     48ec CG_Item
0     4bca CG_Missile
0     4cdb CG_Grapple
0     4d4e CG_Mover
0     4dc0 CG_Beam
0     4dec CG_Portal
0     4e5b CG_AdjustPositionForMover
0     4f17 CG_InterpolateEntityPosition
0     4fd7 CG_CalcEntityLerpPositions
0     5076 CG_TeamBase
0     50c2 CG_AddCEntity
0     514c CG_AddPacketEntities
0     51fa CG_PlaceString
0     52a4 CG_Obituary
0     5500 CG_UseItem
0     55a4 CG_ItemPickup
0     55d6 CG_PainEvent
0     5631 CG_EntityEvent
0     60ab CG_CheckEvents
0     6141 CG_DrawLoadingIcons
0     61be CG_LoadingString
0     61ce CG_LoadingItem
0     620f CG_LoadingClient
0     6306 CG_DrawInformation
0     658b CG_InitLocalEntities
0     65c1 CG_FreeLocalEntity
0     65fa CG_AllocLocalEntity
0     6638 CG_BloodTrail
0     66ad CG_FragmentBounceMark
0     6750 CG_FragmentBounceSound
0     67a4 CG_ReflectVelocity
0     689a CG_AddFragment
0     69a2 CG_AddFadeRGB
0     6a74 CG_AddMoveScaleFade
0     6b5f CG_AddScaleFade
0     6bf8 CG_AddFallScaleFade
0     6caa CG_AddExplosion
0     6d1b CG_AddSpriteExplosion
0     6de7 CG_AddScorePlum
0     701d CG_AddLocalEntities
0     70a5 CG_InitMarkPolys
0     70db CG_FreeMarkPoly
0     7114 CG_AllocMark
0     716b CG_ImpactMark
0     7445 CG_AddMarks
0     7662 CG_ClearParticles
0     7705 CG_AddParticleToScene
0     8f2f CG_AddParticles
0     9134 CG_ParticleSnowFlurry
0     92d0 CG_ParticleSnow
0     9426 CG_ParticleBubble
0     95a5 CG_ParticleSmoke
0     96a4 CG_ParticleBulletDebris
0     9765 CG_ParticleExplosion
0     9870 CG_AddParticleShrapnel
0     9873 CG_NewParticleArea
0     99b4 CG_SnowLink
0     99fa CG_ParticleImpactSmokePuff
0     9add CG_Particle_Bleed
0     9bc1 CG_Particle_OilParticle
0     9cc3 CG_Particle_OilSlick
0     9e04 CG_OilSlickRemove
0     9e4f ValidBloodPool
0     9f55 CG_BloodPool
0     a04e CG_ParticleBloodCloud
0     a18a CG_ParticleSparks
0     a300 CG_ParticleDust
0     a506 CG_ParticleMisc
0     a5a6 CG_CustomSound
0     a616 CG_ParseAnimationFile
0     aa5d CG_FileExists
0     aa79 CG_FindClientModelFile
0     abe5 CG_FindClientHeadFile
0     ad62 CG_RegisterClientSkin
0     ae2f CG_RegisterClientModelname
0     b08b CG_ColorFromString
0     b0ef CG_LoadClientInfo
0     b2b9 CG_CopyClientInfoModel
0     b388 CG_ScanForExistingClientInfo
0     b466 CG_SetDeferredClientInfo
0     b590 CG_NewClientInfo
0     b8ae CG_LoadDeferredPlayers
0     b8f6 CG_SetLerpFrameAnimation
0     b94c CG_RunLerpFrame
0     bb2e CG_ClearLerpFrame
0     bb6b CG_PlayerAnimation
0     bc31 CG_SwingAngles
0     bd36 CG_AddPainTwitch
0     bd7d CG_PlayerAngles
0     bf6a CG_HasteTrail
0     bfe7 CG_TrailItem
0     c046 CG_PlayerFlag
0     c1ef CG_PlayerPowerups
0     c320 CG_PlayerFloatSprite
0     c36c CG_PlayerSprites
0     c442 CG_PlayerShadow
0     c4d1 CG_PlayerSplash
0     c5c4 CG_AddRefEntityWithPowerups
0     c63c CG_LightVerts
0     c76c CG_Player
0     c8e2 CG_ResetPlayerEntity
0     c9e2 CG_CheckAmmo
0     ca61 CG_DamageFeedback
0     cba4 CG_Respawn
0     cbb5 CG_CheckPlayerstateEvents
0     cc97 CG_CheckChangedPredictableEvents
0     cd24 pushReward
0     cd51 CG_CheckLocalSounds
0     d0c2 CG_TransitionPlayerState
0     d178 CG_BuildSolidList
0     d207 CG_ClipMoveToEntities
0     d2f8 CG_Trace
0     d33c CG_PointContents
0     d3ac CG_InterpolatePlayerState
0     d4e1 CG_TouchItem
0     d592 CG_TouchTriggerPrediction
0     d645 CG_PredictPlayerState
0     d8e5 CG_DrawClientScore
0     dc11 CG_TeamScoreboard
0     dc8a CG_DrawOldScoreboard
0     e028 CG_CenterGiantLine
0     e068 CG_DrawOldTourneyScoreboard
0     e22f CG_ParseScores
0     e453 CG_ParseTeamInfo
0     e522 CG_ParseServerinfo
0     e619 CG_ParseWarmup
0     e65c CG_SetConfigValues
0     e6c3 CG_ShaderStateChanged
0     e77b CG_ConfigStringModified
0     e93d CG_AddToTeamChat
0     eab8 CG_MapRestart
0     eb00 CG_ParseVoiceChats
0     ed6e CG_LoadVoiceChats
0     edd0 CG_HeadModelVoiceChats
0     ee6a CG_GetVoiceChat
0     eede CG_VoiceChatListForClient
0     f0ac CG_PlayVoiceChat
0     f0af CG_PlayBufferedVoiceChats
0     f0b2 CG_AddBufferedVoiceChat
0     f0b5 CG_VoiceChatLocal
0     f0b8 CG_VoiceChat
0     f0bb CG_RemoveChatEscapeChar
0     f101 CG_ServerCommand
0     f2a4 CG_ExecuteNewServerCommands
0     f2cb CG_ResetEntity
0     f30f CG_TransitionEntity
0     f33c CG_SetInitialSnapshot
0     f3b4 CG_TransitionSnapshot
0     f4a8 CG_SetNextSnap
0     f57d CG_ReadNextSnapshot
0     f5ec CG_ProcessSnapshots
0     f69c CG_TestModel_f
0     f727 CG_TestGun_f
0     f733 CG_TestModelNextFrame_f
0     f749 CG_TestModelPrevFrame_f
0     f766 CG_TestModelNextSkin_f
0     f77c CG_TestModelPrevSkin_f
0     f799 CG_AddTestModel
0     f824 CG_CalcVrect
0     f891 CG_OffsetThirdPersonView
0     fa0a CG_StepOffset
0     fa2c CG_OffsetFirstPersonView
0     fc59 CG_ZoomDown_f
0     fc69 CG_ZoomUp_f
0     fc79 CG_CalcFov
0     fd8a CG_DamageBlendBlob
0     fe64 CG_CalcViewValues
0     ff78 CG_PowerupTimerSounds
0     ffc8 CG_AddBufferedSound
0     fff2 CG_PlayBufferedSounds
0    1002b CG_DrawActiveFrame
0    10167 CG_MachineGunEjectBrass
0    1034e CG_ShotgunEjectBrass
0    10563 CG_RailTrail
0    10915 CG_RocketTrail
0    10a03 CG_PlasmaTrail
0    10cc2 CG_GrappleTrail
0    10d53 CG_GrenadeTrail
0    10d5f CG_RegisterWeapon
0    11287 CG_RegisterItemVisuals
0    1132a CG_MapTorsoToWeaponFrame
0    1139b CG_CalculateWeaponPosition
0    11480 CG_LightningBolt
0    11635 CG_SpawnRailTrail
0    11669 CG_MachinegunSpinAngle
0    116ff CG_AddWeaponWithPowerups
0    11743 CG_AddPlayerWeapon
0    11a34 CG_AddViewWeapon
0    11b9d CG_DrawWeaponSelect
0    11cbf CG_WeaponSelectable
0    11ce4 CG_NextWeapon_f
0    11d3a CG_PrevWeapon_f
0    11d90 CG_Weapon_f
0    11dd5 CG_OutOfAmmoChange
0    11dfa CG_FireWeapon
0    11eb7 CG_MissileHitWall
0    12130 CG_MissileHitPlayer
0    1215a CG_ShotgunPellet
0    12245 CG_ShotgunPattern
0    122fb CG_ShotgunFire
0    123d2 CG_Tracer
0    125eb CG_CalcMuzzlePoint
0    126e7 CG_Bullet
0    127bb PM_SlideMove
0    12bab PM_StepSlideMove
0    12d3c PM_AddEvent
0    12d4b PM_AddTouchEnt
0    12da0 PM_StartTorsoAnim
0    12dc6 PM_StartLegsAnim
0    12df6 PM_ContinueLegsAnim
0    12e16 PM_ContinueTorsoAnim
0    12e36 PM_ForceLegsAnim
0    12e46 PM_ClipVelocity
0    12ebf PM_Friction
0    12fb2 PM_Accelerate
0    1302e PM_CmdScale
0    130d2 PM_SetMovementDir
0    1321e PM_CheckJump
0    132ab PM_CheckWaterJump
0    13392 PM_WaterJumpMove
0    133d3 PM_WaterMove
0    13504 PM_FlyMove
0    1358f PM_AirMove
0    13632 PM_GrappleMove
0    136e9 PM_WalkMove
0    138e5 PM_DeadMove
0    1395e PM_NoclipMove
0    13ab2 PM_FootstepForSurface
0    13acb PM_CrashLand
0    13bc8 PM_CorrectAllSolid
0    13caf PM_GroundTraceMissed
0    13d48 PM_GroundTrace
0    13eb9 PM_SetWaterLevel
0    13f86 PM_CheckDuck
0    140d7 PM_Footsteps
0    14249 PM_WaterEvents
0    142a0 PM_BeginWeaponChange
0    142ea PM_FinishWeaponChange
0    14332 PM_TorsoAnimation
0    14351 PM_Weapon
0    14577 PM_Animate
0    1459c PM_DropTimers
0    14626 PM_UpdateViewAngles
0    146ca PmoveSingle
0    1499d Pmove
0    14a29 swapfunc
0    14ab0 med3
0    14b33 qsort
0    14eec strlen
0    14f07 strcat
0    14f4a strcpy
0    14f7f strcmp
0    14fb8 strchr
0    14fd7 strstr
0    1501d tolower
0    15035 toupper
0    1504d memmove
0    15094 tan
0    150ab srand
0    150b2 rand
0    150c7 atof
0    1518c _atof
0    15257 atoi
0    152cf _atoi
0    15351 abs
0    15366 fabs
0    1537b AddInt
0    15456 AddFloat
0    15564 AddString
0    155fb vsprintf
0    15793 sscanf
0    157fe BG_FindItemForPowerup
0    15841 BG_FindItemForHoldable
0    1587b BG_FindItemForWeapon
0    158ae BG_FindItem
0    158d9 BG_PlayerTouchesItem
0    15939 BG_CanItemBeGrabbed
0    15a6a BG_EvaluateTrajectory
0    15c3a BG_EvaluateTrajectoryDelta
0    15d34 BG_AddPredictableEventToPlayerstate
0    15d6f BG_TouchJumpPad
0    15ddf BG_PlayerStateToEntityState
0    15fd9 BG_PlayerStateToEntityStateExtraPolate
0    161e0 Q_rand
0    161f5 Q_random
0    16207 Q_crandom
0    16218 VectorCompare
0    16250 VectorLength
0    16283 VectorLengthSquared
0    162af Distance
0    162f0 DistanceSquared
0    1633e VectorNormalizeFast
0    1639d VectorInverse
0    163c5 CrossProduct
0    1643e ClampChar
0    16455 ClampShort
0    1646c DirToByte
0    164c7 ByteToDir
0    164e5 ColorBytes3
0    16554 ColorBytes4
0    165e6 NormalizeColor
0    1665c PlaneFromPoints
0    1671a RotatePointAroundVector
0    16825 RotateAroundDirection
0    16869 vectoangles
0    16925 AnglesToAxis
0    1695a AxisClear
0    16991 AxisCopy
0    169b5 ProjectPointOnPlane
0    16a70 MakeNormalVectors
0    16b1b VectorRotate
0    16bb8 Q_rsqrt
0    16bef Q_fabs
0    16bff LerpAngle
0    16c30 AngleSubtract
0    16c55 AnglesSubtract
0    16ca3 AngleMod
0    16cb5 AngleNormalize360
0    16cc3 AngleNormalize180
0    16cde AngleDelta
0    16cee SetPlaneSignbits
0    16d1b BoxOnPlaneSide
0    170dc RadiusFromBounds
0    1712f ClearBounds
0    17166 AddPointToBounds
0    171ff VectorNormalize
0    1726f VectorNormalize2
0    172fd _VectorMA
0    1733f _DotProduct
0    17374 _VectorSubtract
0    173ad _VectorAdd
0    173e6 _VectorCopy
0    1740d _VectorScale
0    1743d Vector4Scale
0    1747f Q_log2
0    1749e MatrixMultiply
0    17673 AngleVectors
0    1776b PerpendicularVector
0    177d7 Com_Clamp
0    177f1 COM_SkipPath
0    17815 COM_StripExtension
0    1784b COM_DefaultExtension
0    17893 ShortSwap
0    178b3 ShortNoSwap
0    178be LongSwap
0    178f1 LongNoSwap
0    178f7 Long64Swap
0    17934 Long64NoSwap
0    1793c FloatSwap
0    17952 FloatNoSwap
0    17959 COM_BeginParseSession
0    1796b COM_GetCurrentParseLine
0    17971 COM_Parse
0    17980 COM_ParseError
0    179a0 COM_ParseWarning
0    179c0 SkipWhitespace
0    179f7 COM_Compress
0    17b4a COM_ParseExt
0    17c96 COM_MatchToken
0    17cbf SkipBracedSection
0    17cfd SkipRestOfLine
0    17d35 Parse1DMatrix
0    17d74 Parse2DMatrix
0    17daf Parse3DMatrix
0    17df4 Q_isprint
0    17e09 Q_islower
0    17e1e Q_isupper
0    17e33 Q_isalpha
0    17e54 Q_strrchr
0    17e88 Q_strncpyz
0    17ec3 Q_stricmpn
0    17f4e Q_strncmp
0    17fa0 Q_stricmp
0    17fc8 Q_strlwr
0    17fee Q_strupr
0    18014 Q_strcat
0    18040 Q_PrintStrlen
0    18090 Q_CleanStr
0    180f6 Com_sprintf
0    18135 va
0    18162 Info_ValueForKey
0    18242 Info_NextPair
0    182e0 Info_RemoveKey
0    183b0 Info_RemoveKey_Big
0    18480 Info_Validate
0    184a7 Info_SetValueForKey
0    18577 Info_SetValueForKey_Big
1        4 forceModelModificationCount
1       2c cvarTable
1      5bc cvarTableSize
1      5ec commands
1      6a4 drawTeamOverlayModificationCount
1      758 propMap
1      d58 propMapB
1     10fc shaderAnimNames
1     117c shaderAnimCounts
1     11fc shaderAnimSTRatio
1     127c cl_numparticles
1     1280 initparticles
1     1284 roll
1     1288 cg_customSoundNames
1     139c numValidOrders
1     1400 pm_stopspeed
1     1404 pm_duckScale
1     1408 pm_swimScale
1     140c pm_wadeScale
1     1410 pm_accelerate
1     1414 pm_airaccelerate
1     1418 pm_wateraccelerate
1     141c pm_flyaccelerate
1     1420 pm_friction
1     1424 pm_waterfriction
1     1428 pm_flightfriction
1     142c pm_spectatorfriction
1     1430 c_pmove
1     145c randSeed
1     14d0 bg_itemlist
1     1c54 bg_numItems
1     1cac eventnames
1     1ddc vec3_origin
1     1de8 axisDefault
1     1e0c colorBlack
1     1e1c colorRed
1     1e2c colorGreen
1     1e3c colorBlue
1     1e4c colorYellow
1     1e5c colorMagenta
1     1e6c colorCyan
1     1e7c colorWhite
1     1e8c colorLtGrey
1     1e9c colorMdGrey
1     1eac colorDkGrey
1     1ebc g_color_table
1     1f3c bytedirs
1     1354 validOrders
2   39d8cc _stackStart
2   3ad8cc _stackEnd
3      400 cg_pmove_msec
3      510 cg_hudFiles
3      620 cg_trueLightning
3      730 cg_oldPlasma
3      840 cg_oldRocket
3      950 cg_oldRail
3      a60 cg_noProjectileTrail
3      b70 cg_noTaunt
3      c80 cg_bigFont
3      d90 cg_smallFont
3      ea0 cg_cameraMode
3      fb0 cg_timescale
3     10c0 cg_timescaleFadeSpeed
3     11d0 cg_timescaleFadeEnd
3     12e0 cg_cameraOrbitDelay
3     13f0 cg_cameraOrbit
3     1500 pmove_msec
3     1610 pmove_fixed
3     1720 cg_smoothClients
3     1830 cg_scorePlum
3     1940 cg_noVoiceText
3     1a50 cg_noVoiceChats
3     1b60 cg_teamChatsOnly
3     1c70 cg_drawFriend
3     1d80 cg_deferPlayers
3     1e90 cg_predictItems
3     1fa0 cg_blood
3     20b0 cg_paused
3     21c0 cg_buildScript
3     22d0 cg_forceModel
3     23e0 cg_stats
3     24f0 cg_teamChatHeight
3     2600 cg_teamChatTime
3     2710 cg_synchronousClients
3     2820 cg_drawAttacker
3     2930 cg_lagometer
3     2a40 cg_stereoSeparation
3     2b50 cg_thirdPerson
3     2c60 cg_thirdPersonAngle
3     2d70 cg_thirdPersonRange
3     2e80 cg_zoomFov
3     2f90 cg_fov
3     30a0 cg_simpleItems
3     31b0 cg_ignore
3     32c0 cg_autoswitch
3     33d0 cg_tracerLength
3     34e0 cg_tracerWidth
3     35f0 cg_tracerChance
3     3700 cg_viewsize
3     3810 cg_drawGun
3     3920 cg_gun_z
3     3a30 cg_gun_y
3     3b40 cg_gun_x
3     3c50 cg_gun_frame
3     3d60 cg_brassTime
3     3e70 cg_addMarks
3     3f80 cg_footsteps
3     4090 cg_showmiss
3     41a0 cg_noPlayerAnims
3     42b0 cg_nopredict
3     43c0 cg_errorDecay
3     44d0 cg_railTrailTime
3     45e0 cg_debugEvents
3     46f0 cg_debugPosition
3     4800 cg_debugAnim
3     4910 cg_animSpeed
3     4a20 cg_draw2D
3     4b30 cg_drawStatus
3     4c40 cg_crosshairHealth
3     4d50 cg_crosshairSize
3     4e60 cg_crosshairY
3     4f70 cg_crosshairX
3     5080 cg_teamOverlayUserinfo
3     5190 cg_drawTeamOverlay
3     52a0 cg_drawRewards
3     53b0 cg_drawCrosshairNames
3     54c0 cg_drawCrosshair
3     55d0 cg_drawAmmoWarning
3     56e0 cg_drawIcons
3     57f0 cg_draw3dIcons
3     5900 cg_drawSnapshot
3     5a10 cg_drawFPS
3     5b20 cg_drawTimer
3     5c30 cg_gibs
3     5d40 cg_shadows
3     5e50 cg_swingSpeed
3     5f60 cg_bobroll
3     6070 cg_bobpitch
3     6180 cg_bobup
3     6290 cg_runroll
3     63a0 cg_runpitch
3     64b0 cg_centertime
3     65c0 cg_items
3     7dc0 cg_weapons
3     8640 cg_entities
3    be640 cg
3    dce80 cgs
3   1025ac lagometer
3   102bb4 teamChat2
3   102cb4 teamChat1
3   102db4 systemChat
3   102eb4 numSortedTeamPlayers
3   102eb8 sortedTeamPlayers
3   102f94 loadingItemIcons
3   102ffc loadingPlayerIcons
3   10303c loadingItemIconCount
3   103040 loadingPlayerIconCount
3   103044 cg_freeLocalEntities
3   103048 cg_activeLocalEntities
3   10316c cg_localEntities
3   12796c oldtime
3   127970 rup
3   12797c rright
3   127988 rforward
3   127994 pvup
3   1279a0 pvright
3   1279ac pvforward
3   1279b8 particles
3   1469b8 free_particles
3   1469bc active_particles
3   1469c0 numShaderAnims
3   1469c4 shaderAnims
3   1489c4 markTotal
3   1489c8 cg_freeMarkPolys
3   1489cc cg_activeMarkPolys
3   148aec cg_markPolys
3   15aaec cg_triggerEntities
3   15aeec cg_numTriggerEntities
3   15aef0 cg_solidEntities
3   15b2f0 cg_numSolidEntities
3   15b2f4 cg_pmove
3   15b3dc localClient
3   15b3e0 voiceChatBuffer
3   15dae0 headModelVoiceChat
3   15ebe0 voiceChatLists
3   387620 pml
3   3876ac pm
3   39d0c8 com_lines
3   39d0cc com_parsename
3   39d4cc com_token
