0 fffffdba trap_BotLibSourceFileAndLine
0 fffffdbb trap_BotLibReadToken
0 fffffdbc trap_BotLibFreeSource
0 fffffdbd trap_BotLibLoadSource
0 fffffdbe trap_AAS_PointReachabilityAreaIndex
0 fffffdbf trap_AAS_PredictRoute
0 fffffdc0 trap_AAS_AlternativeRouteGoals
0 fffffdc1 trap_BotAddAvoidSpot
0 fffffdc2 trap_BotSetAvoidGoalTime
0 fffffdc3 trap_BotPredictVisiblePosition
0 fffffdc4 trap_BotRemoveFromAvoidGoals
0 fffffdc5 trap_BotGetChatMessage
0 fffffdc6 trap_BotNumInitialChats
0 fffffdc7 trap_BotGetMapLocationGoal
0 fffffdc8 trap_BotGetNextCampSpotGoal
0 fffffdc9 trap_BotMutateGoalFuzzyLogic
0 fffffdca trap_BotInterbreedGoalFuzzyLogic
0 fffffdcb trap_GeneticParentsAndChildSelection
0 fffffdcc trap_BotResetWeaponState
0 fffffdcd trap_BotFreeWeaponState
0 fffffdce trap_BotAllocWeaponState
0 fffffdcf trap_BotLoadWeaponWeights
0 fffffdd0 trap_BotGetWeaponInfo
0 fffffdd1 trap_BotChooseBestFightWeapon
0 fffffdd2 trap_BotInitMoveState
0 fffffdd3 trap_BotFreeMoveState
0 fffffdd4 trap_BotAllocMoveState
0 fffffdd5 trap_BotMovementViewTarget
0 fffffdd6 trap_BotReachabilityArea
0 fffffdd7 trap_BotResetLastAvoidReach
0 fffffdd8 trap_BotResetAvoidReach
0 fffffdd9 trap_BotMoveInDirection
0 fffffdda trap_BotMoveToGoal
0 fffffddb trap_BotResetMoveState
0 fffffddc trap_BotFreeGoalState
0 fffffddd trap_BotAllocGoalState
0 fffffdde trap_BotFreeItemWeights
0 fffffdde trap_BotSaveGoalFuzzyLogic
0 fffffde0 trap_BotLoadItemWeights
0 fffffde1 trap_BotUpdateEntityItems
0 fffffde2 trap_BotInitLevelItems
0 fffffde3 trap_BotAvoidGoalTime
0 fffffde4 trap_BotGetLevelItemGoal
0 fffffde5 trap_BotItemGoalInVisButNotVisible
0 fffffde6 trap_BotTouchingGoal
0 fffffde7 trap_BotChooseNBGItem
0 fffffde8 trap_BotChooseLTGItem
0 fffffde9 trap_BotGetSecondGoal
0 fffffdea trap_BotGetTopGoal
0 fffffdeb trap_BotGoalName
0 fffffdec trap_BotDumpGoalStack
0 fffffded trap_BotDumpAvoidGoals
0 fffffdee trap_BotEmptyGoalStack
0 fffffdef trap_BotPopGoal
0 fffffdf0 trap_BotPushGoal
0 fffffdf1 trap_BotResetAvoidGoals
0 fffffdf2 trap_BotResetGoalState
0 fffffdf3 trap_BotSetChatName
0 fffffdf4 trap_BotSetChatGender
0 fffffdf5 trap_BotLoadChatFile
0 fffffdf6 trap_BotReplaceSynonyms
0 fffffdf7 trap_UnifyWhiteSpaces
0 fffffdf8 trap_BotMatchVariable
0 fffffdf9 trap_BotFindMatch
0 fffffdfa trap_StringContains
0 fffffdfb trap_BotEnterChat
0 fffffdfc trap_BotChatLength
0 fffffdfd trap_BotReplyChat
0 fffffdfe trap_BotInitialChat
0 fffffdff trap_BotNumConsoleMessages
0 fffffe00 trap_BotNextConsoleMessage
0 fffffe01 trap_BotRemoveConsoleMessage
0 fffffe02 trap_BotQueueConsoleMessage
0 fffffe03 trap_BotFreeChatState
0 fffffe04 trap_BotAllocChatState
0 fffffe05 trap_Characteristic_String
0 fffffe06 trap_Characteristic_BInteger
0 fffffe07 trap_Characteristic_Integer
0 fffffe08 trap_Characteristic_BFloat
0 fffffe09 trap_Characteristic_Float
0 fffffe0a trap_BotFreeCharacter
0 fffffe0b trap_BotLoadCharacter
0 fffffe58 trap_EA_ResetInput
0 fffffe59 trap_EA_GetInput
0 fffffe5a trap_EA_EndRegular
0 fffffe5b trap_EA_View
0 fffffe5c trap_EA_Move
0 fffffe5d trap_EA_DelayedJump
0 fffffe5e trap_EA_Jump
0 fffffe5f trap_EA_SelectWeapon
0 fffffe60 trap_EA_MoveRight
0 fffffe61 trap_EA_MoveLeft
0 fffffe62 trap_EA_MoveBack
0 fffffe63 trap_EA_MoveForward
0 fffffe64 trap_EA_MoveDown
0 fffffe65 trap_EA_MoveUp
0 fffffe66 trap_EA_Crouch
0 fffffe67 trap_EA_Respawn
0 fffffe68 trap_EA_Use
0 fffffe69 trap_EA_Attack
0 fffffe6a trap_EA_Talk
0 fffffe6b trap_EA_Gesture
0 fffffe6c trap_EA_Action
0 fffffe6d trap_EA_Command
0 fffffe6e trap_EA_SayTeam
0 fffffe6f trap_EA_Say
0 fffffec1 trap_AAS_PredictClientMovement
0 fffffec2 trap_AAS_Swimming
0 fffffec3 trap_AAS_AreaTravelTimeToGoalArea
0 fffffec4 trap_AAS_AreaReachability
0 fffffec5 trap_AAS_IntForBSPEpairKey
0 fffffec6 trap_AAS_FloatForBSPEpairKey
0 fffffec7 trap_AAS_VectorForBSPEpairKey
0 fffffec8 trap_AAS_ValueForBSPEpairKey
0 fffffec9 trap_AAS_NextBSPEntity
0 fffffeca trap_AAS_PointContents
0 fffffecb trap_AAS_TraceAreas
0 fffffecc trap_AAS_PointAreaNum
0 fffffecd trap_AAS_Time
0 fffffece trap_AAS_PresenceTypeBoundingBox
0 fffffecf trap_AAS_Initialized
0 fffffed0 trap_AAS_EntityInfo
0 fffffed1 trap_AAS_AreaInfo
0 fffffed2 trap_AAS_BBoxAreas
0 fffffed3 trap_AAS_EnableRoutingArea
0 ffffff2c trap_BotUserCommand
0 ffffff2d trap_BotGetServerCommand
0 ffffff2e trap_BotGetSnapshotEntity
0 ffffff2f trap_BotLibTest
0 ffffff30 trap_BotLibUpdateEntity
0 ffffff31 trap_BotLibLoadMap
0 ffffff32 trap_BotLibStartFrame
0 ffffff33 trap_BotLibDefine
0 ffffff34 trap_BotLibVarGet
0 ffffff35 trap_BotLibVarSet
0 ffffff36 trap_BotLibShutdown
0 ffffff37 trap_BotLibSetup
0 ffffff8e testPrintFloat
0 ffffff8f testPrintInt
0 ffffff90 ceil
0 ffffff91 floor
0 ffffff95 sqrt
0 ffffff96 atan2
0 ffffff97 cos
0 ffffff98 sin
0 ffffff99 strncpy
0 ffffff9a memcpy
0 ffffff9b memset
0 ffffffd2 trap_FS_Seek
0 ffffffd3 trap_EntityContactCapsule
0 ffffffd4 trap_TraceCapsule
0 ffffffd5 trap_SnapVector
0 ffffffd6 trap_RealTime
0 ffffffd7 trap_DebugPolygonDelete
0 ffffffd8 trap_DebugPolygonCreate
0 ffffffd9 trap_FS_GetFileList
0 ffffffda trap_GetEntityToken
0 ffffffdb trap_GetUsercmd
0 ffffffdc trap_BotFreeClient
0 ffffffdd trap_BotAllocateClient
0 ffffffde trap_EntityContact
0 ffffffdf trap_EntitiesInBox
0 ffffffe0 trap_UnlinkEntity
0 ffffffe1 trap_LinkEntity
0 ffffffe2 trap_AreasConnected
0 ffffffe3 trap_AdjustAreaPortalState
0 ffffffe4 trap_InPVSIgnorePortals
0 ffffffe5 trap_InPVS
0 ffffffe6 trap_PointContents
0 ffffffe7 trap_Trace
0 ffffffe8 trap_SetBrushModel
0 ffffffe9 trap_GetServerinfo
0 ffffffea trap_SetUserinfo
0 ffffffeb trap_GetUserinfo
0 ffffffec trap_GetConfigstring
0 ffffffed trap_SetConfigstring
0 ffffffee trap_SendServerCommand
0 ffffffef trap_DropClient
0 fffffff0 trap_LocateGameData
0 fffffff1 trap_SendConsoleCommand
0 fffffff2 trap_FS_FCloseFile
0 fffffff3 trap_FS_Write
0 fffffff4 trap_FS_Read
0 fffffff5 trap_FS_FOpenFile
0 fffffff6 trap_Argv
0 fffffff7 trap_Argc
0 fffffff8 trap_Cvar_VariableStringBuffer
0 fffffff9 trap_Cvar_VariableIntegerValue
0 fffffffa trap_Cvar_Set
0 fffffffb trap_Cvar_Update
0 fffffffc trap_Cvar_Register
0 fffffffd trap_Milliseconds
0 fffffffe trap_Error
0 ffffffff trap_Printf
0        0 vmMain
0       96 G_Printf
0       af G_Error
0       c8 G_FindTeams
0      1cc G_RemapTeamShaders
0      1cf G_RegisterCvars
0      243 G_UpdateCvars
0      2b7 G_InitGame
0      3e6 G_ShutdownGame
0      415 Com_Error
0      430 Com_Printf
0      44b AddTournamentPlayer
0      4ca RemoveTournamentLoser
0      4f1 RemoveTournamentWinner
0      518 AdjustTournamentScores
0      56d SortRanks
0      642 CalculateRanks
0      8bb SendScoreboardMessageToAllClients
0      8e4 MoveClientToIntermission
0      954 FindIntermissionPoint
0      9c2 BeginIntermission
0      a1a ExitLevel
0      aa2 G_LogPrintf
0      b0e LogExit
0      ba0 CheckIntermissionExit
0      c61 ScoreIsTied
0      caa CheckExitRules
0      da5 CheckTournament
0      ef9 CheckVote
0      f5c PrintTeam
0      f87 SetLeader
0     103f CheckTeamLeader
0     10d7 CheckTeamVote
0     119a CheckCvars
0     11c7 G_RunThink
0     1200 G_RunFrame
0     1381 BG_FindItemForPowerup
0     13c4 BG_FindItemForHoldable
0     13fe BG_FindItemForWeapon
0     1431 BG_FindItem
0     145c BG_PlayerTouchesItem
0     14bc BG_CanItemBeGrabbed
0     15ed BG_EvaluateTrajectory
0     17bd BG_EvaluateTrajectoryDelta
0     18b7 BG_AddPredictableEventToPlayerstate
0     18f2 BG_TouchJumpPad
0     1962 BG_PlayerStateToEntityState
0     1b5c BG_PlayerStateToEntityStateExtraPolate
0     1d63 swapfunc
0     1dea med3
0     1e6d qsort
0     2226 strlen
0     2241 strcat
0     2284 strcpy
0     22b9 strcmp
0     22f2 strchr
0     2311 strstr
0     2357 tolower
0     236f toupper
0     2387 memmove
0     23ce tan
0     23e5 srand
0     23ec rand
0     2401 atof
0     24c6 _atof
0     2591 atoi
0     2609 _atoi
0     268b abs
0     26a0 fabs
0     26b5 AddInt
0     2790 AddFloat
0     289e AddString
0     2935 vsprintf
0     2acd sscanf
0     2b38 PM_AddEvent
0     2b47 PM_AddTouchEnt
0     2b9c PM_StartTorsoAnim
0     2bc2 PM_StartLegsAnim
0     2bf2 PM_ContinueLegsAnim
0     2c12 PM_ContinueTorsoAnim
0     2c32 PM_ForceLegsAnim
0     2c42 PM_ClipVelocity
0     2cbb PM_Friction
0     2dae PM_Accelerate
0     2e2a PM_CmdScale
0     2ece PM_SetMovementDir
0     301a PM_CheckJump
0     30a7 PM_CheckWaterJump
0     318e PM_WaterJumpMove
0     31cf PM_WaterMove
0     3300 PM_FlyMove
0     338b PM_AirMove
0     342e PM_GrappleMove
0     34e5 PM_WalkMove
0     36e1 PM_DeadMove
0     375a PM_NoclipMove
0     38ae PM_FootstepForSurface
0     38c7 PM_CrashLand
0     39c4 PM_CorrectAllSolid
0     3aab PM_GroundTraceMissed
0     3b44 PM_GroundTrace
0     3cb5 PM_SetWaterLevel
0     3d82 PM_CheckDuck
0     3ed3 PM_Footsteps
0     4045 PM_WaterEvents
0     409c PM_BeginWeaponChange
0     40e6 PM_FinishWeaponChange
0     412e PM_TorsoAnimation
0     414d PM_Weapon
0     4373 PM_Animate
0     4398 PM_DropTimers
0     4422 PM_UpdateViewAngles
0     44c6 PmoveSingle
0     4799 Pmove
0     4825 PM_SlideMove
0     4c15 PM_StepSlideMove
0     4da6 Q_rand
0     4dbb Q_random
0     4dcd Q_crandom
0     4dde VectorCompare
0     4e16 VectorLength
0     4e49 VectorLengthSquared
0     4e75 Distance
0     4eb6 DistanceSquared
0     4f04 VectorNormalizeFast
0     4f63 VectorInverse
0     4f8b CrossProduct
0     5004 ClampChar
0     501b ClampShort
0     5032 DirToByte
0     508d ByteToDir
0     50ab ColorBytes3
0     511a ColorBytes4
0     51ac NormalizeColor
0     5222 PlaneFromPoints
0     52e0 RotatePointAroundVector
0     53eb RotateAroundDirection
0     542f vectoangles
0     54eb AnglesToAxis
0     5520 AxisClear
0     5557 AxisCopy
0     557b ProjectPointOnPlane
0     5636 MakeNormalVectors
0     56e1 VectorRotate
0     577e Q_rsqrt
0     57b5 Q_fabs
0     57c5 LerpAngle
0     57f6 AngleSubtract
0     581b AnglesSubtract
0     5869 AngleMod
0     587b AngleNormalize360
0     5889 AngleNormalize180
0     58a4 AngleDelta
0     58b4 SetPlaneSignbits
0     58e1 BoxOnPlaneSide
0     5ca2 RadiusFromBounds
0     5cf5 ClearBounds
0     5d2c AddPointToBounds
0     5dc5 VectorNormalize
0     5e35 VectorNormalize2
0     5ec3 _VectorMA
0     5f05 _DotProduct
0     5f3a _VectorSubtract
0     5f73 _VectorAdd
0     5fac _VectorCopy
0     5fd3 _VectorScale
0     6003 Vector4Scale
0     6045 Q_log2
0     6064 MatrixMultiply
0     6239 AngleVectors
0     6331 PerpendicularVector
0     639d Com_Clamp
0     63b7 COM_SkipPath
0     63db COM_StripExtension
0     6411 COM_DefaultExtension
0     6459 ShortSwap
0     6479 ShortNoSwap
0     6484 LongSwap
0     64b7 LongNoSwap
0     64bd Long64Swap
0     64fa Long64NoSwap
0     6502 FloatSwap
0     6518 FloatNoSwap
0     651f COM_BeginParseSession
0     6531 COM_GetCurrentParseLine
0     6537 COM_Parse
0     6546 COM_ParseError
0     6566 COM_ParseWarning
0     6586 SkipWhitespace
0     65bd COM_Compress
0     6710 COM_ParseExt
0     685c COM_MatchToken
0     6885 SkipBracedSection
0     68c3 SkipRestOfLine
0     68fb Parse1DMatrix
0     693a Parse2DMatrix
0     6975 Parse3DMatrix
0     69ba Q_isprint
0     69cf Q_islower
0     69e4 Q_isupper
0     69f9 Q_isalpha
0     6a1a Q_strrchr
0     6a4e Q_strncpyz
0     6a89 Q_stricmpn
0     6b14 Q_strncmp
0     6b66 Q_stricmp
0     6b8e Q_strlwr
0     6bb4 Q_strupr
0     6bda Q_strcat
0     6c06 Q_PrintStrlen
0     6c56 Q_CleanStr
0     6cbc Com_sprintf
0     6cfb va
0     6d28 Info_ValueForKey
0     6e08 Info_NextPair
0     6ea6 Info_RemoveKey
0     6f76 Info_RemoveKey_Big
0     7046 Info_Validate
0     706d Info_SetValueForKey
0     713d Info_SetValueForKey_Big
0     7205 BotResetNodeSwitches
0     720b BotDumpNodeSwitches
0     724c BotRecordNodeSwitch
0     7288 BotGetAirGoal
0     7345 BotGoForAir
0     73c2 BotNearbyGoal
0     7432 BotReachedGoal
0     753a BotGetItemLongTermGoal
0     75d1 BotGetLongTermGoal
0     84fe BotLongTermGoal
0     8783 AIEnter_Intermission
0     87bf AINode_Intermission
0     8802 AIEnter_Observer
0     881e AINode_Observer
0     8836 AIEnter_Stand
0     8855 AINode_Stand
0     88fe AIEnter_Respawn
0     8982 AINode_Respawn
0     8a02 BotSelectActivateWeapon
0     8ac4 BotClearPath
0     8d31 AIEnter_Seek_ActivateEntity
0     8d47 AINode_Seek_ActivateEntity
0     9196 AIEnter_Seek_NBG
0     91d5 AINode_Seek_NBG
0     945b AIEnter_Seek_LTG
0     949a AINode_Seek_LTG
0     9803 AIEnter_Battle_Fight
0     9822 AIEnter_Battle_SuicidalFight
0     984f AINode_Battle_Fight
0     9b27 AIEnter_Battle_Chase
0     9b44 AINode_Battle_Chase
0     9e07 AIEnter_Battle_Retreat
0     9e1d AINode_Battle_Retreat
0     a13c AIEnter_Battle_NBG
0     a152 AINode_Battle_NBG
0     a3ea BotSetUserInfo
0     a419 BotCTFCarryingFlag
0     a43c BotTeam
0     a491 BotOppositeTeam
0     a4b3 BotEnemyFlag
0     a4c7 BotTeamFlag
0     a4db EntityIsDead
0     a502 EntityCarriesFlag
0     a521 EntityIsInvisible
0     a542 EntityIsShooting
0     a554 EntityIsChatting
0     a566 EntityHasQuad
0     a578 BotRememberLastOrderedTask
0     a5c1 BotSetTeamStatus
0     a5c4 BotSetLastOrderedTask
0     a6cc BotRefuseOrder
0     a70d BotCTFSeekGoals
0     aca3 BotCTFRetreatGoals
0     aced BotTeamGoals
0     ad10 BotPointAreaNum
0     ad4f ClientName
0     ad9d ClientSkin
0     ade5 ClientFromName
0     ae38 ClientOnSameTeamFromName
0     ae9b stristr
0     aefd EasyClientName
0     b08e BotSynonymContext
0     b0b4 BotChooseWeapon
0     b11b BotSetupForMovement
0     b1dc BotCheckItemPickup
0     b1df BotUpdateInventory
0     b49e BotUpdateBattleInventory
0     b4e4 BotBattleUseItems
0     b520 BotSetTeleportTime
0     b54b BotIsDead
0     b560 BotIsObserver
0     b596 BotIntermission
0     b5bb BotInLavaOrSlime
0     b5d5 BotCreateWayPoint
0     b633 BotFindWayPoint
0     b65e BotFreeWaypoints
0     b67d BotInitWaypoints
0     b6a1 TeamPlayIsOn
0     b6b3 BotAggression
0     b797 BotFeelingBad
0     b7c8 BotWantsToRetreat
0     b81a BotWantsToChase
0     b865 BotWantsToHelp
0     b86a BotCanAndWantsToRocketJump
0     b8d1 BotHasPersistantPowerupAndWeapon
0     b9a3 BotGoCamp
0     ba1f BotWantsToCamp
0     bb51 BotDontAvoid
0     bb85 BotGoForPowerups
0     bbb6 BotRoamGoal
0     bd53 BotAttackMove
0     c041 BotSameTeam
0     c0af InFieldOfVision
0     c131 BotEntityVisible
0     c393 BotFindEnemy
0     c623 BotTeamFlagCarrierVisible
0     c69c BotTeamFlagCarrier
0     c6ee BotEnemyFlagCarrierVisible
0     c767 BotVisibleTeamMatesAndEnemies
0     c83f BotAimAtEnemy
0     d055 BotCheckAttack
0     d2da BotMapScripts
0     d4b5 BotSetMovedir
0     d4f0 BotModelMinsMaxs
0     d5e8 BotFuncButtonActivateGoal
0     db0b BotFuncDoorActivateGoal
0     dbdb BotTriggerMultipleActivateGoal
0     dd2a BotPopFromActivateGoalStack
0     dd65 BotPushOntoActivateGoalStack
0     ddfe BotClearActivateGoalStack
0     de10 BotEnableActivateGoalAreas
0     de60 BotIsGoingToActivateEntity
0     dece BotGetActivateGoal
0     e365 BotGoForActivateGoal
0     e3b8 BotPrintActivateGoalInfo
0     e43a BotRandomMove
0     e47b BotAIBlocked
0     e65e BotAIPredictObstacles
0     e759 BotCheckConsoleMessages
0     e964 BotCheckForGrenades
0     e992 BotCheckEvents
0     ebaf BotCheckSnapshot
0     ec1a BotCheckAir
0     ec3c BotAlternateRoute
0     ec9f BotGetAlternateRouteGoal
0     ed43 BotSetupAlternativeRouteGoals
0     ed4f BotDeathmatchAI
0     ef5e BotSetEntityNumForGoalWithModel
0     efe6 BotSetEntityNumForGoal
0     f05a BotGoalForBSPEntity
0     f0f2 BotSetupDeathmatchAI
0     f1db BotShutdownDeathmatchAI
0     f1e1 BotValidTeamLeader
0     f208 BotNumTeamMates
0     f287 BotClientTravelTimeToGoal
0     f2b8 BotSortTeamMatesByBaseTravelTime
0     f3d6 BotSetTeamMateTaskPreference
0     f3f8 BotGetTeamMateTaskPreference
0     f42f BotSortTeamMatesByTaskPreference
0     f52f BotSayTeamOrderAlways
0     f57e BotSayTeamOrder
0     f58a BotVoiceChat
0     f58d BotVoiceChatOnly
0     f590 BotSayVoiceTeamOrder
0     f593 BotCTFOrders_BothFlagsNotAtBase
0     f858 BotCTFOrders_FlagNotAtBase
0     fbd0 BotCTFOrders_EnemyFlagNotAtBase
0     fe41 BotCTFOrders_BothFlagsAtBase
0    101bd BotCTFOrders
0    10225 BotCreateGroup
0    10287 BotTeamOrders
0    10380 FindHumanTeamLeader
0    103e4 BotTeamAI
0    10609 BotAI_Print
0    10663 BotAI_Trace
0    106d1 BotAI_GetClientState
0    10702 BotAI_GetEntityState
0    10747 BotAI_GetSnapshotEntity
0    10778 BotAI_BotInitialChat
0    107fa BotTestAAS
0    10871 BotReportStatus
0    109f9 BotTeamplayReport
0    10aec BotSetInfoConfigString
0    10c55 BotUpdateInfoConfigStrings
0    10cb6 BotInterbreedBots
0    10d8f BotWriteInterbreeded
0    10df7 BotInterbreedEndMatch
0    10e31 BotInterbreeding
0    10ec8 BotEntityInfo
0    10ed4 NumBots
0    10eda BotTeamLeader
0    10f0a AngleDifference
0    10f32 BotChangeViewAngle
0    10f9e BotChangeViewAngles
0    111a9 BotInputToUserCommand
0    1149c BotUpdateInput
0    11559 BotAIRegularUpdate
0    1156a RemoveColorEscapeSequences
0    115de BotAI
0    11811 BotScheduleBotThink
0    11850 BotWriteSessionData
0    118e0 BotReadSessionData
0    1195d BotAISetupClient
0    11b9e BotAIShutdownClient
0    11c3d BotResetState
0    11d56 BotAILoadMap
0    11da7 BotAIStartFrame
0    120e5 BotInitLibrary
0    122c4 BotAISetup
0    1236e BotAIShutdown
0    123ac BotNumActivePlayers
0    1241d BotIsFirstInRankings
0    1249c BotIsLastInRankings
0    1251b BotFirstClientInRankings
0    125a7 BotLastClientInRankings
0    12633 BotRandomOpponentName
0    12712 BotMapTitle
0    12733 BotWeaponNameForMeansOfDeath
0    12774 BotRandomWeaponName
0    127bd BotVisibleEnemies
0    1284a BotValidChatPosition
0    12913 BotChat_EnterGame
0    129c9 BotChat_ExitGame
0    12a70 BotChat_StartLevel
0    12b17 BotChat_EndLevel
0    12c6c BotChat_Death
0    12ef1 BotChat_Kill
0    13054 BotChat_EnemySuicide
0    1310d BotChat_HitTalking
0    131f9 BotChat_HitNoDeath
0    13302 BotChat_HitNoKill
0    133df BotChat_Random
0    1356f BotChatTime
0    13588 BotChatTest
0    13e3c BotGetItemTeamGoal
0    13e7b BotGetMessageTeamGoal
0    13eb8 BotGetTime
0    13f37 FindClientByName
0    13faa FindEnemyByName
0    1403d NumPlayersOnSameTeam
0    14094 BotGetPatrolWaypoints
0    141cc BotAddressedToBot
0    142e5 BotGPSToPosition
0    1437d BotMatch_HelpAccompany
0    145b6 BotMatch_DefendKeyArea
0    1466c BotMatch_GetItem
0    14704 BotMatch_Camp
0    148d1 BotMatch_Patrol
0    1496d BotMatch_GetFlag
0    14a01 BotMatch_AttackEnemyBase
0    14a81 BotMatch_RushBase
0    14b01 BotMatch_TaskPreference
0    14bc9 BotMatch_ReturnFlag
0    14c3c BotMatch_JoinSubteam
0    14ca7 BotMatch_LeaveSubteam
0    14d12 BotMatch_WhichTeam
0    14d70 BotMatch_CheckPoint
0    14ed2 BotMatch_FormationSpace
0    14f30 BotMatch_Dismiss
0    14f94 BotMatch_Suicide
0    14fe8 BotMatch_StartTeamLeaderShip
0    15047 BotMatch_StopTeamLeaderShip
0    150b8 BotMatch_WhoIsTeamLeader
0    150ec BotMatch_WhatAreYouDoing
0    15207 BotMatch_WhatIsMyCommand
0    1522e BotNearestVisibleItem
0    152cb BotMatch_WhereAreYou
0    153fd BotMatch_LeadTheWay
0    1555b BotMatch_Kill
0    155f8 BotMatch_CTF
0    156d1 BotMatch_EnterGame
0    156f6 BotMatch_NewLeader
0    1572b BotMatchMessage
0    1588f BotVoiceChat_GetFlag
0    158fd BotVoiceChat_Offense
0    1595c BotVoiceChat_Defend
0    159dc BotVoiceChat_DefendFlag
0    159eb BotVoiceChat_Patrol
0    15a2f BotVoiceChat_Camp
0    15b0a BotVoiceChat_FollowMe
0    15bf2 BotVoiceChat_FollowFlagCarrier
0    15c10 BotVoiceChat_ReturnFlag
0    15c5d BotVoiceChat_StartLeader
0    15c6d BotVoiceChat_StopLeader
0    15c99 BotVoiceChat_WhoIsLeader
0    15ce3 BotVoiceChat_WantOnDefense
0    15d46 BotVoiceChat_WantOnOffense
0    15da9 BotVoiceChat_Dummy
0    15dac BotVoiceChatCommand
0    15eea P_DamageFeedback
0    15fad P_WorldEffects
0    16154 G_SetClientSound
0    16185 ClientImpacts
0    16228 G_TouchTriggers
0    1640a SpectatorThink
0    16493 ClientInactivityTimer
0    16535 ClientTimerActions
0    16620 ClientIntermissionThink
0    1667b ClientEvents
0    167f9 SendPendingPredictableEvents
0    168a5 ClientThink_real
0    16bfc ClientThink
0    16c37 G_RunClient
0    16c5e SpectatorClientEndFrame
0    16d33 ClientEndFrame
0    16e0b UpdateTournamentInfo
0    16f53 SpawnModelOnVictoryPad
0    17147 CelebrateStop
0    17171 CelebrateStart
0    171a4 PodiumPlacementThink
0    17440 SpawnPodium
0    1751d SpawnModelsOnVictoryPads
0    175bf Svcmd_AbortPodium_f
0    175d9 trap_Cvar_VariableValue
0    175ef G_ParseInfos
0    176dd G_LoadArenasFromFile
0    1775d G_LoadArenas
0    17807 G_GetArenaInfoByMap
0    17842 PlayerIntroSound
0    17893 G_AddRandomBot
0    17a00 G_RemoveRandomBot
0    17a6c G_CountHumanPlayers
0    17abf G_CountBotPlayers
0    17b3c G_CheckMinimumPlayers
0    17c70 G_CheckBotSpawn
0    17cce AddBotToSpawnQueue
0    17d09 G_RemoveQueuedBotBegin
0    17d2d G_BotConnect
0    17d8f G_AddBot
0    18002 Svcmd_AddBot_f
0    18099 Svcmd_BotList_f
0    1814d G_SpawnBots
0    181ff G_LoadBotsFromFile
0    1827f G_LoadBots
0    1830c G_GetBotInfoByNumber
0    18337 G_GetBotInfoByName
0    18376 G_InitBots
0    18465 SP_info_player_deathmatch
0    1849e SP_info_player_start
0    184ad SP_info_player_intermission
0    184b0 SpotWouldTelefrag
0    18531 SelectNearestDeathmatchSpawnPoint
0    18595 SelectRandomDeathmatchSpawnPoint
0    185f5 SelectRandomFurthestSpawnPoint
0    18765 SelectSpawnPoint
0    18778 SelectInitialSpawnPoint
0    187dd SelectSpectatorSpawnPoint
0    187ed InitBodyQue
0    1881d BodySink
0    1884f CopyToBodyQue
0    189cb SetClientViewAngle
0    18a23 respawn
0    18a53 TeamCount
0    18a94 TeamLeader
0    18ad5 PickTeam
0    18b0f ClientCleanName
0    18c04 ClientUserinfoChanged
0    18eef ClientConnect
0    19019 ClientBegin
0    190ce ClientSpawn
0    19476 ClientDisconnect
0    1958d DeathmatchScoreboardMessage
0    196bb Cmd_Score_f
0    196c4 CheatsOk
0    19702 ConcatArgs
0    1976d SanitizeString
0    197bf ClientNumberFromString
0    1988b Cmd_Give_f
0    19a52 Cmd_God_f
0    19a97 Cmd_Notarget_f
0    19adc Cmd_Noclip_f
0    19b2f Cmd_LevelShot_f
0    19b60 Cmd_TeamTask_f
0    19bb7 Cmd_Kill_f
0    19c09 BroadcastTeamChange
0    19c83 SetTeam
0    19ed6 StopFollowing
0    19f25 Cmd_Team_f
0    19fdb Cmd_Follow_f
0    1a075 Cmd_FollowCycle_f
0    1a11a G_SayTo
0    1a1ab G_Say
0    1a30d Cmd_Say_f
0    1a346 Cmd_Tell_f
0    1a3f0 G_VoiceTo
0    1a466 G_Voice
0    1a4ca Cmd_Voice_f
0    1a506 Cmd_VoiceTell_f
0    1a5b6 Cmd_VoiceTaunt_f
0    1a775 Cmd_GameCommand_f
0    1a7ea Cmd_Where_f
0    1a80c Cmd_CallVote_f
0    1aac6 Cmd_Vote_f
0    1ab7c Cmd_CallTeamVote_f
0    1aea2 Cmd_TeamVote_f
0    1af91 Cmd_SetViewpos_f
0    1b01e Cmd_Stats_f
0    1b021 ClientCommand
0    1b2f9 ScorePlum
0    1b32e AddScore
0    1b37c TossClientItems
0    1b456 LookAtKiller
0    1b528 GibEntity
0    1b593 body_die
0    1b5b3 CheckAlmostCapture
0    1b694 CheckAlmostScored
0    1b72f player_die
0    1bb45 CheckArmor
0    1bba2 RaySphereIntersections
0    1bd4c G_Damage
0    1c105 CanDamage
0    1c230 G_RadiusDamage
0    1c3ad Pickup_Powerup
0    1c500 Pickup_Holdable
0    1c531 Add_Ammo
0    1c568 Pickup_Ammo
0    1c599 Pickup_Weapon
0    1c658 Pickup_Health
0    1c6de Pickup_Armor
0    1c722 RespawnItem
0    1c85a Touch_Item
0    1ca91 LaunchItem
0    1cb5d Drop_Item
0    1cbc0 Use_Item
0    1cbc9 FinishSpawningItem
0    1cd20 G_CheckTeamItems
0    1cd72 ClearRegisteredItems
0    1cd96 RegisterItem
0    1cdae SaveRegisteredItems
0    1cdf6 G_ItemDisabled
0    1ce0f G_SpawnItem
0    1ce71 G_BounceItem
0    1cfd3 G_RunItem
0    1d0a1 G_Alloc
0    1d0ec G_InitMemory
0    1d0f2 Svcmd_GameMem_f
0    1d0ff SP_info_camp
0    1d111 SP_info_null
0    1d11a SP_info_notnull
0    1d12c SP_light
0    1d135 TeleportPlayer
0    1d260 SP_misc_teleporter_dest
0    1d263 SP_misc_model
0    1d26c locateCamera
0    1d34b SP_misc_portal_surface
0    1d3bd SP_misc_portal_camera
0    1d413 Use_Shooter
0    1d539 InitShooter_Finish
0    1d55d InitShooter
0    1d5cb SP_shooter_rocket
0    1d5d6 SP_shooter_plasma
0    1d5e1 SP_shooter_grenade
0    1d5ec G_BounceMissile
0    1d703 G_ExplodeMissile
0    1d7a9 G_MissileImpact
0    1da62 G_RunMissile
0    1db4f fire_plasma
0    1dc2c fire_grenade
0    1dd0f fire_bfg
0    1ddec fire_rocket
0    1dec9 fire_grapple
0    1dfa0 G_TestEntityPosition
0    1e01d G_CreateRotationMatrix
0    1e03f G_TransposeMatrix
0    1e080 G_RotatePoint
0    1e0ec G_TryPushingEntity
0    1e381 G_CheckProxMinePosition
0    1e41e G_TryPushingProxMine
0    1e550 G_MoverPush
0    1e860 G_MoverTeam
0    1e993 G_RunMover
0    1e9c4 SetMoverState
0    1eb03 MatchTeam
0    1eb23 ReturnToPos1
0    1eb58 Reached_BinaryMover
0    1ec1f Use_BinaryMover
0    1ed50 InitMover
0    1eee5 Blocked_Door
0    1ef63 Touch_DoorTriggerSpectator
0    1f03c Touch_DoorTrigger
0    1f08e Think_SpawnNewDoorTrigger
0    1f189 Think_MatchTeam
0    1f19f SP_func_door
0    1f35d Touch_Plat
0    1f384 Touch_PlatCenterTrigger
0    1f3ad SpawnPlatTrigger
0    1f49b SP_func_plat
0    1f5a2 Touch_Button
0    1f5c5 SP_func_button
0    1f703 Think_BeginMoving
0    1f713 Reached_Train
0    1f7f8 Think_SetupTrainTargets
0    1f8af SP_path_corner
0    1f8d0 SP_func_train
0    1f965 SP_func_static
0    1f998 SP_func_rotating
0    1fa3e SP_func_bobbing
0    1faf0 SP_func_pendulum
0    1fba9 G_WriteClientSessionData
0    1fbff G_ReadSessionData
0    1fc58 G_InitSessionData
0    1fce5 G_InitWorldSession
0    1fd08 G_WriteSessionData
0    1fd43 G_SpawnString
0    1fd87 G_SpawnFloat
0    1fda9 G_SpawnInt
0    1fdcb G_SpawnVector
0    1fdfa SP_item_botroam
0    1fdfd G_CallSpawn
0    1fe7c G_NewString
0    1ff00 G_ParseField
0    1ffe8 G_SpawnGEntityFromSpawnVars
0    200d3 G_AddSpawnVarToken
0    20114 G_ParseSpawnVars
0    201a4 SP_worldspawn
0    20270 G_SpawnEntitiesFromString
0    20299 StringToFilter
0    20361 UpdateIPBans
0    2040e G_FilterPacket
0    204be AddIP
0    20514 G_ProcessIPBans
0    2056a Svcmd_AddIP_f
0    2058a Svcmd_RemoveIP_f
0    205f2 Svcmd_EntityList_f
0    206ac ClientForString
0    20743 Svcmd_ForceTeam_f
0    20779 ConsoleCommand
0    2087c Use_Target_Give
0    208d6 SP_target_give
0    208df Use_target_remove_powerups
0    2092b SP_target_remove_powerups
0    20934 Think_Target_Delay
0    20947 Use_Target_Delay
0    20982 SP_target_delay
0    209b5 Use_Target_Score
0    209cd SP_target_score
0    209e3 Use_Target_Print
0    20a6a SP_target_print
0    20a73 Use_Target_Speaker
0    20ae6 SP_target_speaker
0    20be3 target_laser_think
0    20d3f target_laser_on
0    20d5a target_laser_off
0    20d69 target_laser_use
0    20d88 target_laser_start
0    20e19 SP_target_laser
0    20e2b target_teleporter_use
0    20e60 SP_target_teleporter
0    20e87 target_relay_use
0    20f18 SP_target_relay
0    20f21 target_kill_use
0    20f42 SP_target_kill
0    20f4b SP_target_position
0    20f5d target_location_linkup
0    20fcd SP_target_location
0    20fee Team_InitGame
0    21019 OtherTeam
0    2102f TeamName
0    2104c OtherTeamName
0    21069 TeamColorString
0    21086 PrintMsg
0    210dc AddTeamScore
0    21167 OnSameTeam
0    211af Team_SetFlagStatus
0    2121b Team_CheckDroppedItem
0    21255 Team_ForceGesture
0    2129a Team_FragBonuses
0    21826 Team_CheckHurtCarrier
0    218bc Team_ResetFlag
0    21926 Team_ResetFlags
0    21937 Team_ReturnFlagSound
0    21974 Team_TakeFlagSound
0    219e3 Team_CaptureFlagSound
0    21a20 Team_ReturnFlag
0    21a51 Team_FreeEntity
0    21a85 Team_DroppedFlagThink
0    21ac6 Team_TouchOurFlag
0    21d45 Team_TouchEnemyFlag
0    21da2 Pickup_Team
0    21e0c Team_GetLocation
0    21e86 Team_GetLocationMsg
0    21eed SelectRandomTeamSpawnPoint
0    21f89 SelectCTFSpawnPoint
0    21fce SortClients
0    21fd9 TeamplayInfoMessage
0    22137 CheckTeamStatus
0    221ec SP_team_CTF_redplayer
0    221ef SP_team_CTF_blueplayer
0    221f2 SP_team_CTF_redspawn
0    221f5 SP_team_CTF_bluespawn
0    221f8 InitTrigger
0    22237 multi_wait
0    22240 multi_trigger
0    222ed Use_Multi
0    222f9 Touch_Multi
0    2230e SP_trigger_multiple
0    2236d trigger_always_think
0    22383 SP_trigger_always
0    22395 trigger_push_touch
0    223ad AimAtTarget
0    224b2 SP_trigger_push
0    224ef Use_target_push
0    2253e SP_target_push
0    225fc trigger_teleporter_touch
0    22652 SP_trigger_teleport
0    22699 hurt_use
0    226b1 hurt_touch
0    22730 SP_trigger_hurt
0    2277d func_timer_think
0    227bb func_timer_use
0    227da SP_func_timer
0    22854 AddRemap
0    228c3 BuildShaderStateConfig
0    22909 G_FindConfigstringIndex
0    22975 G_ModelIndex
0    22988 G_SoundIndex
0    2299b G_TeamCommand
0    229d9 G_Find
0    22a28 G_PickTarget
0    22a8e G_UseTargets
0    22b2d tv
0    22b5b vtos
0    22b97 G_SetMovedir
0    22bec vectoyaw
0    22c46 G_InitGentity
0    22c68 G_Spawn
0    22d16 G_EntitiesFree
0    22d41 G_FreeEntity
0    22d70 G_TempEntity
0    22dbe G_KillBox
0    22e8a G_AddPredictableEvent
0    22ea5 G_AddEvent
0    22f1e G_Sound
0    22f37 G_SetOrigin
0    22f76 DebugLine
0    23079 G_BounceProjectile
0    23138 Weapon_Gauntlet
0    2313b CheckGauntletAttack
0    23231 SnapVectorTowards
0    2327a Bullet_Fire
0    233fb BFG_Fire
0    2342f ShotgunPellet
0    234b6 ShotgunPattern
0    2359b weapon_supershotgun_fire
0    2361a weapon_grenadelauncher_fire
0    2365e Weapon_RocketLauncher_Fire
0    23692 Weapon_Plasmagun_Fire
0    236c6 weapon_railgun_fire
0    238d6 Weapon_GrapplingHook_Fire
0    23901 Weapon_HookFree
0    2392a Weapon_HookThink
0    239b0 Weapon_LightningFire
0    23ab3 LogAccuracyHit
0    23b02 CalcMuzzlePoint
0    23b8c CalcMuzzlePointOrigin
0    23c16 FireWeapon
1        4 gameCvarTable
1      50c gameCvarTableSize
1      540 bg_itemlist
1      cc4 bg_numItems
1      d1c eventnames
1      e4c randSeed
1      ec0 pm_stopspeed
1      ec4 pm_duckScale
1      ec8 pm_swimScale
1      ecc pm_wadeScale
1      ed0 pm_accelerate
1      ed4 pm_airaccelerate
1      ed8 pm_wateraccelerate
1      edc pm_flyaccelerate
1      ee0 pm_friction
1      ee4 pm_waterfriction
1      ee8 pm_flightfriction
1      eec pm_spectatorfriction
1      ef0 c_pmove
1      f1c vec3_origin
1      f28 axisDefault
1      f4c colorBlack
1      f5c colorRed
1      f6c colorGreen
1      f7c colorBlue
1      f8c colorYellow
1      f9c colorMagenta
1      fac colorCyan
1      fbc colorWhite
1      fcc colorLtGrey
1      fdc colorMdGrey
1      fec colorDkGrey
1      ffc g_color_table
1     107c bytedirs
1     18cc VEC_UP
1     18d8 MOVEDIR_UP
1     18e4 VEC_DOWN
1     18f0 MOVEDIR_DOWN
1     1c7c voiceCommands
1     1d00 offsetFirst
1     1d0c offsetSecond
1     1d18 offsetThird
1     1d24 playerMins
1     1d30 playerMaxs
1     1d64 gc_orders
1     1d80 gameNames
1     1da0 modNames
1     1e30 fields
1     1f80 spawns
1     2184 remapCount
2     5a3f ctfFlagStatusRemap
2     5a44 oneFlagStatusRemap
3        0 g_listEntity
3      110 g_podiumDrop
3      220 g_podiumDist
3      330 g_logSync
3      440 g_log
3      550 g_clients
3     c750 g_rankings
3     c860 pmove_msec
3     c970 pmove_fixed
3     ca80 g_smoothClients
3     cb90 g_filterBan
3     cca0 g_banIPs
3     cdb0 g_teamForceBalance
3     cec0 g_teamAutoJoin
3     cfd0 g_allowVote
3     d0e0 g_blood
3     d1f0 g_doWarmup
3     d300 g_warmup
3     d410 g_motd
3     d520 g_synchronousClients
3     d630 g_weaponTeamRespawn
3     d740 g_weaponRespawn
3     d850 g_debugDamage
3     d960 g_debugAlloc
3     da70 g_debugMove
3     db80 g_inactivity
3     dc90 g_forcerespawn
3     dda0 g_quadfactor
3     deb0 g_knockback
3     dfc0 g_speed
3     e0d0 g_gravity
3     e1e0 g_needpass
3     e2f0 g_password
3     e400 g_friendlyFire
3     e510 g_capturelimit
3     e620 g_timelimit
3     e730 g_fraglimit
3     e840 g_dmflags
3     e950 g_restarted
3     ea60 g_maxGameClients
3     eb70 g_maxclients
3     ec80 g_cheats
3     ed90 g_dedicated
3     eea0 g_gametype
3     efb0 g_entities
3    d8fb0 level
3    db3ac pml
3    db438 pm
3    f0e54 com_lines
3    f0e58 com_parsename
3    f1258 com_token
3    f1658 nodeswitch
3    f3308 numnodeswitches
3    f3314 blue_numaltroutegoals
3    f3318 blue_altroutegoals
3    f3618 red_numaltroutegoals
3    f361c red_altroutegoals
3    f391c altroutegoals_setup
3    f3920 max_bspmodelindex
3    f3924 lastteleport_time
3    f3928 lastteleport_origin
3    f3934 g_spSkill
3    f3a44 bot_predictobstacles
3    f3b54 botai_freewaypoints
3    f3b58 botai_waypoints
3    f6d58 ctf_blueflag
3    f6d90 ctf_redflag
3    f6dc8 bot_challenge
3    f6ed8 bot_testrchat
3    f6fe8 bot_nochat
3    f70f8 bot_fastchat
3    f7208 bot_rocketjump
3    f7318 bot_grapple
3    f7428 maxclients
3    f742c gametype
3    f743c ctftaskpreferences
3    f7e48 bot_interbreedwrite
3    f7f58 bot_interbreedcycle
3    f8068 bot_interbreedbots
3    f8178 bot_interbreedchar
3    f8288 bot_developer
3    f8398 bot_testclusters
3    f84a8 bot_testsolid
3    f85b8 bot_report
3    f86c8 bot_pause
3    f87d8 bot_saveroutingcache
3    f88e8 bot_memorydump
3    f89f8 bot_thinktime
3    f8b08 bot_interbreedmatchcount
3    f8b0c bot_interbreed
3    f8b10 regularupdate_time
3    f8b14 numbots
3    f8b18 botstates
3    f8c18 floattime
3    f8d20 notleader
3    f8e20 podium3
3    f8e24 podium2
3    f8e28 podium1
3    f8e30 bot_minplayers
3    f8f40 botSpawnQueue
3    f8fc0 g_arenaInfos
3    f9fc0 g_numArenas
3    f9fc4 g_botInfos
3    fafc4 g_numBots
3    fb3cc itemRegistered
3    fb7cc allocPoint
3    fb7d0 memoryPool
3   13b7d0 pushed_p
3   13b7d4 pushed
3   1437d4 numIPFilters
3   1437d8 ipFilters
3   1457d8 neutralObelisk
3   1457dc teamgame
3   146968 remappedShaders
3   14ab68 muzzle
3   14ab74 up
3   14ab80 right
3   14ab8c forward
3   14ab98 s_quadFactor
3   14ab9c _stackStart
3   15ab9c _stackEnd
