0 ffffff93 ceil
0 ffffff94 floor
0 ffffff95 sqrt
0 ffffff96 atan2
0 ffffff97 cos
0 ffffff98 sin
0 ffffff99 strncpy
0 ffffff9a memcpy
0 ffffff9b memset
0 ffffffa8 trap_SetPbClStatus
0 ffffffa9 trap_FS_Seek
0 ffffffaa trap_LAN_CompareServers
0 ffffffab trap_LAN_ServerIsVisible
0 ffffffac trap_LAN_GetServerPing
0 ffffffad trap_LAN_ServerStatus
0 ffffffae trap_VerifyCDKey
0 ffffffaf trap_R_RemapShader
0 ffffffb0 trap_CIN_SetExtents
0 ffffffb1 trap_CIN_DrawCinematic
0 ffffffb2 trap_CIN_RunCinematic
0 ffffffb3 trap_CIN_StopCinematic
0 ffffffb4 trap_CIN_PlayCinematic
0 ffffffb5 trap_LAN_RemoveServer
0 ffffffb6 trap_LAN_AddServer
0 ffffffb7 trap_LAN_SaveCachedServers
0 ffffffb8 trap_LAN_LoadCachedServers
0 ffffffb9 trap_LAN_ResetPings
0 ffffffba trap_LAN_UpdateVisiblePings
0 ffffffbb trap_LAN_MarkServerVisible
0 ffffffbc trap_LAN_GetServerInfo
0 ffffffbd trap_LAN_GetServerAddressString
0 ffffffbe trap_LAN_GetServerCount
0 ffffffbf trap_RealTime
0 ffffffc0 trap_S_StartBackgroundTrack
0 ffffffc1 trap_S_StopBackgroundTrack
0 ffffffc2 trap_PC_SourceFileAndLine
0 ffffffc3 trap_PC_ReadToken
0 ffffffc4 trap_PC_FreeSource
0 ffffffc5 trap_PC_LoadSource
0 ffffffc6 trap_PC_AddGlobalDefine
0 ffffffc7 trap_R_ModelBounds
0 ffffffc8 trap_R_RegisterFont
0 ffffffc9 trap_SetCDKey
0 ffffffca trap_GetCDKey
0 ffffffcb trap_MemoryRemaining
0 ffffffcc trap_Cvar_Update
0 ffffffcd trap_Cvar_Register
0 ffffffce trap_LAN_GetPingInfo
0 ffffffcf trap_LAN_GetPing
0 ffffffd0 trap_LAN_ClearPing
0 ffffffd1 trap_LAN_GetPingQueueCount
0 ffffffd2 trap_GetConfigString
0 ffffffd3 trap_GetClientState
0 ffffffd4 trap_GetGlconfig
0 ffffffd5 trap_GetClipboardData
0 ffffffd6 trap_Key_SetCatcher
0 ffffffd7 trap_Key_GetCatcher
0 ffffffd8 trap_Key_ClearStates
0 ffffffd9 trap_Key_SetOverstrikeMode
0 ffffffda trap_Key_GetOverstrikeMode
0 ffffffdb trap_Key_IsDown
0 ffffffdc trap_Key_SetBinding
0 ffffffdd trap_Key_GetBindingBuf
0 ffffffde trap_Key_KeynumToStringBuf
0 ffffffdf trap_S_StartLocalSound
0 ffffffe0 trap_S_RegisterSound
0 ffffffe1 trap_CM_LoadModel
0 ffffffe2 trap_CM_LerpTag
0 ffffffe3 trap_UpdateScreen
0 ffffffe4 trap_R_DrawStretchPic
0 ffffffe5 trap_R_SetColor
0 ffffffe6 trap_R_RenderScene
0 ffffffe7 trap_R_AddLightToScene
0 ffffffe8 trap_R_AddPolyToScene
0 ffffffe9 trap_R_AddRefEntityToScene
0 ffffffea trap_R_ClearScene
0 ffffffeb trap_R_RegisterShaderNoMip
0 ffffffec trap_R_RegisterSkin
0 ffffffed trap_R_RegisterModel
0 ffffffee trap_FS_GetFileList
0 ffffffef trap_FS_FCloseFile
0 fffffff0 trap_FS_Write
0 fffffff1 trap_FS_Read
0 fffffff2 trap_FS_FOpenFile
0 fffffff3 trap_Cmd_ExecuteText
0 fffffff4 trap_Argv
0 fffffff5 trap_Argc
0 fffffff6 trap_Cvar_InfoStringBuffer
0 fffffff7 trap_Cvar_Create
0 fffffff8 trap_Cvar_Reset
0 fffffff9 trap_Cvar_SetValue
0 fffffffa trap_Cvar_VariableStringBuffer
0 fffffffb trap_Cvar_VariableValue
0 fffffffc trap_Cvar_Set
0 fffffffd trap_Milliseconds
0 fffffffe trap_Print
0 ffffffff trap_Error
0        0 vmMain
0       7c UI_RegisterCvars
0       b1 UI_UpdateCvars
0       d4 UI_Alloc
0       fe UI_InitMemory
0      107 UI_ParseInfos
0      1f5 UI_LoadArenasFromFile
0      275 UI_LoadArenas
0      487 UI_GetArenaInfoByNumber
0      4ea UI_GetArenaInfoByMap
0      525 UI_GetSpecialArenaInfo
0      560 UI_LoadBotsFromFile
0      5e9 UI_LoadBots
0      66a UI_GetBotInfoByNumber
0      695 UI_GetBotInfoByName
0      6d4 UI_GetBestScore
0      75f UI_SetBestScore
0      7e6 UI_LogAwardData
0      849 UI_GetAwardLevel
0      873 UI_TierCompleted
0      90f UI_ShowTierVideo
0      961 UI_CanShowTierVideo
0      9a6 UI_GetCurrentGame
0      a36 UI_NewGame
0      a6a UI_GetNumArenas
0      a70 UI_GetNumSPArenas
0      a76 UI_GetNumSPTiers
0      a7e UI_GetNumBots
0      a84 UI_SPUnlock_f
0      ada UI_SPUnlockMedals_f
0      b14 UI_InitGameinfo
0      b3a Com_Error
0      b5c Com_Printf
0      b7e UI_ClampCvar
0      b98 UI_StartDemoLoop
0      ba2 UI_PushMenu
0      c3d UI_PopMenu
0      c71 UI_ForceMenuOff
0      c90 UI_LerpColor
0      ceb UI_DrawBannerString2
0      db1 UI_DrawBannerString
0      e5f UI_ProportionalStringWidth
0      ea2 UI_DrawProportionalString2
0      f6b UI_ProportionalSizeScale
0      f7a UI_DrawProportionalString
0     10ce UI_DrawProportionalString_AutoWrapped
0     11b2 UI_DrawString2
0     129c UI_DrawString
0     13b4 UI_DrawChar
0     13cf UI_IsFullscreen
0     13ea NeedCDAction
0     13f8 NeedCDKeyAction
0     1406 UI_SetActiveMenu
0     1454 UI_KeyEvent
0     149a UI_MouseEvent
0     15a0 UI_Argv
0     15af UI_Cvar_VariableString
0     15be UI_Cache_f
0     1618 UI_ConsoleCommand
0     16ca UI_Shutdown
0     16cd UI_Init
0     1706 UI_AdjustFrom640
0     1740 UI_DrawNamedPic
0     177d UI_DrawHandlePic
0     17d7 UI_FillRect
0     1811 UI_DrawRect
0     18be UI_SetColor
0     18c7 UI_UpdateScreen
0     18cd UI_Refresh
0     19a4 UI_DrawTextBox
0     1a07 UI_CursorInRect
0     1a32 UI_CinematicsMenu_BackEvent
0     1a3e UI_CinematicsMenu_Event
0     1a8b UI_CinematicsMenu_Init
0     1d61 UI_CinematicsMenu_Cache
0     1d78 UI_CinematicsMenu
0     1d83 UI_CinematicsMenu_f
0     1da7 UI_ReadableSize
0     1e5c UI_PrintTime
0     1ebd UI_DisplayDownloadInfo
0     20d2 UI_DrawConnectScreen
0     21ce UI_KeyConnect
0     21dc Controls_InitCvars
0     222c Controls_GetCvarDefault
0     2263 Controls_GetCvarValue
0     229a Controls_UpdateModel
0     2394 Controls_Update
0     2596 Controls_DrawKeyBinding
0     273f Controls_StatusBar
0     274f Controls_DrawPlayer
0     27a4 Controls_GetKeyAssignment
0     27fe Controls_GetConfig
0     28e3 Controls_SetConfig
0     29a0 Controls_SetDefaults
0     2a35 Controls_MenuKey
0     2bd2 Controls_ResetDefaults_Action
0     2be4 Controls_ResetDefaults_Draw
0     2c01 Controls_MenuEvent
0     2c96 Controls_ActionEvent
0     2cc6 Controls_InitModel
0     2ce5 Controls_InitWeapons
0     2d0a Controls_MenuInit
0     3255 Controls_Cache
0     326c UI_ControlsMenu
0     3277 Demos_MenuEvent
0     32c8 UI_DemosMenu_Key
0     32e1 Demos_MenuInit
0     34b0 Demos_Cache
0     34e0 UI_DemosMenu
0     34eb MField_Draw
0     3609 MField_Paste
0     363a MField_KeyDownEvent
0     37ba MField_CharEvent
0     3945 MField_Clear
0     3958 MenuField_Init
0     39e3 MenuField_Draw
0     3ad7 MenuField_Key
0     3ba7 UI_CreditMenu_Key
0     3bbd UI_CreditMenu_Draw
0     3d71 UI_CreditMenu
0     3d8b MainMenu_ExitAction
0     3d9a Main_MenuEvent
0     3df1 MainMenu_Cache
0     3dfe ErrorMessage_Key
0     3e0e Main_MenuDraw
0     3f04 UI_TeamArenaExists
0     3f64 UI_MainMenu
0     4154 InGame_RestartAction
0     4167 InGame_QuitAction
0     4176 InGame_Event
0     41d6 InGame_MenuInit
0     444f InGame_Cache
0     4457 UI_InGameMenu
0     446b ConfirmMenu_Event
0     4491 ConfirmMenu_Key
0     4506 MessageMenu_Draw
0     4557 ConfirmMenu_Draw
0     4591 ConfirmMenu_Cache
0     4599 UI_ConfirmMenu_Style
0     4660 UI_ConfirmMenu
0     4671 UI_Message
0     46e2 Setup_ResetDefaults_Action
0     4700 Setup_ResetDefaults_Draw
0     471d UI_SetupMenu_Event
0     4764 UI_SetupMenu_Init
0     48f6 UI_SetupMenu_Cache
0     490d UI_SetupMenu
0     4918 Options_Event
0     494f SystemConfig_Cache
0     4966 Options_MenuInit
0     4aa3 UI_SystemConfigMenu
0     4aae UI_DisplayOptionsMenu_Event
0     4b01 UI_DisplayOptionsMenu_Init
0     4c8d UI_DisplayOptionsMenu_Cache
0     4ca4 UI_DisplayOptionsMenu
0     4cb6 UI_SoundOptionsMenu_Event
0     4d37 UI_SoundOptionsMenu_Init
0     4ef0 UI_SoundOptionsMenu_Cache
0     4f07 UI_SoundOptionsMenu
0     4f19 UI_NetworkOptionsMenu_Event
0     4f95 UI_NetworkOptionsMenu_Init
0     5100 UI_NetworkOptionsMenu_Cache
0     5117 UI_NetworkOptionsMenu
0     5129 PlayerModel_UpdateGrid
0     5232 PlayerModel_UpdateModel
0     526e PlayerModel_SaveChanges
0     528d PlayerModel_MenuEvent
0     52dc PlayerModel_MenuKey
0     53fb PlayerModel_PicEvent
0     54f6 PlayerModel_DrawPlayer
0     554a PlayerModel_BuildList
0     567f PlayerModel_SetMenuItems
0     5749 PlayerModel_MenuInit
0     59f3 PlayerModel_Cache
0     5a32 UI_PlayerModelMenu
0     5a4b UI_PlayerInfo_SetWeapon
0     5c0c UI_ForceLegsAnim
0     5c31 UI_SetLegsAnim
0     5c51 UI_ForceTorsoAnim
0     5c88 UI_SetTorsoAnim
0     5ca8 UI_TorsoSequencing
0     5d2e UI_LegsSequencing
0     5d81 UI_PositionEntityOnTag
0     5e46 UI_PositionRotatedEntityOnTag
0     5f08 UI_SetLerpFrameAnimation
0     5f59 UI_RunLerpFrame
0     60a9 UI_PlayerAnimation
0     6171 UI_SwingAngles
0     6276 UI_MovedirAdjustment
0     634d UI_PlayerAngles
0     6468 UI_PlayerFloatSprite
0     6490 UI_MachinegunSpinAngle
0     6524 UI_DrawPlayer
0     688a UI_RegisterClientSkin
0     6906 UI_ParseAnimationFile
0     6ae5 UI_RegisterClientModelname
0     6bff UI_PlayerInfo_SetModel
0     6c5f UI_PlayerInfo_SetInfo
0     6e57 PlayerSettings_DrawName
0     6f93 PlayerSettings_DrawHandicap
0     7005 PlayerSettings_DrawEffects
0     70a2 PlayerSettings_DrawPlayer
0     710c PlayerSettings_SaveChanges
0     7131 PlayerSettings_MenuKey
0     714f PlayerSettings_SetMenuItems
0     71d2 PlayerSettings_MenuEvent
0     7215 PlayerSettings_MenuInit
0     739c PlayerSettings_Cache
0     740d UI_PlayerSettingsMenu
0     7418 Preferences_SetMenuItems
0     7504 Preferences_Event
0     75d0 Crosshair_Draw
0     76c5 Preferences_MenuInit
0     78fd Preferences_Cache
0     793c UI_PreferencesMenu
0     7947 Text_Init
0     7958 Text_Draw
0     79b9 BText_Init
0     79ca BText_Draw
0     7a0c PText_Init
0     7a99 PText_Draw
0     7b05 Bitmap_Init
0     7b88 Bitmap_Draw
0     7d8a Action_Init
0     7deb Action_Draw
0     7e95 RadioButton_Init
0     7efa RadioButton_Key
0     7f9d RadioButton_Draw
0     80c3 Slider_Init
0     8128 Slider_Key
0     824c Slider_Draw
0     835f SpinControl_Init
0     8417 SpinControl_Key
0     84d7 SpinControl_Draw
0     85c8 ScrollList_Init
0     868d ScrollList_Key
0     8ce1 ScrollList_Draw
0     8df2 Menu_AddItem
0     8ef1 Menu_CursorMoved
0     8f94 Menu_SetCursor
0     8fc1 Menu_SetCursorToItem
0     8fef Menu_AdjustCursor
0     90b4 Menu_Draw
0     91fc Menu_ItemAtCursor
0     9228 Menu_ActivateItem
0     9252 Menu_DefaultKey
0     945d Menu_Cache
0     9531 Favorites_Add
0     95a3 ServerInfo_Event
0     95ce ServerInfo_MenuDraw
0     9626 ServerInfo_MenuKey
0     9635 ServerInfo_Cache
0     9659 UI_ServerInfoMenu
0     975d ArenaServers_MaxPing
0     9775 ArenaServers_Compare
0     987a ArenaServers_Go
0     989b ArenaServers_UpdatePicture
0     98c4 ArenaServers_UpdateMenu
0     9bb5 ArenaServers_Remove
0     9c80 ArenaServers_Insert
0     9e0a ArenaServers_InsertFavorites
0     9e69 ArenaServers_LoadFavorites
0     9f46 ArenaServers_StopRefresh
0     9f78 ArenaServers_DoRefresh
0     a0f3 ArenaServers_StartRefresh
0     a1f7 ArenaServers_SaveChanges
0     a241 ArenaServers_Sort
0     a25d ArenaServers_SetType
0     a2f4 Punkbuster_ConfirmEnable
0     a316 Punkbuster_ConfirmDisable
0     a33d ArenaServers_Event
0     a42a ArenaServers_MenuDraw
0     a439 ArenaServers_MenuKey
0     a48f ArenaServers_MenuInit
0     a83e ArenaServers_Cache
0     a88c UI_ArenaServersMenu
0     a897 UI_SPArena_Start
0     a927 SpecifyServer_Event
0     a981 SpecifyServer_MenuInit
0     aa74 SpecifyServer_Cache
0     aa98 UI_SpecifyServerMenu
0     aaa3 UI_SPPostgameMenu_AgainEvent
0     aab6 UI_SPPostgameMenu_NextEvent
0     ab16 UI_SPPostgameMenu_MenuEvent
0     ab29 UI_SPPostgameMenu_MenuKey
0     ab82 UI_SPPostgameMenu_DrawAwardsMedals
0     ac06 UI_SPPostgameMenu_DrawAwardsPresentation
0     ac83 UI_SPPostgameMenu_MenuDrawScoreLine
0     ad0c UI_SPPostgameMenu_MenuDraw
0     ae94 UI_SPPostgameMenu_Cache
0     aefe UI_SPPostgameMenu_Init
0     af82 Prepname
0     afe1 UI_SPPostgameMenu_f
0     b328 PlayerIcon
0     b38d PlayerIconHandle
0     b3a3 UI_SPLevelMenu_SetBots
0     b492 UI_SPLevelMenu_SetMenuArena
0     b556 UI_SPLevelMenu_SetMenuItems
0     b71b UI_SPLevelMenu_ResetDraw
0     b752 UI_SPLevelMenu_ResetAction
0     b76b UI_SPLevelMenu_ResetEvent
0     b77d UI_SPLevelMenu_LevelEvent
0     b7c0 UI_SPLevelMenu_LeftArrowEvent
0     b7de UI_SPLevelMenu_RightArrowEvent
0     b7fc UI_SPLevelMenu_PlayerEvent
0     b808 UI_SPLevelMenu_AwardEvent
0     b827 UI_SPLevelMenu_NextEvent
0     b844 UI_SPLevelMenu_BackEvent
0     b857 UI_SPLevelMenu_CustomEvent
0     b865 UI_SPLevelMenu_MenuDraw
0     bb72 UI_SPLevelMenu_Cache
0     bc46 UI_SPLevelMenu_Init
0     bf7d UI_SPLevelMenu
0     c025 UI_SPLevelMenu_f
0     c033 UI_SPLevelMenu_ReInit
0     c039 SetSkillColor
0     c06c UI_SPSkillMenu_SkillEvent
0     c0c3 UI_SPSkillMenu_FightEvent
0     c0d2 UI_SPSkillMenu_BackEvent
0     c0e6 UI_SPSkillMenu_Key
0     c109 UI_SPSkillMenu_Cache
0     c16f UI_SPSkillMenu_Init
0     c2fc UI_SPSkillMenu
0     c312 GametypeBits
0     c39e StartServer_Update
0     c4cd StartServer_MapEvent
0     c4e7 StartServer_GametypeEvent
0     c59b StartServer_MenuEvent
0     c5ff StartServer_LevelshotDraw
0     c746 StartServer_MenuInit
0     c9c5 StartServer_Cache
0     ca95 UI_StartServerMenu
0     caa4 BotAlreadySelected
0     caf1 ServerOptions_Start
0     cd14 ServerOptions_InitPlayerItems
0     cdc2 ServerOptions_SetPlayerItems
0     ce5e ServerOptions_Event
0     cea2 ServerOptions_PlayerNameEvent
0     cec0 ServerOptions_StatusBar
0     ced9 ServerOptions_LevelshotDraw
0     cf6b ServerOptions_InitBotNames
0     d0c2 ServerOptions_SetMenuItems
0     d24d PlayerName_Draw
0     d32d ServerOptions_MenuInit
0     d707 ServerOptions_Cache
0     d728 UI_ServerOptionsMenu
0     d736 UI_BotSelectMenu_SortCompare
0     d780 UI_BotSelectMenu_BuildList
0     d7ca ServerPlayerIcon
0     d82f UI_BotSelectMenu_UpdateGrid
0     d9a4 UI_BotSelectMenu_Default
0     da13 UI_BotSelectMenu_LeftEvent
0     da34 UI_BotSelectMenu_RightEvent
0     da58 UI_BotSelectMenu_BotEvent
0     dabe UI_BotSelectMenu_BackEvent
0     daca UI_BotSelectMenu_SelectEvent
0     daee UI_BotSelectMenu_Cache
0     db1e UI_BotSelectMenu_Init
0     dd7f UI_BotSelectMenu
0     dd8d TeamMain_MenuEvent
0     dddb TeamMain_MenuInit
0     df06 TeamMain_Cache
0     df0e UI_TeamMainMenu
0     df19 DriverInfo_Event
0     df32 DriverInfo_MenuDraw
0     e006 DriverInfo_Cache
0     e02a UI_DriverInfo_Menu
0     e168 GraphicsOptions_GetInitialVideo
0     e194 GraphicsOptions_CheckConfig
0     e210 GraphicsOptions_UpdateMenuItems
0     e312 GraphicsOptions_ApplyChanges
0     e420 GraphicsOptions_Event
0     e4b7 GraphicsOptions_TQEvent
0     e4c8 GraphicsOptions_MenuDraw
0     e4d3 GraphicsOptions_SetMenuItems
0     e5dc GraphicsOptions_MenuInit
0     e8db GraphicsOptions_Cache
0     e8fc UI_GraphicsOptionsMenu
0     e90e UI_AddBotsMenu_FightEvent
0     e950 UI_AddBotsMenu_BotEvent
0     e972 UI_AddBotsMenu_BackEvent
0     e97e UI_AddBotsMenu_SetBotNames
0     e9b9 UI_AddBotsMenu_UpEvent
0     e9d4 UI_AddBotsMenu_DownEvent
0     e9f2 UI_AddBotsMenu_SortCompare
0     ea3c UI_AddBotsMenu_GetSortedBotNums
0     ea64 UI_AddBotsMenu_Draw
0     ea86 UI_AddBotsMenu_Init
0     ec81 UI_AddBots_Cache
0     ecac UI_AddBotsMenu
0     ecb7 UI_RemoveBotsMenu_SetBotNames
0     ed06 UI_RemoveBotsMenu_DeleteEvent
0     ed28 UI_RemoveBotsMenu_BotEvent
0     ed4a UI_RemoveBotsMenu_BackEvent
0     ed56 UI_RemoveBotsMenu_UpEvent
0     ed71 UI_RemoveBotsMenu_DownEvent
0     ed8f UI_RemoveBotsMenu_GetBots
0     edfa UI_RemoveBots_Cache
0     ee16 UI_RemoveBotsMenu_Init
0     efb0 UI_RemoveBotsMenu
0     efbb UI_TeamOrdersMenu_BackEvent
0     efc7 UI_TeamOrdersMenu_SetList
0     f008 UI_TeamOrdersMenu_Key
0     f13a UI_TeamOrdersMenu_ListDraw
0     f1b4 UI_TeamOrdersMenu_ListEvent
0     f22a UI_TeamOrdersMenu_BuildBotList
0     f319 UI_TeamOrdersMenu_Init
0     f3b0 UI_TeamOrdersMenu_Cache
0     f3c2 UI_TeamOrdersMenu
0     f3cd UI_TeamOrdersMenu_f
0     f41f UI_CDKeyMenu_Event
0     f44b UI_CDKeyMenu_PreValidateKey
0     f4a5 UI_CDKeyMenu_DrawKey
0     f578 UI_CDKeyMenu_Init
0     f64f UI_CDKeyMenu_Cache
0     f66b UI_CDKeyMenu
0     f676 UI_CDKeyMenu_f
0     f67c UI_Mods_MenuEvent
0     f6b2 UI_Mods_ParseInfos
0     f71c UI_Mods_LoadMods
0     f7a3 UI_Mods_MenuInit
0     f875 UI_ModsMenu_Cache
0     f896 UI_ModsMenu
0     f8a1 BG_FindItemForPowerup
0     f8e4 BG_FindItemForHoldable
0     f91e BG_FindItemForWeapon
0     f951 BG_FindItem
0     f97c BG_PlayerTouchesItem
0     f9dc BG_CanItemBeGrabbed
0     fb0d BG_EvaluateTrajectory
0     fcdd BG_EvaluateTrajectoryDelta
0     fdd7 BG_AddPredictableEventToPlayerstate
0     fe12 BG_TouchJumpPad
0     fe82 BG_PlayerStateToEntityState
0    1007c BG_PlayerStateToEntityStateExtraPolate
0    10283 swapfunc
0    1030a med3
0    1038d qsort
0    10746 strlen
0    10761 strcat
0    107a4 strcpy
0    107d9 strcmp
0    10812 strchr
0    10831 strstr
0    10877 tolower
0    1088f toupper
0    108a7 memmove
0    108ee tan
0    10905 srand
0    1090c rand
0    10921 atof
0    109e6 _atof
0    10ab1 atoi
0    10b29 _atoi
0    10bab abs
0    10bc0 fabs
0    10bd5 AddInt
0    10cb0 AddFloat
0    10dbe AddString
0    10e55 vsprintf
0    10fed sscanf
0    11058 Q_rand
0    1106d Q_random
0    1107f Q_crandom
0    11090 VectorCompare
0    110c8 VectorLength
0    110fb VectorLengthSquared
0    11127 Distance
0    11168 DistanceSquared
0    111b6 VectorNormalizeFast
0    11215 VectorInverse
0    1123d CrossProduct
0    112b6 ClampChar
0    112cd ClampShort
0    112e4 DirToByte
0    1133f ByteToDir
0    1135d ColorBytes3
0    113cc ColorBytes4
0    1145e NormalizeColor
0    114d4 PlaneFromPoints
0    11592 RotatePointAroundVector
0    1169d RotateAroundDirection
0    116e1 vectoangles
0    1179d AnglesToAxis
0    117d2 AxisClear
0    11809 AxisCopy
0    1182d ProjectPointOnPlane
0    118e8 MakeNormalVectors
0    11993 VectorRotate
0    11a30 Q_rsqrt
0    11a67 Q_fabs
0    11a77 LerpAngle
0    11aa8 AngleSubtract
0    11acd AnglesSubtract
0    11b1b AngleMod
0    11b2d AngleNormalize360
0    11b3b AngleNormalize180
0    11b56 AngleDelta
0    11b66 SetPlaneSignbits
0    11b93 BoxOnPlaneSide
0    11f54 RadiusFromBounds
0    11fa7 ClearBounds
0    11fde AddPointToBounds
0    12077 VectorNormalize
0    120e7 VectorNormalize2
0    12175 _VectorMA
0    121b7 _DotProduct
0    121ec _VectorSubtract
0    12225 _VectorAdd
0    1225e _VectorCopy
0    12285 _VectorScale
0    122b5 Vector4Scale
0    122f7 Q_log2
0    12316 MatrixMultiply
0    124eb AngleVectors
0    125e3 PerpendicularVector
0    1264f Com_Clamp
0    12669 COM_SkipPath
0    1268d COM_StripExtension
0    126c3 COM_DefaultExtension
0    1270b ShortSwap
0    1272b ShortNoSwap
0    12736 LongSwap
0    12769 LongNoSwap
0    1276f Long64Swap
0    127ac Long64NoSwap
0    127b4 FloatSwap
0    127ca FloatNoSwap
0    127d1 COM_BeginParseSession
0    127e3 COM_GetCurrentParseLine
0    127e9 COM_Parse
0    127f8 COM_ParseError
0    12818 COM_ParseWarning
0    12838 SkipWhitespace
0    1286f COM_Compress
0    129c2 COM_ParseExt
0    12b0e COM_MatchToken
0    12b37 SkipBracedSection
0    12b75 SkipRestOfLine
0    12bad Parse1DMatrix
0    12bec Parse2DMatrix
0    12c27 Parse3DMatrix
0    12c6c Q_isprint
0    12c81 Q_islower
0    12c96 Q_isupper
0    12cab Q_isalpha
0    12ccc Q_strrchr
0    12d00 Q_strncpyz
0    12d3b Q_stricmpn
0    12dc6 Q_strncmp
0    12e18 Q_stricmp
0    12e40 Q_strlwr
0    12e66 Q_strupr
0    12e8c Q_strcat
0    12eb8 Q_PrintStrlen
0    12f08 Q_CleanStr
0    12f6e Com_sprintf
0    12fad va
0    12fda Info_ValueForKey
0    130ba Info_NextPair
0    13158 Info_RemoveKey
0    13228 Info_RemoveKey_Big
0    132f8 Info_Validate
0    1331f Info_SetValueForKey
0    133ef Info_SetValueForKey_Big
1       30 cvarTable
1      320 cvarTableSize
1      324 propMap
1      924 propMapB
1      a78 cinematics
1      aa0 passwordNeeded
1      ab8 controls_binding_color
1      ac8 g_bindings
1      f28 g_configcvars
1      f94 g_movement_controls
1      fc4 g_weapons_controls
1      ffc g_looking_controls
1     102c g_misc_controls
1     104c g_controls
1     11e0 quality_items
1     1210 rate_items
1     1240 playermodel_artlist
1     12ac gamecodetoui
1     12c8 uitogamecode
1     12e4 handicap_items
1     1338 teamoverlay_names
1     137c menu_text_color
1     138c menu_dim_color
1     139c color_black
1     13ac color_white
1     13bc color_yellow
1     13cc color_blue
1     13dc color_lightOrange
1     13ec color_orange
1     13fc color_red
1     140c color_dim
1     141c pulse_color
1     142c text_color_disabled
1     143c text_color_normal
1     144c text_color_highlight
1     145c listbar_color
1     146c text_color_status
1     15c0 serverinfo_artlist
1     15d4 master_items
1     15e4 servertype_items
1     15fc sortkey_items
1     1614 gamenames
1     164c netnames
1     1668 punkbuster_msg
1     1704 specifyserver_artlist
1     1720 ui_medalNames
1     1738 ui_medalPicNames
1     1750 ui_medalSounds
1     1768 medalLocations
1     1794 gametype_items
1     17a8 gametype_remap
1     17b8 gametype_remap2
1     17dc dedicated_list
1     17ec playerType_list
1     17fc playerTeam_list
1     1808 botSkill_list
1     1888 driverinfo_artlist
1     189c s_drivers
1     18a8 s_ivo_templates
1     1a40 skillNames
1     1a58 teamNames1
1     1a60 teamNames2
1     1a6c ctfOrders
1     1a8c ctfMessages
1     1aac teamOrders
1     1ac8 teamMessages
1     1b40 bg_itemlist
1     165c punkbuster_items
1     22c4 bg_numItems
1     231c eventnames
1     244c randSeed
1     24c0 vec3_origin
1     24cc axisDefault
1     24f0 colorBlack
1     2500 colorRed
1     2510 colorGreen
1     2520 colorBlue
1     2530 colorYellow
1     2540 colorMagenta
1     2550 colorCyan
1     2560 colorWhite
1     2570 colorLtGrey
1     2580 colorMdGrey
1     2590 colorDkGrey
1     25a0 g_color_table
1     2620 bytedirs
2     2050 quake3worldMessage
2    6de18 _stackStart
2    7de18 _stackEnd
3        0 ui_cdkeychecked
3      110 ui_server16
3      220 ui_server15
3      330 ui_server14
3      440 ui_server13
3      550 ui_server12
3      660 ui_server11
3      770 ui_server10
3      880 ui_server9
3      990 ui_server8
3      aa0 ui_server7
3      bb0 ui_server6
3      cc0 ui_server5
3      dd0 ui_server4
3      ee0 ui_server3
3      ff0 ui_server2
3     1100 ui_server1
3     1210 ui_marks
3     1320 ui_drawCrosshairNames
3     1430 ui_drawCrosshair
3     1540 ui_brassTime
3     1650 ui_browserShowEmpty
3     1760 ui_browserShowFull
3     1870 ui_browserSortKey
3     1980 ui_browserGameType
3     1a90 ui_browserMaster
3     1ba0 ui_spSelection
3     1cb0 ui_spSkill
3     1dc0 ui_spVideos
3     1ed0 ui_spAwards
3     1fe0 ui_spScores5
3     20f0 ui_spScores4
3     2200 ui_spScores3
3     2310 ui_spScores2
3     2420 ui_spScores1
3     2530 ui_botsFile
3     2640 ui_arenasFile
3     2750 ui_ctf_friendly
3     2860 ui_ctf_timelimit
3     2970 ui_ctf_capturelimit
3     2a80 ui_team_friendly
3     2b90 ui_team_timelimit
3     2ca0 ui_team_fraglimit
3     2db0 ui_tourney_timelimit
3     2ec0 ui_tourney_fraglimit
3     2fd0 ui_ffa_timelimit
3     30e0 ui_ffa_fraglimit
3     31f0 outOfMemory
3     31f4 allocPoint
3     31f8 memoryPool
3    231f8 ui_numSpecialSinglePlayerArenas
3    231fc ui_numSinglePlayerArenas
3    23200 ui_arenaInfos
3    24200 ui_numArenas
3    24204 ui_botInfos
3    25204 ui_numBots
3    25a08 uis
3    286c0 m_entersound
3    286c4 cinematicsMenuInfo
3    28c04 lastLoadingText
3    29004 lastConnState
3    29008 passwordField
3    29174 s_controls
3    2a47c s_demos
3    2b2b0 s_credits
3    2b3d0 s_errorMessage
3    2c4f0 s_main
3    2c854 s_ingame
3    2cc9c s_confirm
3    2ce64 setupMenuInfo
3    2d284 s_options
3    2d614 displayOptionsInfo
3    2da3c soundOptionsInfo
3    2dec4 networkOptionsInfo
3    2e314 s_playermodel
3    377b8 jumpHeight
3    377bc dp_realtime
3    377c0 s_playersettings
3    381fc s_preferences
3    38794 sliderButton_1
3    38798 sliderButton_0
3    3879c sliderBar
3    387a0 weaponChangeSound
3    387a4 menu_null_sound
3    387a8 menu_buzz_sound
3    387ac menu_out_sound
3    387b0 menu_move_sound
3    387b4 menu_in_sound
3    387b8 s_serverinfo
3    38ef4 g_fullservers
3    38ef8 g_emptyservers
3    38efc g_sortkey
3    38f00 g_gametype
3    38f04 g_servertype
3    38f08 g_nummplayerservers
3    38f0c g_mplayerserverlist
3    3db0c g_numfavoriteservers
3    3db10 g_favoriteserverlist
3    3e490 g_numlocalservers
3    3e494 g_localserverlist
3    43094 g_numglobalservers
3    43098 g_globalserverlist
3    47c98 g_arenaservers
3    4b75c s_specifyserver
3    4bcbc arenainfo
3    4c0bc postgameMenuInfo
3    4c478 maxTier
3    4c47c minTier
3    4c480 finalTier
3    4c484 trainingTier
3    4c488 currentGame
3    4c48c currentSet
3    4c490 selectedArena
3    4c494 selectedArenaSet
3    4c498 levelMenuInfo
3    4ced0 skillMenuInfo
3    4d4a0 botSelectInfo
3    4fc50 s_serveroptions
3    513e8 s_startserver
3    5208c s_teammain
3    52324 s_graphicsoptions
3    52b60 s_ivo
3    52b88 s_driverinfo
3    532fc addBotsMenuInfo
3    5497c removeBotsMenuInfo
3    55fd8 teamOrdersMenuInfo
3    56310 cdkeyMenuInfo
3    566cc s_mods
3    6d614 com_lines
3    6d618 com_parsename
3    6da18 com_token
