 cgamex86

 Timestamp is 5518482c (Sun Mar 29 20:45:00 2015)

 Preferred load address is 30000000

 Start         Length     Name                   Class
 0001:00000000 0009ec84H .text$mn                CODE
 0001:0009ec90 00000139H .text$x                 CODE
 0002:00000000 0000014cH .idata$5                DATA
 0002:0000014c 00000004H .CRT$XCA                DATA
 0002:00000150 00000004H .CRT$XCZ                DATA
 0002:00000154 00000004H .CRT$XIA                DATA
 0002:00000158 00000014H .CRT$XIC                DATA
 0002:0000016c 00000004H .CRT$XIZ                DATA
 0002:00000170 00000004H .CRT$XPA                DATA
 0002:00000174 00000008H .CRT$XPX                DATA
 0002:0000017c 00000004H .CRT$XPXA               DATA
 0002:00000180 00000004H .CRT$XPZ                DATA
 0002:00000184 00000004H .CRT$XTA                DATA
 0002:00000188 00000004H .CRT$XTZ                DATA
 0002:00000190 00019338H .rdata                  DATA
 0002:000194c8 00000064H .rdata$debug            DATA
 0002:0001952c 00000388H .rdata$r                DATA
 0002:000198c0 00000030H .rdata$sxdata           DATA
 0002:000198f0 00000004H .rtc$IAA                DATA
 0002:000198f4 00000004H .rtc$IZZ                DATA
 0002:000198f8 00000004H .rtc$TAA                DATA
 0002:000198fc 00000004H .rtc$TZZ                DATA
 0002:00019900 00000ac8H .xdata$x                DATA
 0002:0001a3d0 00000059H .edata                  DATA
 0002:0001a42c 00000014H .idata$2                DATA
 0002:0001a440 00000014H .idata$3                DATA
 0002:0001a454 0000014cH .idata$4                DATA
 0002:0001a5a0 000005feH .idata$6                DATA
 0003:00000000 00004054H .data                   DATA
 0003:00004054 0000014fH .data$r                 DATA
 0003:000041c0 0050f124H .bss                    DATA
 0004:00000000 00000058H .rsrc$01                DATA
 0004:00000060 00000180H .rsrc$02                DATA

  Address         Publics by Value              Rva+Base       Lib:Object

 0000:00000000       ___guard_flags             00000000     <absolute>
 0000:00000000       __except_list              00000000     <absolute>
 0000:00000000       ___guard_fids_count        00000000     <absolute>
 0000:00000000       ___guard_fids_table        00000000     <absolute>
 0000:0000000c       ___safe_se_handler_count   0000000c     <absolute>
 0000:00000000       ___ImageBase               30000000     <linker-defined>
 0001:00000000       _BG_AddPredictableEventToPlayerstate 30001000 f   bg_misc.obj
 0001:000000d0       _BG_CanItemBeGrabbed       300010d0 f   bg_misc.obj
 0001:00000360       _BG_EvaluateTrajectory     30001360 f   bg_misc.obj
 0001:00000800       _BG_EvaluateTrajectoryDelta 30001800 f   bg_misc.obj
 0001:00000b40       _BG_FindItem               30001b40 f   bg_misc.obj
 0001:00000b90       _BG_FindItemForHoldable    30001b90 f   bg_misc.obj
 0001:00000c00       _BG_FindItemForPowerup     30001c00 f   bg_misc.obj
 0001:00000c80       _BG_FindItemForWeapon      30001c80 f   bg_misc.obj
 0001:00000ce0       _BG_PlayerStateToEntityState 30001ce0 f   bg_misc.obj
 0001:00001150       _BG_PlayerStateToEntityStateExtraPolate 30002150 f   bg_misc.obj
 0001:000015d0       _BG_PlayerTouchesItem      300025d0 f   bg_misc.obj
 0001:00001720       _BG_TouchJumpPad           30002720 f   bg_misc.obj
 0001:00001990       _PM_AddEvent               30002990 f   bg_pmove.obj
 0001:000019c0       _PM_AddTouchEnt            300029c0 f   bg_pmove.obj
 0001:000025a0       _PM_ClipVelocity           300035a0 f   bg_pmove.obj
 0001:00004a60       _PM_UpdateViewAngles       30005a60 f   bg_pmove.obj
 0001:00005a20       _Pmove                     30006a20 f   bg_pmove.obj
 0001:00005b10       _PmoveSingle               30006b10 f   bg_pmove.obj
 0001:00006230       _PM_SlideMove              30007230 f   bg_slidemove.obj
 0001:00007120       _PM_StepSlideMove          30008120 f   bg_slidemove.obj
 0001:00007890       _AddPointToBounds          30008890 f   q_math.obj
 0001:00007a10       _AngleDelta                30008a10 f   q_math.obj
 0001:00007a40       _AngleMod                  30008a40 f   q_math.obj
 0001:00007a80       _AngleNormalize180         30008a80 f   q_math.obj
 0001:00007ad0       _AngleNormalize360         30008ad0 f   q_math.obj
 0001:00007b10       _AngleSubtract             30008b10 f   q_math.obj
 0001:00007b80       _AngleVectors              30008b80 f   q_math.obj
 0001:00007e80       _AnglesSubtract            30008e80 f   q_math.obj
 0001:00007f60       _AnglesToAxis              30008f60 f   q_math.obj
 0001:00008060       _AxisClear                 30009060 f   q_math.obj
 0001:00008190       _AxisCopy                  30009190 f   q_math.obj
 0001:00008320       _BoxOnPlaneSide            30009320 f   q_math.obj
 0001:00008560       _ByteToDir                 30009560 f   q_math.obj
 0001:00008640       _ClampChar                 30009640 f   q_math.obj
 0001:00008670       _ClampShort                30009670 f   q_math.obj
 0001:000086b0       _ClearBounds               300096b0 f   q_math.obj
 0001:00008750       _ColorBytes3               30009750 f   q_math.obj
 0001:000087c0       _ColorBytes4               300097c0 f   q_math.obj
 0001:00008960       _DirToByte                 30009960 f   q_math.obj
 0001:00008a50       _LerpAngle                 30009a50 f   q_math.obj
 0001:00008ad0       _MakeNormalVectors         30009ad0 f   q_math.obj
 0001:00008c90       _MatrixMultiply            30009c90 f   q_math.obj
 0001:000092b0       _NormalizeColor            3000a2b0 f   q_math.obj
 0001:00009400       _PerpendicularVector       3000a400 f   q_math.obj
 0001:00009520       _PlaneFromPoints           3000a520 f   q_math.obj
 0001:00009720       _ProjectPointOnPlane       3000a720 f   q_math.obj
 0001:00009980       _Q_crandom                 3000a980 f   q_math.obj
 0001:000099c0       _Q_fabs                    3000a9c0 f   q_math.obj
 0001:000099f0       _Q_log2                    3000a9f0 f   q_math.obj
 0001:00009a20       _Q_rand                    3000aa20 f   q_math.obj
 0001:00009a50       _Q_random                  3000aa50 f   q_math.obj
 0001:00009a90       _Q_rsqrt                   3000aa90 f   q_math.obj
 0001:00009b10       _RadiusFromBounds          3000ab10 f   q_math.obj
 0001:00009bd0       _RotateAroundDirection     3000abd0 f   q_math.obj
 0001:00009cf0       _RotatePointAroundVector   3000acf0 f   q_math.obj
 0001:0000a260       _SetPlaneSignbits          3000b260 f   q_math.obj
 0001:0000a2c0       _Vector4Scale              3000b2c0 f   q_math.obj
 0001:0000a400       _VectorNormalize           3000b400 f   q_math.obj
 0001:0000a530       _VectorNormalize2          3000b530 f   q_math.obj
 0001:0000a6b0       _VectorRotate              3000b6b0 f   q_math.obj
 0001:0000a870       __DotProduct               3000b870 f   q_math.obj
 0001:0000a8f0       __VectorAdd                3000b8f0 f   q_math.obj
 0001:0000a990       __VectorCopy               3000b990 f   q_math.obj
 0001:0000aa00       __VectorMA                 3000ba00 f   q_math.obj
 0001:0000aab0       __VectorScale              3000bab0 f   q_math.obj
 0001:0000ab30       __VectorSubtract           3000bb30 f   q_math.obj
 0001:0000abd0       _vectoangles               3000bbd0 f   q_math.obj
 0001:0000ae40       _COM_BeginParseSession     3000be40 f   q_shared.obj
 0001:0000ae80       _COM_Compress              3000be80 f   q_shared.obj
 0001:0000b0a0       _COM_DefaultExtension      3000c0a0 f   q_shared.obj
 0001:0000b140       _COM_GetCurrentParseLine   3000c140 f   q_shared.obj
 0001:0000b160       _COM_MatchToken            3000c160 f   q_shared.obj
 0001:0000b1b0       _COM_Parse                 3000c1b0 f   q_shared.obj
 0001:0000b1d0       _COM_ParseError            3000c1d0 f   q_shared.obj
 0001:0000b220       _COM_ParseExt              3000c220 f   q_shared.obj
 0001:0000b4c0       _COM_ParseWarning          3000c4c0 f   q_shared.obj
 0001:0000b510       _COM_SkipPath              3000c510 f   q_shared.obj
 0001:0000b560       _COM_StripExtension        3000c560 f   q_shared.obj
 0001:0000b5b0       _Com_Clamp                 3000c5b0 f   q_shared.obj
 0001:0000b5f0       _Com_sprintf               3000c5f0 f   q_shared.obj
 0001:0000b690       _FloatNoSwap               3000c690 f   q_shared.obj
 0001:0000b6b0       _FloatSwap                 3000c6b0 f   q_shared.obj
 0001:0000b6e0       _Info_NextPair             3000c6e0 f   q_shared.obj
 0001:0000b7d0       _Info_RemoveKey            3000c7d0 f   q_shared.obj
 0001:0000b950       _Info_RemoveKey_Big        3000c950 f   q_shared.obj
 0001:0000bae0       _Info_SetValueForKey       3000cae0 f   q_shared.obj
 0001:0000bc70       _Info_SetValueForKey_Big   3000cc70 f   q_shared.obj
 0001:0000be00       _Info_Validate             3000ce00 f   q_shared.obj
 0001:0000be50       _Info_ValueForKey          3000ce50 f   q_shared.obj
 0001:0000bff0       _Long64NoSwap              3000cff0 f   q_shared.obj
 0001:0000c010       _Long64Swap                3000d010 f   q_shared.obj
 0001:0000c060       _LongNoSwap                3000d060 f   q_shared.obj
 0001:0000c080       _LongSwap                  3000d080 f   q_shared.obj
 0001:0000c0f0       _Parse1DMatrix             3000d0f0 f   q_shared.obj
 0001:0000c170       _Parse2DMatrix             3000d170 f   q_shared.obj
 0001:0000c1e0       _Parse3DMatrix             3000d1e0 f   q_shared.obj
 0001:0000c260       _Q_CleanStr                3000d260 f   q_shared.obj
 0001:0000c2f0       _Q_PrintStrlen             3000d2f0 f   q_shared.obj
 0001:0000c370       _Q_isalpha                 3000d370 f   q_shared.obj
 0001:0000c3b0       _Q_islower                 3000d3b0 f   q_shared.obj
 0001:0000c3e0       _Q_isprint                 3000d3e0 f   q_shared.obj
 0001:0000c410       _Q_isupper                 3000d410 f   q_shared.obj
 0001:0000c440       _Q_strcat                  3000d440 f   q_shared.obj
 0001:0000c490       _Q_stricmp                 3000d490 f   q_shared.obj
 0001:0000c4d0       _Q_stricmpn                3000d4d0 f   q_shared.obj
 0001:0000c5b0       _Q_strlwr                  3000d5b0 f   q_shared.obj
 0001:0000c600       _Q_strncmp                 3000d600 f   q_shared.obj
 0001:0000c680       _Q_strncpyz                3000d680 f   q_shared.obj
 0001:0000c6f0       _Q_strrchr                 3000d6f0 f   q_shared.obj
 0001:0000c750       _Q_strupr                  3000d750 f   q_shared.obj
 0001:0000c7a0       _ShortNoSwap               3000d7a0 f   q_shared.obj
 0001:0000c7c0       _ShortSwap                 3000d7c0 f   q_shared.obj
 0001:0000c800       _SkipBracedSection         3000d800 f   q_shared.obj
 0001:0000c890       _SkipRestOfLine            3000d890 f   q_shared.obj
 0001:0000c950       _va                        3000d950 f   q_shared.obj
 0001:0000c9b0       _ItemParse_name            3000d9b0 f   ui_shared.obj
 0001:0000c9e0       _ItemParse_focusSound      3000d9e0 f   ui_shared.obj
 0001:0000ca30       _ItemParse_text            3000da30 f   ui_shared.obj
 0001:0000ca70       _ItemParse_group           3000da70 f   ui_shared.obj
 0001:0000caa0       _ItemParse_asset_model     3000daa0 f   ui_shared.obj
 0001:0000cb20       _ItemParse_asset_shader    3000db20 f   ui_shared.obj
 0001:0000cb70       _ItemParse_model_origin    3000db70 f   ui_shared.obj
 0001:0000cc00       _ItemParse_model_fovx      3000dc00 f   ui_shared.obj
 0001:0000cc50       _ItemParse_model_fovy      3000dc50 f   ui_shared.obj
 0001:0000cca0       _ItemParse_model_rotation  3000dca0 f   ui_shared.obj
 0001:0000ccf0       _Script_SetColor           3000dcf0 f   ui_shared.obj
 0001:0000cdf0       _ItemParse_model_angle     3000ddf0 f   ui_shared.obj
 0001:0000ce40       _ItemParse_rect            3000de40 f   ui_shared.obj
 0001:0000ce70       _ItemParse_style           3000de70 f   ui_shared.obj
 0001:0000cea0       _Script_SetAsset           3000dea0 f   ui_shared.obj
 0001:0000cec0       _ItemParse_decoration      3000dec0 f   ui_shared.obj
 0001:0000cef0       _Script_SetBackground      3000def0 f   ui_shared.obj
 0001:0000cf30       _ItemParse_notselectable   3000df30 f   ui_shared.obj
 0001:0000cf80       _ItemParse_wrapped         3000df80 f   ui_shared.obj
 0001:0000cfb0       _ItemParse_autowrapped     3000dfb0 f   ui_shared.obj
 0001:0000cfe0       _ItemParse_horizontalscroll 3000dfe0 f   ui_shared.obj
 0001:0000d010       _Script_SetTeamColor       3000e010 f   ui_shared.obj
 0001:0000d080       _ItemParse_type            3000e080 f   ui_shared.obj
 0001:0000d0c0       _ItemParse_elementwidth    3000e0c0 f   ui_shared.obj
 0001:0000d110       _Script_SetItemColor       3000e110 f   ui_shared.obj
 0001:0000d290       _ItemParse_elementheight   3000e290 f   ui_shared.obj
 0001:0000d2e0       _ItemParse_feeder          3000e2e0 f   ui_shared.obj
 0001:0000d320       _ItemParse_elementtype     3000e320 f   ui_shared.obj
 0001:0000d380       _ItemParse_columns         3000e380 f   ui_shared.obj
 0001:0000d480       _ItemParse_border          3000e480 f   ui_shared.obj
 0001:0000d4b0       _ItemParse_bordersize      3000e4b0 f   ui_shared.obj
 0001:0000d4e0       _ItemParse_visible         3000e4e0 f   ui_shared.obj
 0001:0000d530       _ItemParse_ownerdraw       3000e530 f   ui_shared.obj
 0001:0000d570       _ItemParse_align           3000e570 f   ui_shared.obj
 0001:0000d5b0       _ItemParse_textalign       3000e5b0 f   ui_shared.obj
 0001:0000d5f0       _ItemParse_textalignx      3000e5f0 f   ui_shared.obj
 0001:0000d630       _Script_Show               3000e630 f   ui_shared.obj
 0001:0000d670       _ItemParse_textaligny      3000e670 f   ui_shared.obj
 0001:0000d6b0       _Script_Hide               3000e6b0 f   ui_shared.obj
 0001:0000d6f0       _ItemParse_textscale       3000e6f0 f   ui_shared.obj
 0001:0000d730       _Script_FadeIn             3000e730 f   ui_shared.obj
 0001:0000d770       _ItemParse_textstyle       3000e770 f   ui_shared.obj
 0001:0000d7b0       _Script_FadeOut            3000e7b0 f   ui_shared.obj
 0001:0000d7f0       _ItemParse_backcolor       3000e7f0 f   ui_shared.obj
 0001:0000d850       _Script_Open               3000e850 f   ui_shared.obj
 0001:0000d880       _ItemParse_forecolor       3000e880 f   ui_shared.obj
 0001:0000d8f0       _Script_ConditionalOpen    3000e8f0 f   ui_shared.obj
 0001:0000d980       _ItemParse_bordercolor     3000e980 f   ui_shared.obj
 0001:0000d9e0       _Script_Close              3000e9e0 f   ui_shared.obj
 0001:0000da10       _ItemParse_outlinecolor    3000ea10 f   ui_shared.obj
 0001:0000da50       _ItemParse_background      3000ea50 f   ui_shared.obj
 0001:0000daa0       _ItemParse_cinematic       3000eaa0 f   ui_shared.obj
 0001:0000dad0       _ItemParse_doubleClick     3000ead0 f   ui_shared.obj
 0001:0000db30       _Script_Transition         3000eb30 f   ui_shared.obj
 0001:0000dc30       _ItemParse_onFocus         3000ec30 f   ui_shared.obj
 0001:0000dc70       _ItemParse_leaveFocus      3000ec70 f   ui_shared.obj
 0001:0000dcb0       _ItemParse_mouseEnter      3000ecb0 f   ui_shared.obj
 0001:0000dcf0       _ItemParse_mouseExit       3000ecf0 f   ui_shared.obj
 0001:0000dd30       _ItemParse_mouseEnterText  3000ed30 f   ui_shared.obj
 0001:0000dd70       _Script_Orbit              3000ed70 f   ui_shared.obj
 0001:0000de50       _ItemParse_mouseExitText   3000ee50 f   ui_shared.obj
 0001:0000de90       _ItemParse_action          3000ee90 f   ui_shared.obj
 0001:0000ded0       _Script_SetFocus           3000eed0 f   ui_shared.obj
 0001:0000dfa0       _ItemParse_special         3000efa0 f   ui_shared.obj
 0001:0000dfe0       _Script_SetPlayerModel     3000efe0 f   ui_shared.obj
 0001:0000e020       _ItemParse_cvarTest        3000f020 f   ui_shared.obj
 0001:0000e060       _ItemParse_cvar            3000f060 f   ui_shared.obj
 0001:0000e0f0       _Script_SetPlayerHead      3000f0f0 f   ui_shared.obj
 0001:0000e130       _Script_SetCvar            3000f130 f   ui_shared.obj
 0001:0000e180       _ItemParse_maxChars        3000f180 f   ui_shared.obj
 0001:0000e1e0       _Script_Exec               3000f1e0 f   ui_shared.obj
 0001:0000e230       _ItemParse_maxPaintChars   3000f230 f   ui_shared.obj
 0001:0000e290       _Script_Play               3000f290 f   ui_shared.obj
 0001:0000e2e0       _ItemParse_cvarFloat       3000f2e0 f   ui_shared.obj
 0001:0000e380       _Script_playLooped         3000f380 f   ui_shared.obj
 0001:0000e3d0       _ItemParse_cvarStrList     3000f3d0 f   ui_shared.obj
 0001:0000e5c0       _ItemParse_cvarFloatList   3000f5c0 f   ui_shared.obj
 0001:0000e780       _ItemParse_addColorRange   3000f780 f   ui_shared.obj
 0001:0000e830       _ItemParse_ownerdrawFlag   3000f830 f   ui_shared.obj
 0001:0000e870       _ItemParse_enableCvar      3000f870 f   ui_shared.obj
 0001:0000e8b0       _ItemParse_disableCvar     3000f8b0 f   ui_shared.obj
 0001:0000e8f0       _ItemParse_showCvar        3000f8f0 f   ui_shared.obj
 0001:0000e930       _ItemParse_hideCvar        3000f930 f   ui_shared.obj
 0001:0000e970       _MenuParse_font            3000f970 f   ui_shared.obj
 0001:0000e9f0       _MenuParse_name            3000f9f0 f   ui_shared.obj
 0001:0000ea40       _MenuParse_fullscreen      3000fa40 f   ui_shared.obj
 0001:0000ea80       _MenuParse_rect            3000fa80 f   ui_shared.obj
 0001:0000eac0       _MenuParse_style           3000fac0 f   ui_shared.obj
 0001:0000eb00       _MenuParse_visible         3000fb00 f   ui_shared.obj
 0001:0000eb50       _MenuParse_onOpen          3000fb50 f   ui_shared.obj
 0001:0000eb90       _MenuParse_onClose         3000fb90 f   ui_shared.obj
 0001:0000ebd0       _MenuParse_onESC           3000fbd0 f   ui_shared.obj
 0001:0000ec10       _MenuParse_border          3000fc10 f   ui_shared.obj
 0001:0000ec50       _MenuParse_borderSize      3000fc50 f   ui_shared.obj
 0001:0000ec90       _MenuParse_backcolor       3000fc90 f   ui_shared.obj
 0001:0000ed00       _MenuParse_forecolor       3000fd00 f   ui_shared.obj
 0001:0000ed70       _MenuParse_bordercolor     3000fd70 f   ui_shared.obj
 0001:0000ede0       _MenuParse_focuscolor      3000fde0 f   ui_shared.obj
 0001:0000ee50       _MenuParse_disablecolor    3000fe50 f   ui_shared.obj
 0001:0000eec0       _MenuParse_outlinecolor    3000fec0 f   ui_shared.obj
 0001:0000ef00       _MenuParse_background      3000ff00 f   ui_shared.obj
 0001:0000ef50       _MenuParse_cinematic       3000ff50 f   ui_shared.obj
 0001:0000ef90       _MenuParse_ownerdrawFlag   3000ff90 f   ui_shared.obj
 0001:0000efe0       _MenuParse_ownerdraw       3000ffe0 f   ui_shared.obj
 0001:0000f020       _MenuParse_popup           30010020 f   ui_shared.obj
 0001:0000f050       _MenuParse_outOfBounds     30010050 f   ui_shared.obj
 0001:0000f080       _MenuParse_soundLoop       30010080 f   ui_shared.obj
 0001:0000f0c0       _MenuParse_fadeClamp       300100c0 f   ui_shared.obj
 0001:0000f100       _MenuParse_fadeAmount      30010100 f   ui_shared.obj
 0001:0000f140       _MenuParse_fadeCycle       30010140 f   ui_shared.obj
 0001:0000f180       _MenuParse_itemDef         30010180 f   ui_shared.obj
 0001:0000f260       _AdjustFrom640             30010260 f   ui_shared.obj
 0001:0000f2e0       _BindingFromName           300102e0 f   ui_shared.obj
 0001:0000f3f0       _BindingIDFromName         300103f0 f   ui_shared.obj
 0001:0000f450       _Color_Parse               30010450 f   ui_shared.obj
 0001:0000f4b0       _Controls_GetConfig        300104b0 f   ui_shared.obj
 0001:0000f610       _Controls_SetConfig        30010610 f   ui_shared.obj
 0001:0000f6c0       _Controls_SetDefaults      300106c0 f   ui_shared.obj
 0001:0000f720       _Display_CacheAll          30010720 f   ui_shared.obj
 0001:0000f770       _Display_CaptureItem       30010770 f   ui_shared.obj
 0001:0000f830       _Display_CursorType        30010830 f   ui_shared.obj
 0001:0000f900       _Display_GetContext        30010900 f   ui_shared.obj
 0001:0000f920       _Display_HandleKey         30010920 f   ui_shared.obj
 0001:0000f970       _Display_KeyBindPending    30010970 f   ui_shared.obj
 0001:0000f990       _Display_MouseMove         30010990 f   ui_shared.obj
 0001:0000fa80       _Display_VisibleMenuCount  30010a80 f   ui_shared.obj
 0001:0000fae0       _Fade                      30010ae0 f   ui_shared.obj
 0001:0000fbb0       _Float_Parse               30010bb0 f   ui_shared.obj
 0001:0000fc10       _GradientBar_Paint         30010c10 f   ui_shared.obj
 0001:0000fca0       _Init_Display              30010ca0 f   ui_shared.obj
 0001:0000fcc0       _Int_Parse                 30010cc0 f   ui_shared.obj
 0001:0000fd20       _IsVisible                 30010d20 f   ui_shared.obj
 0001:0000fd60       _Item_Action               30010d60 f   ui_shared.obj
 0001:0000fd90       _Item_Bind_HandleKey       30010d90 f   ui_shared.obj
 0001:000100c0       _Item_Bind_Paint           300110c0 f   ui_shared.obj
 0001:000104e0       _Item_EnableShowViaCvar    300114e0 f   ui_shared.obj
 0001:000106d0       _Item_HandleKey            300116d0 f   ui_shared.obj
 0001:00010880       _Item_Image_Paint          30011880 f   ui_shared.obj
 0001:00010910       _Item_Init                 30011910 f   ui_shared.obj
 0001:00010960       _Item_InitControls         30011960 f   ui_shared.obj
 0001:000109d0       _Item_ListBox_HandleKey    300119d0 f   ui_shared.obj
 0001:00011200       _Item_ListBox_MaxScroll    30012200 f   ui_shared.obj
 0001:000112b0       _Item_ListBox_MouseEnter   300122b0 f   ui_shared.obj
 0001:000114d0       _Item_ListBox_OverLB       300124d0 f   ui_shared.obj
 0001:000118f0       _Item_ListBox_Paint        300128f0 f   ui_shared.obj
 0001:000124c0       _Item_ListBox_ThumbDrawPosition 300134c0 f   ui_shared.obj
 0001:00012680       _Item_ListBox_ThumbPosition 30013680 f   ui_shared.obj
 0001:00012800       _Item_Model_Paint          30013800 f   ui_shared.obj
 0001:00012d00       _Item_MouseEnter           30013d00 f   ui_shared.obj
 0001:00012ed0       _Item_MouseLeave           30013ed0 f   ui_shared.obj
 0001:00012f50       _Item_Multi_CountSettings  30013f50 f   ui_shared.obj
 0001:00012f80       _Item_Multi_FindCvarByValue 30013f80 f   ui_shared.obj
 0001:000130d0       _Item_Multi_HandleKey      300140d0 f   ui_shared.obj
 0001:00013280       _Item_Multi_Paint          30014280 f   ui_shared.obj
 0001:00013500       _Item_Multi_Setting        30014500 f   ui_shared.obj
 0001:00013660       _Item_OwnerDraw_HandleKey  30014660 f   ui_shared.obj
 0001:000136b0       _Item_OwnerDraw_Paint      300146b0 f   ui_shared.obj
 0001:00013d40       _Item_Paint                30014d40 f   ui_shared.obj
 0001:000144c0       _Item_Parse                300154c0 f   ui_shared.obj
 0001:00014600       _Item_RunScript            30015600 f   ui_shared.obj
 0001:00014790       _Item_SetFocus             30015790 f   ui_shared.obj
 0001:000149f0       _Item_SetMouseOver         300159f0 f   ui_shared.obj
 0001:00014a30       _Item_SetScreenCoords      30015a30 f   ui_shared.obj
 0001:00014ae0       _Item_SetTextExtents       30015ae0 f   ui_shared.obj
 0001:00014da0       _Item_SetupKeywordHash     30015da0 f   ui_shared.obj
 0001:00014e00       _Item_Slider_HandleKey     30015e00 f   ui_shared.obj
 0001:00015030       _Item_Slider_OverSlider    30016030 f   ui_shared.obj
 0001:000150e0       _Item_Slider_Paint         300160e0 f   ui_shared.obj
 0001:000153c0       _Item_Slider_ThumbPosition 300163c0 f   ui_shared.obj
 0001:000154e0       _Item_StartCapture         300164e0 f   ui_shared.obj
 0001:00015700       _Item_StopCapture          30016700 f   ui_shared.obj
 0001:00015710       _Item_TextColor            30016710 f   ui_shared.obj
 0001:00015a80       _Item_TextField_HandleKey  30016a80 f   ui_shared.obj
 0001:000160f0       _Item_TextField_Paint      300170f0 f   ui_shared.obj
 0001:000164e0       _Item_Text_AutoWrapped_Paint 300174e0 f   ui_shared.obj
 0001:00016920       _Item_Text_Paint           30017920 f   ui_shared.obj
 0001:00016a90       _Item_Text_Wrapped_Paint   30017a90 f   ui_shared.obj
 0001:00016d40       _Item_UpdatePosition       30017d40 f   ui_shared.obj
 0001:00016de0       _Item_ValidateTypeData     30017de0 f   ui_shared.obj
 0001:00016f30       _Item_YesNo_HandleKey      30017f30 f   ui_shared.obj
 0001:00017030       _Item_YesNo_Paint          30018030 f   ui_shared.obj
 0001:00017320       _KeywordHash_Add           30018320 f   ui_shared.obj
 0001:00017360       _KeywordHash_Find          30018360 f   ui_shared.obj
 0001:000173c0       _KeywordHash_Key           300183c0 f   ui_shared.obj
 0001:00017470       _LerpColor                 30018470 f   ui_shared.obj
 0001:000175d0       _Menu_ClearFocus           300185d0 f   ui_shared.obj
 0001:00017750       _Menu_Count                30018750 f   ui_shared.obj
 0001:00017770       _Menu_FadeItemByName       30018770 f   ui_shared.obj
 0001:00017810       _Menu_FindItemByName       30018810 f   ui_shared.obj
 0001:00017890       _Menu_GetFocused           30018890 f   ui_shared.obj
 0001:00017900       _Menu_GetFocusedItem       30018900 f   ui_shared.obj
 0001:00017960       _Menu_GetMatchingItemByNumber 30018960 f   ui_shared.obj
 0001:00017a20       _Menu_HandleKey            30018a20 f   ui_shared.obj
 0001:00018030       _Menu_HandleMouseMove      30019030 f   ui_shared.obj
 0001:000182a0       _Menu_HitTest              300192a0 f   ui_shared.obj
 0001:00018320       _Menu_Init                 30019320 f   ui_shared.obj
 0001:000183a0       _Menu_ItemsMatchingGroup   300193a0 f   ui_shared.obj
 0001:00018440       _Menu_New                  30019440 f   ui_shared.obj
 0001:000184b0       _Menu_OrbitItemByName      300194b0 f   ui_shared.obj
 0001:000186c0       _Menu_Paint                300196c0 f   ui_shared.obj
 0001:000188e0       _Menu_PaintAll             300198e0 f   ui_shared.obj
 0001:00018a10       _Menu_Parse                30019a10 f   ui_shared.obj
 0001:00018b60       _Menu_PostParse            30019b60 f   ui_shared.obj
 0001:00018bd0       _Menu_Reset                30019bd0 f   ui_shared.obj
 0001:00018c60       _Menu_ScrollFeeder         30019c60 f   ui_shared.obj
 0001:00018d00       _Menu_SetFeederSelection   30019d00 f   ui_shared.obj
 0001:00018e20       _Menu_SetNextCursorItem    30019e20 f   ui_shared.obj
 0001:00018f90       _Menu_SetPrevCursorItem    30019f90 f   ui_shared.obj
 0001:00019100       _Menu_SetupKeywordHash     3001a100 f   ui_shared.obj
 0001:00019160       _Menu_ShowItemByName       3001a160 f   ui_shared.obj
 0001:00019210       _Menu_TransitionItemByName 3001a210 f   ui_shared.obj
 0001:00019370       _Menu_UpdatePosition       3001a370 f   ui_shared.obj
 0001:00019420       _Menus_Activate            3001a420 f   ui_shared.obj
 0001:000194d0       _Menus_ActivateByName      3001a4d0 f   ui_shared.obj
 0001:000195b0       _Menus_AnyFullScreenVisible 3001a5b0 f   ui_shared.obj
 0001:00019610       _Menus_CloseAll            3001a610 f   ui_shared.obj
 0001:00019680       _Menus_CloseByName         3001a680 f   ui_shared.obj
 0001:000196c0       _Menus_FindByName          3001a6c0 f   ui_shared.obj
 0001:00019720       _Menus_HandleOOBClick      3001a720 f   ui_shared.obj
 0001:00019890       _Menus_OpenByName          3001a890 f   ui_shared.obj
 0001:000198b0       _Menus_ShowByName          3001a8b0 f   ui_shared.obj
 0001:000198f0       _PC_Color_Parse            3001a8f0 f   ui_shared.obj
 0001:00019950       _PC_Float_Parse            3001a950 f   ui_shared.obj
 0001:00019a40       _PC_Int_Parse              3001aa40 f   ui_shared.obj
 0001:00019b20       _PC_Rect_Parse             3001ab20 f   ui_shared.obj
 0001:00019ba0       _PC_Script_Parse           3001aba0 f   ui_shared.obj
 0001:00019d00       _PC_SourceError            3001ad00 f   ui_shared.obj
 0001:00019dc0       _PC_SourceWarning          3001adc0 f   ui_shared.obj
 0001:00019e80       _PC_String_Parse           3001ae80 f   ui_shared.obj
 0001:00019ee0       _Rect_ContainsPoint        3001aee0 f   ui_shared.obj
 0001:00019f50       _Rect_Parse                3001af50 f   ui_shared.obj
 0001:00019fd0       _Rect_ToWindowCoords       3001afd0 f   ui_shared.obj
 0001:0001a530       _String_Alloc              3001b530 f   ui_shared.obj
 0001:0001a690       _String_Init               3001b690 f   ui_shared.obj
 0001:0001a720       _String_Parse              3001b720 f   ui_shared.obj
 0001:0001a780       _String_Report             3001b780 f   ui_shared.obj
 0001:0001a860       _ToWindowCoords            3001b860 f   ui_shared.obj
 0001:0001a8d0       _UI_Alloc                  3001b8d0 f   ui_shared.obj
 0001:0001a950       _UI_InitMemory             3001b950 f   ui_shared.obj
 0001:0001a980       _UI_OutOfMemory            3001b980 f   ui_shared.obj
 0001:0001aa80       _Window_Init               3001ba80 f   ui_shared.obj
 0001:0001ab20       _Window_Paint              3001bb20 f   ui_shared.obj
 0001:0001b320       _CG_TargetCommand_f        3001c320 f   cg_consolecmds.obj
 0001:0001b7e0       _CG_ConsoleCommand         3001c7e0 f   cg_consolecmds.obj
 0001:0001b850       _CG_InitConsoleCommands    3001c850 f   cg_consolecmds.obj
 0001:0001b9f0       _CG_AddLagometerFrameInfo  3001c9f0 f   cg_draw.obj
 0001:0001ba30       _CG_AddLagometerSnapshotInfo 3001ca30 f   cg_draw.obj
 0001:0001baa0       _CG_CenterPrint            3001caa0 f   cg_draw.obj
 0001:0001bc20       _CG_Draw3DModel            3001cc20 f   cg_draw.obj
 0001:0001bdc0       _CG_DrawActive             3001cdc0 f   cg_draw.obj
 0001:0001cc60       _CG_DrawFlagModel          3001dc60 f   cg_draw.obj
 0001:0001d040       _CG_DrawHead               3001e040 f   cg_draw.obj
 0001:0001f880       _CG_DrawTeamBackground     30020880 f   cg_draw.obj
 0001:00020cb0       _CG_AdjustFrom640          30021cb0 f   cg_drawtools.obj
 0001:00020d20       _CG_ColorForHealth         30021d20 f   cg_drawtools.obj
 0001:00020d70       _CG_DrawBigString          30021d70 f   cg_drawtools.obj
 0001:00020e10       _CG_DrawBigStringColor     30021e10 f   cg_drawtools.obj
 0001:00020e50       _CG_DrawChar               30021e50 f   cg_drawtools.obj
 0001:00020f80       _CG_DrawPic                30021f80 f   cg_drawtools.obj
 0001:00021020       _CG_DrawRect               30022020 f   cg_drawtools.obj
 0001:000210d0       _CG_DrawSides              300220d0 f   cg_drawtools.obj
 0001:00021200       _CG_DrawSmallString        30022200 f   cg_drawtools.obj
 0001:000212a0       _CG_DrawSmallStringColor   300222a0 f   cg_drawtools.obj
 0001:000212e0       _CG_DrawStringExt          300222e0 f   cg_drawtools.obj
 0001:00021530       _CG_DrawStrlen             30022530 f   cg_drawtools.obj
 0001:000215b0       _CG_DrawTopBottom          300225b0 f   cg_drawtools.obj
 0001:000216e0       _CG_FadeColor              300226e0 f   cg_drawtools.obj
 0001:000217c0       _CG_FillRect               300227c0 f   cg_drawtools.obj
 0001:00021870       _CG_GetColorForHealth      30022870 f   cg_drawtools.obj
 0001:00021a20       _CG_TeamColor              30022a20 f   cg_drawtools.obj
 0001:00021a70       _CG_TileClear              30022a70 f   cg_drawtools.obj
 0001:00021c50       _UI_DrawBannerString       30022c50 f   cg_drawtools.obj
 0001:00021fd0       _UI_DrawProportionalString 30022fd0 f   cg_drawtools.obj
 0001:000225c0       _UI_ProportionalSizeScale  300235c0 f   cg_drawtools.obj
 0001:000225f0       _UI_ProportionalStringWidth 300235f0 f   cg_drawtools.obj
 0001:00022670       _CG_BigExplode             30023670 f   cg_effects.obj
 0001:00022ce0       _CG_Bleed                  30023ce0 f   cg_effects.obj
 0001:00022e00       _CG_BubbleTrail            30023e00 f   cg_effects.obj
 0001:00023370       _CG_GibPlayer              30024370 f   cg_effects.obj
 0001:00023ff0       _CG_LaunchExplode          30024ff0 f   cg_effects.obj
 0001:000241d0       _CG_LaunchGib              300251d0 f   cg_effects.obj
 0001:000243b0       _CG_MakeExplosion          300253b0 f   cg_effects.obj
 0001:000247b0       _CG_ScorePlum              300257b0 f   cg_effects.obj
 0001:00024a60       _CG_SmokePuff              30025a60 f   cg_effects.obj
 0001:00024df0       _CG_SpawnEffect            30025df0 f   cg_effects.obj
 0001:000250d0       _CG_AddPacketEntities      300260d0 f   cg_ents.obj
 0001:000252c0       _CG_AdjustPositionForMover 300262c0 f   cg_ents.obj
 0001:000255d0       _CG_Beam                   300265d0 f   cg_ents.obj
 0001:000276f0       _CG_PositionEntityOnTag    300286f0 f   cg_ents.obj
 0001:000278d0       _CG_PositionRotatedEntityOnTag 300288d0 f   cg_ents.obj
 0001:00027ac0       _CG_SetEntitySoundPosition 30028ac0 f   cg_ents.obj
 0001:00027f30       _CG_CheckEvents            30028f30 f   cg_event.obj
 0001:00028020       _CG_EntityEvent            30029020 f   cg_event.obj
 0001:00029ce0       _CG_PainEvent              3002ace0 f   cg_event.obj
 0001:00029d90       _CG_PlaceString            3002ad90 f   cg_event.obj
 0001:0002a000       _CG_DrawInformation        3002b000 f   cg_info.obj
 0001:0002a670       _CG_LoadingClient          3002b670 f   cg_info.obj
 0001:0002a860       _CG_LoadingItem            3002b860 f   cg_info.obj
 0001:0002a8d0       _CG_LoadingString          3002b8d0 f   cg_info.obj
 0001:0002aa40       _CG_AddFadeRGB             3002ba40 f   cg_localents.obj
 0001:0002ad10       _CG_AddFragment            3002bd10 f   cg_localents.obj
 0001:0002b010       _CG_AddLocalEntities       3002c010 f   cg_localents.obj
 0001:0002b4b0       _CG_AddScorePlum           3002c4b0 f   cg_localents.obj
 0001:0002be50       _CG_AllocLocalEntity       3002ce50 f   cg_localents.obj
 0001:0002bed0       _CG_BloodTrail             3002ced0 f   cg_localents.obj
 0001:0002bff0       _CG_FragmentBounceMark     3002cff0 f   cg_localents.obj
 0001:0002c160       _CG_FragmentBounceSound    3002d160 f   cg_localents.obj
 0001:0002c1e0       _CG_FreeLocalEntity        3002d1e0 f   cg_localents.obj
 0001:0002c240       _CG_InitLocalEntities      3002d240 f   cg_localents.obj
 0001:0002c2c0       _CG_ReflectVelocity        3002d2c0 f   cg_localents.obj
 0001:0002c750       _CG_Argv                   3002d750 f   cg_main.obj
 0001:0002c780       _CG_BuildSpectatorString   3002d780 f   cg_main.obj
 0001:0002c840       _CG_ConfigString           3002d840 f   cg_main.obj
 0001:0002c880       _CG_CrosshairPlayer        3002d880 f   cg_main.obj
 0001:0002c8b0       _CG_Error                  3002d8b0 f   cg_main.obj
 0001:0002c910       _CG_EventHandling          3002d910 f   cg_main.obj
 0001:0002c980       _CG_Init                   3002d980 f   cg_main.obj
 0001:0002cbf0       _CG_KeyEvent               3002dbf0 f   cg_main.obj
 0001:0002cc00       _CG_LastAttacker           3002dc00 f   cg_main.obj
 0001:0002cc40       _CG_MouseEvent             3002dc40 f   cg_main.obj
 0001:0002cc50       _CG_Printf                 3002dc50 f   cg_main.obj
 0001:0002cd50       _CG_RegisterCvars          3002dd50 f   cg_main.obj
 0001:0002e1d0       _CG_Shutdown               3002f1d0 f   cg_main.obj
 0001:0002e1e0       _CG_StartMusic             3002f1e0 f   cg_main.obj
 0001:0002e260       _CG_UpdateCvars            3002f260 f   cg_main.obj
 0001:0002e330       _Com_Error                 3002f330 f   cg_main.obj
 0001:0002e390       _Com_Printf                3002f390 f   cg_main.obj
 0001:0002e3f0       _vmMain                    3002f3f0 f   cg_main.obj
 0001:0002e4e0       _CG_AddMarks               3002f4e0 f   cg_marks.obj
 0001:0002e7e0       _CG_AddParticleShrapnel    3002f7e0 f   cg_marks.obj
 0001:0002e7f0       _CG_AddParticleToScene     3002f7f0 f   cg_marks.obj
 0001:00034ba0       _CG_AddParticles           30035ba0 f   cg_marks.obj
 0001:000351a0       _CG_AllocMark              300361a0 f   cg_marks.obj
 0001:00035240       _CG_BloodPool              30036240 f   cg_marks.obj
 0001:00035530       _CG_ClearParticles         30036530 f   cg_marks.obj
 0001:00035670       _CG_FreeMarkPoly           30036670 f   cg_marks.obj
 0001:000356d0       _CG_ImpactMark             300366d0 f   cg_marks.obj
 0001:00035ed0       _CG_InitMarkPolys          30036ed0 f   cg_marks.obj
 0001:00035f50       _CG_NewParticleArea        30036f50 f   cg_marks.obj
 0001:000361c0       _CG_OilSlickRemove         300371c0 f   cg_marks.obj
 0001:00036250       _CG_ParticleBloodCloud     30037250 f   cg_marks.obj
 0001:00036670       _CG_ParticleBubble         30037670 f   cg_marks.obj
 0001:00036ad0       _CG_ParticleBulletDebris   30037ad0 f   cg_marks.obj
 0001:00036d20       _CG_ParticleDust           30037d20 f   cg_marks.obj
 0001:00037390       _CG_ParticleExplosion      30038390 f   cg_marks.obj
 0001:00037640       _CG_ParticleImpactSmokePuff 30038640 f   cg_marks.obj
 0001:000378c0       _CG_ParticleMisc           300388c0 f   cg_marks.obj
 0001:00037a40       _CG_ParticleSmoke          30038a40 f   cg_marks.obj
 0001:00037cf0       _CG_ParticleSnow           30038cf0 f   cg_marks.obj
 0001:000380e0       _CG_ParticleSnowFlurry     300390e0 f   cg_marks.obj
 0001:00038590       _CG_ParticleSparks         30039590 f   cg_marks.obj
 0001:00038a00       _CG_Particle_Bleed         30039a00 f   cg_marks.obj
 0001:00038c50       _CG_Particle_OilParticle   30039c50 f   cg_marks.obj
 0001:00038f10       _CG_Particle_OilSlick      30039f10 f   cg_marks.obj
 0001:00039290       _CG_SnowLink               3003a290 f   cg_marks.obj
 0001:000394f0       _ValidBloodPool            3003a4f0 f   cg_marks.obj
 0001:00039a90       _CG_AddRefEntityWithPowerups 3003aa90 f   cg_players.obj
 0001:00039e70       _CG_CustomSound            3003ae70 f   cg_players.obj
 0001:0003a5b0       _CG_LightVerts             3003b5b0 f   cg_players.obj
 0001:0003ab80       _CG_LoadDeferredPlayers    3003bb80 f   cg_players.obj
 0001:0003ac10       _CG_NewClientInfo          3003bc10 f   cg_players.obj
 0001:0003bc70       _CG_Player                 3003cc70 f   cg_players.obj
 0001:0003e760       _CG_ResetPlayerEntity      3003f760 f   cg_players.obj
 0001:0003f520       _CG_CheckAmmo              30040520 f   cg_playerstate.obj
 0001:0003f620       _CG_CheckChangedPredictableEvents 30040620 f   cg_playerstate.obj
 0001:0003f710       _CG_CheckLocalSounds       30040710 f   cg_playerstate.obj
 0001:0003fea0       _CG_CheckPlayerstateEvents 30040ea0 f   cg_playerstate.obj
 0001:0003fff0       _CG_DamageFeedback         30040ff0 f   cg_playerstate.obj
 0001:00040570       _CG_Respawn                30041570 f   cg_playerstate.obj
 0001:000405b0       _CG_TransitionPlayerState  300415b0 f   cg_playerstate.obj
 0001:000407f0       _CG_BuildSolidList         300417f0 f   cg_predict.obj
 0001:00040e30       _CG_PointContents          30041e30 f   cg_predict.obj
 0001:00040ef0       _CG_PredictPlayerState     30041ef0 f   cg_predict.obj
 0001:000419c0       _CG_Trace                  300429c0 f   cg_predict.obj
 0001:00042500       _CG_DrawOldScoreboard      30043500 f   cg_scoreboard.obj
 0001:00042cc0       _CG_DrawOldTourneyScoreboard 30043cc0 f   cg_scoreboard.obj
 0001:000431c0       _CG_AddBufferedVoiceChat   300441c0 f   cg_servercmds.obj
 0001:00043730       _CG_ExecuteNewServerCommands 30044730 f   cg_servercmds.obj
 0001:00043780       _CG_GetVoiceChat           30044780 f   cg_servercmds.obj
 0001:00043850       _CG_HeadModelVoiceChats    30044850 f   cg_servercmds.obj
 0001:000439c0       _CG_LoadVoiceChats         300449c0 f   cg_servercmds.obj
 0001:00043ed0       _CG_ParseServerinfo        30044ed0 f   cg_servercmds.obj
 0001:000441c0       _CG_ParseVoiceChats        300451c0 f   cg_servercmds.obj
 0001:00044720       _CG_PlayBufferedVoiceChats 30045720 f   cg_servercmds.obj
 0001:00044730       _CG_PlayVoiceChat          30045730 f   cg_servercmds.obj
 0001:00044ad0       _CG_SetConfigValues        30045ad0 f   cg_servercmds.obj
 0001:00044b90       _CG_ShaderStateChanged     30045b90 f   cg_servercmds.obj
 0001:00044dc0       _CG_VoiceChat              30045dc0 f   cg_servercmds.obj
 0001:00044dd0       _CG_VoiceChatListForClient 30045dd0 f   cg_servercmds.obj
 0001:00045180       _CG_VoiceChatLocal         30046180 f   cg_servercmds.obj
 0001:00045190       _CG_ProcessSnapshots       30046190 f   cg_snapshot.obj
 0001:000454e0       _CG_SetInitialSnapshot     300464e0 f   cg_snapshot.obj
 0001:000459a0       _PASSFLOAT                 300469a0 f   cg_syscalls.obj
 0001:000459c0       _dllEntry                  300469c0 f   cg_syscalls.obj
 0001:000459e0       _testPrintFloat            300469e0 f   cg_syscalls.obj
 0001:00045a20       _testPrintInt              30046a20 f   cg_syscalls.obj
 0001:00045a50       _trap_AddCommand           30046a50 f   cg_syscalls.obj
 0001:00045a70       _trap_Argc                 30046a70 f   cg_syscalls.obj
 0001:00045a90       _trap_Args                 30046a90 f   cg_syscalls.obj
 0001:00045ac0       _trap_Argv                 30046ac0 f   cg_syscalls.obj
 0001:00045af0       _trap_CIN_DrawCinematic    30046af0 f   cg_syscalls.obj
 0001:00045b10       _trap_CIN_PlayCinematic    30046b10 f   cg_syscalls.obj
 0001:00045b50       _trap_CIN_RunCinematic     30046b50 f   cg_syscalls.obj
 0001:00045b70       _trap_CIN_SetExtents       30046b70 f   cg_syscalls.obj
 0001:00045ba0       _trap_CIN_StopCinematic    30046ba0 f   cg_syscalls.obj
 0001:00045bc0       _trap_CM_BoxTrace          30046bc0 f   cg_syscalls.obj
 0001:00045c00       _trap_CM_CapsuleTrace      30046c00 f   cg_syscalls.obj
 0001:00045c40       _trap_CM_InlineModel       30046c40 f   cg_syscalls.obj
 0001:00045c60       _trap_CM_LoadMap           30046c60 f   cg_syscalls.obj
 0001:00045c80       _trap_CM_MarkFragments     30046c80 f   cg_syscalls.obj
 0001:00045cc0       _trap_CM_NumInlineModels   30046cc0 f   cg_syscalls.obj
 0001:00045ce0       _trap_CM_PointContents     30046ce0 f   cg_syscalls.obj
 0001:00045d10       _trap_CM_TempBoxModel      30046d10 f   cg_syscalls.obj
 0001:00045d40       _trap_CM_TempCapsuleModel  30046d40 f   cg_syscalls.obj
 0001:00045d70       _trap_CM_TransformedBoxTrace 30046d70 f   cg_syscalls.obj
 0001:00045db0       _trap_CM_TransformedCapsuleTrace 30046db0 f   cg_syscalls.obj
 0001:00045df0       _trap_CM_TransformedPointContents 30046df0 f   cg_syscalls.obj
 0001:00045e20       _trap_Cvar_Register        30046e20 f   cg_syscalls.obj
 0001:00045e50       _trap_Cvar_Set             30046e50 f   cg_syscalls.obj
 0001:00045e80       _trap_Cvar_Update          30046e80 f   cg_syscalls.obj
 0001:00045ea0       _trap_Cvar_VariableStringBuffer 30046ea0 f   cg_syscalls.obj
 0001:00045ed0       _trap_Error                30046ed0 f   cg_syscalls.obj
 0001:00045ef0       _trap_FS_FCloseFile        30046ef0 f   cg_syscalls.obj
 0001:00045f10       _trap_FS_FOpenFile         30046f10 f   cg_syscalls.obj
 0001:00045f40       _trap_FS_Read              30046f40 f   cg_syscalls.obj
 0001:00045f70       _trap_FS_Seek              30046f70 f   cg_syscalls.obj
 0001:00045fa0       _trap_FS_Write             30046fa0 f   cg_syscalls.obj
 0001:00045fd0       _trap_GetCurrentCmdNumber  30046fd0 f   cg_syscalls.obj
 0001:00045ff0       _trap_GetCurrentSnapshotNumber 30046ff0 f   cg_syscalls.obj
 0001:00046020       _trap_GetEntityToken       30047020 f   cg_syscalls.obj
 0001:00046050       _trap_GetGameState         30047050 f   cg_syscalls.obj
 0001:00046070       _trap_GetGlconfig          30047070 f   cg_syscalls.obj
 0001:00046090       _trap_GetServerCommand     30047090 f   cg_syscalls.obj
 0001:000460b0       _trap_GetSnapshot          300470b0 f   cg_syscalls.obj
 0001:000460e0       _trap_GetUserCmd           300470e0 f   cg_syscalls.obj
 0001:00046110       _trap_Key_GetCatcher       30047110 f   cg_syscalls.obj
 0001:00046130       _trap_Key_GetKey           30047130 f   cg_syscalls.obj
 0001:00046150       _trap_Key_IsDown           30047150 f   cg_syscalls.obj
 0001:00046170       _trap_Key_SetCatcher       30047170 f   cg_syscalls.obj
 0001:00046190       _trap_MemoryRemaining      30047190 f   cg_syscalls.obj
 0001:000461b0       _trap_Milliseconds         300471b0 f   cg_syscalls.obj
 0001:000461d0       _trap_PC_AddGlobalDefine   300471d0 f   cg_syscalls.obj
 0001:000461f0       _trap_PC_FreeSource        300471f0 f   cg_syscalls.obj
 0001:00046210       _trap_PC_LoadSource        30047210 f   cg_syscalls.obj
 0001:00046230       _trap_PC_ReadToken         30047230 f   cg_syscalls.obj
 0001:00046260       _trap_PC_SourceFileAndLine 30047260 f   cg_syscalls.obj
 0001:00046290       _trap_Print                30047290 f   cg_syscalls.obj
 0001:000462b0       _trap_R_AddAdditiveLightToScene 300472b0 f   cg_syscalls.obj
 0001:00046320       _trap_R_AddLightToScene    30047320 f   cg_syscalls.obj
 0001:00046390       _trap_R_AddPolyToScene     30047390 f   cg_syscalls.obj
 0001:000463c0       _trap_R_AddPolysToScene    300473c0 f   cg_syscalls.obj
 0001:000463f0       _trap_R_AddRefEntityToScene 300473f0 f   cg_syscalls.obj
 0001:00046410       _trap_R_ClearScene         30047410 f   cg_syscalls.obj
 0001:00046430       _trap_R_DrawStretchPic     30047430 f   cg_syscalls.obj
 0001:000464f0       _trap_R_LerpTag            300474f0 f   cg_syscalls.obj
 0001:00046540       _trap_R_LightForPoint      30047540 f   cg_syscalls.obj
 0001:00046570       _trap_R_LoadWorldMap       30047570 f   cg_syscalls.obj
 0001:00046590       _trap_R_ModelBounds        30047590 f   cg_syscalls.obj
 0001:000465c0       _trap_R_RegisterFont       300475c0 f   cg_syscalls.obj
 0001:000465f0       _trap_R_RegisterModel      300475f0 f   cg_syscalls.obj
 0001:00046610       _trap_R_RegisterShader     30047610 f   cg_syscalls.obj
 0001:00046630       _trap_R_RegisterShaderNoMip 30047630 f   cg_syscalls.obj
 0001:00046650       _trap_R_RegisterSkin       30047650 f   cg_syscalls.obj
 0001:00046670       _trap_R_RemapShader        30047670 f   cg_syscalls.obj
 0001:000466a0       _trap_R_RenderScene        300476a0 f   cg_syscalls.obj
 0001:000466c0       _trap_R_SetColor           300476c0 f   cg_syscalls.obj
 0001:000466e0       _trap_R_inPVS              300476e0 f   cg_syscalls.obj
 0001:00046710       _trap_RealTime             30047710 f   cg_syscalls.obj
 0001:00046730       _trap_RemoveCommand        30047730 f   cg_syscalls.obj
 0001:00046750       _trap_S_AddLoopingSound    30047750 f   cg_syscalls.obj
 0001:00046780       _trap_S_AddRealLoopingSound 30047780 f   cg_syscalls.obj
 0001:000467b0       _trap_S_ClearLoopingSounds 300477b0 f   cg_syscalls.obj
 0001:000467d0       _trap_S_RegisterSound      300477d0 f   cg_syscalls.obj
 0001:00046800       _trap_S_Respatialize       30047800 f   cg_syscalls.obj
 0001:00046830       _trap_S_StartBackgroundTrack 30047830 f   cg_syscalls.obj
 0001:00046860       _trap_S_StartLocalSound    30047860 f   cg_syscalls.obj
 0001:00046890       _trap_S_StartSound         30047890 f   cg_syscalls.obj
 0001:000468c0       _trap_S_StopBackgroundTrack 300478c0 f   cg_syscalls.obj
 0001:000468e0       _trap_S_StopLoopingSound   300478e0 f   cg_syscalls.obj
 0001:00046900       _trap_S_UpdateEntityPosition 30047900 f   cg_syscalls.obj
 0001:00046930       _trap_SendClientCommand    30047930 f   cg_syscalls.obj
 0001:00046950       _trap_SendConsoleCommand   30047950 f   cg_syscalls.obj
 0001:00046970       _trap_SetUserCmdValue      30047970 f   cg_syscalls.obj
 0001:000469b0       _trap_SnapVector           300479b0 f   cg_syscalls.obj
 0001:000469d0       _trap_UpdateScreen         300479d0 f   cg_syscalls.obj
 0001:000469f0       _CG_AddBufferedSound       300479f0 f   cg_view.obj
 0001:00047920       _CG_DrawActiveFrame        30048920 f   cg_view.obj
 0001:00048d30       _CG_TestGun_f              30049d30 f   cg_view.obj
 0001:00048d60       _CG_TestModelNextFrame_f   30049d60 f   cg_view.obj
 0001:00048d90       _CG_TestModelNextSkin_f    30049d90 f   cg_view.obj
 0001:00048dc0       _CG_TestModelPrevFrame_f   30049dc0 f   cg_view.obj
 0001:00048e00       _CG_TestModelPrevSkin_f    30049e00 f   cg_view.obj
 0001:00048e40       _CG_TestModel_f            30049e40 f   cg_view.obj
 0001:00049040       _CG_ZoomDown_f             3004a040 f   cg_view.obj
 0001:00049070       _CG_ZoomUp_f               3004a070 f   cg_view.obj
 0001:000490a0       _CG_AddPlayerWeapon        3004a0a0 f   cg_weapons.obj
 0001:00049850       _CG_AddViewWeapon          3004a850 f   cg_weapons.obj
 0001:00049ea0       _CG_Bullet                 3004aea0 f   cg_weapons.obj
 0001:0004a6e0       _CG_DrawWeaponSelect       3004b6e0 f   cg_weapons.obj
 0001:0004a950       _CG_FireWeapon             3004b950 f   cg_weapons.obj
 0001:0004aa90       _CG_GrappleTrail           3004ba90 f   cg_weapons.obj
 0001:0004bf20       _CG_MissileHitPlayer       3004cf20 f   cg_weapons.obj
 0001:0004bf70       _CG_MissileHitWall         3004cf70 f   cg_weapons.obj
 0001:0004c690       _CG_NextWeapon_f           3004d690 f   cg_weapons.obj
 0001:0004c740       _CG_OutOfAmmoChange        3004d740 f   cg_weapons.obj
 0001:0004d0f0       _CG_PrevWeapon_f           3004e0f0 f   cg_weapons.obj
 0001:0004d1a0       _CG_RailTrail              3004e1a0 f   cg_weapons.obj
 0001:0004de30       _CG_RegisterItemVisuals    3004ee30 f   cg_weapons.obj
 0001:0004df60       _CG_RegisterWeapon         3004ef60 f   cg_weapons.obj
 0001:0004f5b0       _CG_ShotgunFire            300505b0 f   cg_weapons.obj
 0001:0004fd80       _CG_Tracer                 30050d80 f   cg_weapons.obj
 0001:00050a60       _CG_Weapon_f               30051a60 f   cg_weapons.obj
 0001:00050d60       _cos                       30051d60 f   LIBCMTD:cos.obj
 0001:00050da0       __CIcos                    30051da0 f   LIBCMTD:cos.obj
 0001:00050ddb       __CIcos_default            30051ddb f   LIBCMTD:cos.obj
 0001:00050def       __cos_default              30051def     LIBCMTD:cos.obj
 0001:00050e90       _fabs                      30051e90 f   LIBCMTD:fabs.obj
 0001:00050f90       _sin                       30051f90 f   LIBCMTD:sin.obj
 0001:00050fd0       __CIsin                    30051fd0 f   LIBCMTD:sin.obj
 0001:0005100b       __CIsin_default            3005200b f   LIBCMTD:sin.obj
 0001:0005101f       __sin_default              3005201f     LIBCMTD:sin.obj
 0001:000510c0       ??0_LocaleUpdate@@QAE@PAUlocaleinfo_struct@@@Z 300520c0 f i LIBCMTD:atof.obj
 0001:000511a0       ??1_LocaleUpdate@@QAE@XZ   300521a0 f i LIBCMTD:atof.obj
 0001:000511d0       ?GetLocaleT@_LocaleUpdate@@QAEPAUlocaleinfo_struct@@XZ 300521d0 f i LIBCMTD:atof.obj
 0001:000511e0       ___STRINGTOLD              300521e0 f   LIBCMTD:atof.obj
 0001:00051230       ___strgtold12              30052230 f   LIBCMTD:atof.obj
 0001:00051280       __atof_l                   30052280 f   LIBCMTD:atof.obj
 0001:000513d0       _atof                      300523d0 f   LIBCMTD:atof.obj
 0001:000513f0       @__security_check_cookie@4 300523f0 f   LIBCMTD:secchk.obj
 0001:00051400       __fpmath                   30052400 f   LIBCMTD:fpinit.obj
 0001:00051420       ___setfflag                30052420 f   LIBCMTD:fpinit.obj
 0001:00051440       __cfltcvt_init             30052440 f   LIBCMTD:fpinit.obj
 0001:00051500       __abs64                    30052500 f   LIBCMTD:abs.obj
 0001:00051540       _abs                       30052540 f   LIBCMTD:abs.obj
 0001:00051570       __CIsqrt                   30052570 f   LIBCMTD:sqrt.obj
 0001:00051584       _sqrt                      30052584     LIBCMTD:sqrt.obj
 0001:00051630       _memset                    30052630 f   LIBCMTD:memset.obj
 0001:000516c0       __invoke_watson_if_error   300526c0 f i LIBCMTD:wassert.obj
 0001:000516f0       __wassert                  300526f0 f   LIBCMTD:wassert.obj
 0001:00052330       _atan2                     30053330 f   LIBCMTD:87ctriga.obj
 0001:0005233a       __CIatan2                  3005333a f   LIBCMTD:87ctriga.obj
 0001:00052350       _memcpy                    30053350 f   LIBCMTD:memcpy.obj
 0001:000529a0       ___raise_securityfailure   300539a0 f   LIBCMTD:gs_report.obj
 0001:000529f0       ___report_gsfailure        300539f0 f   LIBCMTD:gs_report.obj
 0001:00052b00       ___report_rangecheckfailure 30053b00 f   LIBCMTD:gs_report.obj
 0001:00052b10       ___report_securityfailure  30053b10 f   LIBCMTD:gs_report.obj
 0001:00052bf0       ___report_securityfailureEx 30053bf0 f   LIBCMTD:gs_report.obj
 0001:00052d20       __vscprintf                30053d20 f   LIBCMTD:vsprintf.obj
 0001:00052d40       __vscprintf_helper         30053d40 f   LIBCMTD:vsprintf.obj
 0001:00052e30       __vscprintf_l              30053e30 f   LIBCMTD:vsprintf.obj
 0001:00052e50       __vscprintf_p              30053e50 f   LIBCMTD:vsprintf.obj
 0001:00052e70       __vscprintf_p_l            30053e70 f   LIBCMTD:vsprintf.obj
 0001:00052e90       __vsprintf_l               30053e90 f   LIBCMTD:vsprintf.obj
 0001:00053050       _vsprintf                  30054050 f   LIBCMTD:vsprintf.obj
 0001:00053070       _strcpy                    30054070 f   LIBCMTD:strcat.obj
 0001:00053080       _strcat                    30054080 f   LIBCMTD:strcat.obj
 0001:00053170       _strcmp                    30054170 f   LIBCMTD:strcmp.obj
 0001:00053200       _strlen                    30054200 f   LIBCMTD:strlen.obj
 0001:00053290       _strchr                    30054290 f   LIBCMTD:strchr.obj
 0001:000532fe       ___from_strstr_to_strchr   300542fe     LIBCMTD:strchr.obj
 0001:000533c0       _strncpy                   300543c0 f   LIBCMTD:strncpy.obj
 0001:000534f0       __toupper                  300544f0 f   LIBCMTD:toupper.obj
 0001:00053500       __toupper_l                30054500 f   LIBCMTD:toupper.obj
 0001:00053740       _toupper                   30054740 f   LIBCMTD:toupper.obj
 0001:00053790       __tolower                  30054790 f   LIBCMTD:tolower.obj
 0001:000537a0       __tolower_l                300547a0 f   LIBCMTD:tolower.obj
 0001:000539e0       _tolower                   300549e0 f   LIBCMTD:tolower.obj
 0001:00053a30       __chkstk                   30054a30 f   LIBCMTD:chkstk.obj
 0001:00053a30       __alloca_probe             30054a30 f   LIBCMTD:chkstk.obj
 0001:00053a60       _memmove                   30054a60 f   LIBCMTD:memmove.obj
 0001:000540b0       __atoi64                   300550b0 f   LIBCMTD:atox.obj
 0001:000540d0       __atoi64_l                 300550d0 f   LIBCMTD:atox.obj
 0001:000540f0       __atoi_l                   300550f0 f   LIBCMTD:atox.obj
 0001:00054110       __atol_l                   30055110 f   LIBCMTD:atox.obj
 0001:00054130       __atoll_l                  30055130 f   LIBCMTD:atox.obj
 0001:00054150       _atoi                      30055150 f   LIBCMTD:atox.obj
 0001:00054170       _atol                      30055170 f   LIBCMTD:atox.obj
 0001:00054190       _atoll                     30055190 f   LIBCMTD:atox.obj
 0001:000541b0       _rand                      300551b0 f   LIBCMTD:rand.obj
 0001:000541f0       _srand                     300551f0 f   LIBCMTD:rand.obj
 0001:00054200       _floor                     30055200 f   LIBCMTD:floor_pentium4.obj
 0001:00054240       __floor_pentium4           30055240 f   LIBCMTD:floor_pentium4.obj
 0001:00054330       __ftol2_sse                30055330 f   LIBCMTD:ftol2.obj
 0001:00054339       __ftol2_pentium4           30055339 f   LIBCMTD:ftol2.obj
 0001:0005434c       __ftol2_sse_excpt          3005534c f   LIBCMTD:ftol2.obj
 0001:00054366       __ftol2                    30055366 f   LIBCMTD:ftol2.obj
 0001:000543e0       _acos                      300553e0 f   LIBCMTD:acos.obj
 0001:00054420       __CIacos                   30055420 f   LIBCMTD:acos.obj
 0001:0005445b       __CIacos_default           3005545b f   LIBCMTD:acos.obj
 0001:0005446f       __acos_default             3005546f     LIBCMTD:acos.obj
 0001:00054530       _strstr                    30055530 f   LIBCMTD:strstr.obj
 0001:000547a0       _tan                       300557a0 f   LIBCMTD:tan.obj
 0001:000547e0       __CItan                    300557e0 f   LIBCMTD:tan.obj
 0001:0005481b       __CItan_default            3005581b f   LIBCMTD:tan.obj
 0001:0005482f       __tan_default              3005582f     LIBCMTD:tan.obj
 0001:000548d0       __CRT_INIT@12              300558d0 f   LIBCMTD:dllcrt0.obj
 0001:00054b20       __DllMainCRTStartup@12     30055b20 f   LIBCMTD:dllcrt0.obj
 0001:00054d10       ___DllXcptFilter           30055d10 f   LIBCMTD:dllcrt0.obj
 0001:00054d40       __sse2_mathfcns_init       30055d40 f   LIBCMTD:mathfcns.obj
 0001:00054d60       __set_SSE2_enable          30055d60 f   LIBCMTD:mathfcns.obj
 0001:00054db0       __CIcos_pentium4           30055db0 f   LIBCMTD:cos_pentium4.obj
 0001:00054dc8       __cos_pentium4             30055dc8     LIBCMTD:cos_pentium4.obj
 0001:00054f60       __trandisp1                30055f60 f   LIBCMTD:87disp.obj
 0001:00054fc7       __trandisp2                30055fc7 f   LIBCMTD:87disp.obj
 0001:00055053       __rttospopde               30056053     LIBCMTD:87disp.obj
 0001:00055058       __rttospop                 30056058     LIBCMTD:87disp.obj
 0001:0005505a       __rtnospop                 3005605a     LIBCMTD:87disp.obj
 0001:0005505c       __rttosnpop                3005605c     LIBCMTD:87disp.obj
 0001:0005505d       __rtnospopde               3005605d     LIBCMTD:87disp.obj
 0001:00055064       __rtzeropop                30056064     LIBCMTD:87disp.obj
 0001:00055066       __rtzeronpop               30056066     LIBCMTD:87disp.obj
 0001:0005506b       __rtonepop                 3005606b     LIBCMTD:87disp.obj
 0001:0005506d       __rtonenpop                3005606d     LIBCMTD:87disp.obj
 0001:00055072       __tosnan1                  30056072     LIBCMTD:87disp.obj
 0001:0005509d       __nosnan2                  3005609d     LIBCMTD:87disp.obj
 0001:0005509f       __tosnan2                  3005609f     LIBCMTD:87disp.obj
 0001:000550c7       __nan2                     300560c7     LIBCMTD:87disp.obj
 0001:00055106       __rtindfpop                30056106     LIBCMTD:87disp.obj
 0001:00055108       __rtindfnpop               30056108     LIBCMTD:87disp.obj
 0001:00055119       __rttosnpopde              30056119     LIBCMTD:87disp.obj
 0001:00055123       __rtchsifneg               30056123     LIBCMTD:87disp.obj
 0001:00055130       __twoToTOS                 30056130 f   LIBCMTD:common.obj
 0001:00055145       __load_CW                  30056145 f   LIBCMTD:common.obj
 0001:0005515c       __convertTOStoQNaN         3005615c f   LIBCMTD:common.obj
 0001:00055175       __fload_withFB             30056175 f   LIBCMTD:common.obj
 0001:000551b8       __checkTOS_withFB          300561b8 f   LIBCMTD:common.obj
 0001:000551ce       __fast_exit                300561ce f   LIBCMTD:common.obj
 0001:000551db       __math_exit                300561db f   LIBCMTD:common.obj
 0001:00055205       __check_overflow_exit      30056205 f   LIBCMTD:common.obj
 0001:00055219       __check_range_exit         30056219 f   LIBCMTD:common.obj
 0001:000552c0       __startTwoArgErrorHandling 300562c0 f   LIBCMTD:genexcep.obj
 0001:000552d7       __startOneArgErrorHandling 300562d7 f   LIBCMTD:genexcep.obj
 0001:00055320       __errcode                  30056320 f   LIBCMTD:fpexcept.obj
 0001:00055390       __except1                  30056390 f   LIBCMTD:fpexcept.obj
 0001:00055490       __except2                  30056490 f   LIBCMTD:fpexcept.obj
 0001:000555e0       __handle_exc               300565e0 f   LIBCMTD:fpexcept.obj
 0001:00055900       __handle_qnan1             30056900 f   LIBCMTD:fpexcept.obj
 0001:00055960       __handle_qnan2             30056960 f   LIBCMTD:fpexcept.obj
 0001:000559d0       __raise_exc                300569d0 f   LIBCMTD:fpexcept.obj
 0001:00055a00       __raise_exc_ex             30056a00 f   LIBCMTD:fpexcept.obj
 0001:00055f80       __raise_excf               30056f80 f   LIBCMTD:fpexcept.obj
 0001:00055fb0       __set_errno_from_matherr   30056fb0 f   LIBCMTD:fpexcept.obj
 0001:00055ff0       __umatherr                 30056ff0 f   LIBCMTD:fpexcept.obj
 0001:00056090       __add_exp                  30057090 f   LIBCMTD:util.obj
 0001:000560c0       __decomp                   300570c0 f   LIBCMTD:util.obj
 0001:000561e0       __get_exp                  300571e0 f   LIBCMTD:util.obj
 0001:00056210       __set_bexp                 30057210 f   LIBCMTD:util.obj
 0001:00056240       __set_exp                  30057240 f   LIBCMTD:util.obj
 0001:00056280       __sptype                   30057280 f   LIBCMTD:util.obj
 0001:00056300       ___clrfp_sse2              30057300 f   LIBCMTD:fpctrl.obj
 0001:00056340       ___ctrlfp_sse2             30057340 f   LIBCMTD:fpctrl.obj
 0001:000563a0       ___fclrf_sse2              300573a0 f   LIBCMTD:fpctrl.obj
 0001:000563c0       ___get_fpsr_sse2           300573c0 f   LIBCMTD:fpctrl.obj
 0001:000563f0       ___set_fpsr_sse2           300573f0 f   LIBCMTD:fpctrl.obj
 0001:000564d0       ___set_statfp_sse2         300574d0 f   LIBCMTD:fpctrl.obj
 0001:00056500       ___statfp_sse2             30057500 f   LIBCMTD:fpctrl.obj
 0001:00056530       __clrfp                    30057530 f   LIBCMTD:fpctrl.obj
 0001:00056550       __ctrlfp                   30057550 f   LIBCMTD:fpctrl.obj
 0001:00056580       __set_statfp               30057580 f   LIBCMTD:fpctrl.obj
 0001:000565f0       __statfp                   300575f0 f   LIBCMTD:fpctrl.obj
 0001:00056600       __CIsin_pentium4           30057600 f   LIBCMTD:sin_pentium4.obj
 0001:00056618       __sin_pentium4             30057618     LIBCMTD:sin_pentium4.obj
 0001:000567d0       ?_invalid_parameter@@YAXPBG00II@Z 300577d0 f   LIBCMTD:invarg.obj
 0001:00056800       ?_invoke_watson@@YAXPBG00II@Z 30057800 f   LIBCMTD:invarg.obj
 0001:00056820       __call_reportfault         30057820 f   LIBCMTD:invarg.obj
 0001:00056980       __get_invalid_parameter_handler 30057980 f   LIBCMTD:invarg.obj
 0001:000569b0       __initp_misc_invarg        300579b0 f   LIBCMTD:invarg.obj
 0001:000569c0       __invalid_parameter        300579c0 f   LIBCMTD:invarg.obj
 0001:00056a20       __invoke_watson            30057a20 f   LIBCMTD:invarg.obj
 0001:00056a60       __set_invalid_parameter_handler 30057a60 f   LIBCMTD:invarg.obj
 0001:00056aa0       ___doserrno                30057aa0 f   LIBCMTD:dosmap.obj
 0001:00056ad0       __dosmaperr                30057ad0 f   LIBCMTD:dosmap.obj
 0001:00056b00       __errno                    30057b00 f   LIBCMTD:dosmap.obj
 0001:00056b30       __get_doserrno             30057b30 f   LIBCMTD:dosmap.obj
 0001:00056bc0       __get_errno                30057bc0 f   LIBCMTD:dosmap.obj
 0001:00056c50       __get_errno_from_oserr     30057c50 f   LIBCMTD:dosmap.obj
 0001:00056cd0       __set_doserrno             30057cd0 f   LIBCMTD:dosmap.obj
 0001:00056d00       __set_errno                30057d00 f   LIBCMTD:dosmap.obj
 0001:00056d30       __fltin2                   30057d30 f   LIBCMTD:cfin.obj
 0001:00056e10       ___STRINGTOLD_L            30057e10 f   LIBCMTD:strgtold.obj
 0001:00056e80       ___addl                    30057e80 f i LIBCMTD:strgtold.obj
 0001:00056ec0       ___ld12mul                 30057ec0 f i LIBCMTD:strgtold.obj
 0001:000572d0       ___multtenpow12            300582d0 f i LIBCMTD:strgtold.obj
 0001:000573b0       ___shl_12                  300583b0 f i LIBCMTD:strgtold.obj
 0001:00057430       ___shr_12                  30058430 f i LIBCMTD:strgtold.obj
 0001:000574b0       ___strgtold12_l            300584b0 f   LIBCMTD:strgtold.obj
 0001:00057fa0       ___addlocaleref            30058fa0 f   LIBCMTD:localref.obj
 0001:000580c0       ___freetlocinfo            300590c0 f   LIBCMTD:localref.obj
 0001:000583b0       ___removelocaleref         300593b0 f   LIBCMTD:localref.obj
 0001:000584d0       ___updatetlocinfo          300594d0 f   LIBCMTD:localref.obj
 0001:000585a0       __updatetlocinfoEx_nolock  300595a0 f   LIBCMTD:localref.obj
 0001:00058620       ___initmbctable            30059620 f   LIBCMTD:mbctype.obj
 0001:00058c40       ___updatetmbcinfo          30059c40 f   LIBCMTD:mbctype.obj
 0001:00058d60       __getmbcp                  30059d60 f   LIBCMTD:mbctype.obj
 0001:00058dd0       __setmbcp                  30059dd0 f   LIBCMTD:mbctype.obj
 0001:00059070       __setmbcp_nolock           3005a070 f   LIBCMTD:mbctype.obj
 0001:000593f0       __chvalidator              3005a3f0 f   LIBCMTD:isctype.obj
 0001:00059440       __chvalidator_l            3005a440 f   LIBCMTD:isctype.obj
 0001:00059500       __isctype                  3005a500 f   LIBCMTD:isctype.obj
 0001:00059540       __isctype_l                3005a540 f   LIBCMTD:isctype.obj
 0001:00059690       ___get_flsindex            3005a690 f   LIBCMTD:tidtable.obj
 0001:000596a0       ___threadhandle            3005a6a0 f   LIBCMTD:tidtable.obj
 0001:000596b0       ___threadid                3005a6b0 f   LIBCMTD:tidtable.obj
 0001:000596c0       __freefls@4                3005a6c0 f   LIBCMTD:tidtable.obj
 0001:000598c0       __freeptd                  3005a8c0 f   LIBCMTD:tidtable.obj
 0001:00059900       __getptd                   3005a900 f   LIBCMTD:tidtable.obj
 0001:00059930       __getptd_noexit            3005a930 f   LIBCMTD:tidtable.obj
 0001:000599e0       __initptd                  3005a9e0 f   LIBCMTD:tidtable.obj
 0001:00059b20       __mtinit                   3005ab20 f   LIBCMTD:tidtable.obj
 0001:00059bd0       __mtterm                   3005abd0 f   LIBCMTD:tidtable.obj
 0001:00059c00       ?_CrtDbgReportW@@YAHHPBGH00ZZ 3005ac00 f   LIBCMTD:dbgrptw.obj
 0001:00059c50       __CrtDbgReportW            3005ac50 f   LIBCMTD:dbgrptw.obj
 0001:00059ca0       __CrtDbgReportWV           3005aca0 f i LIBCMTD:dbgrptw.obj
 0001:00059cd0       __CrtSetReportHookW2       3005acd0 f   LIBCMTD:dbgrptw.obj
 0001:0005a020       ___crtMessageWindowW       3005b020 f   LIBCMTD:dbgrptw.obj
 0001:0005a4d0       __invoke_watson_if_oneof   3005b4d0 f i LIBCMTD:dbgrptw.obj
 0001:0005a510       ?strrchr@@YAPADPADH@Z      3005b510 f i LIBCMTD:cvt.obj
 0001:0005a530       __cfltcvt                  3005b530 f   LIBCMTD:cvt.obj
 0001:0005a560       __cfltcvt_l                3005b560 f   LIBCMTD:cvt.obj
 0001:0005a620       __cftoa                    3005b620 f   LIBCMTD:cvt.obj
 0001:0005a650       __cftoa_l                  3005b650 f   LIBCMTD:cvt.obj
 0001:0005aec0       __cftoe                    3005bec0 f   LIBCMTD:cvt.obj
 0001:0005b310       __cftoe_l                  3005c310 f   LIBCMTD:cvt.obj
 0001:0005b540       __cftof                    3005c540 f   LIBCMTD:cvt.obj
 0001:0005b7f0       __cftof_l                  3005c7f0 f   LIBCMTD:cvt.obj
 0001:0005b9f0       __cftog                    3005c9f0 f   LIBCMTD:cvt.obj
 0001:0005ba20       __cftog_l                  3005ca20 f   LIBCMTD:cvt.obj
 0001:0005bcb0       __cropzeros                3005ccb0 f   LIBCMTD:cvt.obj
 0001:0005bcd0       __cropzeros_l              3005ccd0 f   LIBCMTD:cvt.obj
 0001:0005bdf0       __fassign                  3005cdf0 f   LIBCMTD:cvt.obj
 0001:0005be10       __fassign_l                3005ce10 f   LIBCMTD:cvt.obj
 0001:0005be60       __forcdecpt                3005ce60 f   LIBCMTD:cvt.obj
 0001:0005be80       __forcdecpt_l              3005ce80 f   LIBCMTD:cvt.obj
 0001:0005bf50       __positive                 3005cf50 f   LIBCMTD:cvt.obj
 0001:0005bfb0       __setdefaultprecision      3005cfb0 f   LIBCMTD:fp8.obj
 0001:0005bff0       __initp_misc_cfltcvt_tab   3005cff0 f   LIBCMTD:cmiscdat.obj
 0001:0005c030       __VEC_memset               3005d030 f   LIBCMTD:p4_memset.obj
 0001:0005c100       ___isa_available_init      3005d100 f   LIBCMTD:cpu_disp.obj
 0001:0005c3b0       _memcpy_s                  3005d3b0 f   LIBCMTD:memcpy_s.obj
 0001:0005c580       _wcscat_s                  3005d580 f   LIBCMTD:wcscat_s.obj
 0001:0005c990       _wcscpy_s                  3005d990 f   LIBCMTD:wcscpy_s.obj
 0001:0005cca0       _wcslen                    3005dca0 f   LIBCMTD:wcslen.obj
 0001:0005cce0       _wcsncat_s                 3005dce0 f   LIBCMTD:wcsncat_s.obj
 0001:0005d1d0       ___copy_path_to_wide_string 3005e1d0 f   LIBCMTD:crt0dat.obj
 0001:0005d3c0       ___copy_to_char            3005e3c0 f   LIBCMTD:crt0dat.obj
 0001:0005d5b0       ___crtCorExitProcess       3005e5b0 f   LIBCMTD:crt0dat.obj
 0001:0005d5f0       ___crtExitProcess          3005e5f0 f   LIBCMTD:crt0dat.obj
 0001:0005d610       ___freeCrtMemory           3005e610 f   LIBCMTD:crt0dat.obj
 0001:0005d7e0       __amsg_exit                3005e7e0 f   LIBCMTD:crt0dat.obj
 0001:0005d800       __c_exit                   3005e800 f   LIBCMTD:crt0dat.obj
 0001:0005d820       __cexit                    3005e820 f   LIBCMTD:crt0dat.obj
 0001:0005d840       __cinit                    3005e840 f   LIBCMTD:crt0dat.obj
 0001:0005d8e0       __exit                     3005e8e0 f   LIBCMTD:crt0dat.obj
 0001:0005d900       __exit_app                 3005e900 f   LIBCMTD:crt0dat.obj
 0001:0005d920       __get_pgmptr               3005e920 f   LIBCMTD:crt0dat.obj
 0001:0005da40       __get_wpgmptr              3005ea40 f   LIBCMTD:crt0dat.obj
 0001:0005db60       __init_pointers            3005eb60 f   LIBCMTD:crt0dat.obj
 0001:0005dbf0       __initterm_e               3005ebf0 f   LIBCMTD:crt0dat.obj
 0001:0005dc30       __lockexit                 3005ec30 f   LIBCMTD:crt0dat.obj
 0001:0005dc40       __unlockexit               3005ec40 f   LIBCMTD:crt0dat.obj
 0001:0005de40       _exit                      3005ee40 f   LIBCMTD:crt0dat.obj
 0001:0005de60       __set_abort_behavior       3005ee60 f   LIBCMTD:abort.obj
 0001:0005de90       _abort                     3005ee90 f   LIBCMTD:abort.obj
 0001:0005df00       ___set_app_type            3005ef00 f   LIBCMTD:errmode.obj
 0001:0005df10       __set_error_mode           3005ef10 f   LIBCMTD:errmode.obj
 0001:0005e420       __i64tow_s                 3005f420 f   LIBCMTD:xtows.obj
 0001:0005e470       __itow_s                   3005f470 f   LIBCMTD:xtows.obj
 0001:0005e4d0       __ltow_s                   3005f4d0 f   LIBCMTD:xtows.obj
 0001:0005e510       __ui64tow_s                3005f510 f   LIBCMTD:xtows.obj
 0001:0005e530       __ultow_s                  3005f530 f   LIBCMTD:xtows.obj
 0001:0005e950       ___initstdio               3005f950 f   LIBCMTD:_file.obj
 0001:0005ea20       ___endstdio                3005fa20 f   LIBCMTD:_file.obj
 0001:0005ea60       ___iob_func                3005fa60 f   LIBCMTD:_file.obj
 0001:0005ea70       __lock_file                3005fa70 f   LIBCMTD:_file.obj
 0001:0005ead0       __lock_file2               3005fad0 f   LIBCMTD:_file.obj
 0001:0005eb10       __unlock_file              3005fb10 f   LIBCMTD:_file.obj
 0001:0005eb70       __unlock_file2             3005fb70 f   LIBCMTD:_file.obj
 0001:0005ebb0       __fflush_nolock            3005fbb0 f   LIBCMTD:fflush.obj
 0001:0005ec20       __flush                    3005fc20 f   LIBCMTD:fflush.obj
 0001:0005ece0       __flushall                 3005fce0 f   LIBCMTD:fflush.obj
 0001:0005ecf0       _fflush                    3005fcf0 f   LIBCMTD:fflush.obj
 0001:0005ef30       _setvbuf                   3005ff30 f   LIBCMTD:setvbuf.obj
 0001:0005f230       __fwprintf_l               30060230 f   LIBCMTD:fwprintf.obj
 0001:0005f260       __fwprintf_p               30060260 f   LIBCMTD:fwprintf.obj
 0001:0005f290       __fwprintf_p_l             30060290 f   LIBCMTD:fwprintf.obj
 0001:0005f2c0       __fwprintf_s_l             300602c0 f   LIBCMTD:fwprintf.obj
 0001:0005f2f0       _fwprintf                  300602f0 f   LIBCMTD:fwprintf.obj
 0001:0005f4a0       _fwprintf_s                300604a0 f   LIBCMTD:fwprintf.obj
 0001:0005f4d0       __vsnwprintf_s             300604d0 f   LIBCMTD:vswprnc.obj
 0001:0005f500       __vsnwprintf_s_l           30060500 f   LIBCMTD:vswprnc.obj
 0001:0005f8d0       __vswprintf_c              300608d0 f   LIBCMTD:vswprnc.obj
 0001:0005f920       __vswprintf_c_l            30060920 f   LIBCMTD:vswprnc.obj
 0001:0005f970       __vswprintf_helper         30060970 f   LIBCMTD:vswprnc.obj
 0001:0005fbe0       __vswprintf_p              30060be0 f   LIBCMTD:vswprnc.obj
 0001:0005fc30       __vswprintf_p_l            30060c30 f   LIBCMTD:vswprnc.obj
 0001:0005fc80       __vswprintf_s_l            30060c80 f   LIBCMTD:vswprnc.obj
 0001:0005ff10       _vswprintf_s               30060f10 f   LIBCMTD:vswprnc.obj
 0001:0005ff30       ___fpecode                 30060f30 f   LIBCMTD:winsig.obj
 0001:0005ff40       ___get_sigabrt             30060f40 f   LIBCMTD:winsig.obj
 0001:0005ff60       ___pxcptinfoptrs           30060f60 f   LIBCMTD:winsig.obj
 0001:0005ff70       __initp_misc_winsig        30060f70 f   LIBCMTD:winsig.obj
 0001:000600a0       _raise                     300610a0 f   LIBCMTD:winsig.obj
 0001:00060430       _signal                    30061430 f   LIBCMTD:winsig.obj
 0001:000607e0       ___crtMessageBoxW          300617e0 f   LIBCMTD:crtmboxw.obj
 0001:00060af0       ___crtMessageBoxWaitThreadW@4 30061af0 f   LIBCMTD:crtmboxw.obj
 0001:00060b30       __FF_MSGBANNER             30061b30 f   LIBCMTD:crt0msg.obj
 0001:00060b80       __GET_RTERRMSG             30061b80 f   LIBCMTD:crt0msg.obj
 0001:00060bc0       __NMSG_WRITE               30061bc0 f   LIBCMTD:crt0msg.obj
 0001:00060f9c       __fFATN2                   30061f9c     LIBCMTD:87triga.obj
 0001:00060fec       __rtpiby2                  30061fec     LIBCMTD:87triga.obj
 0001:00061030       __cintrindisp2             30062030 f   LIBCMTD:87cdisp.obj
 0001:0006106e       __cintrindisp1             3006206e f   LIBCMTD:87cdisp.obj
 0001:000610ab       __ctrandisp2               300620ab f   LIBCMTD:87cdisp.obj
 0001:0006123a       __ctrandisp1               3006223a f   LIBCMTD:87cdisp.obj
 0001:0006126d       __fload                    3006226d f   LIBCMTD:87cdisp.obj
 0001:000612b0       __CrtDefaultAllocHook      300622b0 f   LIBCMTD:dbghook.obj
 0001:000612c0       __crt_debugger_hook        300622c0 f   LIBCMTD:dbghook.obj
 0001:00061320       ___crtCloseThreadpoolTimer 30062320 f   LIBCMTD:winapisupp.obj
 0001:00061350       ___crtCloseThreadpoolWait  30062350 f   LIBCMTD:winapisupp.obj
 0001:00061380       ___crtCreateEventExW       30062380 f   LIBCMTD:winapisupp.obj
 0001:000613e0       ___crtCreateSemaphoreExW   300623e0 f   LIBCMTD:winapisupp.obj
 0001:00061440       ___crtCreateSymbolicLinkW  30062440 f   LIBCMTD:winapisupp.obj
 0001:00061480       ___crtCreateThreadpoolTimer 30062480 f   LIBCMTD:winapisupp.obj
 0001:000614c0       ___crtCreateThreadpoolWait 300624c0 f   LIBCMTD:winapisupp.obj
 0001:00061500       ___crtFlsAlloc             30062500 f   LIBCMTD:winapisupp.obj
 0001:00061530       ___crtFlsFree              30062530 f   LIBCMTD:winapisupp.obj
 0001:00061570       ___crtFlsGetValue          30062570 f   LIBCMTD:winapisupp.obj
 0001:000615b0       ___crtFlsSetValue          300625b0 f   LIBCMTD:winapisupp.obj
 0001:000615f0       ___crtFlushProcessWriteBuffers 300625f0 f   LIBCMTD:winapisupp.obj
 0001:00061620       ___crtFreeLibraryWhenCallbackReturns 30062620 f   LIBCMTD:winapisupp.obj
 0001:00061650       ___crtGetCurrentProcessorNumber 30062650 f   LIBCMTD:winapisupp.obj
 0001:00061680       ___crtGetFileInformationByHandleEx 30062680 f   LIBCMTD:winapisupp.obj
 0001:000616c0       ___crtGetLogicalProcessorInformation 300626c0 f   LIBCMTD:winapisupp.obj
 0001:00061700       ___crtGetShowWindowMode    30062700 f   LIBCMTD:winapisupp.obj
 0001:00061730       ___crtGetTickCount64       30062730 f   LIBCMTD:winapisupp.obj
 0001:00061760       ___crtInitializeCriticalSectionEx 30062760 f   LIBCMTD:winapisupp.obj
 0001:000617b0       ___crtIsPackagedApp        300627b0 f   LIBCMTD:winapisupp.obj
 0001:000617f0       ___crtLoadWinApiPointers   300627f0 f   LIBCMTD:winapisupp.obj
 0001:00061c90       ___crtSetFileInformationByHandle 30062c90 f   LIBCMTD:winapisupp.obj
 0001:00061cd0       ___crtSetThreadStackGuarantee 30062cd0 f   LIBCMTD:winapisupp.obj
 0001:00061d00       ___crtSetThreadpoolTimer   30062d00 f   LIBCMTD:winapisupp.obj
 0001:00061d40       ___crtSetThreadpoolWait    30062d40 f   LIBCMTD:winapisupp.obj
 0001:00061d70       ___crtSetUnhandledExceptionFilter 30062d70 f   LIBCMTD:winapisupp.obj
 0001:00061d80       ___crtSleep                30062d80 f   LIBCMTD:winapisupp.obj
 0001:00061d90       ___crtTerminateProcess     30062d90 f   LIBCMTD:winapisupp.obj
 0001:00061db0       ___crtUnhandledException   30062db0 f   LIBCMTD:winapisupp.obj
 0001:00061dd0       ___crtWaitForThreadpoolTimerCallbacks 30062dd0 f   LIBCMTD:winapisupp.obj
 0001:00061e00       __flsbuf                   30062e00 f   LIBCMTD:_flsbuf.obj
 0001:000620d0       __output_l                 300630d0 f   LIBCMTD:output.obj
 0001:00063780       _get_int64_arg             30064780 f i LIBCMTD:output.obj
 0001:000637a0       _get_int_arg               300647a0 f i LIBCMTD:output.obj
 0001:000637c0       _get_short_arg             300647c0 f i LIBCMTD:output.obj
 0001:00063990       __output_p_l               30064990 f   LIBCMTD:outputp.obj
 0001:00067790       __validate_param_reuseA    30068790 f   LIBCMTD:outputp.obj
 0001:00067a80       _get_crtdouble_arg         30068a80 f i LIBCMTD:outputp.obj
 0001:00067c40       ___iswcsym                 30068c40 f i LIBCMTD:_wctype.obj
 0001:00067c80       ___iswcsymf                30068c80 f i LIBCMTD:_wctype.obj
 0001:00067cc0       __isleadbyte_l             30068cc0 f i LIBCMTD:_wctype.obj
 0001:00067d10       __iswalnum_l               30068d10 f i LIBCMTD:_wctype.obj
 0001:00067d30       __iswalpha_l               30068d30 f i LIBCMTD:_wctype.obj
 0001:00067d50       __iswblank_l               30068d50 f i LIBCMTD:_wctype.obj
 0001:00067d80       __iswcntrl_l               30068d80 f i LIBCMTD:_wctype.obj
 0001:00067da0       __iswcsym_l                30068da0 f i LIBCMTD:_wctype.obj
 0001:00067de0       __iswcsymf_l               30068de0 f i LIBCMTD:_wctype.obj
 0001:00067e20       __iswdigit_l               30068e20 f i LIBCMTD:_wctype.obj
 0001:00067e40       __iswgraph_l               30068e40 f i LIBCMTD:_wctype.obj
 0001:00067e60       __iswlower_l               30068e60 f i LIBCMTD:_wctype.obj
 0001:00067e80       __iswprint_l               30068e80 f i LIBCMTD:_wctype.obj
 0001:00067ea0       __iswpunct_l               30068ea0 f i LIBCMTD:_wctype.obj
 0001:00067ec0       __iswspace_l               30068ec0 f i LIBCMTD:_wctype.obj
 0001:00067ee0       __iswupper_l               30068ee0 f i LIBCMTD:_wctype.obj
 0001:00067f00       __iswxdigit_l              30068f00 f i LIBCMTD:_wctype.obj
 0001:00067f20       _isleadbyte                30068f20 f i LIBCMTD:_wctype.obj
 0001:00067f40       _iswalnum                  30068f40 f i LIBCMTD:_wctype.obj
 0001:00067f60       _iswalpha                  30068f60 f i LIBCMTD:_wctype.obj
 0001:00067f80       _iswascii                  30068f80 f i LIBCMTD:_wctype.obj
 0001:00067fb0       _iswblank                  30068fb0 f i LIBCMTD:_wctype.obj
 0001:00067fe0       _iswcntrl                  30068fe0 f i LIBCMTD:_wctype.obj
 0001:00068000       _iswdigit                  30069000 f i LIBCMTD:_wctype.obj
 0001:00068020       _iswgraph                  30069020 f i LIBCMTD:_wctype.obj
 0001:00068040       _iswlower                  30069040 f i LIBCMTD:_wctype.obj
 0001:00068060       _iswprint                  30069060 f i LIBCMTD:_wctype.obj
 0001:00068080       _iswpunct                  30069080 f i LIBCMTD:_wctype.obj
 0001:000680a0       _iswspace                  300690a0 f i LIBCMTD:_wctype.obj
 0001:000680c0       _iswupper                  300690c0 f i LIBCMTD:_wctype.obj
 0001:000680e0       _iswxdigit                 300690e0 f i LIBCMTD:_wctype.obj
[...]
 0002:00019940       __sehtable$___set_fpsr_sse2 300b9940     LIBCMTD:fpctrl.obj
 0002:00019960       __sehtable$___updatetlocinfo 300b9960     LIBCMTD:localref.obj
 0002:00019980       __sehtable$___updatetmbcinfo 300b9980     LIBCMTD:mbctype.obj
 0002:000199a0       __sehtable$__setmbcp       300b99a0     LIBCMTD:mbctype.obj
 0002:000199bc       __unwindtable$?getSystemCP@@YAHH@Z 300b99bc     LIBCMTD:mbctype.obj
 0002:000199c4       __ehfuncinfo$?getSystemCP@@YAHH@Z 300b99c4     LIBCMTD:mbctype.obj
 0002:000199e8       __sehtable$__freefls@4     300b99e8     LIBCMTD:tidtable.obj
 0002:00019a10       __sehtable$__initptd       300b9a10     LIBCMTD:tidtable.obj
 0002:00019a38       __sehtable$__CrtSetReportHookW2 300b9a38     LIBCMTD:dbgrptw.obj
 0002:00019a58       __sehtable$_doexit         300b9a58     LIBCMTD:crt0dat.obj
 0002:00019a78       __sehtable$_fflush         300b9a78     LIBCMTD:fflush.obj
 0002:00019a98       __sehtable$_flsall         300b9a98     LIBCMTD:fflush.obj
 0002:00019ac0       __sehtable$_setvbuf        300b9ac0     LIBCMTD:setvbuf.obj
 0002:00019ae0       __sehtable$_fwprintf       300b9ae0     LIBCMTD:fwprintf.obj
 0002:00019b00       __sehtable$_signal         300b9b00     LIBCMTD:winsig.obj
 0002:00019b20       __sehtable$_raise          300b9b20     LIBCMTD:winsig.obj
 0002:00019b40       __sehtable$_ctrlevent_capture@4 300b9b40     LIBCMTD:winsig.obj
 0002:00019b60       __sehtable$__get_current_locale 300b9b60     LIBCMTD:wsetloca.obj
 0002:00019b88       __sehtable$__free_locale   300b9b88     LIBCMTD:wsetloca.obj
 0002:00019bb0       __sehtable$__wsetlocale    300b9bb0     LIBCMTD:wsetloca.obj
 0002:00019be8       __sehtable$__locterm       300b9be8     LIBCMTD:wsetloca.obj
 0002:00019c04       __unwindtable$?strtoxq@@YA_KPAUlocaleinfo_struct@@PBDPAPBDHH@Z 300b9c04     LIBCMTD:strtoq.obj
 0002:00019c0c       __ehfuncinfo$?strtoxq@@YA_KPAUlocaleinfo_struct@@PBDPAPBDHH@Z 300b9c0c     LIBCMTD:strtoq.obj
 0002:00019c30       __unwindtable$?strtoxl@@YAKPAUlocaleinfo_struct@@PBDPAPBDHH@Z 300b9c30     LIBCMTD:strtol.obj
 0002:00019c38       __ehfuncinfo$?strtoxl@@YAKPAUlocaleinfo_struct@@PBDPAPBDHH@Z 300b9c38     LIBCMTD:strtol.obj
 0002:00019c60       __sehtable$__ioinit        300b9c60     LIBCMTD:ioinit.obj
 0002:00019c80       __sehtable$__realloc_dbg   300b9c80     LIBCMTD:dbgheap.obj
 0002:00019ca0       __sehtable$__expand_dbg    300b9ca0     LIBCMTD:dbgheap.obj
 0002:00019cc0       __sehtable$__free_dbg      300b9cc0     LIBCMTD:dbgheap.obj
 0002:00019ce0       __sehtable$__msize_dbg     300b9ce0     LIBCMTD:dbgheap.obj
 0002:00019d00       __sehtable$__CrtCheckMemory 300b9d00     LIBCMTD:dbgheap.obj
 0002:00019d20       __sehtable$__CrtSetDbgFlag 300b9d20     LIBCMTD:dbgheap.obj
 0002:00019d40       __sehtable$__CrtDoForAllClientObjects 300b9d40     LIBCMTD:dbgheap.obj
 0002:00019d60       __sehtable$__CrtIsMemoryBlock 300b9d60     LIBCMTD:dbgheap.obj
 0002:00019d80       __sehtable$__CrtMemCheckpoint 300b9d80     LIBCMTD:dbgheap.obj
 0002:00019da0       __sehtable$__CrtSetDbgBlockType 300b9da0     LIBCMTD:dbgheap.obj
 0002:00019dc0       __sehtable$__heap_alloc_dbg_impl 300b9dc0     LIBCMTD:dbgheap.obj
 0002:00019de0       __sehtable$?__crtIsBadReadPtr@@YAHPBXI@Z 300b9de0     LIBCMTD:dbgheap.obj
 0002:00019e00       __sehtable$?_CrtMemDumpAllObjectsSince_stat@@YAXPBU_CrtMemState@@PAUlocaleinfo_struct@@@Z 300b9e00     LIBCMTD:dbgheap.obj
 0002:00019e20       __sehtable$__mtinitlocknum 300b9e20     LIBCMTD:mlock.obj
 0002:00019e40       __sehtable$__VCrtDbgReportA 300b9e40     LIBCMTD:dbgrptt.obj
 0002:00019e68       __sehtable$__VCrtDbgReportW 300b9e68     LIBCMTD:dbgrptt.obj
 0002:00019e90       __sehtable$__IsNonwritableInCurrentImage 300b9e90     LIBCMTD:pesect.obj
 0002:00019eb0       __sehtable$__onexit        300b9eb0     LIBCMTD:onexit.obj
 0002:00019ed0       __sehtable$?terminate@@YAXXZ 300b9ed0     LIBCMTD:hooks.obj
 0002:00019ef0       __sehtable$?_inconsistency@@YAXXZ 300b9ef0     LIBCMTD:hooks.obj
 0002:00019f10       __sehtable$__fcloseall     300b9f10     LIBCMTD:closeall.obj
 0002:00019f30       __sehtable$__commit        300b9f30     LIBCMTD:commit.obj
 0002:00019f50       __sehtable$__write         300b9f50     LIBCMTD:write.obj
 0002:00019f70       __sehtable$_vfwprintf_helper 300b9f70     LIBCMTD:vfwprint.obj
 0002:00019f90       __sehtable$__lseeki64      300b9f90     LIBCMTD:lseeki64.obj
 0002:00019fb0       __sehtable$_printf         300b9fb0     LIBCMTD:printf.obj
 0002:00019fcc       __unwindtable$?x_ismbbtype_l@@YAHPAUlocaleinfo_struct@@IHH@Z 300b9fcc     LIBCMTD:ismbbyte.obj
 0002:00019fd4       __ehfuncinfo$?x_ismbbtype_l@@YAHPAUlocaleinfo_struct@@IHH@Z 300b9fd4     LIBCMTD:ismbbyte.obj
 0002:00019ff8       __sehtable$__CrtSetReportHook2 300b9ff8     LIBCMTD:dbgrpt.obj
 0002:0001a018       __sehtable$___FrameUnwindToState 300ba018     LIBCMTD:frame.obj
 0002:0001a040       __sehtable$?CallCatchBlock@@YAPAXPAUEHExceptionRecord@@PAUEHRegistrationNode@@PAU_CONTEXT@@PBU_s_FuncInfo@@PAXHK@Z 300ba040     LIBCMTD:frame.obj
 0002:0001a068       __sehtable$___BuildCatchObject 300ba068     LIBCMTD:frame.obj
 0002:0001a088       __sehtable$___DestructExceptionObject 300ba088     LIBCMTD:frame.obj
 0002:0001a0a4       __catchsym$?CallUnexpected@@YAXPBU_s_ESTypeList@@@Z$2 300ba0a4     LIBCMTD:frame.obj
 0002:0001a0b4       __unwindtable$?CallUnexpected@@YAXPBU_s_ESTypeList@@@Z 300ba0b4     LIBCMTD:frame.obj
 0002:0001a0c4       __tryblocktable$?CallUnexpected@@YAXPBU_s_ESTypeList@@@Z 300ba0c4     LIBCMTD:frame.obj
 0002:0001a0d8       __ehfuncinfo$?CallUnexpected@@YAXPBU_s_ESTypeList@@@Z 300ba0d8     LIBCMTD:frame.obj
 0002:0001a100       __sehtable$___BuildCatchObjectHelper 300ba100     LIBCMTD:frame.obj
 0002:0001a170       __sehtable$_fclose         300ba170     LIBCMTD:fclose.obj
 0002:0001a190       __sehtable$__alloc_osfhnd  300ba190     LIBCMTD:osfinfo.obj
 0002:0001a1b8       __sehtable$___lock_fhandle 300ba1b8     LIBCMTD:osfinfo.obj
 0002:0001a1d8       __sehtable$__open_osfhandle 300ba1d8     LIBCMTD:osfinfo.obj
 0002:0001a1f8       __sehtable$__putwch        300ba1f8     LIBCMTD:putwch.obj
 0002:0001a218       __sehtable$_fputwc         300ba218     LIBCMTD:fputwc.obj
 0002:0001a238       __sehtable$_vprintf_helper 300ba238     LIBCMTD:vprintf.obj
 0002:0001a258       __sehtable$??3@YAXPAX@Z    300ba258     LIBCMTD:dbgdel.obj
 0002:0001a278       __sehtable$__close         300ba278     LIBCMTD:close.obj
 0002:0001a294       __unwindtable$?wcstoxq@@YA_KPAUlocaleinfo_struct@@PB_WPAPB_WHH@Z 300ba294     LIBCMTD:wcstoq.obj
 0002:0001a29c       __ehfuncinfo$?wcstoxq@@YA_KPAUlocaleinfo_struct@@PB_WPAPB_WHH@Z 300ba29c     LIBCMTD:wcstoq.obj
 0002:0001a2c0       __sehtable$?_Name_base@type_info@@CAPBDPBV1@PAU__type_info_node@@@Z 300ba2c0     LIBCMTD:typname.obj
 0002:0001a2e0       __sehtable$?_Type_info_dtor@type_info@@CAXPAV1@@Z 300ba2e0     LIBCMTD:typname.obj
 0002:0001a300       __sehtable$?_Name_base_internal@type_info@@CAPBDPBV1@PAU__type_info_node@@@Z 300ba300     LIBCMTD:typname.obj
 0002:0001a320       __sehtable$?_Type_info_dtor_internal@type_info@@CAXPAV1@@Z 300ba320     LIBCMTD:typname.obj
 0002:0001a340       __sehtable$___clean_type_info_names_internal 300ba340     LIBCMTD:typname.obj
 0002:0001a360       __sehtable$___unDName      300ba360     LIBCMTD:undname.obj
 0002:0001a380       __sehtable$___unDNameEx    300ba380     LIBCMTD:undname.obj
 0002:0001a39c       __unwindtable$?make@DNameStatusNode@@SAPAV1@W4DNameStatus@@@Z 300ba39c     LIBCMTD:undname.obj
 0002:0001a3a4       __ehfuncinfo$?make@DNameStatusNode@@SAPAV1@W4DNameStatus@@@Z 300ba3a4     LIBCMTD:undname.obj
 0002:0001a3d0       .edata                     300ba3d0     cgamex86.exp
 0002:0001a3f8       rgpv                       300ba3f8     cgamex86.exp
 0002:0001a400       rgszName                   300ba400     cgamex86.exp
 0002:0001a408       rgwOrd                     300ba408     cgamex86.exp
 0002:0001a40c       szName                     300ba40c     cgamex86.exp
 0002:0001a419       $N00001                    300ba419     cgamex86.exp
 0002:0001a422       $N00002                    300ba422     cgamex86.exp
 0002:0001ab90       .idata$6                   300bab90     kernel32:KERNEL32.dll
 0003:00001338       _g_bindings                300bc338     ui_shared.obj
 0003:00001980       _g_configcvars             300bc980     ui_shared.obj
 0003:000019ec       ?staticNULL@?1??String_Alloc@@9@9 300bc9ec     ui_shared.obj
 0003:00001ce8       _commands                  300bcce8     cg_consolecmds.obj
 0003:00001da8       ?colors@?1??CG_DrawStatusBar@@9@9 300bcda8     cg_draw.obj
 0003:00001de8       ?colors@?1??CG_DrawPowerups@@9@9 300bcde8     cg_draw.obj
 0003:00001e08       ?red@?1??CG_TeamColor@@9@9 300bce08     cg_drawtools.obj
 0003:00001e18       ?blue@?1??CG_TeamColor@@9@9 300bce18     cg_drawtools.obj
 0003:00001e28       ?other@?1??CG_TeamColor@@9@9 300bce28     cg_drawtools.obj
 0003:00001e38       ?spectator@?1??CG_TeamColor@@9@9 300bce38     cg_drawtools.obj
 0003:00001e48       _propMap                   300bce48     cg_drawtools.obj
 0003:00002448       _propMapB                  300bd448     cg_drawtools.obj
 0003:00002580       ?seed@?1??CG_SmokePuff@@9@9 300bd580     cg_effects.obj
 0003:0000258c       _cvarTableSize             300bd58c     cg_main.obj
 0003:00002590       _cvarTable                 300bd590     cg_main.obj
 0003:00002b20       ?sb_nums@?1??CG_RegisterGraphics@@9@9 300bdb20     cg_main.obj
 0003:00002b50       _shaderAnimNames           300bdb50     cg_marks.obj
 0003:00002bd0       _shaderAnimCounts          300bdbd0     cg_marks.obj
 0003:00002c50       _shaderAnimSTRatio         300bdc50     cg_marks.obj
 0003:00002d58       ?movementOffsets@?1??CG_PlayerAngles@@9@9 300bdd58     cg_players.obj
 0003:00002d78       _syscall                   300bdd78     cg_syscalls.obj
 0003:00002d7c       ?mins@?1??CG_OffsetThirdPersonView@@9@9 300bdd7c     cg_view.obj
 0003:00002d88       ?maxs@?1??CG_OffsetThirdPersonView@@9@9 300bdd88     cg_view.obj
 0003:00002da0       _NAME_                     300bdda0     LIBCMTD:cos.obj
 0003:00002db0       _NAME_                     300bddb0     LIBCMTD:sin.obj
 0003:00002dd0       _NAME_                     300bddd0     LIBCMTD:sqrt.obj
 0003:00002de0       __assertstring             300bdde0     LIBCMTD:wassert.obj
 0003:00002e30       _dotdotdot                 300bde30     LIBCMTD:wassert.obj
 0003:00002e34       _newline                   300bde34     LIBCMTD:wassert.obj
 0003:00002e38       _dblnewline                300bde38     LIBCMTD:wassert.obj
 0003:00002e40       _NAME_                     300bde40     LIBCMTD:acos.obj
 0003:00002e50       _NAME_                     300bde50     LIBCMTD:tan.obj
 0003:00002e60       ?_names@?1??_get_fname@@9@9 300bde60     LIBCMTD:fpexcept.obj
 0003:00002f70       _over                      300bdf70     LIBCMTD:fpctrl.obj
 0003:00002f7c       _under                     300bdf7c     LIBCMTD:fpctrl.obj
 0003:00002f88       ?__DAZ_ENABLED@?1??__set_fpsr_sse2@@9@9 300bdf88     LIBCMTD:fpctrl.obj
 0003:00002f90       _errtable                  300bdf90     LIBCMTD:dosmap.obj
 0003:000030f8       _ErrnoNoMem                300be0f8     LIBCMTD:dosmap.obj
 0003:000030fc       _DoserrorNoMem             300be0fc     LIBCMTD:dosmap.obj
 0003:00003528       ___rgctypeflag             300be528     LIBCMTD:mbctype.obj
 0003:00003530       ___rgcode_page_info        300be530     LIBCMTD:mbctype.obj
 0003:00003624       _dotdotdot                 300be624     LIBCMTD:dbgrptw.obj
 0003:00003b14       ?isPackaged@?1??__crtIsPackagedApp@@9@9 300beb14     LIBCMTD:winapisupp.obj
 0003:00003b20       __ctype_loc_style          300beb20     LIBCMTD:wsetloca.obj
 0003:00003b24       _newcw                     300beb24     LIBCMTD:floor.obj
 0003:00003b7c       __lRequestCurr             300beb7c     LIBCMTD:dbgheap.obj
 0003:00003b80       __bNoMansLandFill          300beb80     LIBCMTD:dbgheap.obj
 0003:00003b81       __bAlignLandFill           300beb81     LIBCMTD:dbgheap.obj
 0003:00003b82       __bDeadLandFill            300beb82     LIBCMTD:dbgheap.obj
 0003:00003b83       __bCleanLandFill           300beb83     LIBCMTD:dbgheap.obj
 0003:00003b88       _DoubleFormat              300beb88     LIBCMTD:intrncvt.obj
 0003:00003ba0       _FloatFormat               300beba0     LIBCMTD:intrncvt.obj
 0003:00003e78       __locktable                300bee78     LIBCMTD:mlock.obj
 0003:00004020       _dotdotdot                 300bf020     LIBCMTD:dbgrpt.obj
 0003:000041d0       ?bops_initialized@?1??BoxOnPlaneSide@@9@9 300bf1d0     q_math.obj
 0003:000041d4       ?Ljmptab@?1??BoxOnPlaneSide@@9@9 300bf1d4     q_math.obj
 0003:000041f4       ?sr@?1??AngleVectors@@9@9  300bf1f4     q_math.obj
 0003:000041f8       ?sp@?1??AngleVectors@@9@9  300bf1f8     q_math.obj
 0003:000041fc       ?sy@?1??AngleVectors@@9@9  300bf1fc     q_math.obj
 0003:00004200       ?cr@?1??AngleVectors@@9@9  300bf200     q_math.obj
 0003:00004204       ?cp@?1??AngleVectors@@9@9  300bf204     q_math.obj
 0003:00004208       ?cy@?1??AngleVectors@@9@9  300bf208     q_math.obj
 0003:00004210       ?index@?1??va@@9@9         300bf210     q_shared.obj
 0003:00004214       ?valueindex@?1??Info_ValueForKey@@9@9 300bf214     q_shared.obj
 0003:00004218       _com_token                 300bf218     q_shared.obj
 0003:00004618       _com_parsename             300bf618     q_shared.obj
 0003:00004a18       _com_lines                 300bfa18     q_shared.obj
 0003:00004a20       ?string@?1??COM_ParseError@@9@9 300bfa20     q_shared.obj
 0003:00005a20       ?string@?1??COM_ParseWarning@@9@9 300c0a20     q_shared.obj
 0003:00006a20       ?string@?1??va@@9@9        300c1a20     q_shared.obj
 0003:00016420       ?value@?1??Info_ValueForKey@@9@9 300d1420     q_shared.obj
 0003:0001a420       ?inHandleKey@?9??Menu_HandleKey@@9@9 300d5420     ui_shared.obj
 0003:0001a424       _captureFunc               300d5424     ui_shared.obj
 0003:0001a428       _captureData               300d5428     ui_shared.obj
 0003:0001a42c       _itemCapture               300d542c     ui_shared.obj
 0003:0001a434       _g_waitingForKey           300d5434     ui_shared.obj
 0003:0001a438       _g_editingField            300d5438     ui_shared.obj
 0003:0001a43c       _g_bindItem                300d543c     ui_shared.obj
 0003:0001a440       _g_editItem                300d5440     ui_shared.obj
 0003:0001a44c       _debugMode                 300d544c     ui_shared.obj
 0003:0001a450       _lastListBoxClickTime      300d5450     ui_shared.obj
 0003:0001a454       _strPoolIndex              300d5454     ui_shared.obj
 0003:0001a458       _strHandleCount            300d5458     ui_shared.obj
 0003:0001a45c       _scrollInfo                300d545c     ui_shared.obj
 0003:0001a47c       _allocPoint                300d547c     ui_shared.obj
 0003:0001a480       _memoryPool                300d5480     ui_shared.obj
 0003:0011a480       _outOfMemory               301d5480     ui_shared.obj
 0003:0011a488       _strPool                   301d5488     ui_shared.obj
 0003:0017a488       _strHandle                 30235488     ui_shared.obj
 0003:0017c488       ?string@?1??PC_SourceWarning@@9@9 30237488     ui_shared.obj
 0003:0017d488       ?string@?1??PC_SourceError@@9@9 30238488     ui_shared.obj
 0003:0017e488       ?rect@?1??Item_CorrectedTextRect@@9@9 30239488     ui_shared.obj
 0003:0017e498       ?previousTimes@?1??CG_DrawFPS@@9@9 30239498     cg_draw.obj
 0003:0017e4a8       ?index@?1??CG_DrawFPS@@9@9 302394a8     cg_draw.obj
 0003:0017e4ac       ?previous@?1??CG_DrawFPS@@9@9 302394ac     cg_draw.obj
 0003:0017e4b0       ?color@?1??CG_FadeColor@@9@9 302394b0     cg_drawtools.obj
 0003:0017e4c0       ?lastPos@?1??CG_ScorePlum@@9@9 302394c0     cg_effects.obj
 0003:0017e4d0       ?str@?1??CG_PlaceString@@9@9 302394d0     cg_event.obj
 0003:0017e510       _loadingPlayerIconCount    30239510     cg_info.obj
 0003:0017e514       _loadingItemIconCount      30239514     cg_info.obj
 0003:0017e518       _loadingPlayerIcons        30239518     cg_info.obj
 0003:0017e558       _loadingItemIcons          30239558     cg_info.obj
 0003:0017e5c0       ?buffer@?1??CG_Argv@@9@9   302395c0     cg_main.obj
 0003:0017e9c4       _roll                      302399c4     cg_marks.obj
 0003:0017e9c8       _markTotal                 302399c8     cg_marks.obj
 0003:0017e9cc       _numShaderAnims            302399cc     cg_marks.obj
 0003:0017e9d0       _shaderAnims               302399d0     cg_marks.obj
 0003:001809d0       _cg_pmove                  3023b9d0     cg_predict.obj
 0003:00180ab8       _cg_numSolidEntities       3023bab8     cg_predict.obj
 0003:00180abc       _cg_numTriggerEntities     3023babc     cg_predict.obj
 0003:00180ac0       _cg_solidEntities          3023bac0     cg_predict.obj
 0003:00180ec0       _cg_triggerEntities        3023bec0     cg_predict.obj
 0003:001812c0       _localClient               3023c2c0     cg_scoreboard.obj
 0003:001812c8       _GS_ExceptionRecord        3023c2c8     LIBCMTD:gs_report.obj
 0003:00181318       _GS_ContextRecord          3023c318     LIBCMTD:gs_report.obj
 0003:001815e4       _DebuggerWasPresent        3023c5e4     LIBCMTD:gs_report.obj
 0003:001815e8       ___proc_attached           3023c5e8     LIBCMTD:dllcrt0.obj
 0003:00181610       _fSystemSet                3023c610     LIBCMTD:mbctype.obj
 0003:00181658       _ctrlc_action              3023c658     LIBCMTD:winsig.obj
 0003:0018165c       _ctrlbreak_action          3023c65c     LIBCMTD:winsig.obj
 0003:00181660       _abort_action              3023c660     LIBCMTD:winsig.obj
 0003:00181664       _term_action               3023c664     LIBCMTD:winsig.obj
 0003:00181668       _ConsoleCtrlHandler_Installed 3023c668     LIBCMTD:winsig.obj
 0003:0018166c       ?pfnGetLastActivePopup@?1??__crtMessageBoxW@@9@9 3023c66c     LIBCMTD:crtmboxw.obj
 0003:00181670       ?pfnGetProcessWindowStation@?1??__crtMessageBoxW@@9@9 3023c670     LIBCMTD:crtmboxw.obj
 0003:00181674       ?pfnGetUserObjectInformation@?1??__crtMessageBoxW@@9@9 3023c674     LIBCMTD:crtmboxw.obj
 0003:00181678       ?pfnMessageBox@?1??__crtMessageBoxW@@9@9 3023c678     LIBCMTD:crtmboxw.obj
 0003:0018167c       ?pfnGetActiveWindow@?1??__crtMessageBoxW@@9@9 3023c67c     LIBCMTD:crtmboxw.obj
 0003:00181688       ?outmsg@?M@??_NMSG_WRITE@@9@9 3023c688     LIBCMTD:crt0msg.obj
 0003:00181cb4       __pmatherr_set             3023ccb4     LIBCMTD:libm_error.obj
 0003:00181dc0       ?_pgmname@?1??_setargv@@9@9 3023cdc0     LIBCMTD:stdargv.obj
 0003:00181ecc       _check_frequency           3023cecc     LIBCMTD:dbgheap.obj
 0003:00181ed4       _check_counter             3023ced4     LIBCMTD:dbgheap.obj
 0003:00181ed8       __lTotalAlloc              3023ced8     LIBCMTD:dbgheap.obj
 0003:00181edc       __lCurAlloc                3023cedc     LIBCMTD:dbgheap.obj
 0003:00181ee0       __lMaxAlloc                3023cee0     LIBCMTD:dbgheap.obj
 0003:00181ee4       __pFirstBlock              3023cee4     LIBCMTD:dbgheap.obj
 0003:00181ee8       __pLastBlock               3023cee8     LIBCMTD:dbgheap.obj
 0003:00181ef0       _lclcritsects              3023cef0     LIBCMTD:mlock.obj
 0003:00182070       _g_pfnRtlGenRandom         3023d070     LIBCMTD:rand_s.obj
 0003:0018207c       ___enable_percent_n        3023d07c     LIBCMTD:printf.obj
 0003:00182080       ___crtCallProc             3023d080     LIBCMTD:winapinls.obj
 0003:0018208c       ___type_info_root_node     3023d08c     LIBCMTD:typname.obj
 0003:001820bc       _heap                      3023d0bc     LIBCMTD:undname.obj
 0003:001820d0       ?buf@?1??dbGetString@DName@@QBEPADXZ@4PADA 3023d0d0     LIBCMTD:undname.obj
 0004:00000060       $R000000                   305cf060     * linker generated manifest res *
