 uix86

 Timestamp is 55365fac (Tue Apr 21 16:33:16 2015)

 Preferred load address is 40000000

 Start         Length     Name                   Class
 0001:00000000 000821aaH .text$mn                CODE
 0001:000821b0 00000139H .text$x                 CODE
 0002:00000000 00000150H .idata$5                DATA
 0002:00000150 00000004H .CRT$XCA                DATA
 0002:00000154 00000004H .CRT$XCZ                DATA
 0002:00000158 00000004H .CRT$XIA                DATA
 0002:0000015c 00000014H .CRT$XIC                DATA
 0002:00000170 00000004H .CRT$XIZ                DATA
 0002:00000174 00000004H .CRT$XPA                DATA
 0002:00000178 00000008H .CRT$XPX                DATA
 0002:00000180 00000004H .CRT$XPXA               DATA
 0002:00000184 00000004H .CRT$XPZ                DATA
 0002:00000188 00000004H .CRT$XTA                DATA
 0002:0000018c 00000004H .CRT$XTZ                DATA
 0002:00000190 00016ed8H .rdata                  DATA
 0002:00017068 00000058H .rdata$debug            DATA
 0002:000170c0 00000388H .rdata$r                DATA
 0002:00017450 00000030H .rdata$sxdata           DATA
 0002:00017480 00000004H .rtc$IAA                DATA
 0002:00017484 000000a8H .rtc$IMZ                DATA
 0002:0001752c 00000004H .rtc$IZZ                DATA
 0002:00017530 00000004H .rtc$TAA                DATA
 0002:00017534 000000a8H .rtc$TMZ                DATA
 0002:000175dc 00000004H .rtc$TZZ                DATA
 0002:000175e0 00000b08H .xdata$x                DATA
 0002:000180f0 00000056H .edata                  DATA
 0002:00018148 00000014H .idata$2                DATA
 0002:0001815c 00000014H .idata$3                DATA
 0002:00018170 00000150H .idata$4                DATA
 0002:000182c0 0000060eH .idata$6                DATA
 0003:00000000 00003ab4H .data                   DATA
 0003:00003ab4 0000014fH .data$r                 DATA
 0003:00003c20 000702e4H .bss                    DATA
 0004:00000000 00000058H .rsrc$01                DATA
 0004:00000060 00000180H .rsrc$02                DATA

  Address         Publics by Value              Rva+Base       Lib:Object

 0000:00000000       ___guard_fids_count        00000000     <absolute>
 0000:00000000       ___guard_fids_table        00000000     <absolute>
 0000:00000000       __except_list              00000000     <absolute>
 0000:00000000       ___guard_flags             00000000     <absolute>
 0000:0000000c       ___safe_se_handler_count   0000000c     <absolute>
 0000:00000000       ___ImageBase               40000000     <linker-defined>
 0001:00000000       _BG_AddPredictableEventToPlayerstate 40001000 f   bg_misc.obj
 0001:00000120       _BG_CanItemBeGrabbed       40001120 f   bg_misc.obj
 0001:000003e0       _BG_EvaluateTrajectory     400013e0 f   bg_misc.obj
 0001:000008d0       _BG_EvaluateTrajectoryDelta 400018d0 f   bg_misc.obj
 0001:00000c40       _BG_FindItem               40001c40 f   bg_misc.obj
 0001:00000cb0       _BG_FindItemForHoldable    40001cb0 f   bg_misc.obj
 0001:00000d40       _BG_FindItemForPowerup     40001d40 f   bg_misc.obj
 0001:00000dd0       _BG_FindItemForWeapon      40001dd0 f   bg_misc.obj
 0001:00000e50       _BG_PlayerStateToEntityState 40001e50 f   bg_misc.obj
 0001:000012d0       _BG_PlayerStateToEntityStateExtraPolate 400022d0 f   bg_misc.obj
 0001:00001760       _BG_PlayerTouchesItem      40002760 f   bg_misc.obj
 0001:00001900       _BG_TouchJumpPad           40002900 f   bg_misc.obj
 0001:00001a90       _AddPointToBounds          40002a90 f   q_math.obj
 0001:00001c20       _AngleDelta                40002c20 f   q_math.obj
 0001:00001c70       _AngleMod                  40002c70 f   q_math.obj
 0001:00001cd0       _AngleNormalize180         40002cd0 f   q_math.obj
 0001:00001d40       _AngleNormalize360         40002d40 f   q_math.obj
 0001:00001da0       _AngleSubtract             40002da0 f   q_math.obj
 0001:00001e30       _AngleVectors              40002e30 f   q_math.obj
 0001:00002150       _AnglesSubtract            40003150 f   q_math.obj
 0001:00002250       _AnglesToAxis              40003250 f   q_math.obj
 0001:000023a0       _AxisClear                 400033a0 f   q_math.obj
 0001:000024e0       _AxisCopy                  400034e0 f   q_math.obj
 0001:00002690       _BoxOnPlaneSide            40003690 f   q_math.obj
 0001:000028d0       _ByteToDir                 400038d0 f   q_math.obj
 0001:000029c0       _ClampChar                 400039c0 f   q_math.obj
 0001:00002a00       _ClampShort                40003a00 f   q_math.obj
 0001:00002a50       _ClearBounds               40003a50 f   q_math.obj
 0001:00002b10       _ColorBytes3               40003b10 f   q_math.obj
 0001:00002bc0       _ColorBytes4               40003bc0 f   q_math.obj
 0001:00002db0       _DirToByte                 40003db0 f   q_math.obj
 0001:00002ec0       _LerpAngle                 40003ec0 f   q_math.obj
 0001:00002f50       _MakeNormalVectors         40003f50 f   q_math.obj
 0001:00003140       _MatrixMultiply            40004140 f   q_math.obj
 0001:00003770       _NormalizeColor            40004770 f   q_math.obj
 0001:000038d0       _PerpendicularVector       400048d0 f   q_math.obj
 0001:00003a40       _PlaneFromPoints           40004a40 f   q_math.obj
 0001:00003cb0       _ProjectPointOnPlane       40004cb0 f   q_math.obj
 0001:00003f60       _Q_crandom                 40004f60 f   q_math.obj
 0001:00003fd0       _Q_fabs                    40004fd0 f   q_math.obj
 0001:00004010       _Q_log2                    40005010 f   q_math.obj
 0001:00004060       _Q_rand                    40005060 f   q_math.obj
 0001:000040a0       _Q_random                  400050a0 f   q_math.obj
 0001:00004100       _Q_rsqrt                   40005100 f   q_math.obj
 0001:000041a0       _RadiusFromBounds          400051a0 f   q_math.obj
 0001:000042b0       _RotateAroundDirection     400052b0 f   q_math.obj
 0001:00004420       _RotatePointAroundVector   40005420 f   q_math.obj
 0001:00004a70       _SetPlaneSignbits          40005a70 f   q_math.obj
 0001:00004af0       _Vector4Scale              40005af0 f   q_math.obj
 0001:00004c70       _VectorNormalize           40005c70 f   q_math.obj
 0001:00004dc0       _VectorNormalize2          40005dc0 f   q_math.obj
 0001:00004f60       _VectorRotate              40005f60 f   q_math.obj
 0001:00005130       __DotProduct               40006130 f   q_math.obj
 0001:000051d0       __VectorAdd                400061d0 f   q_math.obj
 0001:00005290       __VectorCopy               40006290 f   q_math.obj
 0001:00005310       __VectorMA                 40006310 f   q_math.obj
 0001:000053e0       __VectorScale              400063e0 f   q_math.obj
 0001:00005480       __VectorSubtract           40006480 f   q_math.obj
 0001:00005540       _vectoangles               40006540 f   q_math.obj
 0001:000057e0       _COM_BeginParseSession     400067e0 f   q_shared.obj
 0001:00005840       _COM_Compress              40006840 f   q_shared.obj
 0001:00005a70       _COM_DefaultExtension      40006a70 f   q_shared.obj
 0001:00005b60       _COM_GetCurrentParseLine   40006b60 f   q_shared.obj
 0001:00005b90       _COM_MatchToken            40006b90 f   q_shared.obj
 0001:00005c00       _COM_Parse                 40006c00 f   q_shared.obj
 0001:00005c40       _COM_ParseError            40006c40 f   q_shared.obj
 0001:00005cc0       _COM_ParseExt              40006cc0 f   q_shared.obj
 0001:00005fe0       _COM_ParseWarning          40006fe0 f   q_shared.obj
 0001:00006060       _COM_SkipPath              40007060 f   q_shared.obj
 0001:000060c0       _COM_StripExtension        400070c0 f   q_shared.obj
 0001:00006120       _Com_Clamp                 40007120 f   q_shared.obj
 0001:00006170       _Com_sprintf               40007170 f   q_shared.obj
 0001:00006260       _FloatNoSwap               40007260 f   q_shared.obj
 0001:00006290       _FloatSwap                 40007290 f   q_shared.obj
 0001:00006310       _Info_NextPair             40007310 f   q_shared.obj
 0001:00006410       _Info_RemoveKey            40007410 f   q_shared.obj
 0001:000065f0       _Info_RemoveKey_Big        400075f0 f   q_shared.obj
 0001:000067d0       _Info_SetValueForKey       400077d0 f   q_shared.obj
 0001:000069b0       _Info_SetValueForKey_Big   400079b0 f   q_shared.obj
 0001:00006b80       _Info_Validate             40007b80 f   q_shared.obj
 0001:00006bf0       _Info_ValueForKey          40007bf0 f   q_shared.obj
 0001:00006dd0       _Long64NoSwap              40007dd0 f   q_shared.obj
 0001:00006e00       _Long64Swap                40007e00 f   q_shared.obj
 0001:00006e90       _LongNoSwap                40007e90 f   q_shared.obj
 0001:00006ec0       _LongSwap                  40007ec0 f   q_shared.obj
 0001:00006f40       _Parse1DMatrix             40007f40 f   q_shared.obj
 0001:00006ff0       _Parse2DMatrix             40007ff0 f   q_shared.obj
 0001:00007080       _Parse3DMatrix             40008080 f   q_shared.obj
 0001:00007120       _Q_CleanStr                40008120 f   q_shared.obj
 0001:000071d0       _Q_PrintStrlen             400081d0 f   q_shared.obj
 0001:00007260       _Q_isalpha                 40008260 f   q_shared.obj
 0001:000072b0       _Q_islower                 400082b0 f   q_shared.obj
 0001:000072f0       _Q_isprint                 400082f0 f   q_shared.obj
 0001:00007330       _Q_isupper                 40008330 f   q_shared.obj
 0001:00007370       _Q_strcat                  40008370 f   q_shared.obj
 0001:000073f0       _Q_stricmp                 400083f0 f   q_shared.obj
 0001:00007460       _Q_stricmpn                40008460 f   q_shared.obj
 0001:00007570       _Q_strlwr                  40008570 f   q_shared.obj
 0001:000075e0       _Q_strncmp                 400085e0 f   q_shared.obj
 0001:00007680       _Q_strncpyz                40008680 f   q_shared.obj
 0001:00007720       _Q_strrchr                 40008720 f   q_shared.obj
 0001:000077a0       _Q_strupr                  400087a0 f   q_shared.obj
 0001:00007810       _ShortNoSwap               40008810 f   q_shared.obj
 0001:00007840       _ShortSwap                 40008840 f   q_shared.obj
 0001:00007890       _SkipBracedSection         40008890 f   q_shared.obj
 0001:00007940       _SkipRestOfLine            40008940 f   q_shared.obj
 0001:00007a40       _va                        40008a40 f   q_shared.obj
 0001:00007ac0       _PASSFLOAT                 40008ac0 f   ui_syscalls.obj
 0001:00007b00       _dllEntry                  40008b00 f   ui_syscalls.obj
 0001:00007b30       _trap_Argc                 40008b30 f   ui_syscalls.obj
 0001:00007b80       _trap_Argv                 40008b80 f   ui_syscalls.obj
 0001:00007be0       _trap_CIN_DrawCinematic    40008be0 f   ui_syscalls.obj
 0001:00007c30       _trap_CIN_PlayCinematic    40008c30 f   ui_syscalls.obj
 0001:00007c90       _trap_CIN_RunCinematic     40008c90 f   ui_syscalls.obj
 0001:00007ce0       _trap_CIN_SetExtents       40008ce0 f   ui_syscalls.obj
 0001:00007d40       _trap_CIN_StopCinematic    40008d40 f   ui_syscalls.obj
 0001:00007d90       _trap_CM_LerpTag           40008d90 f   ui_syscalls.obj
 0001:00007e00       _trap_Cmd_ExecuteText      40008e00 f   ui_syscalls.obj
 0001:00007e50       _trap_Cvar_Create          40008e50 f   ui_syscalls.obj
 0001:00007eb0       _trap_Cvar_InfoStringBuffer 40008eb0 f   ui_syscalls.obj
 0001:00007f10       _trap_Cvar_Register        40008f10 f   ui_syscalls.obj
 0001:00007f70       _trap_Cvar_Reset           40008f70 f   ui_syscalls.obj
 0001:00007fc0       _trap_Cvar_Set             40008fc0 f   ui_syscalls.obj
 0001:00008010       _trap_Cvar_SetValue        40009010 f   ui_syscalls.obj
 0001:00008070       _trap_Cvar_Update          40009070 f   ui_syscalls.obj
 0001:000080c0       _trap_Cvar_VariableStringBuffer 400090c0 f   ui_syscalls.obj
 0001:00008120       _trap_Cvar_VariableValue   40009120 f   ui_syscalls.obj
 0001:00008170       _trap_Error                40009170 f   ui_syscalls.obj
 0001:000081c0       _trap_FS_FCloseFile        400091c0 f   ui_syscalls.obj
 0001:00008210       _trap_FS_FOpenFile         40009210 f   ui_syscalls.obj
 0001:00008270       _trap_FS_GetFileList       40009270 f   ui_syscalls.obj
 0001:000082d0       _trap_FS_Read              400092d0 f   ui_syscalls.obj
 0001:00008330       _trap_FS_Seek              40009330 f   ui_syscalls.obj
 0001:00008390       _trap_FS_Write             40009390 f   ui_syscalls.obj
 0001:000083f0       _trap_GetCDKey             400093f0 f   ui_syscalls.obj
 0001:00008440       _trap_GetClientState       40009440 f   ui_syscalls.obj
 0001:00008490       _trap_GetClipboardData     40009490 f   ui_syscalls.obj
 0001:000084e0       _trap_GetConfigString      400094e0 f   ui_syscalls.obj
 0001:00008540       _trap_GetGlconfig          40009540 f   ui_syscalls.obj
 0001:00008590       _trap_Key_ClearStates      40009590 f   ui_syscalls.obj
 0001:000085e0       _trap_Key_GetBindingBuf    400095e0 f   ui_syscalls.obj
 0001:00008640       _trap_Key_GetCatcher       40009640 f   ui_syscalls.obj
 0001:00008690       _trap_Key_GetOverstrikeMode 40009690 f   ui_syscalls.obj
 0001:000086e0       _trap_Key_IsDown           400096e0 f   ui_syscalls.obj
 0001:00008730       _trap_Key_KeynumToStringBuf 40009730 f   ui_syscalls.obj
 0001:00008790       _trap_Key_SetBinding       40009790 f   ui_syscalls.obj
 0001:000087e0       _trap_Key_SetCatcher       400097e0 f   ui_syscalls.obj
 0001:00008830       _trap_Key_SetOverstrikeMode 40009830 f   ui_syscalls.obj
 0001:00008880       _trap_LAN_AddServer        40009880 f   ui_syscalls.obj
 0001:000088e0       _trap_LAN_ClearPing        400098e0 f   ui_syscalls.obj
 0001:00008930       _trap_LAN_CompareServers   40009930 f   ui_syscalls.obj
 0001:00008990       _trap_LAN_GetPing          40009990 f   ui_syscalls.obj
 0001:000089f0       _trap_LAN_GetPingInfo      400099f0 f   ui_syscalls.obj
 0001:00008a50       _trap_LAN_GetPingQueueCount 40009a50 f   ui_syscalls.obj
 0001:00008aa0       _trap_LAN_GetServerAddressString 40009aa0 f   ui_syscalls.obj
 0001:00008b00       _trap_LAN_GetServerCount   40009b00 f   ui_syscalls.obj
 0001:00008b50       _trap_LAN_GetServerInfo    40009b50 f   ui_syscalls.obj
 0001:00008bb0       _trap_LAN_GetServerPing    40009bb0 f   ui_syscalls.obj
 0001:00008c00       _trap_LAN_LoadCachedServers 40009c00 f   ui_syscalls.obj
 0001:00008c50       _trap_LAN_MarkServerVisible 40009c50 f   ui_syscalls.obj
 0001:00008cb0       _trap_LAN_RemoveServer     40009cb0 f   ui_syscalls.obj
 0001:00008d00       _trap_LAN_ResetPings       40009d00 f   ui_syscalls.obj
 0001:00008d50       _trap_LAN_SaveCachedServers 40009d50 f   ui_syscalls.obj
 0001:00008da0       _trap_LAN_ServerIsVisible  40009da0 f   ui_syscalls.obj
 0001:00008df0       _trap_LAN_ServerStatus     40009df0 f   ui_syscalls.obj
 0001:00008e50       _trap_LAN_UpdateVisiblePings 40009e50 f   ui_syscalls.obj
 0001:00008ea0       _trap_MemoryRemaining      40009ea0 f   ui_syscalls.obj
 0001:00008ef0       _trap_Milliseconds         40009ef0 f   ui_syscalls.obj
 0001:00008f40       _trap_PC_AddGlobalDefine   40009f40 f   ui_syscalls.obj
 0001:00008f90       _trap_PC_FreeSource        40009f90 f   ui_syscalls.obj
 0001:00008fe0       _trap_PC_LoadSource        40009fe0 f   ui_syscalls.obj
 0001:00009030       _trap_PC_ReadToken         4000a030 f   ui_syscalls.obj
 0001:00009080       _trap_PC_SourceFileAndLine 4000a080 f   ui_syscalls.obj
 0001:000090e0       _trap_Print                4000a0e0 f   ui_syscalls.obj
 0001:00009130       _trap_R_AddLightToScene    4000a130 f   ui_syscalls.obj
 0001:000091d0       _trap_R_AddPolyToScene     4000a1d0 f   ui_syscalls.obj
 0001:00009230       _trap_R_AddRefEntityToScene 4000a230 f   ui_syscalls.obj
 0001:00009280       _trap_R_ClearScene         4000a280 f   ui_syscalls.obj
 0001:000092d0       _trap_R_DrawStretchPic     4000a2d0 f   ui_syscalls.obj
 0001:000093c0       _trap_R_ModelBounds        4000a3c0 f   ui_syscalls.obj
 0001:00009420       _trap_R_RegisterFont       4000a420 f   ui_syscalls.obj
 0001:00009480       _trap_R_RegisterModel      4000a480 f   ui_syscalls.obj
 0001:000094d0       _trap_R_RegisterShaderNoMip 4000a4d0 f   ui_syscalls.obj
 0001:00009520       _trap_R_RegisterSkin       4000a520 f   ui_syscalls.obj
 0001:00009570       _trap_R_RemapShader        4000a570 f   ui_syscalls.obj
 0001:000095d0       _trap_R_RenderScene        4000a5d0 f   ui_syscalls.obj
 0001:00009620       _trap_R_SetColor           4000a620 f   ui_syscalls.obj
 0001:00009670       _trap_RealTime             4000a670 f   ui_syscalls.obj
 0001:000096c0       _trap_S_RegisterSound      4000a6c0 f   ui_syscalls.obj
 0001:00009710       _trap_S_StartBackgroundTrack 4000a710 f   ui_syscalls.obj
 0001:00009760       _trap_S_StartLocalSound    4000a760 f   ui_syscalls.obj
 0001:000097b0       _trap_S_StopBackgroundTrack 4000a7b0 f   ui_syscalls.obj
 0001:00009800       _trap_SetCDKey             4000a800 f   ui_syscalls.obj
 0001:00009850       _trap_SetPbClStatus        4000a850 f   ui_syscalls.obj
 0001:000098a0       _trap_UpdateScreen         4000a8a0 f   ui_syscalls.obj
 0001:000098f0       _trap_VerifyCDKey          4000a8f0 f   ui_syscalls.obj
 0001:00009940       _UI_AddBotsMenu            4000a940 f   ui_addbots.obj
 0001:0000a370       _UI_AddBots_Cache          4000b370 f   ui_addbots.obj
 0001:0000a410       _Com_Error                 4000b410 f   ui_atoms.obj
 0001:0000a4d0       _Com_Printf                4000b4d0 f   ui_atoms.obj
 0001:0000a630       _UI_AdjustFrom640          4000b630 f   ui_atoms.obj
 0001:0000a6c0       _UI_Argv                   4000b6c0 f   ui_atoms.obj
 0001:0000a710       _UI_Cache_f                4000b710 f   ui_atoms.obj
 0001:0000a7e0       _UI_ClampCvar              4000b7e0 f   ui_atoms.obj
 0001:0000a830       _UI_ConsoleCommand         4000b830 f   ui_atoms.obj
 0001:0000a990       _UI_CursorInRect           4000b990 f   ui_atoms.obj
 0001:0000a9f0       _UI_Cvar_VariableString    4000b9f0 f   ui_atoms.obj
 0001:0000aa40       _UI_DrawBannerString       4000ba40 f   ui_atoms.obj
 0001:0000ae40       _UI_DrawChar               4000be40 f   ui_atoms.obj
 0001:0000aef0       _UI_DrawHandlePic          4000bef0 f   ui_atoms.obj
 0001:0000b050       _UI_DrawNamedPic           4000c050 f   ui_atoms.obj
 0001:0000b120       _UI_DrawProportionalString 4000c120 f   ui_atoms.obj
 0001:0000b7a0       _UI_DrawProportionalString_AutoWrapped 4000c7a0 f   ui_atoms.obj
 0001:0000b9a0       _UI_DrawRect               4000c9a0 f   ui_atoms.obj
 0001:0000bbf0       _UI_DrawString             4000cbf0 f   ui_atoms.obj
 0001:0000c1d0       _UI_DrawTextBox            4000d1d0 f   ui_atoms.obj
 0001:0000c2b0       _UI_FillRect               4000d2b0 f   ui_atoms.obj
 0001:0000c390       _UI_ForceMenuOff           4000d390 f   ui_atoms.obj
 0001:0000c400       _UI_Init                   4000d400 f   ui_atoms.obj
 0001:0000c4e0       _UI_IsFullscreen           4000d4e0 f   ui_atoms.obj
 0001:0000c540       _UI_KeyEvent               4000d540 f   ui_atoms.obj
 0001:0000c5f0       _UI_LerpColor              4000d5f0 f   ui_atoms.obj
 0001:0000c6c0       _UI_MouseEvent             4000d6c0 f   ui_atoms.obj
 0001:0000c8d0       _UI_PopMenu                4000d8d0 f   ui_atoms.obj
 0001:0000c960       _UI_ProportionalSizeScale  4000d960 f   ui_atoms.obj
 0001:0000c9a0       _UI_ProportionalStringWidth 4000d9a0 f   ui_atoms.obj
 0001:0000ca30       _UI_PushMenu               4000da30 f   ui_atoms.obj
 0001:0000cb70       _UI_Refresh                4000db70 f   ui_atoms.obj
 0001:0000cd90       _UI_SetActiveMenu          4000dd90 f   ui_atoms.obj
 0001:0000ce60       _UI_SetColor               4000de60 f   ui_atoms.obj
 0001:0000cea0       _UI_Shutdown               4000dea0 f   ui_atoms.obj
 0001:0000ced0       _UI_StartDemoLoop          4000ded0 f   ui_atoms.obj
 0001:0000cf20       _UI_UpdateScreen           4000df20 f   ui_atoms.obj
 0001:0000cf60       _UI_CDKeyMenu              4000df60 f   ui_cdkey.obj
 0001:0000cfb0       _UI_CDKeyMenu_Cache        4000dfb0 f   ui_cdkey.obj
 0001:0000d640       _UI_CDKeyMenu_f            4000e640 f   ui_cdkey.obj
 0001:0000d680       _UI_CinematicsMenu         4000e680 f   ui_cinematics.obj
 0001:0000d710       _UI_CinematicsMenu_Cache   4000e710 f   ui_cinematics.obj
 0001:0000df80       _UI_CinematicsMenu_f       4000ef80 f   ui_cinematics.obj
 0001:0000dff0       _ConfirmMenu_Cache         4000eff0 f   ui_confirm.obj
 0001:0000e3b0       _UI_ConfirmMenu            4000f3b0 f   ui_confirm.obj
 0001:0000e400       _UI_ConfirmMenu_Style      4000f400 f   ui_confirm.obj
 0001:0000e680       _UI_Message                4000f680 f   ui_confirm.obj
 0001:0000edd0       _UI_DrawConnectScreen      4000fdd0 f   ui_connect.obj
 0001:0000f110       _UI_KeyConnect             40010110 f   ui_connect.obj
 0001:0000f440       _Controls_Cache            40010440 f   ui_controls2.obj
 0001:00012140       _UI_ControlsMenu           40013140 f   ui_controls2.obj
 0001:00012190       _UI_CreditMenu             40013190 f   ui_credits.obj
 0001:00012660       _Demos_Cache               40013660 f   ui_demo2.obj
 0001:00012d50       _UI_DemosMenu              40013d50 f   ui_demo2.obj
 0001:00012e00       _UI_DisplayOptionsMenu     40013e00 f   ui_display.obj
 0001:00012e60       _UI_DisplayOptionsMenu_Cache 40013e60 f   ui_display.obj
 0001:000134e0       _UI_Alloc                  400144e0 f   ui_gameinfo.obj
 0001:00013550       _UI_CanShowTierVideo       40014550 f   ui_gameinfo.obj
 0001:00013650       _UI_GetArenaInfoByMap      40014650 f   ui_gameinfo.obj
 0001:000136e0       _UI_GetArenaInfoByNumber   400146e0 f   ui_gameinfo.obj
 0001:000137b0       _UI_GetAwardLevel          400147b0 f   ui_gameinfo.obj
 0001:00013890       _UI_GetBestScore           40014890 f   ui_gameinfo.obj
 0001:00013a10       _UI_GetBotInfoByName       40014a10 f   ui_gameinfo.obj
 0001:00013aa0       _UI_GetBotInfoByNumber     40014aa0 f   ui_gameinfo.obj
 0001:00013b10       _UI_GetCurrentGame         40014b10 f   ui_gameinfo.obj
 0001:00013c50       _UI_GetNumArenas           40014c50 f   ui_gameinfo.obj
 0001:00013c80       _UI_GetNumBots             40014c80 f   ui_gameinfo.obj
 0001:00013cb0       _UI_GetNumSPArenas         40014cb0 f   ui_gameinfo.obj
 0001:00013ce0       _UI_GetNumSPTiers          40014ce0 f   ui_gameinfo.obj
 0001:00013d20       _UI_GetSpecialArenaInfo    40014d20 f   ui_gameinfo.obj
 0001:00013db0       _UI_InitGameinfo           40014db0 f   ui_gameinfo.obj
 0001:00013e50       _UI_InitMemory             40014e50 f   ui_gameinfo.obj
 0001:000148b0       _UI_LogAwardData           400158b0 f   ui_gameinfo.obj
 0001:00014a00       _UI_NewGame                40015a00 f   ui_gameinfo.obj
 0001:00014ab0       _UI_ParseInfos             40015ab0 f   ui_gameinfo.obj
 0001:00014d30       _UI_SPUnlockMedals_f       40015d30 f   ui_gameinfo.obj
 0001:00014e40       _UI_SPUnlock_f             40015e40 f   ui_gameinfo.obj
 0001:00014fa0       _UI_SetBestScore           40015fa0 f   ui_gameinfo.obj
 0001:00015110       _UI_ShowTierVideo          40016110 f   ui_gameinfo.obj
 0001:00015230       _UI_TierCompleted          40016230 f   ui_gameinfo.obj
 0001:00015390       _InGame_Cache              40016390 f   ui_ingame.obj
 0001:000153d0       _InGame_Event              400163d0 f   ui_ingame.obj
 0001:000154e0       _InGame_MenuInit           400164e0 f   ui_ingame.obj
 0001:00015cf0       _UI_InGameMenu             40016cf0 f   ui_ingame.obj
 0001:00015d60       _UI_RegisterCvars          40016d60 f   ui_main.obj
 0001:00015df0       _UI_UpdateCvars            40016df0 f   ui_main.obj
 0001:00015e60       _vmMain                    40016e60 f   ui_main.obj
 0001:00015f80       _ErrorMessage_Key          40016f80 f   ui_menu.obj
 0001:00015fd0       _MainMenu_Cache            40016fd0 f   ui_menu.obj
 0001:000165c0       _Main_MenuEvent            400175c0 f   ui_menu.obj
 0001:000166b0       _UI_MainMenu               400176b0 f   ui_menu.obj
 0001:00016d50       _MField_CharEvent          40017d50 f   ui_mfield.obj
 0001:00016f90       _MField_Clear              40017f90 f   ui_mfield.obj
 0001:00016ff0       _MField_Draw               40017ff0 f   ui_mfield.obj
 0001:00017240       _MField_KeyDownEvent       40018240 f   ui_mfield.obj
 0001:000174a0       _MField_Paste              400184a0 f   ui_mfield.obj
 0001:00017570       _MenuField_Draw            40018570 f   ui_mfield.obj
 0001:00017720       _MenuField_Init            40018720 f   ui_mfield.obj
 0001:00017800       _MenuField_Key             40018800 f   ui_mfield.obj
 0001:00017a00       _UI_ModsMenu               40018a00 f   ui_mods.obj
 0001:00017a50       _UI_ModsMenu_Cache         40018a50 f   ui_mods.obj
 0001:000180d0       _UI_NetworkOptionsMenu     400190d0 f   ui_network.obj
 0001:00018130       _UI_NetworkOptionsMenu_Cache 40019130 f   ui_network.obj
 0001:00018840       _Options_MenuInit          40019840 f   ui_options.obj
 0001:00018c50       _SystemConfig_Cache        40019c50 f   ui_options.obj
 0001:00018cc0       _UI_SystemConfigMenu       40019cc0 f   ui_options.obj
 0001:00019060       _PlayerModel_Cache         4001a060 f   ui_playermodel.obj
 0001:0001a380       _UI_PlayerModelMenu        4001b380 f   ui_playermodel.obj
 0001:0001a3f0       _UI_DrawPlayer             4001b3f0 f   ui_players.obj
 0001:0001b3d0       _UI_MachinegunSpinAngle    4001c3d0 f   ui_players.obj
 0001:0001c3b0       _UI_PlayerInfo_SetInfo     4001d3b0 f   ui_players.obj
 0001:0001c7f0       _UI_PlayerInfo_SetModel    4001d7f0 f   ui_players.obj
 0001:0001d360       _UI_RegisterClientModelname 4001e360 f   ui_players.obj
 0001:0001de60       _PlayerSettings_Cache      4001ee60 f   ui_playersettings.obj
 0001:0001ee30       _UI_PlayerSettingsMenu     4001fe30 f   ui_playersettings.obj
 0001:0001f060       _Preferences_Cache         40020060 f   ui_preferences.obj
 0001:0001fd00       _UI_PreferencesMenu        40020d00 f   ui_preferences.obj
 0001:0001fff0       _Bitmap_Draw               40020ff0 f   ui_qmenu.obj
 0001:00020430       _Bitmap_Init               40021430 f   ui_qmenu.obj
 0001:00020510       _Menu_ActivateItem         40021510 f   ui_qmenu.obj
 0001:00020580       _Menu_AddItem              40021580 f   ui_qmenu.obj
 0001:00020760       _Menu_AdjustCursor         40021760 f   ui_qmenu.obj
 0001:00020880       _Menu_Cache                40021880 f   ui_qmenu.obj
 0001:00020a30       _Menu_CursorMoved          40021a30 f   ui_qmenu.obj
 0001:00020b10       _Menu_DefaultKey           40021b10 f   ui_qmenu.obj
 0001:00020ee0       _Menu_Draw                 40021ee0 f   ui_qmenu.obj
 0001:000211a0       _Menu_ItemAtCursor         400221a0 f   ui_qmenu.obj
 0001:000211f0       _Menu_SetCursor            400221f0 f   ui_qmenu.obj
 0001:00021260       _Menu_SetCursorToItem      40022260 f   ui_qmenu.obj
 0001:00021940       _ScrollList_Draw           40022940 f   ui_qmenu.obj
 0001:00021c40       _ScrollList_Key            40022c40 f   ui_qmenu.obj
 0001:00022f40       _UI_RemoveBotsMenu         40023f40 f   ui_removebots.obj
 0001:00023830       _UI_RemoveBots_Cache       40024830 f   ui_removebots.obj
 0001:000238b0       _Favorites_Add             400248b0 f   ui_serverinfo.obj
 0001:00023a60       _ServerInfo_Cache          40024a60 f   ui_serverinfo.obj
 0001:00023d10       _UI_ServerInfoMenu         40024d10 f   ui_serverinfo.obj
 0001:00024090       _ArenaServers_Cache        40025090 f   ui_servers2.obj
 0001:00024c70       _ArenaServers_InsertFavorites 40025c70 f   ui_servers2.obj
 0001:00024dd0       _ArenaServers_LoadFavorites 40025dd0 f   ui_servers2.obj
 0001:00025ea0       _ArenaServers_SaveChanges  40026ea0 f   ui_servers2.obj
 0001:00025f60       _ArenaServers_SetType      40026f60 f   ui_servers2.obj
 0001:000260e0       _ArenaServers_Sort         400270e0 f   ui_servers2.obj
 0001:00026bd0       _UI_ArenaServersMenu       40027bd0 f   ui_servers2.obj
 0001:00026d00       _UI_SetupMenu              40027d00 f   ui_setup.obj
 0001:00026d50       _UI_SetupMenu_Cache        40027d50 f   ui_setup.obj
 0001:00027370       _UI_SoundOptionsMenu       40028370 f   ui_sound.obj
 0001:000273d0       _UI_SoundOptionsMenu_Cache 400283d0 f   ui_sound.obj
 0001:00027b90       _UI_SPArena_Start          40028b90 f   ui_sparena.obj
 0001:00027cd0       _SpecifyServer_Cache       40028cd0 f   ui_specifyserver.obj
 0001:00027e80       _SpecifyServer_MenuInit    40028e80 f   ui_specifyserver.obj
 0001:000281a0       _UI_SpecifyServerMenu      400291a0 f   ui_specifyserver.obj
 0001:000283a0       _UI_SPLevelMenu            400293a0 f   ui_splevel.obj
 0001:000285e0       _UI_SPLevelMenu_Cache      400295e0 f   ui_splevel.obj
 0001:00029c30       _UI_SPLevelMenu_ReInit     4002ac30 f   ui_splevel.obj
 0001:0002a700       _UI_SPLevelMenu_f          4002b700 f   ui_splevel.obj
 0001:0002a8f0       _UI_SPPostgameMenu_Cache   4002b8f0 f   ui_sppostgame.obj
 0001:0002b620       _UI_SPPostgameMenu_f       4002c620 f   ui_sppostgame.obj
 0001:0002bcd0       _Reset_Cache               4002ccd0 f   ui_spreset.obj
 0001:0002be50       _Reset_MenuEvent           4002ce50 f   ui_spreset.obj
 0001:0002bff0       _UI_ResetMenu              4002cff0 f   ui_spreset.obj
 0001:0002c2f0       _UI_SPSkillMenu            4002d2f0 f   ui_spskill.obj
 0001:0002c3a0       _UI_SPSkillMenu_Cache      4002d3a0 f   ui_spskill.obj
 0001:0002cee0       _ServerOptions_Cache       4002dee0 f   ui_startserver.obj
 0001:0002ec50       _StartServer_Cache         4002fc50 f   ui_startserver.obj
 0001:0002fc20       _UI_BotSelectMenu          40030c20 f   ui_startserver.obj
 0001:0002fe50       _UI_BotSelectMenu_Cache    40030e50 f   ui_startserver.obj
 0001:00030a40       _UI_StartServerMenu        40031a40 f   ui_startserver.obj
 0001:00030a90       _TeamMain_Cache            40031a90 f   ui_team.obj
 0001:00030bb0       _TeamMain_MenuInit         40031bb0 f   ui_team.obj
 0001:00030f00       _UI_TeamMainMenu           40031f00 f   ui_team.obj
 0001:00030f50       _UI_TeamOrdersMenu         40031f50 f   ui_teamorders.obj
 0001:00031290       _UI_TeamOrdersMenu_Cache   40032290 f   ui_teamorders.obj
 0001:000314e0       _UI_TeamOrdersMenu_Key     400324e0 f   ui_teamorders.obj
 0001:000319f0       _UI_TeamOrdersMenu_f       400329f0 f   ui_teamorders.obj
 0001:00031b20       _DriverInfo_Cache          40032b20 f   ui_video.obj
 0001:00032140       _GraphicsOptions_Cache     40033140 f   ui_video.obj
 0001:000324e0       _GraphicsOptions_MenuDraw  400334e0 f   ui_video.obj
 0001:00032530       _GraphicsOptions_MenuInit  40033530 f   ui_video.obj
 0001:000335e0       _UI_GraphicsOptionsMenu    400345e0 f   ui_video.obj
 0001:00033640       _cos                       40034640 f   LIBCMTD:cos.obj
 0001:00033680       __CIcos                    40034680 f   LIBCMTD:cos.obj
 0001:000336bb       __CIcos_default            400346bb f   LIBCMTD:cos.obj
 0001:000336cf       __cos_default              400346cf     LIBCMTD:cos.obj
 0001:00033770       _fabs                      40034770 f   LIBCMTD:fabs.obj
 0001:00033870       _sin                       40034870 f   LIBCMTD:sin.obj
 0001:000338b0       __CIsin                    400348b0 f   LIBCMTD:sin.obj
 0001:000338eb       __CIsin_default            400348eb f   LIBCMTD:sin.obj
 0001:000338ff       __sin_default              400348ff     LIBCMTD:sin.obj
 0001:000339a0       ??0_LocaleUpdate@@QAE@PAUlocaleinfo_struct@@@Z 400349a0 f i LIBCMTD:atof.obj
 0001:00033a80       ??1_LocaleUpdate@@QAE@XZ   40034a80 f i LIBCMTD:atof.obj
 0001:00033ab0       ?GetLocaleT@_LocaleUpdate@@QAEPAUlocaleinfo_struct@@XZ 40034ab0 f i LIBCMTD:atof.obj
 0001:00033ac0       ___STRINGTOLD              40034ac0 f   LIBCMTD:atof.obj
 0001:00033b10       ___strgtold12              40034b10 f   LIBCMTD:atof.obj
 0001:00033b60       __atof_l                   40034b60 f   LIBCMTD:atof.obj
 0001:00033cb0       _atof                      40034cb0 f   LIBCMTD:atof.obj
 0001:00033cd0       @_RTC_AllocaHelper@12      40034cd0 f   LIBCMTD:stack.obj
 0001:00033d10       @_RTC_CheckStackVars2@12   40034d10 f   LIBCMTD:stack.obj
 0001:00033df0       @_RTC_CheckStackVars@8     40034df0 f   LIBCMTD:stack.obj
 0001:00033e50       __RTC_CheckEsp             40034e50 f   LIBCMTD:stack.obj
 0001:00033e80       @__security_check_cookie@4 40034e80 f   LIBCMTD:secchk.obj
 0001:00033e90       __RTC_InitBase             40034e90 f   LIBCMTD:init.obj
 0001:00033ec0       __RTC_Shutdown             40034ec0 f   LIBCMTD:init.obj
 0001:00033ee0       __fpmath                   40034ee0 f   LIBCMTD:fpinit.obj
 0001:00033f00       ___setfflag                40034f00 f   LIBCMTD:fpinit.obj
 0001:00033f20       __cfltcvt_init             40034f20 f   LIBCMTD:fpinit.obj
 0001:00033fe0       __invoke_watson_if_error   40034fe0 f i LIBCMTD:wassert.obj
 0001:00034010       __wassert                  40035010 f   LIBCMTD:wassert.obj
 0001:00034c50       _atan2                     40035c50 f   LIBCMTD:87ctriga.obj
 0001:00034c5a       __CIatan2                  40035c5a f   LIBCMTD:87ctriga.obj
 0001:00034c70       __CIsqrt                   40035c70 f   LIBCMTD:sqrt.obj
 0001:00034c84       _sqrt                      40035c84     LIBCMTD:sqrt.obj
 0001:00034d30       _memcpy                    40035d30 f   LIBCMTD:memcpy.obj
 0001:00035380       _memset                    40036380 f   LIBCMTD:memset.obj
 0001:00035410       ___raise_securityfailure   40036410 f   LIBCMTD:gs_report.obj
 0001:00035460       ___report_gsfailure        40036460 f   LIBCMTD:gs_report.obj
 0001:00035570       ___report_rangecheckfailure 40036570 f   LIBCMTD:gs_report.obj
 0001:00035580       ___report_securityfailure  40036580 f   LIBCMTD:gs_report.obj
 0001:00035660       ___report_securityfailureEx 40036660 f   LIBCMTD:gs_report.obj
 0001:00035790       __vscprintf                40036790 f   LIBCMTD:vsprintf.obj
 0001:000357b0       __vscprintf_helper         400367b0 f   LIBCMTD:vsprintf.obj
 0001:000358a0       __vscprintf_l              400368a0 f   LIBCMTD:vsprintf.obj
 0001:000358c0       __vscprintf_p              400368c0 f   LIBCMTD:vsprintf.obj
 0001:000358e0       __vscprintf_p_l            400368e0 f   LIBCMTD:vsprintf.obj
 0001:00035900       __vsprintf_l               40036900 f   LIBCMTD:vsprintf.obj
 0001:00035ac0       _vsprintf                  40036ac0 f   LIBCMTD:vsprintf.obj
 0001:00035ae0       _strcpy                    40036ae0 f   LIBCMTD:strcat.obj
 0001:00035af0       _strcat                    40036af0 f   LIBCMTD:strcat.obj
 0001:00035be0       _strcmp                    40036be0 f   LIBCMTD:strcmp.obj
 0001:00035c70       _strlen                    40036c70 f   LIBCMTD:strlen.obj
 0001:00035d00       _strchr                    40036d00 f   LIBCMTD:strchr.obj
 0001:00035d6e       ___from_strstr_to_strchr   40036d6e     LIBCMTD:strchr.obj
 0001:00035e30       _strncpy                   40036e30 f   LIBCMTD:strncpy.obj
 0001:00035f60       __toupper                  40036f60 f   LIBCMTD:toupper.obj
 0001:00035f70       __toupper_l                40036f70 f   LIBCMTD:toupper.obj
 0001:000361b0       _toupper                   400371b0 f   LIBCMTD:toupper.obj
 0001:00036200       __tolower                  40037200 f   LIBCMTD:tolower.obj
 0001:00036210       __tolower_l                40037210 f   LIBCMTD:tolower.obj
 0001:00036450       _tolower                   40037450 f   LIBCMTD:tolower.obj
 0001:000364a0       __alloca_probe             400374a0 f   LIBCMTD:chkstk.obj
 0001:000364a0       __chkstk                   400374a0 f   LIBCMTD:chkstk.obj
 0001:000364d0       __atoi64                   400374d0 f   LIBCMTD:atox.obj
 0001:000364f0       __atoi64_l                 400374f0 f   LIBCMTD:atox.obj
 0001:00036510       __atoi_l                   40037510 f   LIBCMTD:atox.obj
 0001:00036530       __atol_l                   40037530 f   LIBCMTD:atox.obj
 0001:00036550       __atoll_l                  40037550 f   LIBCMTD:atox.obj
 0001:00036570       _atoi                      40037570 f   LIBCMTD:atox.obj
 0001:00036590       _atol                      40037590 f   LIBCMTD:atox.obj
 0001:000365b0       _atoll                     400375b0 f   LIBCMTD:atox.obj
 0001:000365d0       _qsort                     400375d0 f   LIBCMTD:qsort.obj
 0001:00036c50       __ftol2_sse                40037c50 f   LIBCMTD:ftol2.obj
 0001:00036c59       __ftol2_pentium4           40037c59 f   LIBCMTD:ftol2.obj
 0001:00036c6c       __ftol2_sse_excpt          40037c6c f   LIBCMTD:ftol2.obj
 0001:00036c86       __ftol2                    40037c86 f   LIBCMTD:ftol2.obj
 0001:00036d00       _strstr                    40037d00 f   LIBCMTD:strstr.obj
 0001:00036f70       _memmove                   40037f70 f   LIBCMTD:memmove.obj
 0001:000375c0       _tan                       400385c0 f   LIBCMTD:tan.obj
 0001:00037600       __CItan                    40038600 f   LIBCMTD:tan.obj
 0001:0003763b       __CItan_default            4003863b f   LIBCMTD:tan.obj
 0001:0003764f       __tan_default              4003864f     LIBCMTD:tan.obj
 0001:000376f0       _rand                      400386f0 f   LIBCMTD:rand.obj
 0001:00037730       _srand                     40038730 f   LIBCMTD:rand.obj
 0001:00037740       __CRT_INIT@12              40038740 f   LIBCMTD:dllcrt0.obj
 0001:00037990       __DllMainCRTStartup@12     40038990 f   LIBCMTD:dllcrt0.obj
 0001:00037b80       ___DllXcptFilter           40038b80 f   LIBCMTD:dllcrt0.obj
 0001:00037bb0       __sse2_mathfcns_init       40038bb0 f   LIBCMTD:mathfcns.obj
 0001:00037bd0       __set_SSE2_enable          40038bd0 f   LIBCMTD:mathfcns.obj
 0001:00037c20       __CIcos_pentium4           40038c20 f   LIBCMTD:cos_pentium4.obj
 0001:00037c38       __cos_pentium4             40038c38     LIBCMTD:cos_pentium4.obj
 0001:00037dd0       __trandisp1                40038dd0 f   LIBCMTD:87disp.obj
 0001:00037e37       __trandisp2                40038e37 f   LIBCMTD:87disp.obj
 0001:00037ec3       __rttospopde               40038ec3     LIBCMTD:87disp.obj
 0001:00037ec8       __rttospop                 40038ec8     LIBCMTD:87disp.obj
 0001:00037eca       __rtnospop                 40038eca     LIBCMTD:87disp.obj
 0001:00037ecc       __rttosnpop                40038ecc     LIBCMTD:87disp.obj
 0001:00037ecd       __rtnospopde               40038ecd     LIBCMTD:87disp.obj
 0001:00037ed4       __rtzeropop                40038ed4     LIBCMTD:87disp.obj
 0001:00037ed6       __rtzeronpop               40038ed6     LIBCMTD:87disp.obj
 0001:00037edb       __rtonepop                 40038edb     LIBCMTD:87disp.obj
 0001:00037edd       __rtonenpop                40038edd     LIBCMTD:87disp.obj
 0001:00037ee2       __tosnan1                  40038ee2     LIBCMTD:87disp.obj
 0001:00037f0d       __nosnan2                  40038f0d     LIBCMTD:87disp.obj
 0001:00037f0f       __tosnan2                  40038f0f     LIBCMTD:87disp.obj
 0001:00037f37       __nan2                     40038f37     LIBCMTD:87disp.obj
 0001:00037f76       __rtindfpop                40038f76     LIBCMTD:87disp.obj
 0001:00037f78       __rtindfnpop               40038f78     LIBCMTD:87disp.obj
 0001:00037f89       __rttosnpopde              40038f89     LIBCMTD:87disp.obj
 0001:00037f93       __rtchsifneg               40038f93     LIBCMTD:87disp.obj
 0001:00037fa0       __twoToTOS                 40038fa0 f   LIBCMTD:common.obj
 0001:00037fb5       __load_CW                  40038fb5 f   LIBCMTD:common.obj
 0001:00037fcc       __convertTOStoQNaN         40038fcc f   LIBCMTD:common.obj
 0001:00037fe5       __fload_withFB             40038fe5 f   LIBCMTD:common.obj
 0001:00038028       __checkTOS_withFB          40039028 f   LIBCMTD:common.obj
 0001:0003803e       __fast_exit                4003903e f   LIBCMTD:common.obj
 0001:0003804b       __math_exit                4003904b f   LIBCMTD:common.obj
 0001:00038075       __check_overflow_exit      40039075 f   LIBCMTD:common.obj
 0001:00038089       __check_range_exit         40039089 f   LIBCMTD:common.obj
 0001:00038130       __startTwoArgErrorHandling 40039130 f   LIBCMTD:genexcep.obj
 0001:00038147       __startOneArgErrorHandling 40039147 f   LIBCMTD:genexcep.obj
 0001:00038190       __errcode                  40039190 f   LIBCMTD:fpexcept.obj
 0001:00038200       __except1                  40039200 f   LIBCMTD:fpexcept.obj
 0001:00038300       __except2                  40039300 f   LIBCMTD:fpexcept.obj
 0001:00038450       __handle_exc               40039450 f   LIBCMTD:fpexcept.obj
 0001:00038770       __handle_qnan1             40039770 f   LIBCMTD:fpexcept.obj
 0001:000387d0       __handle_qnan2             400397d0 f   LIBCMTD:fpexcept.obj
 0001:00038840       __raise_exc                40039840 f   LIBCMTD:fpexcept.obj
 0001:00038870       __raise_exc_ex             40039870 f   LIBCMTD:fpexcept.obj
 0001:00038df0       __raise_excf               40039df0 f   LIBCMTD:fpexcept.obj
 0001:00038e20       __set_errno_from_matherr   40039e20 f   LIBCMTD:fpexcept.obj
 0001:00038e60       __umatherr                 40039e60 f   LIBCMTD:fpexcept.obj
 0001:00038f00       __add_exp                  40039f00 f   LIBCMTD:util.obj
 0001:00038f30       __decomp                   40039f30 f   LIBCMTD:util.obj
 0001:00039050       __get_exp                  4003a050 f   LIBCMTD:util.obj
 0001:00039080       __set_bexp                 4003a080 f   LIBCMTD:util.obj
 0001:000390b0       __set_exp                  4003a0b0 f   LIBCMTD:util.obj
 0001:000390f0       __sptype                   4003a0f0 f   LIBCMTD:util.obj
 0001:00039170       ___clrfp_sse2              4003a170 f   LIBCMTD:fpctrl.obj
 0001:000391b0       ___ctrlfp_sse2             4003a1b0 f   LIBCMTD:fpctrl.obj
 0001:00039210       ___fclrf_sse2              4003a210 f   LIBCMTD:fpctrl.obj
 0001:00039230       ___get_fpsr_sse2           4003a230 f   LIBCMTD:fpctrl.obj
 0001:00039260       ___set_fpsr_sse2           4003a260 f   LIBCMTD:fpctrl.obj
 0001:00039340       ___set_statfp_sse2         4003a340 f   LIBCMTD:fpctrl.obj
 0001:00039370       ___statfp_sse2             4003a370 f   LIBCMTD:fpctrl.obj
 0001:000393a0       __clrfp                    4003a3a0 f   LIBCMTD:fpctrl.obj
 0001:000393c0       __ctrlfp                   4003a3c0 f   LIBCMTD:fpctrl.obj
 0001:000393f0       __set_statfp               4003a3f0 f   LIBCMTD:fpctrl.obj
 0001:00039460       __statfp                   4003a460 f   LIBCMTD:fpctrl.obj
 0001:00039470       __CIsin_pentium4           4003a470 f   LIBCMTD:sin_pentium4.obj
 0001:00039488       __sin_pentium4             4003a488     LIBCMTD:sin_pentium4.obj
 0001:00039640       ?_invalid_parameter@@YAXPBG00II@Z 4003a640 f   LIBCMTD:invarg.obj
 0001:00039670       ?_invoke_watson@@YAXPBG00II@Z 4003a670 f   LIBCMTD:invarg.obj
 0001:00039690       __call_reportfault         4003a690 f   LIBCMTD:invarg.obj
 0001:000397f0       __get_invalid_parameter_handler 4003a7f0 f   LIBCMTD:invarg.obj
 0001:00039820       __initp_misc_invarg        4003a820 f   LIBCMTD:invarg.obj
 0001:00039830       __invalid_parameter        4003a830 f   LIBCMTD:invarg.obj
 0001:00039890       __invoke_watson            4003a890 f   LIBCMTD:invarg.obj
 0001:000398d0       __set_invalid_parameter_handler 4003a8d0 f   LIBCMTD:invarg.obj
 0001:00039910       ___doserrno                4003a910 f   LIBCMTD:dosmap.obj
 0001:00039940       __dosmaperr                4003a940 f   LIBCMTD:dosmap.obj
 0001:00039970       __errno                    4003a970 f   LIBCMTD:dosmap.obj
 0001:000399a0       __get_doserrno             4003a9a0 f   LIBCMTD:dosmap.obj
 0001:00039a30       __get_errno                4003aa30 f   LIBCMTD:dosmap.obj
 0001:00039ac0       __get_errno_from_oserr     4003aac0 f   LIBCMTD:dosmap.obj
 0001:00039b40       __set_doserrno             4003ab40 f   LIBCMTD:dosmap.obj
 0001:00039b70       __set_errno                4003ab70 f   LIBCMTD:dosmap.obj
 0001:00039ba0       __fltin2                   4003aba0 f   LIBCMTD:cfin.obj
 0001:00039c80       ___STRINGTOLD_L            4003ac80 f   LIBCMTD:strgtold.obj
 0001:00039cf0       ___addl                    4003acf0 f i LIBCMTD:strgtold.obj
 0001:00039d30       ___ld12mul                 4003ad30 f i LIBCMTD:strgtold.obj
 0001:0003a140       ___multtenpow12            4003b140 f i LIBCMTD:strgtold.obj
 0001:0003a220       ___shl_12                  4003b220 f i LIBCMTD:strgtold.obj
 0001:0003a2a0       ___shr_12                  4003b2a0 f i LIBCMTD:strgtold.obj
 0001:0003a320       ___strgtold12_l            4003b320 f   LIBCMTD:strgtold.obj
 0001:0003ae10       ___addlocaleref            4003be10 f   LIBCMTD:localref.obj
 0001:0003af30       ___freetlocinfo            4003bf30 f   LIBCMTD:localref.obj
 0001:0003b220       ___removelocaleref         4003c220 f   LIBCMTD:localref.obj
 0001:0003b340       ___updatetlocinfo          4003c340 f   LIBCMTD:localref.obj
 0001:0003b410       __updatetlocinfoEx_nolock  4003c410 f   LIBCMTD:localref.obj
 0001:0003b490       ___initmbctable            4003c490 f   LIBCMTD:mbctype.obj
 0001:0003bab0       ___updatetmbcinfo          4003cab0 f   LIBCMTD:mbctype.obj
 0001:0003bbd0       __getmbcp                  4003cbd0 f   LIBCMTD:mbctype.obj
 0001:0003bc40       __setmbcp                  4003cc40 f   LIBCMTD:mbctype.obj
 0001:0003bee0       __setmbcp_nolock           4003cee0 f   LIBCMTD:mbctype.obj
 0001:0003c260       __chvalidator              4003d260 f   LIBCMTD:isctype.obj
 0001:0003c2b0       __chvalidator_l            4003d2b0 f   LIBCMTD:isctype.obj
 0001:0003c370       __isctype                  4003d370 f   LIBCMTD:isctype.obj
 0001:0003c3b0       __isctype_l                4003d3b0 f   LIBCMTD:isctype.obj
 0001:0003c500       ___get_flsindex            4003d500 f   LIBCMTD:tidtable.obj
 0001:0003c510       ___threadhandle            4003d510 f   LIBCMTD:tidtable.obj
 0001:0003c520       ___threadid                4003d520 f   LIBCMTD:tidtable.obj
 0001:0003c530       __freefls@4                4003d530 f   LIBCMTD:tidtable.obj
 0001:0003c730       __freeptd                  4003d730 f   LIBCMTD:tidtable.obj
 0001:0003c770       __getptd                   4003d770 f   LIBCMTD:tidtable.obj
 0001:0003c7a0       __getptd_noexit            4003d7a0 f   LIBCMTD:tidtable.obj
 0001:0003c850       __initptd                  4003d850 f   LIBCMTD:tidtable.obj
 0001:0003c990       __mtinit                   4003d990 f   LIBCMTD:tidtable.obj
 0001:0003ca40       __mtterm                   4003da40 f   LIBCMTD:tidtable.obj
 0001:0003ca70       ?_CrtDbgReportW@@YAHHPBGH00ZZ 4003da70 f   LIBCMTD:dbgrptw.obj
 0001:0003cac0       __CrtDbgReportW            4003dac0 f   LIBCMTD:dbgrptw.obj
 0001:0003cb10       __CrtDbgReportWV           4003db10 f i LIBCMTD:dbgrptw.obj
 0001:0003cb40       __CrtSetReportHookW2       4003db40 f   LIBCMTD:dbgrptw.obj
 0001:0003ce90       ___crtMessageWindowW       4003de90 f   LIBCMTD:dbgrptw.obj
 0001:0003d340       __invoke_watson_if_oneof   4003e340 f i LIBCMTD:dbgrptw.obj
 0001:0003d4d0       ?_RTC_AllocaFailure@@YAXPAXPAU_RTC_ALLOCA_NODE@@H@Z 4003e4d0 f   LIBCMTD:error.obj
 0001:0003d650       ?_RTC_Failure@@YAXPAXH@Z   4003e650 f   LIBCMTD:error.obj
 0001:0003d6a0       ?_RTC_StackFailure@@YAXPAXPBD@Z 4003e6a0 f   LIBCMTD:error.obj
 0001:0003da20       __RTC_UninitUse            4003ea20 f   LIBCMTD:error.obj
 0001:0003db10       ?_RTC_GetErrorFunc@@YAP6AHHPBDH00ZZPBX@Z 4003eb10 f   LIBCMTD:userapi.obj
 0001:0003db20       ?_RTC_GetErrorFuncW@@YAP6AHHPB_WH00ZZPBX@Z 4003eb20 f   LIBCMTD:userapi.obj
 0001:0003db30       __RTC_GetErrDesc           4003eb30 f   LIBCMTD:userapi.obj
 0001:0003db50       __RTC_NumErrors            4003eb50 f   LIBCMTD:userapi.obj
 0001:0003db60       __RTC_SetErrorFunc         4003eb60 f   LIBCMTD:userapi.obj
 0001:0003db80       __RTC_SetErrorFuncW        4003eb80 f   LIBCMTD:userapi.obj
 0001:0003dba0       __RTC_SetErrorType         4003eba0 f   LIBCMTD:userapi.obj
 0001:0003dbd0       __CRT_RTC_INIT             4003ebd0 f   LIBCMTD:chkesp.obj
 0001:0003dbe0       __CRT_RTC_INITW            4003ebe0 f   LIBCMTD:chkesp.obj
 0001:0003dbf0       __chkesp                   4003ebf0 f   LIBCMTD:chkesp.obj
 0001:0003dc30       ?strrchr@@YAPADPADH@Z      4003ec30 f i LIBCMTD:cvt.obj
 0001:0003dc50       __cfltcvt                  4003ec50 f   LIBCMTD:cvt.obj
 0001:0003dc80       __cfltcvt_l                4003ec80 f   LIBCMTD:cvt.obj
 0001:0003dd40       __cftoa                    4003ed40 f   LIBCMTD:cvt.obj
 0001:0003dd70       __cftoa_l                  4003ed70 f   LIBCMTD:cvt.obj
 0001:0003e5e0       __cftoe                    4003f5e0 f   LIBCMTD:cvt.obj
 0001:0003ea20       __cftoe_l                  4003fa20 f   LIBCMTD:cvt.obj
 0001:0003ec50       __cftof                    4003fc50 f   LIBCMTD:cvt.obj
 0001:0003ef00       __cftof_l                  4003ff00 f   LIBCMTD:cvt.obj
 0001:0003f100       __cftog                    40040100 f   LIBCMTD:cvt.obj
 0001:0003f130       __cftog_l                  40040130 f   LIBCMTD:cvt.obj
 0001:0003f3c0       __cropzeros                400403c0 f   LIBCMTD:cvt.obj
 0001:0003f3e0       __cropzeros_l              400403e0 f   LIBCMTD:cvt.obj
 0001:0003f500       __fassign                  40040500 f   LIBCMTD:cvt.obj
 0001:0003f520       __fassign_l                40040520 f   LIBCMTD:cvt.obj
 0001:0003f570       __forcdecpt                40040570 f   LIBCMTD:cvt.obj
 0001:0003f590       __forcdecpt_l              40040590 f   LIBCMTD:cvt.obj
 0001:0003f660       __positive                 40040660 f   LIBCMTD:cvt.obj
 0001:0003f6c0       __setdefaultprecision      400406c0 f   LIBCMTD:fp8.obj
 0001:0003f700       __initp_misc_cfltcvt_tab   40040700 f   LIBCMTD:cmiscdat.obj
 0001:0003f740       _memcpy_s                  40040740 f   LIBCMTD:memcpy_s.obj
 0001:0003f910       _wcscat_s                  40040910 f   LIBCMTD:wcscat_s.obj
 0001:0003fd20       _wcscpy_s                  40040d20 f   LIBCMTD:wcscpy_s.obj
 0001:00040030       _wcslen                    40041030 f   LIBCMTD:wcslen.obj
 0001:00040070       _wcsncat_s                 40041070 f   LIBCMTD:wcsncat_s.obj
 0001:00040560       ___copy_path_to_wide_string 40041560 f   LIBCMTD:crt0dat.obj
 0001:00040750       ___copy_to_char            40041750 f   LIBCMTD:crt0dat.obj
 0001:00040940       ___crtCorExitProcess       40041940 f   LIBCMTD:crt0dat.obj
 0001:00040980       ___crtExitProcess          40041980 f   LIBCMTD:crt0dat.obj
 0001:000409a0       ___freeCrtMemory           400419a0 f   LIBCMTD:crt0dat.obj
 0001:00040b70       __amsg_exit                40041b70 f   LIBCMTD:crt0dat.obj
 0001:00040b90       __c_exit                   40041b90 f   LIBCMTD:crt0dat.obj
 0001:00040bb0       __cexit                    40041bb0 f   LIBCMTD:crt0dat.obj
 0001:00040bd0       __cinit                    40041bd0 f   LIBCMTD:crt0dat.obj
 0001:00040c70       __exit                     40041c70 f   LIBCMTD:crt0dat.obj
 0001:00040c90       __exit_app                 40041c90 f   LIBCMTD:crt0dat.obj
 0001:00040cb0       __get_pgmptr               40041cb0 f   LIBCMTD:crt0dat.obj
 0001:00040dd0       __get_wpgmptr              40041dd0 f   LIBCMTD:crt0dat.obj
 0001:00040ef0       __init_pointers            40041ef0 f   LIBCMTD:crt0dat.obj
 0001:00040f80       __initterm_e               40041f80 f   LIBCMTD:crt0dat.obj
 0001:00040fc0       __lockexit                 40041fc0 f   LIBCMTD:crt0dat.obj
 0001:00040fd0       __unlockexit               40041fd0 f   LIBCMTD:crt0dat.obj
 0001:000411e0       _exit                      400421e0 f   LIBCMTD:crt0dat.obj
 0001:00041200       __set_abort_behavior       40042200 f   LIBCMTD:abort.obj
 0001:00041230       _abort                     40042230 f   LIBCMTD:abort.obj
 0001:000412a0       ___set_app_type            400422a0 f   LIBCMTD:errmode.obj
 0001:000412b0       __set_error_mode           400422b0 f   LIBCMTD:errmode.obj
 0001:000417b0       __i64tow_s                 400427b0 f   LIBCMTD:xtows.obj
 0001:00041800       __itow_s                   40042800 f   LIBCMTD:xtows.obj
 0001:00041860       __ltow_s                   40042860 f   LIBCMTD:xtows.obj
 0001:000418a0       __ui64tow_s                400428a0 f   LIBCMTD:xtows.obj
 0001:000418c0       __ultow_s                  400428c0 f   LIBCMTD:xtows.obj
 0001:00041ce0       ___initstdio               40042ce0 f   LIBCMTD:_file.obj
 0001:00041db0       ___endstdio                40042db0 f   LIBCMTD:_file.obj
 0001:00041df0       ___iob_func                40042df0 f   LIBCMTD:_file.obj
 0001:00041e00       __lock_file                40042e00 f   LIBCMTD:_file.obj
 0001:00041e60       __lock_file2               40042e60 f   LIBCMTD:_file.obj
 0001:00041ea0       __unlock_file              40042ea0 f   LIBCMTD:_file.obj
 0001:00041f00       __unlock_file2             40042f00 f   LIBCMTD:_file.obj
 0001:00041f40       __fflush_nolock            40042f40 f   LIBCMTD:fflush.obj
 0001:00041fb0       __flush                    40042fb0 f   LIBCMTD:fflush.obj
 0001:00042070       __flushall                 40043070 f   LIBCMTD:fflush.obj
 0001:00042080       _fflush                    40043080 f   LIBCMTD:fflush.obj
 0001:000422c0       _setvbuf                   400432c0 f   LIBCMTD:setvbuf.obj
 0001:000425c0       __fwprintf_l               400435c0 f   LIBCMTD:fwprintf.obj
 0001:000425f0       __fwprintf_p               400435f0 f   LIBCMTD:fwprintf.obj
 0001:00042620       __fwprintf_p_l             40043620 f   LIBCMTD:fwprintf.obj
 0001:00042650       __fwprintf_s_l             40043650 f   LIBCMTD:fwprintf.obj
 0001:00042680       _fwprintf                  40043680 f   LIBCMTD:fwprintf.obj
 0001:00042830       _fwprintf_s                40043830 f   LIBCMTD:fwprintf.obj
 0001:00042860       __vsnwprintf_s             40043860 f   LIBCMTD:vswprnc.obj
 0001:00042890       __vsnwprintf_s_l           40043890 f   LIBCMTD:vswprnc.obj
 0001:00042c60       __vswprintf_c              40043c60 f   LIBCMTD:vswprnc.obj
 0001:00042cb0       __vswprintf_c_l            40043cb0 f   LIBCMTD:vswprnc.obj
 0001:00042d00       __vswprintf_helper         40043d00 f   LIBCMTD:vswprnc.obj
 0001:00042f70       __vswprintf_p              40043f70 f   LIBCMTD:vswprnc.obj
 0001:00042fc0       __vswprintf_p_l            40043fc0 f   LIBCMTD:vswprnc.obj
 0001:00043010       __vswprintf_s_l            40044010 f   LIBCMTD:vswprnc.obj
 0001:000432a0       _vswprintf_s               400442a0 f   LIBCMTD:vswprnc.obj
 0001:000432c0       ___fpecode                 400442c0 f   LIBCMTD:winsig.obj
 0001:000432d0       ___get_sigabrt             400442d0 f   LIBCMTD:winsig.obj
 0001:000432f0       ___pxcptinfoptrs           400442f0 f   LIBCMTD:winsig.obj
 0001:00043300       __initp_misc_winsig        40044300 f   LIBCMTD:winsig.obj
 0001:00043430       _raise                     40044430 f   LIBCMTD:winsig.obj
 0001:000437c0       _signal                    400447c0 f   LIBCMTD:winsig.obj
 0001:00043b70       ___crtMessageBoxW          40044b70 f   LIBCMTD:crtmboxw.obj
 0001:00043e80       ___crtMessageBoxWaitThreadW@4 40044e80 f   LIBCMTD:crtmboxw.obj
 0001:00043ec0       __FF_MSGBANNER             40044ec0 f   LIBCMTD:crt0msg.obj
 0001:00043f10       __GET_RTERRMSG             40044f10 f   LIBCMTD:crt0msg.obj
 0001:00043f50       __NMSG_WRITE               40044f50 f   LIBCMTD:crt0msg.obj
 0001:0004432c       __fFATN2                   4004532c     LIBCMTD:87triga.obj
 0001:0004437c       __rtpiby2                  4004537c     LIBCMTD:87triga.obj
 0001:000443c0       __cintrindisp2             400453c0 f   LIBCMTD:87cdisp.obj
 0001:000443fe       __cintrindisp1             400453fe f   LIBCMTD:87cdisp.obj
 0001:0004443b       __ctrandisp2               4004543b f   LIBCMTD:87cdisp.obj
 0001:000445ca       __ctrandisp1               400455ca f   LIBCMTD:87cdisp.obj
 0001:000445fd       __fload                    400455fd f   LIBCMTD:87cdisp.obj
 0001:00044640       ___isa_available_init      40045640 f   LIBCMTD:cpu_disp.obj
 0001:000448f0       __VEC_memset               400458f0 f   LIBCMTD:p4_memset.obj
 0001:000449c0       __CrtDefaultAllocHook      400459c0 f   LIBCMTD:dbghook.obj
 0001:000449d0       __crt_debugger_hook        400459d0 f   LIBCMTD:dbghook.obj
 0001:00044a30       ___crtCloseThreadpoolTimer 40045a30 f   LIBCMTD:winapisupp.obj
 0001:00044a60       ___crtCloseThreadpoolWait  40045a60 f   LIBCMTD:winapisupp.obj
 0001:00044a90       ___crtCreateEventExW       40045a90 f   LIBCMTD:winapisupp.obj
 0001:00044af0       ___crtCreateSemaphoreExW   40045af0 f   LIBCMTD:winapisupp.obj
 0001:00044b50       ___crtCreateSymbolicLinkW  40045b50 f   LIBCMTD:winapisupp.obj
 0001:00044b90       ___crtCreateThreadpoolTimer 40045b90 f   LIBCMTD:winapisupp.obj
 0001:00044bd0       ___crtCreateThreadpoolWait 40045bd0 f   LIBCMTD:winapisupp.obj
 0001:00044c10       ___crtFlsAlloc             40045c10 f   LIBCMTD:winapisupp.obj
 0001:00044c40       ___crtFlsFree              40045c40 f   LIBCMTD:winapisupp.obj
 0001:00044c80       ___crtFlsGetValue          40045c80 f   LIBCMTD:winapisupp.obj
 0001:00044cc0       ___crtFlsSetValue          40045cc0 f   LIBCMTD:winapisupp.obj
 0001:00044d00       ___crtFlushProcessWriteBuffers 40045d00 f   LIBCMTD:winapisupp.obj
 0001:00044d30       ___crtFreeLibraryWhenCallbackReturns 40045d30 f   LIBCMTD:winapisupp.obj
 0001:00044d60       ___crtGetCurrentProcessorNumber 40045d60 f   LIBCMTD:winapisupp.obj
 0001:00044d90       ___crtGetFileInformationByHandleEx 40045d90 f   LIBCMTD:winapisupp.obj
 0001:00044dd0       ___crtGetLogicalProcessorInformation 40045dd0 f   LIBCMTD:winapisupp.obj
 0001:00044e10       ___crtGetShowWindowMode    40045e10 f   LIBCMTD:winapisupp.obj
 0001:00044e40       ___crtGetTickCount64       40045e40 f   LIBCMTD:winapisupp.obj
 0001:00044e70       ___crtInitializeCriticalSectionEx 40045e70 f   LIBCMTD:winapisupp.obj
 0001:00044ec0       ___crtIsPackagedApp        40045ec0 f   LIBCMTD:winapisupp.obj
 0001:00044f00       ___crtLoadWinApiPointers   40045f00 f   LIBCMTD:winapisupp.obj
 0001:000453a0       ___crtSetFileInformationByHandle 400463a0 f   LIBCMTD:winapisupp.obj
 0001:000453e0       ___crtSetThreadStackGuarantee 400463e0 f   LIBCMTD:winapisupp.obj
 0001:00045410       ___crtSetThreadpoolTimer   40046410 f   LIBCMTD:winapisupp.obj
 0001:00045450       ___crtSetThreadpoolWait    40046450 f   LIBCMTD:winapisupp.obj
 0001:00045480       ___crtSetUnhandledExceptionFilter 40046480 f   LIBCMTD:winapisupp.obj
 0001:00045490       ___crtSleep                40046490 f   LIBCMTD:winapisupp.obj
 0001:000454a0       ___crtTerminateProcess     400464a0 f   LIBCMTD:winapisupp.obj
 0001:000454c0       ___crtUnhandledException   400464c0 f   LIBCMTD:winapisupp.obj
 0001:000454e0       ___crtWaitForThreadpoolTimerCallbacks 400464e0 f   LIBCMTD:winapisupp.obj
 0001:00045510       __flsbuf                   40046510 f   LIBCMTD:_flsbuf.obj
 0001:000457e0       __output_l                 400467e0 f   LIBCMTD:output.obj
 0001:00046e90       _get_int64_arg             40047e90 f i LIBCMTD:output.obj
 0001:00046eb0       _get_int_arg               40047eb0 f i LIBCMTD:output.obj
 0001:00046ed0       _get_short_arg             40047ed0 f i LIBCMTD:output.obj
 0001:00047090       __output_p_l               40048090 f   LIBCMTD:outputp.obj
 0001:0004ae90       __validate_param_reuseA    4004be90 f   LIBCMTD:outputp.obj
 0001:0004b180       _get_crtdouble_arg         4004c180 f i LIBCMTD:outputp.obj
 0001:0004b340       ___iswcsym                 4004c340 f i LIBCMTD:_wctype.obj
 0001:0004b380       ___iswcsymf                4004c380 f i LIBCMTD:_wctype.obj
 0001:0004b3c0       __isleadbyte_l             4004c3c0 f i LIBCMTD:_wctype.obj
 0001:0004b410       __iswalnum_l               4004c410 f i LIBCMTD:_wctype.obj
 0001:0004b430       __iswalpha_l               4004c430 f i LIBCMTD:_wctype.obj
 0001:0004b450       __iswblank_l               4004c450 f i LIBCMTD:_wctype.obj
 0001:0004b480       __iswcntrl_l               4004c480 f i LIBCMTD:_wctype.obj
 0001:0004b4a0       __iswcsym_l                4004c4a0 f i LIBCMTD:_wctype.obj
 0001:0004b4e0       __iswcsymf_l               4004c4e0 f i LIBCMTD:_wctype.obj
 0001:0004b520       __iswdigit_l               4004c520 f i LIBCMTD:_wctype.obj
 0001:0004b540       __iswgraph_l               4004c540 f i LIBCMTD:_wctype.obj
 0001:0004b560       __iswlower_l               4004c560 f i LIBCMTD:_wctype.obj
 0001:0004b580       __iswprint_l               4004c580 f i LIBCMTD:_wctype.obj
 0001:0004b5a0       __iswpunct_l               4004c5a0 f i LIBCMTD:_wctype.obj
 0001:0004b5c0       __iswspace_l               4004c5c0 f i LIBCMTD:_wctype.obj
 0001:0004b5e0       __iswupper_l               4004c5e0 f i LIBCMTD:_wctype.obj
 0001:0004b600       __iswxdigit_l              4004c600 f i LIBCMTD:_wctype.obj
 0001:0004b620       _isleadbyte                4004c620 f i LIBCMTD:_wctype.obj
 0001:0004b640       _iswalnum                  4004c640 f i LIBCMTD:_wctype.obj
 0001:0004b660       _iswalpha                  4004c660 f i LIBCMTD:_wctype.obj
 0001:0004b680       _iswascii                  4004c680 f i LIBCMTD:_wctype.obj
 0001:0004b6b0       _iswblank                  4004c6b0 f i LIBCMTD:_wctype.obj
 0001:0004b6e0       _iswcntrl                  4004c6e0 f i LIBCMTD:_wctype.obj
 0001:0004b700       _iswdigit                  4004c700 f i LIBCMTD:_wctype.obj
 0001:0004b720       _iswgraph                  4004c720 f i LIBCMTD:_wctype.obj
 0001:0004b740       _iswlower                  4004c740 f i LIBCMTD:_wctype.obj
 0001:0004b760       _iswprint                  4004c760 f i LIBCMTD:_wctype.obj
 0001:0004b780       _iswpunct                  4004c780 f i LIBCMTD:_wctype.obj
 0001:0004b7a0       _iswspace                  4004c7a0 f i LIBCMTD:_wctype.obj
 0001:0004b7c0       _iswupper                  4004c7c0 f i LIBCMTD:_wctype.obj
 0001:0004b7e0       _iswxdigit                 4004c7e0 f i LIBCMTD:_wctype.obj
 0001:0004bb30       __MallocaIsSizeInRange     4004cb30 f i LIBCMTD:a_map.obj
 0001:0004bb60       __MarkAllocaS              4004cb60 f i LIBCMTD:a_map.obj
 0001:0004bb80       ___crtLCMapStringA         4004cb80 f   LIBCMTD:a_map.obj
 0001:0004bbe0       __freea                    4004cbe0 f i LIBCMTD:a_map.obj
 0001:0004bc50       ___init_dummy              4004cc50 f   LIBCMTD:wsetloca.obj
 0001:0004bc60       __locterm                  4004cc60 f   LIBCMTD:wsetloca.obj
 0001:0004bcf0       ____setlc_active_func      4004ccf0 f   LIBCMTD:wsetloca.obj
 0001:0004bd00       ____unguarded_readlc_active_add_func 4004cd00 f   LIBCMTD:wsetloca.obj
 0001:0004bd10       ___copy_locale_name        4004cd10 f   LIBCMTD:wsetloca.obj
 0001:0004bdb0       ___create_locale           4004cdb0 f   LIBCMTD:wsetloca.obj
 0001:0004bdd0       ___free_locale             4004cdd0 f   LIBCMTD:wsetloca.obj
 0001:0004bdf0       ___get_current_locale      4004cdf0 f   LIBCMTD:wsetloca.obj
 0001:0004be00       ___lc_lctowcs              4004ce00 f   LIBCMTD:wsetloca.obj
 0001:0004beb0       ___lc_wcstolc              4004ceb0 f   LIBCMTD:wsetloca.obj
 0001:0004c0d0       __configthreadlocale       4004d0d0 f   LIBCMTD:wsetloca.obj
 0001:0004c230       __create_locale            4004d230 f   LIBCMTD:wsetloca.obj
 0001:0004c2a0       __expandlocale             4004d2a0 f   LIBCMTD:wsetloca.obj
 0001:0004c790       __free_locale              4004d790 f   LIBCMTD:wsetloca.obj
 0001:0004c8c0       __get_current_locale       4004d8c0 f   LIBCMTD:wsetloca.obj
 0001:0004c9e0       __wcreate_locale           4004d9e0 f   LIBCMTD:wsetloca.obj
 0001:0004cbd0       __wcscats                  4004dbd0 f   LIBCMTD:wsetloca.obj
 0001:0004cc50       __wsetlocale               4004dc50 f   LIBCMTD:wsetloca.obj
 0001:0004e210       __strtof_l                 4004f210 f   LIBCMTD:strtoq.obj
 0001:0004e240       __strtoi64                 4004f240 f   LIBCMTD:strtoq.obj
 0001:0004e290       __strtoi64_l               4004f290 f   LIBCMTD:strtoq.obj
 0001:0004e2b0       __strtoimax_l              4004f2b0 f   LIBCMTD:strtoq.obj
 0001:0004e2d0       __strtold_l                4004f2d0 f   LIBCMTD:strtoq.obj
 0001:0004e2f0       __strtoll_l                4004f2f0 f   LIBCMTD:strtoq.obj
 0001:0004e310       __strtoui64                4004f310 f   LIBCMTD:strtoq.obj
 0001:0004e360       __strtoui64_l              4004f360 f   LIBCMTD:strtoq.obj
 0001:0004e380       __strtoull_l               4004f380 f   LIBCMTD:strtoq.obj
 0001:0004e3a0       __strtoumax_l              4004f3a0 f   LIBCMTD:strtoq.obj
 0001:0004e3c0       _strtof                    4004f3c0 f   LIBCMTD:strtoq.obj
 0001:0004e3f0       _strtoimax                 4004f3f0 f   LIBCMTD:strtoq.obj
 0001:0004e410       _strtold                   4004f410 f   LIBCMTD:strtoq.obj
 0001:0004e430       _strtoll                   4004f430 f   LIBCMTD:strtoq.obj
 0001:0004e450       _strtoull                  4004f450 f   LIBCMTD:strtoq.obj
 0001:0004e470       _strtoumax                 4004f470 f   LIBCMTD:strtoq.obj
 0001:0004e990       __strtol_l                 4004f990 f   LIBCMTD:strtol.obj
 0001:0004e9b0       __strtoul_l                4004f9b0 f   LIBCMTD:strtol.obj
 0001:0004e9d0       _strtol                    4004f9d0 f   LIBCMTD:strtol.obj
 0001:0004ea20       _strtoul                   4004fa20 f   LIBCMTD:strtol.obj
 0001:0004ea70       __CItan_pentium4           4004fa70 f   LIBCMTD:tan_pentium4.obj
 0001:0004ea88       __tan_pentium4             4004fa88     LIBCMTD:tan_pentium4.obj
 0001:0004ecd0       __XcptFilter               4004fcd0 f   LIBCMTD:winxfltr.obj
 0001:0004eed0       ___CppXcptFilter           4004fed0 f   LIBCMTD:winxfltr.obj
 0001:0004ef60       __get_heap_handle          4004ff60 f   LIBCMTD:heapinit.obj
 0001:0004efa0       __heap_init                4004ffa0 f   LIBCMTD:heapinit.obj
 0001:0004efd0       __heap_term                4004ffd0 f   LIBCMTD:heapinit.obj
 0001:0004eff0       __ioinit                   4004fff0 f   LIBCMTD:ioinit.obj
 0001:0004f4d0       __ioterm                   400504d0 f   LIBCMTD:ioinit.obj
 0001:0004f570       __set_pgmptr               40050570 f i LIBCMTD:stdargv.obj
 0001:0004f580       __setargv                  40050580 f   LIBCMTD:stdargv.obj
 0001:0004fa50       __setenvp                  40050a50 f   LIBCMTD:stdenvp.obj
 0001:00050080       __CrtCheckMemory           40051080 f   LIBCMTD:dbgheap.obj
 0001:000504e0       __CrtDoForAllClientObjects 400514e0 f   LIBCMTD:dbgheap.obj
 0001:00050610       __CrtDumpMemoryLeaks       40051610 f   LIBCMTD:dbgheap.obj
 0001:000506b0       __CrtGetAllocHook          400516b0 f   LIBCMTD:dbgheap.obj
 0001:000506c0       __CrtGetCheckCount         400516c0 f   LIBCMTD:dbgheap.obj
 0001:000506d0       __CrtGetDumpClient         400516d0 f   LIBCMTD:dbgheap.obj
 0001:000506e0       __CrtIsMemoryBlock         400516e0 f   LIBCMTD:dbgheap.obj
 0001:00050850       __CrtIsValidHeapPointer    40051850 f   LIBCMTD:dbgheap.obj
 0001:00050890       __CrtIsValidPointer        40051890 f   LIBCMTD:dbgheap.obj
 0001:000508c0       __CrtMemCheckpoint         400518c0 f   LIBCMTD:dbgheap.obj
 0001:00050af0       __CrtMemDifference         40051af0 f   LIBCMTD:dbgheap.obj
 0001:00050d50       __CrtMemDumpAllObjectsSince 40051d50 f   LIBCMTD:dbgheap.obj
 0001:00050d90       __CrtMemDumpStatistics     40051d90 f   LIBCMTD:dbgheap.obj
 0001:00050eb0       __CrtReportBlockType       40051eb0 f   LIBCMTD:dbgheap.obj
 0001:00050ee0       __CrtSetAllocHook          40051ee0 f   LIBCMTD:dbgheap.obj
 0001:00050f00       __CrtSetBreakAlloc         40051f00 f   LIBCMTD:dbgheap.obj
 0001:00050f20       __CrtSetCheckCount         40051f20 f   LIBCMTD:dbgheap.obj
 0001:00050f40       __CrtSetDbgBlockType       40051f40 f   LIBCMTD:dbgheap.obj
 0001:00051030       __CrtSetDbgFlag            40052030 f   LIBCMTD:dbgheap.obj
 0001:00051180       __CrtSetDebugFillThreshold 40052180 f   LIBCMTD:dbgheap.obj
 0001:000511a0       __CrtSetDumpClient         400521a0 f   LIBCMTD:dbgheap.obj
 0001:000511c0       __aligned_free             400521c0 f   LIBCMTD:dbgheap.obj
 0001:000511e0       __aligned_free_dbg         400521e0 f   LIBCMTD:dbgheap.obj
 0001:00051290       __aligned_malloc           40052290 f   LIBCMTD:dbgheap.obj
 0001:000512b0       __aligned_malloc_dbg       400522b0 f   LIBCMTD:dbgheap.obj
 0001:000512d0       __aligned_msize            400522d0 f   LIBCMTD:dbgheap.obj
 0001:000512f0       __aligned_msize_dbg        400522f0 f   LIBCMTD:dbgheap.obj
 0001:00051410       __aligned_offset_malloc    40052410 f   LIBCMTD:dbgheap.obj
 0001:00051430       __aligned_offset_malloc_dbg 40052430 f   LIBCMTD:dbgheap.obj
 0001:00051610       __aligned_offset_realloc   40052610 f   LIBCMTD:dbgheap.obj
 0001:00051640       __aligned_offset_realloc_dbg 40052640 f   LIBCMTD:dbgheap.obj
 0001:00051950       __aligned_offset_recalloc  40052950 f   LIBCMTD:dbgheap.obj
 0001:00051980       __aligned_offset_recalloc_dbg 40052980 f   LIBCMTD:dbgheap.obj
 0001:00051a40       __aligned_realloc          40052a40 f   LIBCMTD:dbgheap.obj
 0001:00051a60       __aligned_realloc_dbg      40052a60 f   LIBCMTD:dbgheap.obj
 0001:00051a90       __aligned_recalloc         40052a90 f   LIBCMTD:dbgheap.obj
 0001:00051ac0       __aligned_recalloc_dbg     40052ac0 f   LIBCMTD:dbgheap.obj
 0001:00051af0       __calloc_dbg               40052af0 f   LIBCMTD:dbgheap.obj
 0001:00051b50       __calloc_dbg_impl          40052b50 f   LIBCMTD:dbgheap.obj
 0001:00051bd0       __expand                   40052bd0 f   LIBCMTD:dbgheap.obj
 0001:00051c00       __expand_dbg               40052c00 f   LIBCMTD:dbgheap.obj
 0001:00051d30       __free_dbg                 40052d30 f   LIBCMTD:dbgheap.obj
 0001:00051dc0       __free_dbg_nolock          40052dc0 f   LIBCMTD:dbgheap.obj
 0001:000522c0       __free_nolock              400532c0 f   LIBCMTD:dbgheap.obj
 0001:000522e0       __heap_alloc               400532e0 f   LIBCMTD:dbgheap.obj
 0001:00052300       __heap_alloc_dbg           40053300 f   LIBCMTD:dbgheap.obj
 0001:00052720       __malloc_dbg               40053720 f   LIBCMTD:dbgheap.obj
 0001:00052750       __msize                    40053750 f   LIBCMTD:dbgheap.obj
 0001:00052770       __msize_dbg                40053770 f   LIBCMTD:dbgheap.obj
 0001:00052980       __nh_malloc                40053980 f   LIBCMTD:dbgheap.obj
 0001:000529a0       __nh_malloc_dbg            400539a0 f   LIBCMTD:dbgheap.obj
 0001:00052c30       __realloc_dbg              40053c30 f   LIBCMTD:dbgheap.obj
 0001:00052cd0       __recalloc                 40053cd0 f   LIBCMTD:dbgheap.obj
 0001:00052d00       __recalloc_dbg             40053d00 f   LIBCMTD:dbgheap.obj
 0001:000533c0       ___security_init_cookie    400543c0 f   LIBCMTD:gs_support.obj
 0001:000534a0       _DllMain@12                400544a0 f   LIBCMTD:dllmain.obj
 0001:000534b0       ___crtGetEnvironmentStringsA 400544b0 f   LIBCMTD:a_env.obj
 0001:000535b0       __RTC_Initialize           400545b0 f   LIBCMTD:initsect.obj
 0001:000535e0       __RTC_Terminate            400545e0 f   LIBCMTD:initsect.obj
 0001:00053670       __except_handler4          40054670 f   LIBCMTD:chandler4.obj
 0001:00053830       __87except                 40054830 f   LIBCMTD:87except.obj
 0001:00053a30       __matherr                  40054a30 f   LIBCMTD:matherr.obj
 0001:00053a40       __CopyMan                  40054a40 f i LIBCMTD:intrncvt.obj
 0001:00053a90       __FillZeroMan              40054a90 f i LIBCMTD:intrncvt.obj
 0001:00053ac0       __IncMan                   40054ac0 f i LIBCMTD:intrncvt.obj
 0001:00053b70       __IsZeroMan                40054b70 f i LIBCMTD:intrncvt.obj
 0001:00053bb0       __RoundMan                 40054bb0 f i LIBCMTD:intrncvt.obj
 0001:00053c90       __ShrMan                   40054c90 f i LIBCMTD:intrncvt.obj
 0001:00053d80       __ZeroTail                 40054d80 f i LIBCMTD:intrncvt.obj
 0001:00053e10       __ld12cvt                  40054e10 f i LIBCMTD:intrncvt.obj
 0001:000540d0       __ld12tod                  400550d0 f   LIBCMTD:intrncvt.obj
 0001:000540f0       __ld12tof                  400550f0 f   LIBCMTD:intrncvt.obj
 0001:00054110       __ld12told                 40055110 f   LIBCMTD:intrncvt.obj
 0001:00054210       ___add_12                  40055210 f i LIBCMTD:mantold.obj
 0001:000542c0       ___mtold12                 400552c0 f   LIBCMTD:mantold.obj
 0001:00054410       __lock                     40055410 f   LIBCMTD:mlock.obj
 0001:00054450       __lockerr_exit             40055450 f   LIBCMTD:mlock.obj
 0001:00054480       __mtdeletelocks            40055480 f   LIBCMTD:mlock.obj
 0001:00054540       __mtinitlocknum            40055540 f   LIBCMTD:mlock.obj
 0001:00054660       __mtinitlocks              40055660 f   LIBCMTD:mlock.obj
 0001:000546e0       __unlock                   400556e0 f   LIBCMTD:mlock.obj
 0001:00054700       ___free_lconv_mon          40055700 f   LIBCMTD:initmon.obj
 0001:000548b0       ___init_monetary           400558b0 f   LIBCMTD:initmon.obj
 0001:00054ec0       ___free_lconv_num          40055ec0 f   LIBCMTD:initnum.obj
 0001:00054f80       ___init_numeric            40055f80 f   LIBCMTD:initnum.obj
 0001:00055350       ___free_lc_time            40056350 f   LIBCMTD:inittime.obj
 0001:00055c80       ___init_time               40056c80 f   LIBCMTD:inittime.obj
 0001:00056c80       _localeconv                40057c80 f   LIBCMTD:lconv.obj
 0001:00056e10       ___crtGetStringTypeA       40057e10 f   LIBCMTD:a_str.obj
 0001:00056f60       ?_CallCatchBlock2@@YAPAXPAUEHRegistrationNode@@PBU_s_FuncInfo@@PAXHK@Z 40057f60 f   LIBCMTD:_trnsctrl_.obj
 0001:00056fd0       ?_CallMemberFunction0@@YGXPAX0@Z 40057fd0 f   LIBCMTD:_trnsctrl_.obj
 0001:00056fe0       ?_CallMemberFunction1@@YGXPAX00@Z 40057fe0 f   LIBCMTD:_trnsctrl_.obj
 0001:00056ff0       ?_CallMemberFunction2@@YGXPAX00H@Z 40057ff0 f   LIBCMTD:_trnsctrl_.obj
 0001:00057000       ?_CallSETranslator@@YAHPAUEHExceptionRecord@@PAUEHRegistrationNode@@PAX2PBU_s_FuncInfo@@H1@Z 40058000 f   LIBCMTD:_trnsctrl_.obj
 0001:000570f0       ?_GetRangeOfTrysToCheck@@YAPBU_s_TryBlockMapEntry@@PBU_s_FuncInfo@@HHPAI1@Z 400580f0 f   LIBCMTD:_trnsctrl_.obj
 0001:00057180       ?_JumpToContinuation@@YGXPAXPAUEHRegistrationNode@@@Z 40058180 f   LIBCMTD:_trnsctrl_.obj
 0001:000571c0       ?_UnwindNestedFrames@@YGXPAUEHRegistrationNode@@PAUEHExceptionRecord@@@Z 400581c0 f   LIBCMTD:_trnsctrl_.obj
 0001:00057220       __CreateFrameInfo          40058220 f   LIBCMTD:_trnsctrl_.obj
 0001:00057250       __FindAndUnlinkFrame       40058250 f   LIBCMTD:_trnsctrl_.obj
 0001:000572b0       __IsExceptionObjectToBeDestroyed 400582b0 f   LIBCMTD:_trnsctrl_.obj
 0001:000572e0       ___CxxFrameHandler         400582e0 f   LIBCMTD:_trnsctrl_.obj
 0001:00057320       ___CxxFrameHandler2        40058320 f   LIBCMTD:_trnsctrl_.obj
 0001:00057360       ___CxxFrameHandler3        40058360 f   LIBCMTD:_trnsctrl_.obj
 0001:000573a0       ___CxxLongjmpUnwind@4      400583a0 f   LIBCMTD:_trnsctrl_.obj
 0001:000573d0       ___swprintf_l              400583d0 f   LIBCMTD:swprintf.obj
 0001:00057400       __scwprintf                40058400 f   LIBCMTD:swprintf.obj
 0001:00057420       __scwprintf_l              40058420 f   LIBCMTD:swprintf.obj
 0001:00057450       __scwprintf_p              40058450 f   LIBCMTD:swprintf.obj
 0001:00057470       __scwprintf_p_l            40058470 f   LIBCMTD:swprintf.obj
 0001:000574a0       __snwprintf_s              400584a0 f   LIBCMTD:swprintf.obj
 0001:000574d0       __snwprintf_s_l            400584d0 f   LIBCMTD:swprintf.obj
 0001:00057500       __swprintf                 40058500 f   LIBCMTD:swprintf.obj
 0001:00057720       __swprintf_p               40058720 f   LIBCMTD:swprintf.obj
 0001:00057750       __swprintf_p_l             40058750 f   LIBCMTD:swprintf.obj
 0001:00057780       __swprintf_s_l             40058780 f   LIBCMTD:swprintf.obj
 0001:000577b0       _swprintf_s                400587b0 f   LIBCMTD:swprintf.obj
 0001:000577e0       __CrtDbgBreak              400587e0 f   LIBCMTD:dbgrptt.obj
 0001:000577f0       __CrtGetReportHook         400587f0 f   LIBCMTD:dbgrptt.obj
 0001:00057800       __CrtSetReportFile         40058800 f   LIBCMTD:dbgrptt.obj
 0001:00057900       __CrtSetReportHook         40058900 f   LIBCMTD:dbgrptt.obj
 0001:00057920       __CrtSetReportMode         40058920 f   LIBCMTD:dbgrptt.obj
 0001:00057a60       __VCrtDbgReportA           40058a60 f   LIBCMTD:dbgrptt.obj
 0001:000582d0       __VCrtDbgReportW           400592d0 f   LIBCMTD:dbgrptt.obj
 0001:00058c50       ___pctype_func             40059c50 f   LIBCMTD:ctype.obj
 0001:00058ca0       ___pwctype_func            40059ca0 f   LIBCMTD:ctype.obj
 0001:000590f0       ?_RTC_GetSrcLine@@YAHPAEPA_WKPAH1K@Z 4005a0f0 f   LIBCMTD:pdblkup.obj
 0001:000593a0       __CrtDbgReport             4005a3a0 f   LIBCMTD:dbgrpt.obj
 0001:000593f0       __CrtDbgReportV            4005a3f0 f i LIBCMTD:dbgrpt.obj
 0001:00059420       __CrtSetReportHook2        4005a420 f   LIBCMTD:dbgrpt.obj
 0001:00059770       ___crtMessageWindowA       4005a770 f   LIBCMTD:dbgrpt.obj
 0001:00059c20       ___isascii                 4005ac20 f i LIBCMTD:_ctype.obj
 0001:00059c50       ___iscsym                  4005ac50 f i LIBCMTD:_ctype.obj
 0001:00059c90       ___iscsymf                 4005ac90 f i LIBCMTD:_ctype.obj
 0001:00059cd0       ___toascii                 4005acd0 f i LIBCMTD:_ctype.obj
 0001:00059ce0       __isalnum_l                4005ace0 f i LIBCMTD:_ctype.obj
 0001:00059d60       __isalpha_l                4005ad60 f i LIBCMTD:_ctype.obj
 0001:00059de0       __isblank_l                4005ade0 f i LIBCMTD:_ctype.obj
 0001:00059e70       __iscntrl_l                4005ae70 f i LIBCMTD:_ctype.obj
 0001:00059ef0       __iscsym_l                 4005aef0 f i LIBCMTD:_ctype.obj
 0001:00059f30       __iscsymf_l                4005af30 f i LIBCMTD:_ctype.obj
 0001:00059f70       __isdigit_l                4005af70 f i LIBCMTD:_ctype.obj
 0001:00059ff0       __isgraph_l                4005aff0 f i LIBCMTD:_ctype.obj
 0001:0005a070       __islower_l                4005b070 f i LIBCMTD:_ctype.obj
 0001:0005a0f0       __isprint_l                4005b0f0 f i LIBCMTD:_ctype.obj
 0001:0005a170       __ispunct_l                4005b170 f i LIBCMTD:_ctype.obj
 0001:0005a1f0       __isspace_l                4005b1f0 f i LIBCMTD:_ctype.obj
 0001:0005a270       __isupper_l                4005b270 f i LIBCMTD:_ctype.obj
 0001:0005a2f0       __isxdigit_l               4005b2f0 f i LIBCMTD:_ctype.obj
 0001:0005a370       _isalnum                   4005b370 f i LIBCMTD:_ctype.obj
 0001:0005a3b0       _isalpha                   4005b3b0 f i LIBCMTD:_ctype.obj
 0001:0005a3f0       _isblank                   4005b3f0 f i LIBCMTD:_ctype.obj
 0001:0005a440       _iscntrl                   4005b440 f i LIBCMTD:_ctype.obj
 0001:0005a470       _isdigit                   4005b470 f i LIBCMTD:_ctype.obj
 0001:0005a4a0       _isgraph                   4005b4a0 f i LIBCMTD:_ctype.obj
 0001:0005a4e0       _islower                   4005b4e0 f i LIBCMTD:_ctype.obj
 0001:0005a510       _isprint                   4005b510 f i LIBCMTD:_ctype.obj
 0001:0005a550       _ispunct                   4005b550 f i LIBCMTD:_ctype.obj
 0001:0005a580       _isspace                   4005b580 f i LIBCMTD:_ctype.obj
 0001:0005a5b0       _isupper                   4005b5b0 f i LIBCMTD:_ctype.obj
 0001:0005a5e0       _isxdigit                  4005b5e0 f i LIBCMTD:_ctype.obj
 0001:0005a620       _strcpy_s                  4005b620 f   LIBCMTD:strcpy_s.obj
[...]
 0002:00017fbc       __ehfuncinfo$?wcstoxq@@YA_KPAUlocaleinfo_struct@@PB_WPAPB_WHH@Z 4009bfbc     LIBCMTD:wcstoq.obj
 0002:00017fe0       __sehtable$?_Name_base@type_info@@CAPBDPBV1@PAU__type_info_node@@@Z 4009bfe0     LIBCMTD:typname.obj
 0002:00018000       __sehtable$?_Type_info_dtor@type_info@@CAXPAV1@@Z 4009c000     LIBCMTD:typname.obj
 0002:00018020       __sehtable$?_Name_base_internal@type_info@@CAPBDPBV1@PAU__type_info_node@@@Z 4009c020     LIBCMTD:typname.obj
 0002:00018040       __sehtable$?_Type_info_dtor_internal@type_info@@CAXPAV1@@Z 4009c040     LIBCMTD:typname.obj
 0002:00018060       __sehtable$___clean_type_info_names_internal 4009c060     LIBCMTD:typname.obj
 0002:00018080       __sehtable$___unDName      4009c080     LIBCMTD:undname.obj
 0002:000180a0       __sehtable$___unDNameEx    4009c0a0     LIBCMTD:undname.obj
 0002:000180bc       __unwindtable$?make@DNameStatusNode@@SAPAV1@W4DNameStatus@@@Z 4009c0bc     LIBCMTD:undname.obj
 0002:000180c4       __ehfuncinfo$?make@DNameStatusNode@@SAPAV1@W4DNameStatus@@@Z 4009c0c4     LIBCMTD:undname.obj
 0002:000180f0       .edata                     4009c0f0     uix86.exp
 0002:00018118       rgpv                       4009c118     uix86.exp
 0002:00018120       rgszName                   4009c120     uix86.exp
 0002:00018128       rgwOrd                     4009c128     uix86.exp
 0002:0001812c       szName                     4009c12c     uix86.exp
 0002:00018136       $N00001                    4009c136     uix86.exp
 0002:0001813f       $N00002                    4009c13f     uix86.exp
 0002:000188c0       .idata$6                   4009c8c0     kernel32:KERNEL32.dll
 0003:000011a8       _syscall                   4009e1a8     ui_syscalls.obj
 0003:000011ac       _skillNames                4009e1ac     ui_addbots.obj
 0003:000011c4       _teamNames1                4009e1c4     ui_addbots.obj
 0003:000011cc       _teamNames2                4009e1cc     ui_addbots.obj
 0003:000011d8       _propMap                   4009e1d8     ui_atoms.obj
 0003:000017d8       _propMapB                  4009e7d8     ui_atoms.obj
 0003:00001910       _cinematics                4009e910     ui_cinematics.obj
 0003:0000193c       ?dlText@?1??UI_DisplayDownloadInfo@@9@9 4009e93c     ui_connect.obj
 0003:0000194c       ?etaText@?1??UI_DisplayDownloadInfo@@9@9 4009e94c     ui_connect.obj
 0003:00001964       ?xferText@?1??UI_DisplayDownloadInfo@@9@9 4009e964     ui_connect.obj
 0003:00001978       _controls_binding_color    4009e978     ui_controls2.obj
 0003:00001988       _g_bindings                4009e988     ui_controls2.obj
 0003:00001de8       _g_configcvars             4009ede8     ui_controls2.obj
 0003:00001e54       _g_movement_controls       4009ee54     ui_controls2.obj
 0003:00001e84       _g_weapons_controls        4009ee84     ui_controls2.obj
 0003:00001ebc       _g_looking_controls        4009eebc     ui_controls2.obj
 0003:00001eec       _g_misc_controls           4009eeec     ui_controls2.obj
 0003:00001f0c       _g_controls                4009ef0c     ui_controls2.obj
 0003:00001f20       _cvarTable                 4009ef20     ui_main.obj
 0003:00002210       _cvarTableSize             4009f210     ui_main.obj
 0003:00002214       _rate_items                4009f214     ui_network.obj
 0003:0000222c       _playermodel_artlist       4009f22c     ui_playermodel.obj
 0003:00002258       _gamecodetoui              4009f258     ui_playersettings.obj
 0003:00002274       _uitogamecode              4009f274     ui_playersettings.obj
 0003:00002290       _handicap_items            4009f290     ui_playersettings.obj
 0003:000022e4       _teamoverlay_names         4009f2e4     ui_preferences.obj
 0003:000023f8       _serverinfo_artlist        4009f3f8     ui_serverinfo.obj
 0003:0000240c       _master_items              4009f40c     ui_servers2.obj
 0003:0000241c       _servertype_items          4009f41c     ui_servers2.obj
 0003:00002434       _sortkey_items             4009f434     ui_servers2.obj
 0003:0000244c       _gamenames                 4009f44c     ui_servers2.obj
 0003:00002484       _netnames                  4009f484     ui_servers2.obj
 0003:00002494       _quake3worldMessage        4009f494     ui_servers2.obj
 0003:000024f0       _quality_items             4009f4f0     ui_sound.obj
 0003:000024fc       _specifyserver_artlist     4009f4fc     ui_specifyserver.obj
 0003:00002560       _medalLocations            4009f560     ui_sppostgame.obj
 0003:00002578       _gametype_items            4009f578     ui_startserver.obj
 0003:0000258c       _gametype_remap            4009f58c     ui_startserver.obj
 0003:0000259c       _gametype_remap2           4009f59c     ui_startserver.obj
 0003:000025b0       _dedicated_list            4009f5b0     ui_startserver.obj
 0003:000025c0       _playerType_list           4009f5c0     ui_startserver.obj
 0003:000025d0       _playerTeam_list           4009f5d0     ui_startserver.obj
 0003:000025dc       _botSkill_list             4009f5dc     ui_startserver.obj
 0003:000025f4       _ctfOrders                 4009f5f4     ui_teamorders.obj
 0003:00002614       _ctfMessages               4009f614     ui_teamorders.obj
 0003:00002634       _teamOrders                4009f634     ui_teamorders.obj
 0003:00002650       _teamMessages              4009f650     ui_teamorders.obj
 0003:00002670       _driverinfo_artlist        4009f670     ui_video.obj
 0003:00002684       _s_drivers                 4009f684     ui_video.obj
 0003:00002690       _s_ivo_templates           4009f690     ui_video.obj
 0003:00002758       ?s_driver_names@?1??GraphicsOptions_MenuInit@@9@9 4009f758     ui_video.obj
 0003:00002764       ?tq_names@?1??GraphicsOptions_MenuInit@@9@9 4009f764     ui_video.obj
 0003:00002774       ?s_graphics_options_names@?1??GraphicsOptions_MenuInit@@9@9 4009f774     ui_video.obj
 0003:0000278c       ?lighting_names@?1??GraphicsOptions_MenuInit@@9@9 4009f78c     ui_video.obj
 0003:00002798       ?colordepth_names@?1??GraphicsOptions_MenuInit@@9@9 4009f798     ui_video.obj
 0003:000027a8       ?resolutions@?1??GraphicsOptions_MenuInit@@9@9 4009f7a8     ui_video.obj
 0003:000027dc       ?filter_names@?1??GraphicsOptions_MenuInit@@9@9 4009f7dc     ui_video.obj
 0003:000027e8       ?quality_names@?1??GraphicsOptions_MenuInit@@9@9 4009f7e8     ui_video.obj
 0003:000027f8       ?enabled_names@?1??GraphicsOptions_MenuInit@@9@9 4009f7f8     ui_video.obj
 0003:00002810       _NAME_                     4009f810     LIBCMTD:cos.obj
 0003:00002820       _NAME_                     4009f820     LIBCMTD:sin.obj
 0003:00002838       __assertstring             4009f838     LIBCMTD:wassert.obj
 0003:00002888       _dotdotdot                 4009f888     LIBCMTD:wassert.obj
 0003:0000288c       _newline                   4009f88c     LIBCMTD:wassert.obj
 0003:00002890       _dblnewline                4009f890     LIBCMTD:wassert.obj
 0003:000028a0       _NAME_                     4009f8a0     LIBCMTD:sqrt.obj
 0003:000028b0       _NAME_                     4009f8b0     LIBCMTD:tan.obj
 0003:000028c0       ?_names@?1??_get_fname@@9@9 4009f8c0     LIBCMTD:fpexcept.obj
 0003:000029d0       _over                      4009f9d0     LIBCMTD:fpctrl.obj
 0003:000029dc       _under                     4009f9dc     LIBCMTD:fpctrl.obj
 0003:000029e8       ?__DAZ_ENABLED@?1??__set_fpsr_sse2@@9@9 4009f9e8     LIBCMTD:fpctrl.obj
 0003:000029f0       _errtable                  4009f9f0     LIBCMTD:dosmap.obj
 0003:00002b58       _ErrnoNoMem                4009fb58     LIBCMTD:dosmap.obj
 0003:00002b5c       _DoserrorNoMem             4009fb5c     LIBCMTD:dosmap.obj
 0003:00002f88       ___rgctypeflag             4009ff88     LIBCMTD:mbctype.obj
 0003:00002f90       ___rgcode_page_info        4009ff90     LIBCMTD:mbctype.obj
 0003:00003084       _dotdotdot                 400a0084     LIBCMTD:dbgrptw.obj
 0003:00003588       ?isPackaged@?1??__crtIsPackagedApp@@9@9 400a0588     LIBCMTD:winapisupp.obj
 0003:00003594       __ctype_loc_style          400a0594     LIBCMTD:wsetloca.obj
 0003:000035ec       __lRequestCurr             400a05ec     LIBCMTD:dbgheap.obj
 0003:000035f0       __bNoMansLandFill          400a05f0     LIBCMTD:dbgheap.obj
 0003:000035f1       __bAlignLandFill           400a05f1     LIBCMTD:dbgheap.obj
 0003:000035f2       __bDeadLandFill            400a05f2     LIBCMTD:dbgheap.obj
 0003:000035f3       __bCleanLandFill           400a05f3     LIBCMTD:dbgheap.obj
 0003:000035f8       _DoubleFormat              400a05f8     LIBCMTD:intrncvt.obj
 0003:00003610       _FloatFormat               400a0610     LIBCMTD:intrncvt.obj
 0003:000038e8       __locktable                400a08e8     LIBCMTD:mlock.obj
 0003:00003a88       _dotdotdot                 400a0a88     LIBCMTD:dbgrpt.obj
 0003:00003c2c       ?bops_initialized@?1??BoxOnPlaneSide@@9@9 400a0c2c     q_math.obj
 0003:00003c30       ?Ljmptab@?1??BoxOnPlaneSide@@9@9 400a0c30     q_math.obj
 0003:00003c50       ?sr@?1??AngleVectors@@9@9  400a0c50     q_math.obj
 0003:00003c54       ?sp@?1??AngleVectors@@9@9  400a0c54     q_math.obj
 0003:00003c58       ?sy@?1??AngleVectors@@9@9  400a0c58     q_math.obj
 0003:00003c5c       ?cr@?1??AngleVectors@@9@9  400a0c5c     q_math.obj
 0003:00003c60       ?cp@?1??AngleVectors@@9@9  400a0c60     q_math.obj
 0003:00003c64       ?cy@?1??AngleVectors@@9@9  400a0c64     q_math.obj
 0003:00003c68       ?index@?1??va@@9@9         400a0c68     q_shared.obj
 0003:00003c6c       ?valueindex@?1??Info_ValueForKey@@9@9 400a0c6c     q_shared.obj
 0003:00003c70       _com_token                 400a0c70     q_shared.obj
 0003:00004070       _com_parsename             400a1070     q_shared.obj
 0003:00004470       _com_lines                 400a1470     q_shared.obj
 0003:00004478       ?string@?1??COM_ParseError@@9@9 400a1478     q_shared.obj
 0003:00005478       ?string@?1??COM_ParseWarning@@9@9 400a2478     q_shared.obj
 0003:00006478       ?string@?1??va@@9@9        400a3478     q_shared.obj
 0003:00015e78       ?value@?1??Info_ValueForKey@@9@9 400b2e78     q_shared.obj
 0003:00019e78       _addBotsMenuInfo           400b6e78     ui_addbots.obj
 0003:0001b4f8       ?buffer@?1??UI_Argv@@9@9   400b84f8     ui_atoms.obj
 0003:0001b8f8       ?buffer@?1??UI_Cvar_VariableString@@9@9 400b88f8     ui_atoms.obj
 0003:0001bcf8       _cdkeyMenuInfo             400b8cf8     ui_cdkey.obj
 0003:0001c0b8       _cinematicsMenuInfo        400b90b8     ui_cinematics.obj
 0003:0001c5f8       _s_confirm                 400b95f8     ui_confirm.obj
 0003:0001c7c0       _lastConnState             400b97c0     ui_connect.obj
 0003:0001c7c8       _lastLoadingText           400b97c8     ui_connect.obj
 0003:0001cbc8       _s_controls                400b9bc8     ui_controls2.obj
 0003:0001ded0       ?playername@?1??Controls_MenuInit@@9@9 400baed0     ui_controls2.obj
 0003:0001def0       _s_credits                 400baef0     ui_credits.obj
 0003:0001e010       _s_demos                   400bb010     ui_demo2.obj
 0003:0001ee48       _displayOptionsInfo        400bbe48     ui_display.obj
 0003:0001f270       _ui_botInfos               400bc270     ui_gameinfo.obj
 0003:00020270       _ui_numArenas              400bd270     ui_gameinfo.obj
 0003:00020274       _ui_numSinglePlayerArenas  400bd274     ui_gameinfo.obj
 0003:00020278       _ui_arenaInfos             400bd278     ui_gameinfo.obj
 0003:00021278       _ui_numSpecialSinglePlayerArenas 400be278     ui_gameinfo.obj
 0003:0002127c       _allocPoint                400be27c     ui_gameinfo.obj
 0003:00021280       _memoryPool                400be280     ui_gameinfo.obj
 0003:00041280       _outOfMemory               400de280     ui_gameinfo.obj
 0003:00041288       _s_ingame                  400de288     ui_ingame.obj
 0003:000416d0       _s_main                    400de6d0     ui_menu.obj
 0003:00041a38       _s_errorMessage            400dea38     ui_menu.obj
 0003:00042b58       _s_mods                    400dfb58     ui_mods.obj
 0003:00044088       _networkOptionsInfo        400e1088     ui_network.obj
 0003:00044478       _s_options                 400e1478     ui_options.obj
 0003:00044808       _s_playermodel             400e1808     ui_playermodel.obj
 0003:0004dcac       ?playername@?1??PlayerModel_MenuInit@@9@9 400eacac     ui_playermodel.obj
 0003:0004dccc       ?modelname@?1??PlayerModel_MenuInit@@9@9 400eaccc     ui_playermodel.obj
 0003:0004dcec       ?skinname@?1??PlayerModel_MenuInit@@9@9 400eacec     ui_playermodel.obj
 0003:0004dd0c       _dp_realtime               400ead0c     ui_players.obj
 0003:0004dd10       _jumpHeight                400ead10     ui_players.obj
 0003:0004dd18       _s_playersettings          400ead18     ui_playersettings.obj
 0003:0004e758       _s_preferences             400eb758     ui_preferences.obj
 0003:0004ecf0       _sliderBar                 400ebcf0     ui_qmenu.obj
 0003:0004ecf4       _sliderButton_0            400ebcf4     ui_qmenu.obj
 0003:0004ecf8       _sliderButton_1            400ebcf8     ui_qmenu.obj
 0003:0004ed00       _removeBotsMenuInfo        400ebd00     ui_removebots.obj
 0003:00050360       _s_serverinfo              400ed360     ui_serverinfo.obj
 0003:00050a20       _g_arenaservers            400eda20     ui_servers2.obj
 0003:000544e4       _g_numglobalservers        400f14e4     ui_servers2.obj
 0003:000544e8       _g_globalserverlist        400f14e8     ui_servers2.obj
 0003:000590e8       _g_localserverlist         400f60e8     ui_servers2.obj
 0003:0005dce8       _g_numlocalservers         400face8     ui_servers2.obj
 0003:0005dcec       _g_numfavoriteservers      400facec     ui_servers2.obj
 0003:0005dcf0       _g_favoriteserverlist      400facf0     ui_servers2.obj
 0003:0005e670       _g_mplayerserverlist       400fb670     ui_servers2.obj
 0003:00063270       _g_nummplayerservers       40100270     ui_servers2.obj
 0003:00063274       _g_servertype              40100274     ui_servers2.obj
 0003:00063278       _g_gametype                40100278     ui_servers2.obj
 0003:0006327c       _g_sortkey                 4010027c     ui_servers2.obj
 0003:00063280       _g_emptyservers            40100280     ui_servers2.obj
 0003:00063284       _g_fullservers             40100284     ui_servers2.obj
 0003:00063288       ?picname@?1??ArenaServers_UpdatePicture@@9@9 40100288     ui_servers2.obj
 0003:000632c8       ?statusbuffer@?1??ArenaServers_MenuInit@@9@9 401002c8     ui_servers2.obj
 0003:00063308       _setupMenuInfo             40100308     ui_setup.obj
 0003:00063728       _soundOptionsInfo          40100728     ui_sound.obj
 0003:00063bb0       _s_specifyserver           40100bb0     ui_specifyserver.obj
 0003:00064110       _levelMenuInfo             40101110     ui_splevel.obj
 0003:00064b48       _selectedArenaSet          40101b48     ui_splevel.obj
 0003:00064b4c       _selectedArena             40101b4c     ui_splevel.obj
 0003:00064b50       _currentSet                40101b50     ui_splevel.obj
 0003:00064b54       _currentGame               40101b54     ui_splevel.obj
 0003:00064b58       _trainingTier              40101b58     ui_splevel.obj
 0003:00064b5c       _finalTier                 40101b5c     ui_splevel.obj
 0003:00064b60       _minTier                   40101b60     ui_splevel.obj
 0003:00064b64       _maxTier                   40101b64     ui_splevel.obj
 0003:00064b68       _postgameMenuInfo          40101b68     ui_sppostgame.obj
 0003:00064f28       _arenainfo                 40101f28     ui_sppostgame.obj
 0003:00065328       _s_reset                   40102328     ui_spreset.obj
 0003:000654e0       _skillMenuInfo             401024e0     ui_spskill.obj
 0003:00065930       _s_startserver             40102930     ui_startserver.obj
 0003:000665d8       ?picname@?1??StartServer_Update@@9@9 401035d8     ui_startserver.obj
 0003:000666d8       ?mapnamebuffer@?1??StartServer_MenuInit@@9@9 401036d8     ui_startserver.obj
 0003:00066718       _s_serveroptions           40103718     ui_startserver.obj
 0003:00067eb0       ?picname@?1??ServerOptions_SetMenuItems@@9@9 40104eb0     ui_startserver.obj
 0003:00067ef0       _botSelectInfo             40104ef0     ui_startserver.obj
 0003:0006a6a0       _s_teammain                401076a0     ui_team.obj
 0003:0006a938       _teamOrdersMenuInfo        40107938     ui_teamorders.obj
 0003:0006ac70       _s_driverinfo              40107c70     ui_video.obj
 0003:0006b3e4       _s_ivo                     401083e4     ui_video.obj
 0003:0006b410       _s_graphicsoptions         40108410     ui_video.obj
 0003:0006bc4c       ?init@?1??_RTC_InitBase@@9@4_NA 40108c4c     LIBCMTD:init.obj
 0003:0006bc58       _GS_ExceptionRecord        40108c58     LIBCMTD:gs_report.obj
 0003:0006bca8       _GS_ContextRecord          40108ca8     LIBCMTD:gs_report.obj
 0003:0006bf74       _DebuggerWasPresent        40108f74     LIBCMTD:gs_report.obj
 0003:0006bf78       ___proc_attached           40108f78     LIBCMTD:dllcrt0.obj
 0003:0006bfa0       _fSystemSet                40108fa0     LIBCMTD:mbctype.obj
 0003:0006bfa8       __RTC_ErrorReportFunc      40108fa8     LIBCMTD:userapi.obj
 0003:0006bfac       __RTC_ErrorReportFuncW     40108fac     LIBCMTD:userapi.obj
 0003:0006bfec       _ctrlc_action              40108fec     LIBCMTD:winsig.obj
 0003:0006bff0       _ctrlbreak_action          40108ff0     LIBCMTD:winsig.obj
 0003:0006bff4       _abort_action              40108ff4     LIBCMTD:winsig.obj
 0003:0006bff8       _term_action               40108ff8     LIBCMTD:winsig.obj
 0003:0006bffc       _ConsoleCtrlHandler_Installed 40108ffc     LIBCMTD:winsig.obj
 0003:0006c000       ?pfnGetLastActivePopup@?1??__crtMessageBoxW@@9@9 40109000     LIBCMTD:crtmboxw.obj
 0003:0006c004       ?pfnGetProcessWindowStation@?1??__crtMessageBoxW@@9@9 40109004     LIBCMTD:crtmboxw.obj
 0003:0006c008       ?pfnGetUserObjectInformation@?1??__crtMessageBoxW@@9@9 40109008     LIBCMTD:crtmboxw.obj
 0003:0006c00c       ?pfnMessageBox@?1??__crtMessageBoxW@@9@9 4010900c     LIBCMTD:crtmboxw.obj
 0003:0006c010       ?pfnGetActiveWindow@?1??__crtMessageBoxW@@9@9 40109010     LIBCMTD:crtmboxw.obj
 0003:0006c020       ?outmsg@?M@??_NMSG_WRITE@@9@9 40109020     LIBCMTD:crt0msg.obj
 0003:0006c758       ?_pgmname@?1??_setargv@@9@9 40109758     LIBCMTD:stdargv.obj
 0003:0006c864       _check_frequency           40109864     LIBCMTD:dbgheap.obj
 0003:0006c86c       _check_counter             4010986c     LIBCMTD:dbgheap.obj
 0003:0006c870       __lTotalAlloc              40109870     LIBCMTD:dbgheap.obj
 0003:0006c874       __lCurAlloc                40109874     LIBCMTD:dbgheap.obj
 0003:0006c878       __lMaxAlloc                40109878     LIBCMTD:dbgheap.obj
 0003:0006c87c       __pFirstBlock              4010987c     LIBCMTD:dbgheap.obj
 0003:0006c880       __pLastBlock               40109880     LIBCMTD:dbgheap.obj
 0003:0006c888       _lclcritsects              40109888     LIBCMTD:mlock.obj
 0003:0006c9f8       _mspdb                     401099f8     LIBCMTD:pdblkup.obj
 0003:0006c9fc       ?alreadyTried@?1??GetPdbDll@@YAPAUHINSTANCE__@@XZ@4_NA 401099fc     LIBCMTD:pdblkup.obj
 0003:0006c9fd       ?PDBOK@?BM@??_RTC_GetSrcLine@@YAHPAEPA_WKPAH1K@Z@4_NA 401099fd     LIBCMTD:pdblkup.obj
 0003:0006ca10       _g_pfnRtlGenRandom         40109a10     LIBCMTD:rand_s.obj
 0003:0006ca1c       ___enable_percent_n        40109a1c     LIBCMTD:printf.obj
 0003:0006ca20       ___crtCallProc             40109a20     LIBCMTD:winapinls.obj
 0003:0006ca2c       ___type_info_root_node     40109a2c     LIBCMTD:typname.obj
 0003:0006ca5c       _heap                      40109a5c     LIBCMTD:undname.obj
 0003:0006ca70       ?buf@?1??dbGetString@DName@@QBEPADXZ@4PADA 40109a70     LIBCMTD:undname.obj
 0004:00000060       $R000000                   40111060     * linker generated manifest res *
