 qagamex86

 Timestamp is 55365faa (Tue Apr 21 16:33:14 2015)

 Preferred load address is 20000000

 Start         Length     Name                   Class
 0001:00000000 000aeb20H .text$mn                CODE
 0001:000aeb20 00000139H .text$x                 CODE
 0002:00000000 00000154H .idata$5                DATA
 0002:00000154 00000004H .CRT$XCA                DATA
 0002:00000158 00000004H .CRT$XCZ                DATA
 0002:0000015c 00000004H .CRT$XIA                DATA
 0002:00000160 00000014H .CRT$XIC                DATA
 0002:00000174 00000004H .CRT$XIZ                DATA
 0002:00000178 00000004H .CRT$XPA                DATA
 0002:0000017c 00000008H .CRT$XPX                DATA
 0002:00000184 00000004H .CRT$XPXA               DATA
 0002:00000188 00000004H .CRT$XPZ                DATA
 0002:0000018c 00000004H .CRT$XTA                DATA
 0002:00000190 00000004H .CRT$XTZ                DATA
 0002:000001a0 00016bc0H .rdata                  DATA
 0002:00016d60 00000064H .rdata$debug            DATA
 0002:00016dc4 00000388H .rdata$r                DATA
 0002:00017150 00000030H .rdata$sxdata           DATA
 0002:00017180 00000004H .rtc$IAA                DATA
 0002:00017184 00000004H .rtc$IZZ                DATA
 0002:00017188 00000004H .rtc$TAA                DATA
 0002:0001718c 00000004H .rtc$TZZ                DATA
 0002:00017190 00000b08H .xdata$x                DATA
 0002:00017ca0 0000005aH .edata                  DATA
 0002:00017cfc 00000014H .idata$2                DATA
 0002:00017d10 00000014H .idata$3                DATA
 0002:00017d24 00000154H .idata$4                DATA
 0002:00017e78 0000061aH .idata$6                DATA
 0003:00000000 00002f64H .data                   DATA
 0003:00002f64 0000014fH .data$r                 DATA
 0003:000030c0 0014d00cH .bss                    DATA
 0004:00000000 00000058H .rsrc$01                DATA
 0004:00000060 00000180H .rsrc$02                DATA

  Address         Publics by Value              Rva+Base       Lib:Object

 0000:00000000       ___guard_fids_table        00000000     <absolute>
 0000:00000000       __except_list              00000000     <absolute>
 0000:00000000       ___guard_fids_count        00000000     <absolute>
 0000:00000000       ___guard_flags             00000000     <absolute>
 0000:0000000c       ___safe_se_handler_count   0000000c     <absolute>
 0000:00000000       ___ImageBase               20000000     <linker-defined>
 0001:00000000       _BotChatTest               20001000 f   ai_chat.obj
 0001:00000d70       _BotChatTime               20001d70 f   ai_chat.obj
 0001:00000db0       _BotChat_Death             20001db0 f   ai_chat.obj
 0001:00001290       _BotChat_EndLevel          20002290 f   ai_chat.obj
 0001:000014e0       _BotChat_EnemySuicide      200024e0 f   ai_chat.obj
 0001:00001670       _BotChat_EnterGame         20002670 f   ai_chat.obj
 0001:000017e0       _BotChat_ExitGame          200027e0 f   ai_chat.obj
 0001:00001930       _BotChat_HitNoDeath        20002930 f   ai_chat.obj
 0001:00001b50       _BotChat_HitNoKill         20002b50 f   ai_chat.obj
 0001:00001d30       _BotChat_HitTalking        20002d30 f   ai_chat.obj
 0001:00001f20       _BotChat_Kill              20002f20 f   ai_chat.obj
 0001:00002200       _BotChat_Random            20003200 f   ai_chat.obj
 0001:00002510       _BotChat_StartLevel        20003510 f   ai_chat.obj
 0001:00002670       _BotFirstClientInRankings  20003670 f   ai_chat.obj
 0001:000027d0       _BotIsFirstInRankings      200037d0 f   ai_chat.obj
 0001:00002910       _BotIsLastInRankings       20003910 f   ai_chat.obj
 0001:00002a50       _BotLastClientInRankings   20003a50 f   ai_chat.obj
 0001:00002bb0       _BotMapTitle               20003bb0 f   ai_chat.obj
 0001:00002c50       _BotNumActivePlayers       20003c50 f   ai_chat.obj
 0001:00002d50       _BotRandomOpponentName     20003d50 f   ai_chat.obj
 0001:00002f40       _BotRandomWeaponName       20003f40 f   ai_chat.obj
 0001:00002ff0       _BotValidChatPosition      20003ff0 f   ai_chat.obj
 0001:00003320       _BotVisibleEnemies         20004320 f   ai_chat.obj
 0001:00003450       _BotWeaponNameForMeansOfDeath 20004450 f   ai_chat.obj
 0001:00003520       _BotAddressedToBot         20004520 f   ai_cmd.obj
 0001:000037d0       _BotGPSToPosition          200047d0 f   ai_cmd.obj
 0001:000038e0       _BotGetItemTeamGoal        200048e0 f   ai_cmd.obj
 0001:00003950       _BotGetMessageTeamGoal     20004950 f   ai_cmd.obj
 0001:000039c0       _BotGetPatrolWaypoints     200049c0 f   ai_cmd.obj
 0001:00003c80       _BotGetTime                20004c80 f   ai_cmd.obj
 0001:00003e10       _BotMatchMessage           20004e10 f   ai_cmd.obj
 0001:00004200       _BotMatch_AttackEnemyBase  20005200 f   ai_cmd.obj
 0001:00004350       _BotMatch_CTF              20005350 f   ai_cmd.obj
 0001:00004530       _BotMatch_Camp             20005530 f   ai_cmd.obj
 0001:00004a40       _BotMatch_CheckPoint       20005a40 f   ai_cmd.obj
 0001:00004da0       _BotMatch_DefendKeyArea    20005da0 f   ai_cmd.obj
 0001:00004f50       _BotMatch_Dismiss          20005f50 f   ai_cmd.obj
 0001:00005040       _BotMatch_EnterGame        20006040 f   ai_cmd.obj
 0001:000050a0       _BotMatch_FormationSpace   200060a0 f   ai_cmd.obj
 0001:000051c0       _BotMatch_GetFlag          200061c0 f   ai_cmd.obj
 0001:00005330       _BotMatch_GetItem          20006330 f   ai_cmd.obj
 0001:00005490       _BotMatch_HelpAccompany    20006490 f   ai_cmd.obj
 0001:000059f0       _BotMatch_JoinSubteam      200069f0 f   ai_cmd.obj
 0001:00005af0       _BotMatch_Kill             20006af0 f   ai_cmd.obj
 0001:00005c70       _BotMatch_LeadTheWay       20006c70 f   ai_cmd.obj
 0001:00006010       _BotMatch_LeaveSubteam     20007010 f   ai_cmd.obj
 0001:000060f0       _BotMatch_NewLeader        200070f0 f   ai_cmd.obj
 0001:00006170       _BotMatch_Patrol           20007170 f   ai_cmd.obj
 0001:000062e0       _BotMatch_ReturnFlag       200072e0 f   ai_cmd.obj
 0001:00006410       _BotMatch_RushBase         20007410 f   ai_cmd.obj
 0001:00006560       _BotMatch_StartTeamLeaderShip 20007560 f   ai_cmd.obj
 0001:00006640       _BotMatch_StopTeamLeaderShip 20007640 f   ai_cmd.obj
 0001:00006740       _BotMatch_Suicide          20007740 f   ai_cmd.obj
 0001:00006800       _BotMatch_TaskPreference   20007800 f   ai_cmd.obj
 0001:000069d0       _BotMatch_WhatAreYouDoing  200079d0 f   ai_cmd.obj
 0001:00006c70       _BotMatch_WhatIsMyCommand  20007c70 f   ai_cmd.obj
 0001:00006ce0       _BotMatch_WhereAreYou      20007ce0 f   ai_cmd.obj
 0001:00006fd0       _BotMatch_WhichTeam        20007fd0 f   ai_cmd.obj
 0001:00007070       _BotMatch_WhoIsTeamLeader  20008070 f   ai_cmd.obj
 0001:000070f0       _BotNearestVisibleItem     200080f0 f   ai_cmd.obj
 0001:000072b0       _BotPrintTeamGoal          200082b0 f   ai_cmd.obj
 0001:00007530       _FindClientByName          20008530 f   ai_cmd.obj
 0001:00007630       _FindEnemyByName           20008630 f   ai_cmd.obj
 0001:00007760       _NumPlayersOnSameTeam      20008760 f   ai_cmd.obj
 0001:000078c0       _AIEnter_Battle_Chase      200088c0 f   ai_dmnet.obj
 0001:00007910       _AIEnter_Battle_Fight      20008910 f   ai_dmnet.obj
 0001:00007960       _AIEnter_Battle_NBG        20008960 f   ai_dmnet.obj
 0001:000079a0       _AIEnter_Battle_Retreat    200089a0 f   ai_dmnet.obj
 0001:000079e0       _AIEnter_Battle_SuicidalFight 200089e0 f   ai_dmnet.obj
 0001:00007a40       _AIEnter_Intermission      20008a40 f   ai_dmnet.obj
 0001:00007ac0       _AIEnter_Observer          20008ac0 f   ai_dmnet.obj
 0001:00007b10       _AIEnter_Respawn           20008b10 f   ai_dmnet.obj
 0001:00007c40       _AIEnter_Seek_ActivateEntity 20008c40 f   ai_dmnet.obj
 0001:00007c80       _AIEnter_Seek_LTG          20008c80 f   ai_dmnet.obj
 0001:00007d20       _AIEnter_Seek_NBG          20008d20 f   ai_dmnet.obj
 0001:00007dc0       _AIEnter_Stand             20008dc0 f   ai_dmnet.obj
 0001:00007e20       _AINode_Battle_Chase       20008e20 f   ai_dmnet.obj
 0001:00008530       _AINode_Battle_Fight       20009530 f   ai_dmnet.obj
 0001:00008b80       _AINode_Battle_NBG         20009b80 f   ai_dmnet.obj
 0001:00009230       _AINode_Battle_Retreat     2000a230 f   ai_dmnet.obj
 0001:00009a20       _AINode_Intermission       2000aa20 f   ai_dmnet.obj
 0001:00009ab0       _AINode_Observer           2000aab0 f   ai_dmnet.obj
 0001:00009af0       _AINode_Respawn            2000aaf0 f   ai_dmnet.obj
 0001:00009c00       _AINode_Seek_ActivateEntity 2000ac00 f   ai_dmnet.obj
 0001:0000a620       _AINode_Seek_LTG           2000b620 f   ai_dmnet.obj
 0001:0000aed0       _AINode_Seek_NBG           2000bed0 f   ai_dmnet.obj
 0001:0000b510       _AINode_Stand              2000c510 f   ai_dmnet.obj
 0001:0000b670       _BotClearPath              2000c670 f   ai_dmnet.obj
 0001:0000bce0       _BotDumpNodeSwitches       2000cce0 f   ai_dmnet.obj
 0001:0000bd90       _BotGetAirGoal             2000cd90 f   ai_dmnet.obj
 0001:0000c090       _BotGetItemLongTermGoal    2000d090 f   ai_dmnet.obj
 0001:0000c200       _BotGetLongTermGoal        2000d200 f   ai_dmnet.obj
 0001:0000e750       _BotGoForAir               2000f750 f   ai_dmnet.obj
 0001:0000e860       _BotLongTermGoal           2000f860 f   ai_dmnet.obj
 0001:0000ef50       _BotNearbyGoal             2000ff50 f   ai_dmnet.obj
 0001:0000f020       _BotReachedGoal            20010020 f   ai_dmnet.obj
 0001:0000f260       _BotRecordNodeSwitch       20010260 f   ai_dmnet.obj
 0001:0000f310       _BotResetNodeSwitches      20010310 f   ai_dmnet.obj
 0001:0000f330       _BotSelectActivateWeapon   20010330 f   ai_dmnet.obj
 0001:0000f660       _BotAIBlocked              20010660 f   ai_dmq3.obj
 0001:0000fcb0       _BotAIPredictObstacles     20010cb0 f   ai_dmq3.obj
 0001:0000fe80       _BotAggression             20010e80 f   ai_dmq3.obj
 0001:000100b0       _BotAimAtEnemy             200110b0 f   ai_dmq3.obj
 0001:00012260       _BotAlternateRoute         20013260 f   ai_dmq3.obj
 0001:00012320       _BotAttackMove             20013320 f   ai_dmq3.obj
 0001:00012db0       _BotBattleUseItems         20013db0 f   ai_dmq3.obj
 0001:00012e50       _BotCTFCarryingFlag        20013e50 f   ai_dmq3.obj
 0001:00012eb0       _BotCTFRetreatGoals        20013eb0 f   ai_dmq3.obj
 0001:00012f50       _BotCTFSeekGoals           20013f50 f   ai_dmq3.obj
 0001:00013c20       _BotCanAndWantsToRocketJump 20014c20 f   ai_dmq3.obj
 0001:00013d30       _BotCheckAir               20014d30 f   ai_dmq3.obj
 0001:00013d80       _BotCheckAttack            20014d80 f   ai_dmq3.obj
 0001:00014620       _BotCheckConsoleMessages   20015620 f   ai_dmq3.obj
 0001:00014aa0       _BotCheckEvents            20015aa0 f   ai_dmq3.obj
 0001:00014f90       _BotCheckForGrenades       20015f90 f   ai_dmq3.obj
 0001:00014fe0       _BotCheckItemPickup        20015fe0 f   ai_dmq3.obj
 0001:00014ff0       _BotCheckSnapshot          20015ff0 f   ai_dmq3.obj
 0001:000150f0       _BotChooseWeapon           200160f0 f   ai_dmq3.obj
 0001:000151a0       _BotClearActivateGoalStack 200161a0 f   ai_dmq3.obj
 0001:000151d0       _BotCreateWayPoint         200161d0 f   ai_dmq3.obj
 0001:000153a0       _BotDeathmatchAI           200163a0 f   ai_dmq3.obj
 0001:000157e0       _BotDontAvoid              200167e0 f   ai_dmq3.obj
 0001:00015860       _BotEnableActivateGoalAreas 20016860 f   ai_dmq3.obj
 0001:00015900       _BotEnemyFlag              20016900 f   ai_dmq3.obj
 0001:00015930       _BotEnemyFlagCarrierVisible 20016930 f   ai_dmq3.obj
 0001:00015a30       _BotEntityVisible          20016a30 f   ai_dmq3.obj
 0001:00016430       _BotFeelingBad             20017430 f   ai_dmq3.obj
 0001:000164b0       _BotFindEnemy              200174b0 f   ai_dmq3.obj
 0001:00016c50       _BotFindWayPoint           20017c50 f   ai_dmq3.obj
 0001:00016ca0       _BotFreeWaypoints          20017ca0 f   ai_dmq3.obj
 0001:00016ce0       _BotFuncButtonActivateGoal 20017ce0 f   ai_dmq3.obj
 0001:000181c0       _BotFuncDoorActivateGoal   200191c0 f   ai_dmq3.obj
 0001:00018570       _BotGetActivateGoal        20019570 f   ai_dmq3.obj
 0001:00018eb0       _BotGetAlternateRouteGoal  20019eb0 f   ai_dmq3.obj
 0001:00019080       _BotGoCamp                 2001a080 f   ai_dmq3.obj
 0001:000191d0       _BotGoForActivateGoal      2001a1d0 f   ai_dmq3.obj
 0001:000192e0       _BotGoForPowerups          2001a2e0 f   ai_dmq3.obj
 0001:00019360       _BotGoalForBSPEntity       2001a360 f   ai_dmq3.obj
 0001:000195e0       _BotHasPersistantPowerupAndWeapon 2001a5e0 f   ai_dmq3.obj
 0001:000197e0       _BotInLavaOrSlime          2001a7e0 f   ai_dmq3.obj
 0001:00019890       _BotInitWaypoints          2001a890 f   ai_dmq3.obj
 0001:000198f0       _BotIntermission           2001a8f0 f   ai_dmq3.obj
 0001:00019940       _BotIsDead                 2001a940 f   ai_dmq3.obj
 0001:00019970       _BotIsGoingToActivateEntity 2001a970 f   ai_dmq3.obj
 0001:00019a40       _BotIsObserver             2001aa40 f   ai_dmq3.obj
 0001:00019ad0       _BotMapScripts             2001aad0 f   ai_dmq3.obj
 0001:0001a160       _BotModelMinsMaxs          2001b160 f   ai_dmq3.obj
 0001:0001a420       _BotOppositeTeam           2001b420 f   ai_dmq3.obj
 0001:0001a460       _BotPointAreaNum           2001b460 f   ai_dmq3.obj
 0001:0001a550       _BotPopFromActivateGoalStack 2001b550 f   ai_dmq3.obj
 0001:0001a5d0       _BotPrintActivateGoalInfo  2001b5d0 f   ai_dmq3.obj
 0001:0001a740       _BotPushOntoActivateGoalStack 2001b740 f   ai_dmq3.obj
 0001:0001a850       _BotRandomMove             2001b850 f   ai_dmq3.obj
 0001:0001a960       _BotRefuseOrder            2001b960 f   ai_dmq3.obj
 0001:0001aa00       _BotRememberLastOrderedTask 2001ba00 f   ai_dmq3.obj
 0001:0001aa80       _BotRoamGoal               2001ba80 f   ai_dmq3.obj
 0001:0001b0b0       _BotSameTeam               2001c0b0 f   ai_dmq3.obj
 0001:0001b1a0       _BotSetEntityNumForGoal    2001c1a0 f   ai_dmq3.obj
 0001:0001b2f0       _BotSetEntityNumForGoalWithModel 2001c2f0 f   ai_dmq3.obj
 0001:0001b460       _BotSetLastOrderedTask     2001c460 f   ai_dmq3.obj
 0001:0001b620       _BotSetMovedir             2001c620 f   ai_dmq3.obj
 0001:0001b720       _BotSetTeamStatus          2001c720 f   ai_dmq3.obj
 0001:0001b730       _BotSetTeleportTime        2001c730 f   ai_dmq3.obj
 0001:0001b780       _BotSetUserInfo            2001c780 f   ai_dmq3.obj
 0001:0001b800       _BotSetupAlternativeRouteGoals 2001c800 f   ai_dmq3.obj
 0001:0001b830       _BotSetupDeathmatchAI      2001c830 f   ai_dmq3.obj
 0001:0001ba30       _BotSetupForMovement       2001ca30 f   ai_dmq3.obj
 0001:0001bc90       _BotShutdownDeathmatchAI   2001cc90 f   ai_dmq3.obj
 0001:0001bcb0       _BotSynonymContext         2001ccb0 f   ai_dmq3.obj
 0001:0001bd00       _BotTeam                   2001cd00 f   ai_dmq3.obj
 0001:0001bdc0       _BotTeamFlag               2001cdc0 f   ai_dmq3.obj
 0001:0001bdf0       _BotTeamFlagCarrier        2001cdf0 f   ai_dmq3.obj
 0001:0001bea0       _BotTeamFlagCarrierVisible 2001cea0 f   ai_dmq3.obj
 0001:0001bfa0       _BotTeamGoals              2001cfa0 f   ai_dmq3.obj
 0001:0001c000       _BotTriggerMultipleActivateGoal 2001d000 f   ai_dmq3.obj
 0001:0001c610       _BotUpdateBattleInventory  2001d610 f   ai_dmq3.obj
 0001:0001c750       _BotUpdateInventory        2001d750 f   ai_dmq3.obj
 0001:0001ce60       _BotVisibleTeamMatesAndEnemies 2001de60 f   ai_dmq3.obj
 0001:0001d080       _BotWantsToCamp            2001e080 f   ai_dmq3.obj
 0001:0001d340       _BotWantsToChase           2001e340 f   ai_dmq3.obj
 0001:0001d400       _BotWantsToHelp            2001e400 f   ai_dmq3.obj
 0001:0001d420       _BotWantsToRetreat         2001e420 f   ai_dmq3.obj
 0001:0001d4f0       _ClientFromName            2001e4f0 f   ai_dmq3.obj
 0001:0001d5c0       _ClientName                2001e5c0 f   ai_dmq3.obj
 0001:0001d670       _ClientOnSameTeamFromName  2001e670 f   ai_dmq3.obj
 0001:0001d750       _ClientSkin                2001e750 f   ai_dmq3.obj
 0001:0001d900       _EasyClientName            2001e900 f   ai_dmq3.obj
 0001:0001dbd0       _EntityCarriesFlag         2001ebd0 f   ai_dmq3.obj
 0001:0001dc10       _EntityHasQuad             2001ec10 f   ai_dmq3.obj
 0001:0001dc40       _EntityIsChatting          2001ec40 f   ai_dmq3.obj
 0001:0001dc70       _EntityIsDead              2001ec70 f   ai_dmq3.obj
 0001:0001dce0       _EntityIsInvisible         2001ece0 f   ai_dmq3.obj
 0001:0001dd20       _EntityIsShooting          2001ed20 f   ai_dmq3.obj
 0001:0001dd50       _InFieldOfVision           2001ed50 f   ai_dmq3.obj
 0001:0001de90       _TeamPlayIsOn              2001ee90 f   ai_dmq3.obj
 0001:0001e060       _stristr                   2001f060 f   ai_dmq3.obj
 0001:0001e100       _AngleDifference           2001f100 f   ai_main.obj
 0001:0001e180       _BotAI                     2001f180 f   ai_main.obj
 0001:0001e6a0       _BotAILoadMap              2001f6a0 f   ai_main.obj
 0001:0001e760       _BotAIRegularUpdate        2001f760 f   ai_main.obj
 0001:0001e7b0       _BotAISetup                2001f7b0 f   ai_main.obj
 0001:0001e940       _BotAISetupClient          2001f940 f   ai_main.obj
 0001:0001ee30       _BotAIShutdown             2001fe30 f   ai_main.obj
 0001:0001eeb0       _BotAIShutdownClient       2001feb0 f   ai_main.obj
 0001:0001efe0       _BotAIStartFrame           2001ffe0 f   ai_main.obj
 0001:0001f7d0       _BotAI_BotInitialChat      200207d0 f   ai_main.obj
 0001:0001f900       _BotAI_GetClientState      20020900 f   ai_main.obj
 0001:0001f960       _BotAI_GetEntityState      20020960 f   ai_main.obj
 0001:0001f9e0       _BotAI_GetSnapshotEntity   200209e0 f   ai_main.obj
 0001:0001fa40       _BotAI_Print               20020a40 f   ai_main.obj
 0001:0001fb60       _BotAI_Trace               20020b60 f   ai_main.obj
 0001:0001fcc0       _BotChangeViewAngle        20020cc0 f   ai_main.obj
 0001:0001fde0       _BotChangeViewAngles       20020de0 f   ai_main.obj
 0001:00020250       _BotEntityInfo             20021250 f   ai_main.obj
 0001:00020270       _BotInitLibrary            20021270 f   ai_main.obj
 0001:00020730       _BotInputToUserCommand     20021730 f   ai_main.obj
 0001:00020c80       _BotInterbreedBots         20021c80 f   ai_main.obj
 0001:00020e60       _BotInterbreedEndMatch     20021e60 f   ai_main.obj
 0001:00020ef0       _BotInterbreeding          20021ef0 f   ai_main.obj
 0001:00021020       _BotReadSessionData        20022020 f   ai_main.obj
 0001:00021190       _BotReportStatus           20022190 f   ai_main.obj
 0001:000215a0       _BotResetState             200225a0 f   ai_main.obj
 0001:000217e0       _BotScheduleBotThink       200227e0 f   ai_main.obj
 0001:00021860       _BotSetInfoConfigString    20022860 f   ai_main.obj
 0001:00021c40       _BotTeamLeader             20022c40 f   ai_main.obj
 0001:00021ca0       _BotTeamplayReport         20022ca0 f   ai_main.obj
 0001:00021ea0       _BotTestAAS                20022ea0 f   ai_main.obj
 0001:00021f90       _BotUpdateInfoConfigStrings 20022f90 f   ai_main.obj
 0001:00022070       _BotUpdateInput            20023070 f   ai_main.obj
 0001:000221e0       _BotWriteInterbreeded      200231e0 f   ai_main.obj
 0001:000222c0       _BotWriteSessionData       200232c0 f   ai_main.obj
 0001:00022450       _NumBots                   20023450 f   ai_main.obj
 0001:00022470       _RemoveColorEscapeSequences 20023470 f   ai_main.obj
 0001:00022520       _BotCTFOrders              20023520 f   ai_team.obj
 0001:000225d0       _BotCTFOrders_BothFlagsAtBase 200235d0 f   ai_team.obj
 0001:00022e60       _BotCTFOrders_BothFlagsNotAtBase 20023e60 f   ai_team.obj
 0001:00023440       _BotCTFOrders_EnemyFlagNotAtBase 20024440 f   ai_team.obj
 0001:00023980       _BotCTFOrders_FlagNotAtBase 20024980 f   ai_team.obj
 0001:00024210       _BotClientTravelTimeToGoal 20025210 f   ai_team.obj
 0001:000242a0       _BotCreateGroup            200252a0 f   ai_team.obj
 0001:00024380       _BotGetTeamMateTaskPreference 20025380 f   ai_team.obj
 0001:000243f0       _BotNumTeamMates           200253f0 f   ai_team.obj
 0001:00024510       _BotSayTeamOrder           20025510 f   ai_team.obj
 0001:00024530       _BotSayTeamOrderAlways     20025530 f   ai_team.obj
 0001:00024600       _BotSayVoiceTeamOrder      20025600 f   ai_team.obj
 0001:00024610       _BotSetTeamMateTaskPreference 20025610 f   ai_team.obj
 0001:00024670       _BotSortTeamMatesByBaseTravelTime 20025670 f   ai_team.obj
 0001:00024880       _BotSortTeamMatesByTaskPreference 20025880 f   ai_team.obj
 0001:00024a40       _BotTeamAI                 20025a40 f   ai_team.obj
 0001:00024f60       _BotTeamOrders             20025f60 f   ai_team.obj
 0001:000251e0       _BotValidTeamLeader        200261e0 f   ai_team.obj
 0001:00025230       _BotVoiceChat              20026230 f   ai_team.obj
 0001:00025240       _BotVoiceChatOnly          20026240 f   ai_team.obj
 0001:00025250       _FindHumanTeamLeader       20026250 f   ai_team.obj
 0001:00025310       _BotVoiceChat_GetFlag      20026310 f   ai_vcmd.obj
 0001:00025420       _BotVoiceChat_Offense      20026420 f   ai_vcmd.obj
 0001:00025510       _BotVoiceChat_DefendFlag   20026510 f   ai_vcmd.obj
 0001:00025540       _BotVoiceChat_Patrol       20026540 f   ai_vcmd.obj
 0001:000255e0       _BotVoiceChat_Camp         200265e0 f   ai_vcmd.obj
 0001:00025880       _BotVoiceChat_FollowMe     20026880 f   ai_vcmd.obj
 0001:00025b50       _BotVoiceChat_FollowFlagCarrier 20026b50 f   ai_vcmd.obj
 0001:00025ba0       _BotVoiceChat_ReturnFlag   20026ba0 f   ai_vcmd.obj
 0001:00025c70       _BotVoiceChat_StartLeader  20026c70 f   ai_vcmd.obj
 0001:00025ca0       _BotVoiceChat_StopLeader   20026ca0 f   ai_vcmd.obj
 0001:00025d20       _BotVoiceChat_WhoIsLeader  20026d20 f   ai_vcmd.obj
 0001:00025dd0       _BotVoiceChat_WantOnDefense 20026dd0 f   ai_vcmd.obj
 0001:00025ea0       _BotVoiceChat_WantOnOffense 20026ea0 f   ai_vcmd.obj
 0001:00025f70       _BotVoiceChat_Dummy        20026f70 f   ai_vcmd.obj
 0001:00025f80       _BotVoiceChat_Defend       20026f80 f   ai_vcmd.obj
 0001:000260c0       _BotVoiceChatCommand       200270c0 f   ai_vcmd.obj
 0001:00026320       _BG_AddPredictableEventToPlayerstate 20027320 f   bg_misc.obj
 0001:000263f0       _BG_CanItemBeGrabbed       200273f0 f   bg_misc.obj
 0001:00026680       _BG_EvaluateTrajectory     20027680 f   bg_misc.obj
 0001:00026b20       _BG_EvaluateTrajectoryDelta 20027b20 f   bg_misc.obj
 0001:00026e60       _BG_FindItem               20027e60 f   bg_misc.obj
 0001:00026eb0       _BG_FindItemForHoldable    20027eb0 f   bg_misc.obj
 0001:00026f20       _BG_FindItemForPowerup     20027f20 f   bg_misc.obj
 0001:00026fa0       _BG_FindItemForWeapon      20027fa0 f   bg_misc.obj
 0001:00027000       _BG_PlayerStateToEntityState 20028000 f   bg_misc.obj
 0001:00027470       _BG_PlayerStateToEntityStateExtraPolate 20028470 f   bg_misc.obj
 0001:000278f0       _BG_PlayerTouchesItem      200288f0 f   bg_misc.obj
 0001:00027a40       _BG_TouchJumpPad           20028a40 f   bg_misc.obj
 0001:00027cb0       _PM_AddEvent               20028cb0 f   bg_pmove.obj
 0001:00027ce0       _PM_AddTouchEnt            20028ce0 f   bg_pmove.obj
 0001:000288b0       _PM_ClipVelocity           200298b0 f   bg_pmove.obj
 0001:0002ad70       _PM_UpdateViewAngles       2002bd70 f   bg_pmove.obj
 0001:0002bd30       _Pmove                     2002cd30 f   bg_pmove.obj
 0001:0002be20       _PmoveSingle               2002ce20 f   bg_pmove.obj
 0001:0002c540       _PM_SlideMove              2002d540 f   bg_slidemove.obj
 0001:0002d430       _PM_StepSlideMove          2002e430 f   bg_slidemove.obj
 0001:0002dba0       _ClientEndFrame            2002eba0 f   g_active.obj
 0001:0002dd20       _ClientEvents              2002ed20 f   g_active.obj
 0001:0002e030       _ClientImpacts             2002f030 f   g_active.obj
 0001:0002e150       _ClientInactivityTimer     2002f150 f   g_active.obj
 0001:0002e290       _ClientIntermissionThink   2002f290 f   g_active.obj
 0001:0002e320       _ClientThink               2002f320 f   g_active.obj
 0001:0002e3a0       _ClientThink_real          2002f3a0 f   g_active.obj
 0001:0002ebe0       _ClientTimerActions        2002fbe0 f   g_active.obj
 0001:0002ee00       _G_RunClient               2002fe00 f   g_active.obj
 0001:0002ee50       _G_SetClientSound          2002fe50 f   g_active.obj
 0001:0002eeb0       _G_TouchTriggers           2002feb0 f   g_active.obj
 0001:0002f3f0       _P_DamageFeedback          200303f0 f   g_active.obj
 0001:0002f5b0       _P_WorldEffects            200305b0 f   g_active.obj
 0001:0002f860       _SendPendingPredictableEvents 20030860 f   g_active.obj
 0001:0002f970       _SpectatorClientEndFrame   20030970 f   g_active.obj
 0001:0002fb00       _SpectatorThink            20030b00 f   g_active.obj
 0001:00031000       _SpawnModelsOnVictoryPads  20032000 f   g_arenas.obj
 0001:00031430       _Svcmd_AbortPodium_f       20032430 f   g_arenas.obj
 0001:00031480       _UpdateTournamentInfo      20032480 f   g_arenas.obj
 0001:00031cf0       _G_AddRandomBot            20032cf0 f   g_bot.obj
 0001:00031fc0       _G_BotConnect              20032fc0 f   g_bot.obj
 0001:000320b0       _G_CheckBotSpawn           200330b0 f   g_bot.obj
 0001:00032190       _G_CheckMinimumPlayers     20033190 f   g_bot.obj
 0001:000323a0       _G_CountBotPlayers         200333a0 f   g_bot.obj
 0001:00032480       _G_CountHumanPlayers       20033480 f   g_bot.obj
 0001:00032510       _G_GetArenaInfoByMap       20033510 f   g_bot.obj
 0001:00032580       _G_GetBotInfoByName        20033580 f   g_bot.obj
 0001:000325f0       _G_GetBotInfoByNumber      200335f0 f   g_bot.obj
 0001:00032640       _G_InitBots                20033640 f   g_bot.obj
 0001:00032db0       _G_ParseInfos              20033db0 f   g_bot.obj
 0001:00032fd0       _G_RemoveQueuedBotBegin    20033fd0 f   g_bot.obj
 0001:00033020       _G_RemoveRandomBot         20034020 f   g_bot.obj
 0001:00033340       _Svcmd_AddBot_f            20034340 f   g_bot.obj
 0001:000334e0       _Svcmd_BotList_f           200344e0 f   g_bot.obj
 0001:000336b0       _trap_Cvar_VariableValue   200346b0 f   g_bot.obj
 0001:00033710       _BodySink                  20034710 f   g_client.obj
 0001:00033790       _ClientBegin               20034790 f   g_client.obj
 0001:00033a60       _ClientConnect             20034a60 f   g_client.obj
 0001:00033cc0       _ClientDisconnect          20034cc0 f   g_client.obj
 0001:00033f20       _ClientSpawn               20034f20 f   g_client.obj
 0001:00034800       _ClientUserinfoChanged     20035800 f   g_client.obj
 0001:00034e20       _CopyToBodyQue             20035e20 f   g_client.obj
 0001:000352e0       _InitBodyQue               200362e0 f   g_client.obj
 0001:00035350       _PickTeam                  20036350 f   g_client.obj
 0001:00035410       _SP_info_player_deathmatch 20036410 f   g_client.obj
 0001:00035490       _SP_info_player_intermission 20036490 f   g_client.obj
 0001:000354a0       _SP_info_player_start      200364a0 f   g_client.obj
 0001:000354d0       _SelectInitialSpawnPoint   200364d0 f   g_client.obj
 0001:00035620       _SelectNearestDeathmatchSpawnPoint 20036620 f   g_client.obj
 0001:00035750       _SelectRandomDeathmatchSpawnPoint 20036750 f   g_client.obj
 0001:00035800       _SelectRandomFurthestSpawnPoint 20036800 f   g_client.obj
 0001:00035cd0       _SelectSpawnPoint          20036cd0 f   g_client.obj
 0001:00035d00       _SelectSpectatorSpawnPoint 20036d00 f   g_client.obj
 0001:00035dc0       _SetClientViewAngle        20036dc0 f   g_client.obj
 0001:00035f00       _SpotWouldTelefrag         20036f00 f   g_client.obj
 0001:000360f0       _TeamCount                 200370f0 f   g_client.obj
 0001:00036170       _TeamLeader                20037170 f   g_client.obj
 0001:00036280       _respawn                   20037280 f   g_client.obj
 0001:000362e0       _BroadcastTeamChange       200372e0 f   g_cmds.obj
 0001:000363c0       _CheatsOk                  200373c0 f   g_cmds.obj
 0001:00036440       _ClientCommand             20037440 f   g_cmds.obj
 0001:000369d0       _ClientNumberFromString    200379d0 f   g_cmds.obj
 0001:00036ba0       _Cmd_CallTeamVote_f        20037ba0 f   g_cmds.obj
 0001:00037260       _Cmd_CallVote_f            20038260 f   g_cmds.obj
 0001:000378a0       _Cmd_FollowCycle_f         200388a0 f   g_cmds.obj
 0001:000379e0       _Cmd_Follow_f              200389e0 f   g_cmds.obj
 0001:00037b30       _Cmd_GameCommand_f         20038b30 f   g_cmds.obj
 0001:00037c10       _Cmd_Give_f                20038c10 f   g_cmds.obj
 0001:00038020       _Cmd_God_f                 20039020 f   g_cmds.obj
 0001:000380a0       _Cmd_Kill_f                200390a0 f   g_cmds.obj
 0001:00038130       _Cmd_LevelShot_f           20039130 f   g_cmds.obj
 0001:000381a0       _Cmd_Noclip_f              200391a0 f   g_cmds.obj
 0001:00038250       _Cmd_Notarget_f            20039250 f   g_cmds.obj
 0001:00038330       _Cmd_Score_f               20039330 f   g_cmds.obj
 0001:00038350       _Cmd_SetViewpos_f          20039350 f   g_cmds.obj
 0001:000384d0       _Cmd_Stats_f               200394d0 f   g_cmds.obj
 0001:000384e0       _Cmd_TeamTask_f            200394e0 f   g_cmds.obj
 0001:000385d0       _Cmd_TeamVote_f            200395d0 f   g_cmds.obj
 0001:000387d0       _Cmd_Team_f                200397d0 f   g_cmds.obj
 0001:00038f40       _Cmd_Vote_f                20039f40 f   g_cmds.obj
 0001:000390e0       _Cmd_Where_f               2003a0e0 f   g_cmds.obj
 0001:00039130       _ConcatArgs                2003a130 f   g_cmds.obj
 0001:00039240       _DeathmatchScoreboardMessage 2003a240 f   g_cmds.obj
 0001:000395b0       _G_Say                     2003a5b0 f   g_cmds.obj
 0001:00039950       _G_Voice                   2003a950 f   g_cmds.obj
 0001:00039af0       _SanitizeString            2003aaf0 f   g_cmds.obj
 0001:00039b70       _SetTeam                   2003ab70 f   g_cmds.obj
 0001:00039fd0       _StopFollowing             2003afd0 f   g_cmds.obj
 0001:0003a080       _AddScore                  2003b080 f   g_combat.obj
 0001:0003a150       _CanDamage                 2003b150 f   g_combat.obj
 0001:0003a6a0       _CheckAlmostCapture        2003b6a0 f   g_combat.obj
 0001:0003a900       _CheckAlmostScored         2003b900 f   g_combat.obj
 0001:0003aac0       _CheckArmor                2003bac0 f   g_combat.obj
 0001:0003ab80       _G_Damage                  2003bb80 f   g_combat.obj
 0001:0003b390       _G_RadiusDamage            2003c390 f   g_combat.obj
 0001:0003b750       _GibEntity                 2003c750 f   g_combat.obj
 0001:0003b820       _LookAtKiller              2003c820 f   g_combat.obj
 0001:0003ba40       _RaySphereIntersections    2003ca40 f   g_combat.obj
 0001:0003bf40       _ScorePlum                 2003cf40 f   g_combat.obj
 0001:0003bfa0       _TossClientItems           2003cfa0 f   g_combat.obj
 0001:0003c1e0       _body_die                  2003d1e0 f   g_combat.obj
 0001:0003c230       _player_die                2003d230 f   g_combat.obj
 0001:0003ca80       _Add_Ammo                  2003da80 f   g_items.obj
 0001:0003caf0       _ClearRegisteredItems      2003daf0 f   g_items.obj
 0001:0003cb40       _Drop_Item                 2003db40 f   g_items.obj
 0001:0003ccf0       _FinishSpawningItem        2003dcf0 f   g_items.obj
 0001:0003d040       _G_BounceItem              2003e040 f   g_items.obj
 0001:0003d480       _G_CheckTeamItems          2003e480 f   g_items.obj
 0001:0003d520       _G_ItemDisabled            2003e520 f   g_items.obj
 0001:0003d580       _G_RunItem                 2003e580 f   g_items.obj
 0001:0003d760       _G_SpawnItem               2003e760 f   g_items.obj
 0001:0003d840       _LaunchItem                2003e840 f   g_items.obj
 0001:0003da70       _Pickup_Ammo               2003ea70 f   g_items.obj
 0001:0003dad0       _Pickup_Armor              2003ead0 f   g_items.obj
 0001:0003db90       _Pickup_Health             2003eb90 f   g_items.obj
 0001:0003dc90       _Pickup_Holdable           2003ec90 f   g_items.obj
 0001:0003dd00       _Pickup_Powerup            2003ed00 f   g_items.obj
 0001:0003e030       _Pickup_Weapon             2003f030 f   g_items.obj
 0001:0003e190       _RegisterItem              2003f190 f   g_items.obj
 0001:0003e1d0       _RespawnItem               2003f1d0 f   g_items.obj
 0001:0003e3e0       _SaveRegisteredItems       2003f3e0 f   g_items.obj
 0001:0003e4d0       _Touch_Item                2003f4d0 f   g_items.obj
 0001:0003e900       _Use_Item                  2003f900 f   g_items.obj
 0001:0003e920       _AddTournamentPlayer       2003f920 f   g_main.obj
 0001:0003ea20       _AdjustTournamentScores    2003fa20 f   g_main.obj
 0001:0003eaf0       _BeginIntermission         2003faf0 f   g_main.obj
 0001:0003ebb0       _CalculateRanks            2003fbb0 f   g_main.obj
 0001:0003f140       _CheckCvars                20040140 f   g_main.obj
 0001:0003f1c0       _CheckExitRules            200401c0 f   g_main.obj
 0001:0003f410       _CheckIntermissionExit     20040410 f   g_main.obj
 0001:0003f590       _CheckTeamLeader           20040590 f   g_main.obj
 0001:0003f6c0       _CheckTeamVote             200406c0 f   g_main.obj
 0001:0003f820       _CheckTournament           20040820 f   g_main.obj
 0001:0003fb20       _CheckVote                 20040b20 f   g_main.obj
 0001:0003fc10       _Com_Error                 20040c10 f   g_main.obj
 0001:0003fc70       _Com_Printf                20040c70 f   g_main.obj
 0001:0003fcd0       _ExitLevel                 20040cd0 f   g_main.obj
 0001:0003fe20       _FindIntermissionPoint     20040e20 f   g_main.obj
 0001:00040000       _G_Error                   20041000 f   g_main.obj
 0001:00040060       _G_FindTeams               20041060 f   g_main.obj
 0001:00040230       _G_InitGame                20041230 f   g_main.obj
 0001:00040500       _G_LogPrintf               20041500 f   g_main.obj
 0001:00040630       _G_Printf                  20041630 f   g_main.obj
 0001:00040690       _G_RegisterCvars           20041690 f   g_main.obj
 0001:00040770       _G_RemapTeamShaders        20041770 f   g_main.obj
 0001:00040780       _G_RunFrame                20041780 f   g_main.obj
 0001:00040a60       _G_RunThink                20041a60 f   g_main.obj
 0001:00040ae0       _G_ShutdownGame            20041ae0 f   g_main.obj
 0001:00040b50       _G_UpdateCvars             20041b50 f   g_main.obj
 0001:00040c20       _LogExit                   20041c20 f   g_main.obj
 0001:00040d60       _MoveClientToIntermission  20041d60 f   g_main.obj
 0001:00040f40       _PrintTeam                 20041f40 f   g_main.obj
 0001:00040fa0       _RemoveTournamentLoser     20041fa0 f   g_main.obj
 0001:00041000       _RemoveTournamentWinner    20042000 f   g_main.obj
 0001:00041060       _ScoreIsTied               20042060 f   g_main.obj
 0001:00041130       _SendScoreboardMessageToAllClients 20042130 f   g_main.obj
 0001:00041190       _SetLeader                 20042190 f   g_main.obj
 0001:00041300       _SortRanks                 20042300 f   g_main.obj
 0001:00041480       _vmMain                    20042480 f   g_main.obj
 0001:000415a0       _G_Alloc                   200425a0 f   g_mem.obj
 0001:00041630       _G_InitMemory              20042630 f   g_mem.obj
 0001:00041650       _Svcmd_GameMem_f           20042650 f   g_mem.obj
 0001:00041790       _InitShooter               20042790 f   g_misc.obj
 0001:000418e0       _SP_info_camp              200428e0 f   g_misc.obj
 0001:00041910       _SP_info_notnull           20042910 f   g_misc.obj
 0001:00041940       _SP_info_null              20042940 f   g_misc.obj
 0001:00041960       _SP_light                  20042960 f   g_misc.obj
 0001:00041980       _SP_misc_model             20042980 f   g_misc.obj
 0001:000419a0       _SP_misc_portal_camera     200429a0 f   g_misc.obj
 0001:00041aa0       _SP_misc_portal_surface    20042aa0 f   g_misc.obj
 0001:00041c00       _SP_misc_teleporter_dest   20042c00 f   g_misc.obj
 0001:00041c10       _SP_shooter_grenade        20042c10 f   g_misc.obj
 0001:00041c30       _SP_shooter_plasma         20042c30 f   g_misc.obj
 0001:00041c50       _SP_shooter_rocket         20042c50 f   g_misc.obj
 0001:00041c70       _TeleportPlayer            20042c70 f   g_misc.obj
 0001:00041f70       _Use_Shooter               20042f70 f   g_misc.obj
 0001:00042320       _locateCamera              20043320 f   g_misc.obj
 0001:00042550       _G_BounceMissile           20043550 f   g_missile.obj
 0001:00042900       _G_ExplodeMissile          20043900 f   g_missile.obj
 0001:00042ac0       _G_MissileImpact           20043ac0 f   g_missile.obj
 0001:00043130       _G_RunMissile              20044130 f   g_missile.obj
 0001:000433d0       _fire_bfg                  200443d0 f   g_missile.obj
 0001:00043680       _fire_grapple              20044680 f   g_missile.obj
 0001:00043920       _fire_grenade              20044920 f   g_missile.obj
 0001:00043be0       _fire_plasma               20044be0 f   g_missile.obj
 0001:00043e90       _fire_rocket               20044e90 f   g_missile.obj
 0001:00044140       _Blocked_Door              20045140 f   g_mover.obj
 0001:00044200       _G_CheckProxMinePosition   20045200 f   g_mover.obj
 0001:00044400       _G_CreateRotationMatrix    20045400 f   g_mover.obj
 0001:00044460       _G_MoverPush               20045460 f   g_mover.obj
 0001:00044ce0       _G_MoverTeam               20045ce0 f   g_mover.obj
 0001:00044fe0       _G_RotatePoint             20045fe0 f   g_mover.obj
 0001:000451f0       _G_RunMover                200461f0 f   g_mover.obj
 0001:00045240       _G_TestEntityPosition      20046240 f   g_mover.obj
 0001:00045330       _G_TransposeMatrix         20046330 f   g_mover.obj
 0001:00045390       _G_TryPushingEntity        20046390 f   g_mover.obj
 0001:00045dd0       _G_TryPushingProxMine      20046dd0 f   g_mover.obj
 0001:000462e0       _InitMover                 200472e0 f   g_mover.obj
 0001:00046740       _MatchTeam                 20047740 f   g_mover.obj
 0001:00046780       _Reached_BinaryMover       20047780 f   g_mover.obj
 0001:000468d0       _Reached_Train             200478d0 f   g_mover.obj
 0001:00046bc0       _ReturnToPos1              20047bc0 f   g_mover.obj
 0001:00046c20       _SP_func_bobbing           20047c20 f   g_mover.obj
 0001:00046e10       _SP_func_button            20047e10 f   g_mover.obj
 0001:00047200       _SP_func_door              20048200 f   g_mover.obj
 0001:000477d0       _SP_func_pendulum          200487d0 f   g_mover.obj
 0001:00047a50       _SP_func_plat              20048a50 f   g_mover.obj
 0001:00047d20       _SP_func_rotating          20048d20 f   g_mover.obj
 0001:00047f30       _SP_func_static            20048f30 f   g_mover.obj
 0001:00048020       _SP_func_train             20049020 f   g_mover.obj
 0001:00048170       _SP_path_corner            20049170 f   g_mover.obj
 0001:000481c0       _SetMoverState             200491c0 f   g_mover.obj
 0001:00048680       _SpawnPlatTrigger          20049680 f   g_mover.obj
 0001:00048a50       _Think_BeginMoving         20049a50 f   g_mover.obj
 0001:00048a80       _Think_MatchTeam           20049a80 f   g_mover.obj
 0001:00048ab0       _Think_SetupTrainTargets   20049ab0 f   g_mover.obj
 0001:00048c00       _Think_SpawnNewDoorTrigger 20049c00 f   g_mover.obj
 0001:00048f00       _Touch_Button              20049f00 f   g_mover.obj
 0001:00048f40       _Touch_DoorTrigger         20049f40 f   g_mover.obj
 0001:000491c0       _Touch_Plat                2004a1c0 f   g_mover.obj
 0001:00049220       _Touch_PlatCenterTrigger   2004a220 f   g_mover.obj
 0001:00049270       _Use_BinaryMover           2004a270 f   g_mover.obj
 0001:00049580       _G_InitSessionData         2004a580 f   g_session.obj
 0001:00049690       _G_InitWorldSession        2004a690 f   g_session.obj
 0001:00049710       _G_ReadSessionData         2004a710 f   g_session.obj
 0001:00049800       _G_WriteClientSessionData  2004a800 f   g_session.obj
 0001:000498a0       _G_WriteSessionData        2004a8a0 f   g_session.obj
 0001:00049920       _SP_item_botroam           2004a920 f   g_spawn.obj
 0001:00049930       _G_AddSpawnVarToken        2004a930 f   g_spawn.obj
 0001:000499b0       _G_CallSpawn               2004a9b0 f   g_spawn.obj
 0001:00049aa0       _G_NewString               2004aaa0 f   g_spawn.obj
 0001:00049b60       _G_ParseField              2004ab60 f   g_spawn.obj
 0001:00049d50       _G_ParseSpawnVars          2004ad50 f   g_spawn.obj
 0001:00049ee0       _G_SpawnEntitiesFromString 2004aee0 f   g_spawn.obj
 0001:00049f40       _G_SpawnFloat              2004af40 f   g_spawn.obj
 0001:00049f80       _G_SpawnGEntityFromSpawnVars 2004af80 f   g_spawn.obj
 0001:0004a1f0       _G_SpawnInt                2004b1f0 f   g_spawn.obj
 0001:0004a230       _G_SpawnString             2004b230 f   g_spawn.obj
 0001:0004a2c0       _G_SpawnVector             2004b2c0 f   g_spawn.obj
 0001:0004a320       _SP_worldspawn             2004b320 f   g_spawn.obj
 0001:0004a5a0       _ClientForString           2004b5a0 f   g_svcmds.obj
 0001:0004a6c0       _ConsoleCommand            2004b6c0 f   g_svcmds.obj
 0001:0004a8e0       _G_FilterPacket            2004b8e0 f   g_svcmds.obj
 0001:0004aa20       _G_ProcessIPBans           2004ba20 f   g_svcmds.obj
 0001:0004acd0       _Svcmd_AddIP_f             2004bcd0 f   g_svcmds.obj
 0001:0004ad40       _Svcmd_EntityList_f        2004bd40 f   g_svcmds.obj
 0001:0004af00       _Svcmd_ForceTeam_f         2004bf00 f   g_svcmds.obj
 0001:0004afa0       _Svcmd_RemoveIP_f          2004bfa0 f   g_svcmds.obj
 0001:0004b270       _PASSFLOAT                 2004c270 f   g_syscalls.obj
 0001:0004b290       _dllEntry                  2004c290 f   g_syscalls.obj
 0001:0004b2b0       _trap_AAS_AlternativeRouteGoals 2004c2b0 f   g_syscalls.obj
 0001:0004b2f0       _trap_AAS_AreaInfo         2004c2f0 f   g_syscalls.obj
 0001:0004b320       _trap_AAS_AreaReachability 2004c320 f   g_syscalls.obj
 0001:0004b350       _trap_AAS_AreaTravelTimeToGoalArea 2004c350 f   g_syscalls.obj
 0001:0004b380       _trap_AAS_BBoxAreas        2004c380 f   g_syscalls.obj
 0001:0004b3b0       _trap_AAS_EnableRoutingArea 2004c3b0 f   g_syscalls.obj
 0001:0004b3e0       _trap_AAS_EntityInfo       2004c3e0 f   g_syscalls.obj
 0001:0004b410       _trap_AAS_FloatForBSPEpairKey 2004c410 f   g_syscalls.obj
 0001:0004b440       _trap_AAS_Initialized      2004c440 f   g_syscalls.obj
 0001:0004b460       _trap_AAS_IntForBSPEpairKey 2004c460 f   g_syscalls.obj
 0001:0004b490       _trap_AAS_NextBSPEntity    2004c490 f   g_syscalls.obj
 0001:0004b4c0       _trap_AAS_PointAreaNum     2004c4c0 f   g_syscalls.obj
 0001:0004b4f0       _trap_AAS_PointContents    2004c4f0 f   g_syscalls.obj
 0001:0004b520       _trap_AAS_PointReachabilityAreaIndex 2004c520 f   g_syscalls.obj
 0001:0004b550       _trap_AAS_PredictClientMovement 2004c550 f   g_syscalls.obj
 0001:0004b5c0       _trap_AAS_PredictRoute     2004c5c0 f   g_syscalls.obj
 0001:0004b610       _trap_AAS_PresenceTypeBoundingBox 2004c610 f   g_syscalls.obj
 0001:0004b640       _trap_AAS_Swimming         2004c640 f   g_syscalls.obj
 0001:0004b670       _trap_AAS_Time             2004c670 f   g_syscalls.obj
 0001:0004b6a0       _trap_AAS_TraceAreas       2004c6a0 f   g_syscalls.obj
 0001:0004b6e0       _trap_AAS_ValueForBSPEpairKey 2004c6e0 f   g_syscalls.obj
 0001:0004b710       _trap_AAS_VectorForBSPEpairKey 2004c710 f   g_syscalls.obj
 0001:0004b740       _trap_AdjustAreaPortalState 2004c740 f   g_syscalls.obj
 0001:0004b770       _trap_AreasConnected       2004c770 f   g_syscalls.obj
 0001:0004b7a0       _trap_Argc                 2004c7a0 f   g_syscalls.obj
 0001:0004b7c0       _trap_Argv                 2004c7c0 f   g_syscalls.obj
 0001:0004b7f0       _trap_BotAddAvoidSpot      2004c7f0 f   g_syscalls.obj
 0001:0004b830       _trap_BotAllocChatState    2004c830 f   g_syscalls.obj
 0001:0004b850       _trap_BotAllocGoalState    2004c850 f   g_syscalls.obj
 0001:0004b880       _trap_BotAllocMoveState    2004c880 f   g_syscalls.obj
 0001:0004b8a0       _trap_BotAllocWeaponState  2004c8a0 f   g_syscalls.obj
 0001:0004b8c0       _trap_BotAllocateClient    2004c8c0 f   g_syscalls.obj
 0001:0004b8e0       _trap_BotAvoidGoalTime     2004c8e0 f   g_syscalls.obj
 0001:0004b910       _trap_BotChatLength        2004c910 f   g_syscalls.obj
 0001:0004b940       _trap_BotChooseBestFightWeapon 2004c940 f   g_syscalls.obj
 0001:0004b970       _trap_BotChooseLTGItem     2004c970 f   g_syscalls.obj
 0001:0004b9a0       _trap_BotChooseNBGItem     2004c9a0 f   g_syscalls.obj
 0001:0004b9f0       _trap_BotDumpAvoidGoals    2004c9f0 f   g_syscalls.obj
 0001:0004ba20       _trap_BotDumpGoalStack     2004ca20 f   g_syscalls.obj
 0001:0004ba50       _trap_BotEmptyGoalStack    2004ca50 f   g_syscalls.obj
 0001:0004ba80       _trap_BotEnterChat         2004ca80 f   g_syscalls.obj
 0001:0004bab0       _trap_BotFindMatch         2004cab0 f   g_syscalls.obj
 0001:0004bae0       _trap_BotFreeCharacter     2004cae0 f   g_syscalls.obj
 0001:0004bb10       _trap_BotFreeChatState     2004cb10 f   g_syscalls.obj
 0001:0004bb40       _trap_BotFreeClient        2004cb40 f   g_syscalls.obj
 0001:0004bb60       _trap_BotFreeGoalState     2004cb60 f   g_syscalls.obj
 0001:0004bb90       _trap_BotFreeItemWeights   2004cb90 f   g_syscalls.obj
 0001:0004bbc0       _trap_BotFreeMoveState     2004cbc0 f   g_syscalls.obj
 0001:0004bbf0       _trap_BotFreeWeaponState   2004cbf0 f   g_syscalls.obj
 0001:0004bc20       _trap_BotGetChatMessage    2004cc20 f   g_syscalls.obj
 0001:0004bc50       _trap_BotGetLevelItemGoal  2004cc50 f   g_syscalls.obj
 0001:0004bc80       _trap_BotGetMapLocationGoal 2004cc80 f   g_syscalls.obj
 0001:0004bcb0       _trap_BotGetNextCampSpotGoal 2004ccb0 f   g_syscalls.obj
 0001:0004bce0       _trap_BotGetSecondGoal     2004cce0 f   g_syscalls.obj
 0001:0004bd10       _trap_BotGetServerCommand  2004cd10 f   g_syscalls.obj
 0001:0004bd40       _trap_BotGetSnapshotEntity 2004cd40 f   g_syscalls.obj
 0001:0004bd70       _trap_BotGetTopGoal        2004cd70 f   g_syscalls.obj
 0001:0004bda0       _trap_BotGetWeaponInfo     2004cda0 f   g_syscalls.obj
 0001:0004bdd0       _trap_BotGoalName          2004cdd0 f   g_syscalls.obj
 0001:0004be00       _trap_BotInitLevelItems    2004ce00 f   g_syscalls.obj
 0001:0004be20       _trap_BotInitMoveState     2004ce20 f   g_syscalls.obj
 0001:0004be50       _trap_BotInitialChat       2004ce50 f   g_syscalls.obj
 0001:0004bea0       _trap_BotInterbreedGoalFuzzyLogic 2004cea0 f   g_syscalls.obj
 0001:0004bed0       _trap_BotItemGoalInVisButNotVisible 2004ced0 f   g_syscalls.obj
 0001:0004bf00       _trap_BotLibDefine         2004cf00 f   g_syscalls.obj
 0001:0004bf30       _trap_BotLibLoadMap        2004cf30 f   g_syscalls.obj
 0001:0004bf60       _trap_BotLibSetup          2004cf60 f   g_syscalls.obj
 0001:0004bf80       _trap_BotLibShutdown       2004cf80 f   g_syscalls.obj
 0001:0004bfa0       _trap_BotLibStartFrame     2004cfa0 f   g_syscalls.obj
 0001:0004bfe0       _trap_BotLibTest           2004cfe0 f   g_syscalls.obj
 0001:0004c010       _trap_BotLibUpdateEntity   2004d010 f   g_syscalls.obj
 0001:0004c040       _trap_BotLibVarGet         2004d040 f   g_syscalls.obj
 0001:0004c070       _trap_BotLibVarSet         2004d070 f   g_syscalls.obj
 0001:0004c0a0       _trap_BotLoadCharacter     2004d0a0 f   g_syscalls.obj
 0001:0004c0e0       _trap_BotLoadChatFile      2004d0e0 f   g_syscalls.obj
 0001:0004c110       _trap_BotLoadItemWeights   2004d110 f   g_syscalls.obj
 0001:0004c140       _trap_BotLoadWeaponWeights 2004d140 f   g_syscalls.obj
 0001:0004c170       _trap_BotMatchVariable     2004d170 f   g_syscalls.obj
 0001:0004c1a0       _trap_BotMoveInDirection   2004d1a0 f   g_syscalls.obj
 0001:0004c1e0       _trap_BotMoveToGoal        2004d1e0 f   g_syscalls.obj
 0001:0004c210       _trap_BotMovementViewTarget 2004d210 f   g_syscalls.obj
 0001:0004c260       _trap_BotMutateGoalFuzzyLogic 2004d260 f   g_syscalls.obj
 0001:0004c290       _trap_BotNextConsoleMessage 2004d290 f   g_syscalls.obj
 0001:0004c2c0       _trap_BotNumConsoleMessages 2004d2c0 f   g_syscalls.obj
 0001:0004c2f0       _trap_BotNumInitialChats   2004d2f0 f   g_syscalls.obj
 0001:0004c320       _trap_BotPopGoal           2004d320 f   g_syscalls.obj
 0001:0004c350       _trap_BotPredictVisiblePosition 2004d350 f   g_syscalls.obj
 0001:0004c390       _trap_BotPushGoal          2004d390 f   g_syscalls.obj
 0001:0004c3c0       _trap_BotQueueConsoleMessage 2004d3c0 f   g_syscalls.obj
 0001:0004c3f0       _trap_BotReachabilityArea  2004d3f0 f   g_syscalls.obj
 0001:0004c420       _trap_BotRemoveConsoleMessage 2004d420 f   g_syscalls.obj
 0001:0004c450       _trap_BotRemoveFromAvoidGoals 2004d450 f   g_syscalls.obj
 0001:0004c480       _trap_BotReplaceSynonyms   2004d480 f   g_syscalls.obj
 0001:0004c4b0       _trap_BotReplyChat         2004d4b0 f   g_syscalls.obj
 0001:0004c500       _trap_BotResetAvoidGoals   2004d500 f   g_syscalls.obj
 0001:0004c530       _trap_BotResetAvoidReach   2004d530 f   g_syscalls.obj
 0001:0004c560       _trap_BotResetGoalState    2004d560 f   g_syscalls.obj
 0001:0004c590       _trap_BotResetLastAvoidReach 2004d590 f   g_syscalls.obj
 0001:0004c5c0       _trap_BotResetMoveState    2004d5c0 f   g_syscalls.obj
 0001:0004c5f0       _trap_BotResetWeaponState  2004d5f0 f   g_syscalls.obj
 0001:0004c620       _trap_BotSaveGoalFuzzyLogic 2004d620 f   g_syscalls.obj
 0001:0004c650       _trap_BotSetAvoidGoalTime  2004d650 f   g_syscalls.obj
 0001:0004c690       _trap_BotSetChatGender     2004d690 f   g_syscalls.obj
 0001:0004c6c0       _trap_BotSetChatName       2004d6c0 f   g_syscalls.obj
 0001:0004c6f0       _trap_BotTouchingGoal      2004d6f0 f   g_syscalls.obj
 0001:0004c720       _trap_BotUpdateEntityItems 2004d720 f   g_syscalls.obj
 0001:0004c740       _trap_BotUserCommand       2004d740 f   g_syscalls.obj
 0001:0004c770       _trap_Characteristic_BFloat 2004d770 f   g_syscalls.obj
 0001:0004c7d0       _trap_Characteristic_BInteger 2004d7d0 f   g_syscalls.obj
 0001:0004c800       _trap_Characteristic_Float 2004d800 f   g_syscalls.obj
 0001:0004c830       _trap_Characteristic_Integer 2004d830 f   g_syscalls.obj
 0001:0004c860       _trap_Characteristic_String 2004d860 f   g_syscalls.obj
 0001:0004c890       _trap_Cvar_Register        2004d890 f   g_syscalls.obj
 0001:0004c8c0       _trap_Cvar_Set             2004d8c0 f   g_syscalls.obj
 0001:0004c8f0       _trap_Cvar_Update          2004d8f0 f   g_syscalls.obj
 0001:0004c910       _trap_Cvar_VariableIntegerValue 2004d910 f   g_syscalls.obj
 0001:0004c930       _trap_Cvar_VariableStringBuffer 2004d930 f   g_syscalls.obj
 0001:0004c960       _trap_DebugPolygonCreate   2004d960 f   g_syscalls.obj
 0001:0004c990       _trap_DebugPolygonDelete   2004d990 f   g_syscalls.obj
 0001:0004c9b0       _trap_DropClient           2004d9b0 f   g_syscalls.obj
 0001:0004c9e0       _trap_EA_Action            2004d9e0 f   g_syscalls.obj
 0001:0004ca10       _trap_EA_Attack            2004da10 f   g_syscalls.obj
 0001:0004ca40       _trap_EA_Command           2004da40 f   g_syscalls.obj
 0001:0004ca70       _trap_EA_Crouch            2004da70 f   g_syscalls.obj
 0001:0004caa0       _trap_EA_DelayedJump       2004daa0 f   g_syscalls.obj
 0001:0004cad0       _trap_EA_EndRegular        2004dad0 f   g_syscalls.obj
 0001:0004cb10       _trap_EA_Gesture           2004db10 f   g_syscalls.obj
 0001:0004cb40       _trap_EA_GetInput          2004db40 f   g_syscalls.obj
 0001:0004cb80       _trap_EA_Jump              2004db80 f   g_syscalls.obj
 0001:0004cbb0       _trap_EA_Move              2004dbb0 f   g_syscalls.obj
 0001:0004cbf0       _trap_EA_MoveBack          2004dbf0 f   g_syscalls.obj
 0001:0004cc20       _trap_EA_MoveDown          2004dc20 f   g_syscalls.obj
 0001:0004cc50       _trap_EA_MoveForward       2004dc50 f   g_syscalls.obj
 0001:0004cc80       _trap_EA_MoveLeft          2004dc80 f   g_syscalls.obj
 0001:0004ccb0       _trap_EA_MoveRight         2004dcb0 f   g_syscalls.obj
 0001:0004cce0       _trap_EA_MoveUp            2004dce0 f   g_syscalls.obj
 0001:0004cd10       _trap_EA_ResetInput        2004dd10 f   g_syscalls.obj
 0001:0004cd40       _trap_EA_Respawn           2004dd40 f   g_syscalls.obj
 0001:0004cd70       _trap_EA_Say               2004dd70 f   g_syscalls.obj
 0001:0004cda0       _trap_EA_SayTeam           2004dda0 f   g_syscalls.obj
 0001:0004cdd0       _trap_EA_SelectWeapon      2004ddd0 f   g_syscalls.obj
 0001:0004ce00       _trap_EA_Talk              2004de00 f   g_syscalls.obj
 0001:0004ce30       _trap_EA_Use               2004de30 f   g_syscalls.obj
 0001:0004ce60       _trap_EA_View              2004de60 f   g_syscalls.obj
 0001:0004ce90       _trap_EntitiesInBox        2004de90 f   g_syscalls.obj
 0001:0004cec0       _trap_EntityContact        2004dec0 f   g_syscalls.obj
 0001:0004cef0       _trap_EntityContactCapsule 2004def0 f   g_syscalls.obj
 0001:0004cf20       _trap_Error                2004df20 f   g_syscalls.obj
 0001:0004cf40       _trap_FS_FCloseFile        2004df40 f   g_syscalls.obj
 0001:0004cf60       _trap_FS_FOpenFile         2004df60 f   g_syscalls.obj
 0001:0004cf90       _trap_FS_GetFileList       2004df90 f   g_syscalls.obj
 0001:0004cfc0       _trap_FS_Read              2004dfc0 f   g_syscalls.obj
 0001:0004cff0       _trap_FS_Seek              2004dff0 f   g_syscalls.obj
 0001:0004d020       _trap_FS_Write             2004e020 f   g_syscalls.obj
 0001:0004d050       _trap_GeneticParentsAndChildSelection 2004e050 f   g_syscalls.obj
 0001:0004d090       _trap_GetConfigstring      2004e090 f   g_syscalls.obj
 0001:0004d0c0       _trap_GetEntityToken       2004e0c0 f   g_syscalls.obj
 0001:0004d0f0       _trap_GetServerinfo        2004e0f0 f   g_syscalls.obj
 0001:0004d120       _trap_GetUsercmd           2004e120 f   g_syscalls.obj
 0001:0004d150       _trap_GetUserinfo          2004e150 f   g_syscalls.obj
 0001:0004d180       _trap_InPVS                2004e180 f   g_syscalls.obj
 0001:0004d1b0       _trap_InPVSIgnorePortals   2004e1b0 f   g_syscalls.obj
 0001:0004d1e0       _trap_LinkEntity           2004e1e0 f   g_syscalls.obj
 0001:0004d200       _trap_LocateGameData       2004e200 f   g_syscalls.obj
 0001:0004d230       _trap_Milliseconds         2004e230 f   g_syscalls.obj
 0001:0004d250       _trap_PC_FreeSource        2004e250 f   g_syscalls.obj
 0001:0004d280       _trap_PC_LoadSource        2004e280 f   g_syscalls.obj
 0001:0004d2b0       _trap_PC_ReadToken         2004e2b0 f   g_syscalls.obj
 0001:0004d2e0       _trap_PC_SourceFileAndLine 2004e2e0 f   g_syscalls.obj
 0001:0004d310       _trap_PointContents        2004e310 f   g_syscalls.obj
 0001:0004d340       _trap_Printf               2004e340 f   g_syscalls.obj
 0001:0004d360       _trap_RealTime             2004e360 f   g_syscalls.obj
 0001:0004d380       _trap_SendConsoleCommand   2004e380 f   g_syscalls.obj
 0001:0004d3b0       _trap_SendServerCommand    2004e3b0 f   g_syscalls.obj
 0001:0004d3e0       _trap_SetBrushModel        2004e3e0 f   g_syscalls.obj
 0001:0004d410       _trap_SetConfigstring      2004e410 f   g_syscalls.obj
 0001:0004d440       _trap_SetUserinfo          2004e440 f   g_syscalls.obj
 0001:0004d470       _trap_SnapVector           2004e470 f   g_syscalls.obj
 0001:0004d490       _trap_StringContains       2004e490 f   g_syscalls.obj
 0001:0004d4c0       _trap_Trace                2004e4c0 f   g_syscalls.obj
 0001:0004d500       _trap_TraceCapsule         2004e500 f   g_syscalls.obj
 0001:0004d540       _trap_UnifyWhiteSpaces     2004e540 f   g_syscalls.obj
 0001:0004d570       _trap_UnlinkEntity         2004e570 f   g_syscalls.obj
 0001:0004d590       _SP_target_delay           2004e590 f   g_target.obj
 0001:0004d620       _SP_target_give            2004e620 f   g_target.obj
 0001:0004d640       _SP_target_kill            2004e640 f   g_target.obj
 0001:0004d660       _SP_target_laser           2004e660 f   g_target.obj
 0001:0004d690       _SP_target_location        2004e690 f   g_target.obj
 0001:0004d6e0       _SP_target_position        2004e6e0 f   g_target.obj
 0001:0004d710       _SP_target_print           2004e710 f   g_target.obj
 0001:0004d730       _SP_target_relay           2004e730 f   g_target.obj
 0001:0004d750       _SP_target_remove_powerups 2004e750 f   g_target.obj
 0001:0004d770       _SP_target_score           2004e770 f   g_target.obj
 0001:0004d7b0       _SP_target_speaker         2004e7b0 f   g_target.obj
 0001:0004d9e0       _SP_target_teleporter      2004e9e0 f   g_target.obj
 0001:0004da30       _Think_Target_Delay        2004ea30 f   g_target.obj
 0001:0004da60       _Use_Target_Delay          2004ea60 f   g_target.obj
 0001:0004db10       _Use_Target_Give           2004eb10 f   g_target.obj
 0001:0004dbd0       _Use_Target_Print          2004ebd0 f   g_target.obj
 0001:0004dcd0       _Use_Target_Score          2004ecd0 f   g_target.obj
 0001:0004dd00       _Use_Target_Speaker        2004ed00 f   g_target.obj
 0001:0004ddc0       _Use_target_remove_powerups 2004edc0 f   g_target.obj
 0001:0004de70       _target_kill_use           2004ee70 f   g_target.obj
 0001:0004dea0       _target_laser_off          2004eea0 f   g_target.obj
 0001:0004ded0       _target_laser_on           2004eed0 f   g_target.obj
 0001:0004df10       _target_laser_start        2004ef10 f   g_target.obj
 0001:0004e010       _target_laser_think        2004f010 f   g_target.obj
 0001:0004e480       _target_laser_use          2004f480 f   g_target.obj
 0001:0004e5c0       _target_relay_use          2004f5c0 f   g_target.obj
 0001:0004e690       _target_teleporter_use     2004f690 f   g_target.obj
 0001:0004e700       _AddTeamScore              2004f700 f   g_team.obj
 0001:0004e870       _CheckTeamStatus           2004f870 f   g_team.obj
 0001:0004e9e0       _OnSameTeam                2004f9e0 f   g_team.obj
 0001:0004ea50       _OtherTeam                 2004fa50 f   g_team.obj
 0001:0004ea80       _OtherTeamName             2004fa80 f   g_team.obj
 0001:0004eac0       _Pickup_Team               2004fac0 f   g_team.obj
 0001:0004eb80       _PrintMsg                  2004fb80 f   g_team.obj
 0001:0004ec60       _SP_team_CTF_blueplayer    2004fc60 f   g_team.obj
 0001:0004ec70       _SP_team_CTF_bluespawn     2004fc70 f   g_team.obj
 0001:0004ec80       _SP_team_CTF_redplayer     2004fc80 f   g_team.obj
 0001:0004ec90       _SP_team_CTF_redspawn      2004fc90 f   g_team.obj
 0001:0004eca0       _SelectCTFSpawnPoint       2004fca0 f   g_team.obj
 0001:0004edc0       _SelectRandomTeamSpawnPoint 2004fdc0 f   g_team.obj
 0001:0004ef00       _TeamColorString           2004ff00 f   g_team.obj
 0001:0004ef40       _TeamName                  2004ff40 f   g_team.obj
 0001:0004ef80       _Team_CaptureFlagSound     2004ff80 f   g_team.obj
 0001:0004eff0       _Team_CheckDroppedItem     2004fff0 f   g_team.obj
 0001:0004f060       _Team_CheckHurtCarrier     20050060 f   g_team.obj
 0001:0004f150       _Team_DroppedFlagThink     20050150 f   g_team.obj
 0001:0004f1d0       _Team_ForceGesture         200501d0 f   g_team.obj
 0001:0004f260       _Team_FragBonuses          20050260 f   g_team.obj
 0001:0004fe60       _Team_FreeEntity           20050e60 f   g_team.obj
 0001:0004fec0       _Team_GetLocation          20050ec0 f   g_team.obj
 0001:000500a0       _Team_GetLocationMsg       200510a0 f   g_team.obj
 0001:00050160       _Team_InitGame             20051160 f   g_team.obj
 0001:000501c0       _Team_ResetFlag            200511c0 f   g_team.obj
 0001:00050280       _Team_ResetFlags           20051280 f   g_team.obj
 0001:000502b0       _Team_ReturnFlag           200512b0 f   g_team.obj
 0001:00050310       _Team_ReturnFlagSound      20051310 f   g_team.obj
 0001:00050380       _Team_SetFlagStatus        20051380 f   g_team.obj
 0001:000504b0       _Team_TakeFlagSound        200514b0 f   g_team.obj
 0001:00050590       _Team_TouchEnemyFlag       20051590 f   g_team.obj
 0001:00050660       _Team_TouchOurFlag         20051660 f   g_team.obj
 0001:00050b60       _TeamplayInfoMessage       20051b60 f   g_team.obj
 0001:00050f50       _AimAtTarget               20051f50 f   g_trigger.obj
 0001:000512b0       _InitTrigger               200522b0 f   g_trigger.obj
 0001:00051320       _SP_func_timer             20052320 f   g_trigger.obj
 0001:00051410       _SP_target_push            20052410 f   g_trigger.obj
 0001:00051630       _SP_trigger_always         20052630 f   g_trigger.obj
 0001:00051660       _SP_trigger_hurt           20052660 f   g_trigger.obj
 0001:00051700       _SP_trigger_multiple       20052700 f   g_trigger.obj
 0001:000517d0       _SP_trigger_push           200527d0 f   g_trigger.obj
 0001:00051850       _SP_trigger_teleport       20052850 f   g_trigger.obj
 0001:000518e0       _Touch_Multi               200528e0 f   g_trigger.obj
 0001:00051910       _Use_Multi                 20052910 f   g_trigger.obj
 0001:00051930       _Use_target_push           20052930 f   g_trigger.obj
 0001:00051ac0       _func_timer_think          20052ac0 f   g_trigger.obj
 0001:00051b70       _func_timer_use            20052b70 f   g_trigger.obj
 0001:00051bc0       _hurt_touch                20052bc0 f   g_trigger.obj
 0001:00051ca0       _hurt_use                  20052ca0 f   g_trigger.obj
 0001:00051ce0       _multi_trigger             20052ce0 f   g_trigger.obj
 0001:00051e60       _multi_wait                20052e60 f   g_trigger.obj
 0001:00051e80       _trigger_always_think      20052e80 f   g_trigger.obj
 0001:00051eb0       _trigger_push_touch        20052eb0 f   g_trigger.obj
 0001:00051ef0       _trigger_teleporter_touch  20052ef0 f   g_trigger.obj
 0001:00051fa0       _AddRemap                  20052fa0 f   g_utils.obj
 0001:00052090       _BuildShaderStateConfig    20053090 f   g_utils.obj
 0001:00052280       _DebugLine                 20053280 f   g_utils.obj
 0001:000529c0       _G_AddEvent                200539c0 f   g_utils.obj
 0001:00052ab0       _G_AddPredictableEvent     20053ab0 f   g_utils.obj
 0001:00052af0       _G_EntitiesFree            20053af0 f   g_utils.obj
 0001:00052b60       _G_Find                    20053b60 f   g_utils.obj
 0001:00052bf0       _G_FindConfigstringIndex   20053bf0 f   g_utils.obj
 0001:00052ce0       _G_FreeEntity              20053ce0 f   g_utils.obj
 0001:00052d50       _G_InitGentity             20053d50 f   g_utils.obj
 0001:00052da0       _G_KillBox                 20053da0 f   g_utils.obj
 0001:00052fe0       _G_ModelIndex              20053fe0 f   g_utils.obj
 0001:00053010       _G_PickTarget              20054010 f   g_utils.obj
 0001:000530d0       _G_SetMovedir              200540d0 f   g_utils.obj
 0001:00053210       _G_SetOrigin               20054210 f   g_utils.obj
 0001:00053340       _G_Sound                   20054340 f   g_utils.obj
 0001:00053380       _G_SoundIndex              20054380 f   g_utils.obj
 0001:000533b0       _G_Spawn                   200543b0 f   g_utils.obj
 0001:00053530       _G_TeamCommand             20054530 f   g_utils.obj
 0001:000535b0       _G_TempEntity              200545b0 f   g_utils.obj
 0001:000536e0       _G_UseTargets              200546e0 f   g_utils.obj
 0001:00053890       _tv                        20054890 f   g_utils.obj
 0001:00053900       _vectoyaw                  20054900 f   g_utils.obj
 0001:00053a30       _vtos                      20054a30 f   g_utils.obj
 0001:00053ab0       _BFG_Fire                  20054ab0 f   g_weapon.obj
 0001:00053b20       _Bullet_Fire               20054b20 f   g_weapon.obj
 0001:00053fd0       _CalcMuzzlePoint           20054fd0 f   g_weapon.obj
 0001:00054190       _CalcMuzzlePointOrigin     20055190 f   g_weapon.obj
 0001:00054350       _CheckGauntletAttack       20055350 f   g_weapon.obj
 0001:000546d0       _FireWeapon                200556d0 f   g_weapon.obj
 0001:000548d0       _G_BounceProjectile        200558d0 f   g_weapon.obj
 0001:00054b60       _LogAccuracyHit            20055b60 f   g_weapon.obj
 0001:00054bf0       _ShotgunPattern            20055bf0 f   g_weapon.obj
 0001:00054f20       _ShotgunPellet             20055f20 f   g_weapon.obj
 0001:000550b0       _SnapVectorTowards         200560b0 f   g_weapon.obj
 0001:00055130       _Weapon_Gauntlet           20056130 f   g_weapon.obj
 0001:00055140       _Weapon_GrapplingHook_Fire 20056140 f   g_weapon.obj
 0001:000551a0       _Weapon_HookFree           200561a0 f   g_weapon.obj
 0001:00055200       _Weapon_HookThink          20056200 f   g_weapon.obj
 0001:00055480       _Weapon_LightningFire      20056480 f   g_weapon.obj
 0001:000556e0       _Weapon_Plasmagun_Fire     200566e0 f   g_weapon.obj
 0001:00055750       _Weapon_RocketLauncher_Fire 20056750 f   g_weapon.obj
 0001:000557c0       _weapon_grenadelauncher_fire 200567c0 f   g_weapon.obj
 0001:00055860       _weapon_railgun_fire       20056860 f   g_weapon.obj
 0001:00055dc0       _weapon_supershotgun_fire  20056dc0 f   g_weapon.obj
 0001:00055f20       _AddPointToBounds          20056f20 f   q_math.obj
 0001:000560a0       _AngleDelta                200570a0 f   q_math.obj
 0001:000560d0       _AngleMod                  200570d0 f   q_math.obj
 0001:00056110       _AngleNormalize180         20057110 f   q_math.obj
 0001:00056160       _AngleNormalize360         20057160 f   q_math.obj
 0001:000561a0       _AngleSubtract             200571a0 f   q_math.obj
 0001:00056210       _AngleVectors              20057210 f   q_math.obj
 0001:00056510       _AnglesSubtract            20057510 f   q_math.obj
 0001:000565f0       _AnglesToAxis              200575f0 f   q_math.obj
 0001:000566f0       _AxisClear                 200576f0 f   q_math.obj
 0001:00056820       _AxisCopy                  20057820 f   q_math.obj
 0001:000569b0       _BoxOnPlaneSide            200579b0 f   q_math.obj
 0001:00056bf0       _ByteToDir                 20057bf0 f   q_math.obj
 0001:00056cd0       _ClampChar                 20057cd0 f   q_math.obj
 0001:00056d00       _ClampShort                20057d00 f   q_math.obj
 0001:00056d40       _ClearBounds               20057d40 f   q_math.obj
 0001:00056de0       _ColorBytes3               20057de0 f   q_math.obj
 0001:00056e50       _ColorBytes4               20057e50 f   q_math.obj
 0001:00056ff0       _DirToByte                 20057ff0 f   q_math.obj
 0001:000570e0       _LerpAngle                 200580e0 f   q_math.obj
 0001:00057160       _MakeNormalVectors         20058160 f   q_math.obj
 0001:00057320       _MatrixMultiply            20058320 f   q_math.obj
 0001:00057940       _NormalizeColor            20058940 f   q_math.obj
 0001:00057a90       _PerpendicularVector       20058a90 f   q_math.obj
 0001:00057bb0       _PlaneFromPoints           20058bb0 f   q_math.obj
 0001:00057db0       _ProjectPointOnPlane       20058db0 f   q_math.obj
 0001:00058010       _Q_crandom                 20059010 f   q_math.obj
 0001:00058050       _Q_fabs                    20059050 f   q_math.obj
 0001:00058080       _Q_log2                    20059080 f   q_math.obj
 0001:000580b0       _Q_rand                    200590b0 f   q_math.obj
 0001:000580e0       _Q_random                  200590e0 f   q_math.obj
 0001:00058120       _Q_rsqrt                   20059120 f   q_math.obj
 0001:000581a0       _RadiusFromBounds          200591a0 f   q_math.obj
 0001:00058260       _RotateAroundDirection     20059260 f   q_math.obj
 0001:00058380       _RotatePointAroundVector   20059380 f   q_math.obj
 0001:000588f0       _SetPlaneSignbits          200598f0 f   q_math.obj
 0001:00058950       _Vector4Scale              20059950 f   q_math.obj
 0001:00058a90       _VectorNormalize           20059a90 f   q_math.obj
 0001:00058bc0       _VectorNormalize2          20059bc0 f   q_math.obj
 0001:00058d40       _VectorRotate              20059d40 f   q_math.obj
 0001:00058f00       __DotProduct               20059f00 f   q_math.obj
 0001:00058f80       __VectorAdd                20059f80 f   q_math.obj
 0001:00059020       __VectorCopy               2005a020 f   q_math.obj
 0001:00059090       __VectorMA                 2005a090 f   q_math.obj
 0001:00059140       __VectorScale              2005a140 f   q_math.obj
 0001:000591c0       __VectorSubtract           2005a1c0 f   q_math.obj
 0001:00059260       _vectoangles               2005a260 f   q_math.obj
 0001:000594d0       _COM_BeginParseSession     2005a4d0 f   q_shared.obj
 0001:00059510       _COM_Compress              2005a510 f   q_shared.obj
 0001:00059730       _COM_DefaultExtension      2005a730 f   q_shared.obj
 0001:000597d0       _COM_GetCurrentParseLine   2005a7d0 f   q_shared.obj
 0001:000597f0       _COM_MatchToken            2005a7f0 f   q_shared.obj
 0001:00059840       _COM_Parse                 2005a840 f   q_shared.obj
 0001:00059860       _COM_ParseError            2005a860 f   q_shared.obj
 0001:000598b0       _COM_ParseExt              2005a8b0 f   q_shared.obj
 0001:00059b50       _COM_ParseWarning          2005ab50 f   q_shared.obj
 0001:00059ba0       _COM_SkipPath              2005aba0 f   q_shared.obj
 0001:00059bf0       _COM_StripExtension        2005abf0 f   q_shared.obj
 0001:00059c40       _Com_Clamp                 2005ac40 f   q_shared.obj
 0001:00059c80       _Com_sprintf               2005ac80 f   q_shared.obj
 0001:00059d20       _FloatNoSwap               2005ad20 f   q_shared.obj
 0001:00059d40       _FloatSwap                 2005ad40 f   q_shared.obj
 0001:00059d70       _Info_NextPair             2005ad70 f   q_shared.obj
 0001:00059e60       _Info_RemoveKey            2005ae60 f   q_shared.obj
 0001:00059fe0       _Info_RemoveKey_Big        2005afe0 f   q_shared.obj
 0001:0005a170       _Info_SetValueForKey       2005b170 f   q_shared.obj
 0001:0005a300       _Info_SetValueForKey_Big   2005b300 f   q_shared.obj
 0001:0005a490       _Info_Validate             2005b490 f   q_shared.obj
 0001:0005a4e0       _Info_ValueForKey          2005b4e0 f   q_shared.obj
 0001:0005a680       _Long64NoSwap              2005b680 f   q_shared.obj
 0001:0005a6a0       _Long64Swap                2005b6a0 f   q_shared.obj
 0001:0005a6f0       _LongNoSwap                2005b6f0 f   q_shared.obj
 0001:0005a710       _LongSwap                  2005b710 f   q_shared.obj
 0001:0005a780       _Parse1DMatrix             2005b780 f   q_shared.obj
 0001:0005a800       _Parse2DMatrix             2005b800 f   q_shared.obj
 0001:0005a870       _Parse3DMatrix             2005b870 f   q_shared.obj
 0001:0005a8f0       _Q_CleanStr                2005b8f0 f   q_shared.obj
 0001:0005a980       _Q_PrintStrlen             2005b980 f   q_shared.obj
 0001:0005aa00       _Q_isalpha                 2005ba00 f   q_shared.obj
 0001:0005aa40       _Q_islower                 2005ba40 f   q_shared.obj
 0001:0005aa70       _Q_isprint                 2005ba70 f   q_shared.obj
 0001:0005aaa0       _Q_isupper                 2005baa0 f   q_shared.obj
 0001:0005aad0       _Q_strcat                  2005bad0 f   q_shared.obj
 0001:0005ab20       _Q_stricmp                 2005bb20 f   q_shared.obj
 0001:0005ab60       _Q_stricmpn                2005bb60 f   q_shared.obj
 0001:0005ac40       _Q_strlwr                  2005bc40 f   q_shared.obj
 0001:0005ac90       _Q_strncmp                 2005bc90 f   q_shared.obj
 0001:0005ad10       _Q_strncpyz                2005bd10 f   q_shared.obj
 0001:0005ad80       _Q_strrchr                 2005bd80 f   q_shared.obj
 0001:0005ade0       _Q_strupr                  2005bde0 f   q_shared.obj
 0001:0005ae30       _ShortNoSwap               2005be30 f   q_shared.obj
 0001:0005ae50       _ShortSwap                 2005be50 f   q_shared.obj
 0001:0005ae90       _SkipBracedSection         2005be90 f   q_shared.obj
 0001:0005af20       _SkipRestOfLine            2005bf20 f   q_shared.obj
 0001:0005afe0       _va                        2005bfe0 f   q_shared.obj
 0001:0005b040       ___raise_securityfailure   2005c040 f   LIBCMTD:gs_report.obj
 0001:0005b090       ___report_gsfailure        2005c090 f   LIBCMTD:gs_report.obj
 0001:0005b1a0       ___report_rangecheckfailure 2005c1a0 f   LIBCMTD:gs_report.obj
 0001:0005b1b0       ___report_securityfailure  2005c1b0 f   LIBCMTD:gs_report.obj
 0001:0005b290       ___report_securityfailureEx 2005c290 f   LIBCMTD:gs_report.obj
 0001:0005b3c0       _strcpy                    2005c3c0 f   LIBCMTD:strcat.obj
 0001:0005b3d0       _strcat                    2005c3d0 f   LIBCMTD:strcat.obj
 0001:0005b4c0       _strlen                    2005c4c0 f   LIBCMTD:strlen.obj
 0001:0005b550       _strncpy                   2005c550 f   LIBCMTD:strncpy.obj
 0001:0005b680       __atoi64                   2005c680 f   LIBCMTD:atox.obj
 0001:0005b6a0       __atoi64_l                 2005c6a0 f   LIBCMTD:atox.obj
 0001:0005b6c0       __atoi_l                   2005c6c0 f   LIBCMTD:atox.obj
 0001:0005b6e0       __atol_l                   2005c6e0 f   LIBCMTD:atox.obj
 0001:0005b700       __atoll_l                  2005c700 f   LIBCMTD:atox.obj
 0001:0005b720       _atoi                      2005c720 f   LIBCMTD:atox.obj
 0001:0005b740       _atol                      2005c740 f   LIBCMTD:atox.obj
 0001:0005b760       _atoll                     2005c760 f   LIBCMTD:atox.obj
 0001:0005b780       _rand                      2005c780 f   LIBCMTD:rand.obj
 0001:0005b7c0       _srand                     2005c7c0 f   LIBCMTD:rand.obj
 0001:0005b7d0       @__security_check_cookie@4 2005c7d0 f   LIBCMTD:secchk.obj
 0001:0005b7e0       __fpmath                   2005c7e0 f   LIBCMTD:fpinit.obj
 0001:0005b800       ___setfflag                2005c800 f   LIBCMTD:fpinit.obj
 0001:0005b820       __cfltcvt_init             2005c820 f   LIBCMTD:fpinit.obj
 0001:0005b8e0       __CIsqrt                   2005c8e0 f   LIBCMTD:sqrt.obj
 0001:0005b8f4       _sqrt                      2005c8f4     LIBCMTD:sqrt.obj
 0001:0005b9a0       ??0_LocaleUpdate@@QAE@PAUlocaleinfo_struct@@@Z 2005c9a0 f i LIBCMTD:atof.obj
 0001:0005ba80       ??1_LocaleUpdate@@QAE@XZ   2005ca80 f i LIBCMTD:atof.obj
 0001:0005bab0       ?GetLocaleT@_LocaleUpdate@@QAEPAUlocaleinfo_struct@@XZ 2005cab0 f i LIBCMTD:atof.obj
 0001:0005bac0       ___STRINGTOLD              2005cac0 f   LIBCMTD:atof.obj
 0001:0005bb10       ___strgtold12              2005cb10 f   LIBCMTD:atof.obj
 0001:0005bb60       __atof_l                   2005cb60 f   LIBCMTD:atof.obj
 0001:0005bcb0       _atof                      2005ccb0 f   LIBCMTD:atof.obj
 0001:0005bcd0       __sscanf_l                 2005ccd0 f   LIBCMTD:sscanf.obj
 0001:0005bd00       __sscanf_s_l               2005cd00 f   LIBCMTD:sscanf.obj
 0001:0005bd30       _sscanf                    2005cd30 f   LIBCMTD:sscanf.obj
 0001:0005bd60       _sscanf_s                  2005cd60 f   LIBCMTD:sscanf.obj
 0001:0005bf20       _vsscanf                   2005cf20 f   LIBCMTD:sscanf.obj
 0001:0005bf40       _vsscanf_s                 2005cf40 f   LIBCMTD:sscanf.obj
 0001:0005bf60       _memcpy                    2005cf60 f   LIBCMTD:memcpy.obj
 0001:0005c5b0       _memset                    2005d5b0 f   LIBCMTD:memset.obj
 0001:0005c640       _fabs                      2005d640 f   LIBCMTD:fabs.obj
 0001:0005c740       _strcmp                    2005d740 f   LIBCMTD:strcmp.obj
 0001:0005c7d0       _memmove                   2005d7d0 f   LIBCMTD:memmove.obj
 0001:0005ce20       _strstr                    2005de20 f   LIBCMTD:strstr.obj
 0001:0005d090       __toupper                  2005e090 f   LIBCMTD:toupper.obj
 0001:0005d0a0       __toupper_l                2005e0a0 f   LIBCMTD:toupper.obj
 0001:0005d2e0       _toupper                   2005e2e0 f   LIBCMTD:toupper.obj
 0001:0005d330       __ftol2_sse                2005e330 f   LIBCMTD:ftol2.obj
 0001:0005d339       __ftol2_pentium4           2005e339 f   LIBCMTD:ftol2.obj
 0001:0005d34c       __ftol2_sse_excpt          2005e34c f   LIBCMTD:ftol2.obj
 0001:0005d366       __ftol2                    2005e366 f   LIBCMTD:ftol2.obj
 0001:0005d3e0       __abs64                    2005e3e0 f   LIBCMTD:abs.obj
 0001:0005d420       _abs                       2005e420 f   LIBCMTD:abs.obj
 0001:0005d450       __vscprintf                2005e450 f   LIBCMTD:vsprintf.obj
 0001:0005d470       __vscprintf_helper         2005e470 f   LIBCMTD:vsprintf.obj
 0001:0005d560       __vscprintf_l              2005e560 f   LIBCMTD:vsprintf.obj
 0001:0005d580       __vscprintf_p              2005e580 f   LIBCMTD:vsprintf.obj
 0001:0005d5a0       __vscprintf_p_l            2005e5a0 f   LIBCMTD:vsprintf.obj
 0001:0005d5c0       __vsprintf_l               2005e5c0 f   LIBCMTD:vsprintf.obj
 0001:0005d780       _vsprintf                  2005e780 f   LIBCMTD:vsprintf.obj
 0001:0005d7a0       _strchr                    2005e7a0 f   LIBCMTD:strchr.obj
 0001:0005d80e       ___from_strstr_to_strchr   2005e80e     LIBCMTD:strchr.obj
 0001:0005d8d0       _cos                       2005e8d0 f   LIBCMTD:cos.obj
 0001:0005d910       __CIcos                    2005e910 f   LIBCMTD:cos.obj
 0001:0005d94b       __CIcos_default            2005e94b f   LIBCMTD:cos.obj
 0001:0005d95f       __cos_default              2005e95f     LIBCMTD:cos.obj
 0001:0005da00       _sin                       2005ea00 f   LIBCMTD:sin.obj
 0001:0005da40       __CIsin                    2005ea40 f   LIBCMTD:sin.obj
 0001:0005da7b       __CIsin_default            2005ea7b f   LIBCMTD:sin.obj
 0001:0005da8f       __sin_default              2005ea8f     LIBCMTD:sin.obj
 0001:0005db30       __alloca_probe             2005eb30 f   LIBCMTD:chkstk.obj
 0001:0005db30       __chkstk                   2005eb30 f   LIBCMTD:chkstk.obj
 0001:0005db60       __tolower                  2005eb60 f   LIBCMTD:tolower.obj
 0001:0005db70       __tolower_l                2005eb70 f   LIBCMTD:tolower.obj
 0001:0005ddb0       _tolower                   2005edb0 f   LIBCMTD:tolower.obj
 0001:0005de00       _ceil                      2005ee00 f   LIBCMTD:ceil_pentium4.obj
 0001:0005de40       __ceil_pentium4            2005ee40 f   LIBCMTD:ceil_pentium4.obj
 0001:0005df20       _qsort                     2005ef20 f   LIBCMTD:qsort.obj
 0001:0005e5a0       _atan2                     2005f5a0 f   LIBCMTD:87ctriga.obj
 0001:0005e5aa       __CIatan2                  2005f5aa f   LIBCMTD:87ctriga.obj
 0001:0005e5c0       __invoke_watson_if_error   2005f5c0 f i LIBCMTD:wassert.obj
 0001:0005e5f0       __wassert                  2005f5f0 f   LIBCMTD:wassert.obj
 0001:0005f230       __CRT_INIT@12              20060230 f   LIBCMTD:dllcrt0.obj
 0001:0005f480       __DllMainCRTStartup@12     20060480 f   LIBCMTD:dllcrt0.obj
 0001:0005f670       ___DllXcptFilter           20060670 f   LIBCMTD:dllcrt0.obj
 0001:0005f6a0       __CrtDefaultAllocHook      200606a0 f   LIBCMTD:dbghook.obj
 0001:0005f6b0       __crt_debugger_hook        200606b0 f   LIBCMTD:dbghook.obj
 0001:0005f710       ___crtCloseThreadpoolTimer 20060710 f   LIBCMTD:winapisupp.obj
 0001:0005f740       ___crtCloseThreadpoolWait  20060740 f   LIBCMTD:winapisupp.obj
 0001:0005f770       ___crtCreateEventExW       20060770 f   LIBCMTD:winapisupp.obj
 0001:0005f7d0       ___crtCreateSemaphoreExW   200607d0 f   LIBCMTD:winapisupp.obj
 0001:0005f830       ___crtCreateSymbolicLinkW  20060830 f   LIBCMTD:winapisupp.obj
 0001:0005f870       ___crtCreateThreadpoolTimer 20060870 f   LIBCMTD:winapisupp.obj
 0001:0005f8b0       ___crtCreateThreadpoolWait 200608b0 f   LIBCMTD:winapisupp.obj
 0001:0005f8f0       ___crtFlsAlloc             200608f0 f   LIBCMTD:winapisupp.obj
[...]
 0002:000171d4       __ehfuncinfo$?strtoxq@@YA_KPAUlocaleinfo_struct@@PBDPAPBDHH@Z 200c71d4     LIBCMTD:strtoq.obj
 0002:000171f8       __unwindtable$?strtoxl@@YAKPAUlocaleinfo_struct@@PBDPAPBDHH@Z 200c71f8     LIBCMTD:strtol.obj
 0002:00017200       __ehfuncinfo$?strtoxl@@YAKPAUlocaleinfo_struct@@PBDPAPBDHH@Z 200c7200     LIBCMTD:strtol.obj
 0002:00017228       __sehtable$__freefls@4     200c7228     LIBCMTD:tidtable.obj
 0002:00017250       __sehtable$__initptd       200c7250     LIBCMTD:tidtable.obj
 0002:00017278       __sehtable$___updatetlocinfo 200c7278     LIBCMTD:localref.obj
 0002:00017298       __sehtable$___updatetmbcinfo 200c7298     LIBCMTD:mbctype.obj
 0002:000172b8       __sehtable$__setmbcp       200c72b8     LIBCMTD:mbctype.obj
 0002:000172d4       __unwindtable$?getSystemCP@@YAHH@Z 200c72d4     LIBCMTD:mbctype.obj
 0002:000172dc       __ehfuncinfo$?getSystemCP@@YAHH@Z 200c72dc     LIBCMTD:mbctype.obj
 0002:00017300       __sehtable$__CrtSetReportHookW2 200c7300     LIBCMTD:dbgrptw.obj
 0002:00017320       __sehtable$___set_fpsr_sse2 200c7320     LIBCMTD:fpctrl.obj
 0002:00017340       __sehtable$__get_current_locale 200c7340     LIBCMTD:wsetloca.obj
 0002:00017368       __sehtable$__free_locale   200c7368     LIBCMTD:wsetloca.obj
 0002:00017390       __sehtable$__wsetlocale    200c7390     LIBCMTD:wsetloca.obj
 0002:000173c8       __sehtable$__locterm       200c73c8     LIBCMTD:wsetloca.obj
 0002:000173e8       __sehtable$_doexit         200c73e8     LIBCMTD:crt0dat.obj
 0002:00017408       __sehtable$_fflush         200c7408     LIBCMTD:fflush.obj
 0002:00017428       __sehtable$_flsall         200c7428     LIBCMTD:fflush.obj
 0002:00017450       __sehtable$_setvbuf        200c7450     LIBCMTD:setvbuf.obj
 0002:00017470       __sehtable$_fwprintf       200c7470     LIBCMTD:fwprintf.obj
 0002:00017490       __sehtable$_signal         200c7490     LIBCMTD:winsig.obj
 0002:000174b0       __sehtable$_raise          200c74b0     LIBCMTD:winsig.obj
 0002:000174d0       __sehtable$_ctrlevent_capture@4 200c74d0     LIBCMTD:winsig.obj
 0002:000174f0       __sehtable$__ioinit        200c74f0     LIBCMTD:ioinit.obj
 0002:00017510       __sehtable$__realloc_dbg   200c7510     LIBCMTD:dbgheap.obj
 0002:00017530       __sehtable$__expand_dbg    200c7530     LIBCMTD:dbgheap.obj
 0002:00017550       __sehtable$__free_dbg      200c7550     LIBCMTD:dbgheap.obj
 0002:00017570       __sehtable$__msize_dbg     200c7570     LIBCMTD:dbgheap.obj
 0002:00017590       __sehtable$__CrtCheckMemory 200c7590     LIBCMTD:dbgheap.obj
 0002:000175b0       __sehtable$__CrtSetDbgFlag 200c75b0     LIBCMTD:dbgheap.obj
 0002:000175d0       __sehtable$__CrtDoForAllClientObjects 200c75d0     LIBCMTD:dbgheap.obj
 0002:000175f0       __sehtable$__CrtIsMemoryBlock 200c75f0     LIBCMTD:dbgheap.obj
 0002:00017610       __sehtable$__CrtMemCheckpoint 200c7610     LIBCMTD:dbgheap.obj
 0002:00017630       __sehtable$__CrtSetDbgBlockType 200c7630     LIBCMTD:dbgheap.obj
 0002:00017650       __sehtable$__heap_alloc_dbg_impl 200c7650     LIBCMTD:dbgheap.obj
 0002:00017670       __sehtable$?__crtIsBadReadPtr@@YAHPBXI@Z 200c7670     LIBCMTD:dbgheap.obj
 0002:00017690       __sehtable$?_CrtMemDumpAllObjectsSince_stat@@YAXPBU_CrtMemState@@PAUlocaleinfo_struct@@@Z 200c7690     LIBCMTD:dbgheap.obj
 0002:000176b0       __sehtable$__mtinitlocknum 200c76b0     LIBCMTD:mlock.obj
 0002:000176d0       __sehtable$__VCrtDbgReportA 200c76d0     LIBCMTD:dbgrptt.obj
 0002:000176f8       __sehtable$__VCrtDbgReportW 200c76f8     LIBCMTD:dbgrptt.obj
 0002:00017720       __sehtable$_ungetc         200c7720     LIBCMTD:ungetc.obj
 0002:00017740       __sehtable$__write         200c7740     LIBCMTD:write.obj
 0002:00017760       __sehtable$__lseeki64      200c7760     LIBCMTD:lseeki64.obj
 0002:00017780       __sehtable$_printf         200c7780     LIBCMTD:printf.obj
 0002:000177a0       __sehtable$__IsNonwritableInCurrentImage 200c77a0     LIBCMTD:pesect.obj
 0002:000177c0       __sehtable$__onexit        200c77c0     LIBCMTD:onexit.obj
 0002:000177e0       __sehtable$?terminate@@YAXXZ 200c77e0     LIBCMTD:hooks.obj
 0002:00017800       __sehtable$?_inconsistency@@YAXXZ 200c7800     LIBCMTD:hooks.obj
 0002:00017820       __sehtable$__fcloseall     200c7820     LIBCMTD:closeall.obj
 0002:00017840       __sehtable$__commit        200c7840     LIBCMTD:commit.obj
 0002:00017860       __sehtable$_vfwprintf_helper 200c7860     LIBCMTD:vfwprint.obj
 0002:0001787c       __unwindtable$?x_ismbbtype_l@@YAHPAUlocaleinfo_struct@@IHH@Z 200c787c     LIBCMTD:ismbbyte.obj
 0002:00017884       __ehfuncinfo$?x_ismbbtype_l@@YAHPAUlocaleinfo_struct@@IHH@Z 200c7884     LIBCMTD:ismbbyte.obj
 0002:000178a8       __sehtable$__CrtSetReportHook2 200c78a8     LIBCMTD:dbgrpt.obj
 0002:000178c8       __sehtable$___FrameUnwindToState 200c78c8     LIBCMTD:frame.obj
 0002:000178f0       __sehtable$?CallCatchBlock@@YAPAXPAUEHExceptionRecord@@PAUEHRegistrationNode@@PAU_CONTEXT@@PBU_s_FuncInfo@@PAXHK@Z 200c78f0     LIBCMTD:frame.obj
 0002:00017918       __sehtable$___BuildCatchObject 200c7918     LIBCMTD:frame.obj
 0002:00017938       __sehtable$___DestructExceptionObject 200c7938     LIBCMTD:frame.obj
 0002:00017954       __catchsym$?CallUnexpected@@YAXPBU_s_ESTypeList@@@Z$2 200c7954     LIBCMTD:frame.obj
 0002:00017964       __unwindtable$?CallUnexpected@@YAXPBU_s_ESTypeList@@@Z 200c7964     LIBCMTD:frame.obj
 0002:00017974       __tryblocktable$?CallUnexpected@@YAXPBU_s_ESTypeList@@@Z 200c7974     LIBCMTD:frame.obj
 0002:00017988       __ehfuncinfo$?CallUnexpected@@YAXPBU_s_ESTypeList@@@Z 200c7988     LIBCMTD:frame.obj
 0002:000179b0       __sehtable$___BuildCatchObjectHelper 200c79b0     LIBCMTD:frame.obj
 0002:00017a20       __sehtable$__read          200c7a20     LIBCMTD:read.obj
 0002:00017a40       __sehtable$__alloc_osfhnd  200c7a40     LIBCMTD:osfinfo.obj
 0002:00017a68       __sehtable$___lock_fhandle 200c7a68     LIBCMTD:osfinfo.obj
 0002:00017a88       __sehtable$__open_osfhandle 200c7a88     LIBCMTD:osfinfo.obj
 0002:00017aa8       __sehtable$__putwch        200c7aa8     LIBCMTD:putwch.obj
 0002:00017ac8       __sehtable$_vprintf_helper 200c7ac8     LIBCMTD:vprintf.obj
 0002:00017ae8       __sehtable$_fclose         200c7ae8     LIBCMTD:fclose.obj
 0002:00017b08       __sehtable$_fputwc         200c7b08     LIBCMTD:fputwc.obj
 0002:00017b28       __sehtable$??3@YAXPAX@Z    200c7b28     LIBCMTD:dbgdel.obj
 0002:00017b44       __unwindtable$?wcstoxq@@YA_KPAUlocaleinfo_struct@@PB_WPAPB_WHH@Z 200c7b44     LIBCMTD:wcstoq.obj
 0002:00017b4c       __ehfuncinfo$?wcstoxq@@YA_KPAUlocaleinfo_struct@@PB_WPAPB_WHH@Z 200c7b4c     LIBCMTD:wcstoq.obj
 0002:00017b70       __sehtable$__close         200c7b70     LIBCMTD:close.obj
 0002:00017b90       __sehtable$?_Name_base@type_info@@CAPBDPBV1@PAU__type_info_node@@@Z 200c7b90     LIBCMTD:typname.obj
 0002:00017bb0       __sehtable$?_Type_info_dtor@type_info@@CAXPAV1@@Z 200c7bb0     LIBCMTD:typname.obj
 0002:00017bd0       __sehtable$?_Name_base_internal@type_info@@CAPBDPBV1@PAU__type_info_node@@@Z 200c7bd0     LIBCMTD:typname.obj
 0002:00017bf0       __sehtable$?_Type_info_dtor_internal@type_info@@CAXPAV1@@Z 200c7bf0     LIBCMTD:typname.obj
 0002:00017c10       __sehtable$___clean_type_info_names_internal 200c7c10     LIBCMTD:typname.obj
 0002:00017c30       __sehtable$___unDName      200c7c30     LIBCMTD:undname.obj
 0002:00017c50       __sehtable$___unDNameEx    200c7c50     LIBCMTD:undname.obj
 0002:00017c6c       __unwindtable$?make@DNameStatusNode@@SAPAV1@W4DNameStatus@@@Z 200c7c6c     LIBCMTD:undname.obj
 0002:00017c74       __ehfuncinfo$?make@DNameStatusNode@@SAPAV1@W4DNameStatus@@@Z 200c7c74     LIBCMTD:undname.obj
 0002:00017ca0       .edata                     200c7ca0     qagamex86.exp
 0002:00017cc8       rgpv                       200c7cc8     qagamex86.exp
 0002:00017cd0       rgszName                   200c7cd0     qagamex86.exp
 0002:00017cd8       rgwOrd                     200c7cd8     qagamex86.exp
 0002:00017cdc       szName                     200c7cdc     qagamex86.exp
 0002:00017cea       $N00001                    200c7cea     qagamex86.exp
 0002:00017cf3       $N00002                    200c7cf3     qagamex86.exp
 0002:00018484       .idata$6                   200c8484     kernel32:KERNEL32.dll
 0003:00000000       _VEC_UP                    200c9000     ai_dmq3.obj
 0003:0000000c       _MOVEDIR_UP                200c900c     ai_dmq3.obj
 0003:00000018       _VEC_DOWN                  200c9018     ai_dmq3.obj
 0003:00000024       _MOVEDIR_DOWN              200c9024     ai_dmq3.obj
 0003:00000990       ?range@?1??G_TouchTriggers@@9@9 200c9990     g_active.obj
 0003:0000099c       _offsetFirst               200c999c     g_arenas.obj
 0003:000009a8       _offsetSecond              200c99a8     g_arenas.obj
 0003:000009b4       _offsetThird               200c99b4     g_arenas.obj
 0003:000009c0       _playerMins                200c99c0     g_client.obj
 0003:000009cc       _playerMaxs                200c99cc     g_client.obj
 0003:000009d8       _gc_orders                 200c99d8     g_cmds.obj
 0003:000009f4       _gameNames                 200c99f4     g_cmds.obj
 0003:00000a78       _gameCvarTable             200c9a78     g_main.obj
 0003:00000f80       _gameCvarTableSize         200c9f80     g_main.obj
 0003:00000f84       ?lastMod@?1??CheckCvars@@9@9 200c9f84     g_main.obj
 0003:00001260       ?gametypeNames@?1??G_SpawnGEntityFromSpawnVars@@9@9 200ca260     g_spawn.obj
 0003:00001284       _syscall                   200ca284     g_syscalls.obj
 0003:00001288       _ctfFlagStatusRemap        200ca288     g_team.obj
 0003:00001290       _oneFlagStatusRemap        200ca290     g_team.obj
 0003:00001298       ?VEC_UP@?1??G_SetMovedir@@9@9 200ca298     g_utils.obj
 0003:000012a4       ?MOVEDIR_UP@?1??G_SetMovedir@@9@9 200ca2a4     g_utils.obj
 0003:000012b0       ?VEC_DOWN@?1??G_SetMovedir@@9@9 200ca2b0     g_utils.obj
 0003:000012bc       ?MOVEDIR_DOWN@?1??G_SetMovedir@@9@9 200ca2bc     g_utils.obj
 0003:00001bd0       _NAME_                     200cabd0     LIBCMTD:sqrt.obj
 0003:00001be0       _NAME_                     200cabe0     LIBCMTD:cos.obj
 0003:00001bf0       _NAME_                     200cabf0     LIBCMTD:sin.obj
 0003:00001c00       __assertstring             200cac00     LIBCMTD:wassert.obj
 0003:00001c50       _dotdotdot                 200cac50     LIBCMTD:wassert.obj
 0003:00001c54       _newline                   200cac54     LIBCMTD:wassert.obj
 0003:00001c58       _dblnewline                200cac58     LIBCMTD:wassert.obj
 0003:00001c60       ?isPackaged@?1??__crtIsPackagedApp@@9@9 200cac60     LIBCMTD:winapisupp.obj
 0003:00001c90       _errtable                  200cac90     LIBCMTD:dosmap.obj
 0003:00001df8       _ErrnoNoMem                200cadf8     LIBCMTD:dosmap.obj
 0003:00001dfc       _DoserrorNoMem             200cadfc     LIBCMTD:dosmap.obj
 0003:00002228       ___rgctypeflag             200cb228     LIBCMTD:mbctype.obj
 0003:00002230       ___rgcode_page_info        200cb230     LIBCMTD:mbctype.obj
 0003:00002320       _dotdotdot                 200cb320     LIBCMTD:dbgrptw.obj
 0003:00002560       ?_names@?1??_get_fname@@9@9 200cb560     LIBCMTD:fpexcept.obj
 0003:00002670       _over                      200cb670     LIBCMTD:fpctrl.obj
 0003:0000267c       _under                     200cb67c     LIBCMTD:fpctrl.obj
 0003:00002688       ?__DAZ_ENABLED@?1??__set_fpsr_sse2@@9@9 200cb688     LIBCMTD:fpctrl.obj
 0003:0000268c       __ctype_loc_style          200cb68c     LIBCMTD:wsetloca.obj
 0003:000026a0       _newcw                     200cb6a0     LIBCMTD:ceil.obj
 0003:00002984       __lRequestCurr             200cb984     LIBCMTD:dbgheap.obj
 0003:00002988       __bNoMansLandFill          200cb988     LIBCMTD:dbgheap.obj
 0003:00002989       __bAlignLandFill           200cb989     LIBCMTD:dbgheap.obj
 0003:0000298a       __bDeadLandFill            200cb98a     LIBCMTD:dbgheap.obj
 0003:0000298b       __bCleanLandFill           200cb98b     LIBCMTD:dbgheap.obj
 0003:00002990       __locktable                200cb990     LIBCMTD:mlock.obj
 0003:00002ab0       _DoubleFormat              200cbab0     LIBCMTD:intrncvt.obj
 0003:00002ac8       _FloatFormat               200cbac8     LIBCMTD:intrncvt.obj
 0003:00002e30       _dotdotdot                 200cbe30     LIBCMTD:dbgrpt.obj
 0003:000030c0       ?maxclients@?1??BotNumActivePlayers@@9@9 200cc0c0     ai_chat.obj
 0003:000030c4       ?maxclients@?1??BotIsFirstInRankings@@9@9 200cc0c4     ai_chat.obj
 0003:000030c8       ?maxclients@?1??BotIsLastInRankings@@9@9 200cc0c8     ai_chat.obj
 0003:000030cc       ?name@?1??BotFirstClientInRankings@@9@9 200cc0cc     ai_chat.obj
 0003:000030ec       ?maxclients@?1??BotFirstClientInRankings@@9@9 200cc0ec     ai_chat.obj
 0003:000030f0       ?name@?1??BotLastClientInRankings@@9@9 200cc0f0     ai_chat.obj
 0003:00003110       ?maxclients@?1??BotLastClientInRankings@@9@9 200cc110     ai_chat.obj
 0003:00003114       ?maxclients@?1??BotRandomOpponentName@@9@9 200cc114     ai_chat.obj
 0003:00003118       ?name@?1??BotRandomOpponentName@@9@9 200cc118     ai_chat.obj
 0003:00003138       ?mapname@?1??BotMapTitle@@9@9 200cc138     ai_chat.obj
 0003:000031b8       ?maxclients@?1??FindClientByName@@9@9 200cc1b8     ai_cmd.obj
 0003:000031bc       ?maxclients@?1??FindEnemyByName@@9@9 200cc1bc     ai_cmd.obj
 0003:000031c0       ?maxclients@?1??NumPlayersOnSameTeam@@9@9 200cc1c0     ai_cmd.obj
 0003:000031c4       ?maxclients@?1??ClientFromName@@9@9 200cc1c4     ai_dmq3.obj
 0003:000031c8       ?maxclients@?1??ClientOnSameTeamFromName@@9@9 200cc1c8     ai_dmq3.obj
 0003:000031cc       ?local_time@?1??BotAIStartFrame@@9@9 200cc1cc     ai_main.obj
 0003:000031d0       ?botlib_residual@?1??BotAIStartFrame@@9@9 200cc1d0     ai_main.obj
 0003:000031d4       ?lastbotthink_time@?1??BotAIStartFrame@@9@9 200cc1d4     ai_main.obj
 0003:000031d8       ?maxclients@?1??BotNumTeamMates@@9@9 200cc1d8     ai_team.obj
 0003:000031dc       ?maxclients@?1??BotSortTeamMatesByBaseTravelTime@@9@9 200cc1dc     ai_team.obj
 0003:000031e0       ?maxclients@?1??BotTeamOrders@@9@9 200cc1e0     ai_team.obj
 0003:000031e8       _g_numBots                 200cc1e8     g_bot.obj
 0003:000031ec       ?checkminimumplayers_time@?1??G_CheckMinimumPlayers@@9@9 200cc1ec     g_bot.obj
 0003:000031f0       _g_botInfos                200cc1f0     g_bot.obj
 0003:000041f0       _g_arenaInfos              200cd1f0     g_bot.obj
 0003:000051f0       _botSpawnQueue             200ce1f0     g_bot.obj
 0003:00005270       ?line@?1??ConcatArgs@@9@9  200ce270     g_cmds.obj
 0003:00005670       ?i@?CC@??player_die@@9@9   200ce670     g_combat.obj
 0003:00005678       _memoryPool                200ce678     g_mem.obj
 0003:00045678       _allocPoint                2010e678     g_mem.obj
 0003:00045680       _ipFilters                 2010e680     g_svcmds.obj
 0003:00047680       _numIPFilters              20110680     g_svcmds.obj
 0003:0004768c       ?index@?1??tv@@9@9         2011068c     g_utils.obj
 0003:00047690       ?buff@?1??BuildShaderStateConfig@@9@9 20110690     g_utils.obj
 0003:00048690       ?vecs@?1??tv@@9@9          20111690     g_utils.obj
 0003:000486f0       ?index@?1??vtos@@9@9       201116f0     g_utils.obj
 0003:000486f8       ?str@?1??vtos@@9@9         201116f8     g_utils.obj
 0003:000487f8       _s_quadFactor              201117f8     g_weapon.obj
 0003:000487fc       _forward                   201117fc     g_weapon.obj
 0003:00048808       _right                     20111808     g_weapon.obj
 0003:00048814       _up                        20111814     g_weapon.obj
 0003:00048820       _muzzle                    20111820     g_weapon.obj
 0003:00048838       ?bops_initialized@?1??BoxOnPlaneSide@@9@9 20111838     q_math.obj
 0003:0004883c       ?Ljmptab@?1??BoxOnPlaneSide@@9@9 2011183c     q_math.obj
 0003:0004885c       ?sr@?1??AngleVectors@@9@9  2011185c     q_math.obj
 0003:00048860       ?sp@?1??AngleVectors@@9@9  20111860     q_math.obj
 0003:00048864       ?sy@?1??AngleVectors@@9@9  20111864     q_math.obj
 0003:00048868       ?cr@?1??AngleVectors@@9@9  20111868     q_math.obj
 0003:0004886c       ?cp@?1??AngleVectors@@9@9  2011186c     q_math.obj
 0003:00048870       ?cy@?1??AngleVectors@@9@9  20111870     q_math.obj
 0003:00048878       ?index@?1??va@@9@9         20111878     q_shared.obj
 0003:0004887c       ?valueindex@?1??Info_ValueForKey@@9@9 2011187c     q_shared.obj
 0003:00048880       _com_token                 20111880     q_shared.obj
 0003:00048c80       _com_parsename             20111c80     q_shared.obj
 0003:00049080       _com_lines                 20112080     q_shared.obj
 0003:00049088       ?string@?1??COM_ParseError@@9@9 20112088     q_shared.obj
 0003:0004a088       ?string@?1??COM_ParseWarning@@9@9 20113088     q_shared.obj
 0003:0004b088       ?string@?1??va@@9@9        20114088     q_shared.obj
 0003:0005aa88       ?value@?1??Info_ValueForKey@@9@9 20123a88     q_shared.obj
 0003:0005ea88       _GS_ExceptionRecord        20127a88     LIBCMTD:gs_report.obj
 0003:0005ead8       _GS_ContextRecord          20127ad8     LIBCMTD:gs_report.obj
 0003:0005eda4       _DebuggerWasPresent        20127da4     LIBCMTD:gs_report.obj
 0003:0005edac       ___proc_attached           20127dac     LIBCMTD:dllcrt0.obj
 0003:0005edd4       _fSystemSet                20127dd4     LIBCMTD:mbctype.obj
 0003:0005ede4       __pmatherr_set             20127de4     LIBCMTD:libm_error.obj
 0003:0005ee24       _ctrlc_action              20127e24     LIBCMTD:winsig.obj
 0003:0005ee28       _ctrlbreak_action          20127e28     LIBCMTD:winsig.obj
 0003:0005ee2c       _abort_action              20127e2c     LIBCMTD:winsig.obj
 0003:0005ee30       _term_action               20127e30     LIBCMTD:winsig.obj
 0003:0005ee34       _ConsoleCtrlHandler_Installed 20127e34     LIBCMTD:winsig.obj
 0003:0005ee38       ?pfnGetLastActivePopup@?1??__crtMessageBoxW@@9@9 20127e38     LIBCMTD:crtmboxw.obj
 0003:0005ee3c       ?pfnGetProcessWindowStation@?1??__crtMessageBoxW@@9@9 20127e3c     LIBCMTD:crtmboxw.obj
 0003:0005ee40       ?pfnGetUserObjectInformation@?1??__crtMessageBoxW@@9@9 20127e40     LIBCMTD:crtmboxw.obj
 0003:0005ee44       ?pfnMessageBox@?1??__crtMessageBoxW@@9@9 20127e44     LIBCMTD:crtmboxw.obj
 0003:0005ee48       ?pfnGetActiveWindow@?1??__crtMessageBoxW@@9@9 20127e48     LIBCMTD:crtmboxw.obj
 0003:0005ee58       ?outmsg@?M@??_NMSG_WRITE@@9@9 20127e58     LIBCMTD:crt0msg.obj
 0003:0005f588       ?_pgmname@?1??_setargv@@9@9 20128588     LIBCMTD:stdargv.obj
 0003:0005f694       _check_frequency           20128694     LIBCMTD:dbgheap.obj
 0003:0005f69c       _check_counter             2012869c     LIBCMTD:dbgheap.obj
 0003:0005f6a0       __lTotalAlloc              201286a0     LIBCMTD:dbgheap.obj
 0003:0005f6a4       __lCurAlloc                201286a4     LIBCMTD:dbgheap.obj
 0003:0005f6a8       __lMaxAlloc                201286a8     LIBCMTD:dbgheap.obj
 0003:0005f6ac       __pFirstBlock              201286ac     LIBCMTD:dbgheap.obj
 0003:0005f6b0       __pLastBlock               201286b0     LIBCMTD:dbgheap.obj
 0003:0005f6b8       _lclcritsects              201286b8     LIBCMTD:mlock.obj
 0003:0005f82c       ___crtCallProc             2012882c     LIBCMTD:winapinls.obj
 0003:0005f830       ___enable_percent_n        20128830     LIBCMTD:printf.obj
 0003:0005f840       _g_pfnRtlGenRandom         20128840     LIBCMTD:rand_s.obj
 0003:0005f854       ___type_info_root_node     20128854     LIBCMTD:typname.obj
 0003:0005f884       _heap                      20128884     LIBCMTD:undname.obj
 0003:0005f898       ?buf@?1??dbGetString@DName@@QBEPADXZ@4PADA 20128898     LIBCMTD:undname.obj
 0004:00000060       $R000000                   2021a060     * linker generated manifest res *
