 quake3

 Timestamp is 54d5269c (Fri Feb 06 21:39:56 2015)

 Preferred load address is 00400000

 Start         Length     Name                   Class
 0001:00000000 000c501aH .text$mn                CODE
 0002:00000000 000002fcH .idata$5                DATA
 0002:000002fc 00000004H .CRT$XCA                DATA
 0002:00000300 00000004H .CRT$XCZ                DATA
 0002:00000304 00000004H .CRT$XIA                DATA
 0002:00000308 00000018H .CRT$XIC                DATA
 0002:00000320 00000004H .CRT$XIY                DATA
 0002:00000324 00000004H .CRT$XIZ                DATA
 0002:00000328 00000004H .CRT$XPA                DATA
 0002:0000032c 00000008H .CRT$XPX                DATA
 0002:00000334 00000004H .CRT$XPXA               DATA
 0002:00000338 00000004H .CRT$XPZ                DATA
 0002:0000033c 00000004H .CRT$XTA                DATA
 0002:00000340 00000004H .CRT$XTZ                DATA
 0002:00000350 0002f960H .rdata                  DATA
 0002:0002fcb0 0000000cH .rdata$sxdata           DATA
 0002:0002fcbc 00000004H .rtc$IAA                DATA
 0002:0002fcc0 00000004H .rtc$IZZ                DATA
 0002:0002fcc4 00000004H .rtc$TAA                DATA
 0002:0002fcc8 00000004H .rtc$TZZ                DATA
 0002:0002fcd0 0000059cH .xdata$x                DATA
 0002:0003026c 00000000H .edata                  DATA
 0002:0003026c 0000008cH .idata$2                DATA
 0002:000302f8 00000014H .idata$3                DATA
 0002:0003030c 000002fcH .idata$4                DATA
 0002:00030608 00000beeH .idata$6                DATA
 0003:00000000 00005740H .data                   DATA
 0003:00005740 00791148H .bss                    DATA
 0004:00000000 00000020H _RDATA                  DATA
 0005:00000000 00000130H .rsrc$01                DATA
 0005:00000130 000004b0H .rsrc$02                DATA

  Address         Publics by Value              Rva+Base       Lib:Object

 0000:00000000       __except_list              00000000     <absolute>
 0000:00000000       ___guard_flags             00000000     <absolute>
 0000:00000000       ___guard_fids_table        00000000     <absolute>
 0000:00000000       ___guard_fids_count        00000000     <absolute>
 0000:00000003       ___safe_se_handler_count   00000003     <absolute>
 0000:00000000       ___ImageBase               00400000     <linker-defined>
 0001:00000000       _CL_AdjustTimeDelta        00401000 f   cl_cgame.obj
 0001:00000100       _CL_CGameRendering         00401100 f   cl_cgame.obj
 0001:00000130       _CL_CM_LoadMap             00401130 f   cl_cgame.obj
 0001:00000150       _CL_CgameSystemCalls       00401150 f   cl_cgame.obj
 0001:00001010       _CL_ConfigstringModified   00402010 f   cl_cgame.obj
 0001:00001190       _CL_FirstSnapshot          00402190 f   cl_cgame.obj
 0001:000011f0       _CL_GameCommand            004021f0 f   cl_cgame.obj
 0001:00001210       _CL_GetServerCommand       00402210 f   cl_cgame.obj
 0001:000015e0       _CL_GetSnapshot            004025e0 f   cl_cgame.obj
 0001:00001710       _CL_GetUserCmd             00402710 f   cl_cgame.obj
 0001:00001770       _CL_InitCGame              00402770 f   cl_cgame.obj
 0001:00001880       _CL_SetCGameTime           00402880 f   cl_cgame.obj
 0001:00001a50       _CL_ShutdownCGame          00402a50 f   cl_cgame.obj
 0001:00001a90       _CIN_CloseAllVideos        00402a90 f   cl_cin.obj
 0001:00001b10       _CIN_DrawCinematic         00402b10 f   cl_cin.obj
 0001:00001dd0       _CIN_PlayCinematic         00402dd0 f   cl_cin.obj
 0001:00002170       _CIN_RunCinematic          00403170 f   cl_cin.obj
 0001:000023b0       _CIN_SetExtents            004033b0 f   cl_cin.obj
 0001:00002400       _CIN_StopCinematic         00403400 f   cl_cin.obj
 0001:00002480       _CIN_UploadCinematic       00403480 f   cl_cin.obj
 0001:00002530       _CL_PlayCinematic_f        00403530 f   cl_cin.obj
 0001:00002710       _RllDecodeMonoToStereo     00403710 f   cl_cin.obj
 0001:00002770       _RllDecodeStereoToStereo   00403770 f   cl_cin.obj
 0001:00003020       _SCR_DrawCinematic         00404020 f   cl_cin.obj
 0001:00003040       _SCR_RunCinematic          00404040 f   cl_cin.obj
 0001:00003060       _SCR_StopCinematic         00404060 f   cl_cin.obj
 0001:00004ab0       _CL_ConsolePrint           00405ab0 f   cl_console.obj
 0001:00004ca0       _Con_Bottom                00405ca0 f   cl_console.obj
 0001:00004cb0       _Con_CheckResize           00405cb0 f   cl_console.obj
 0001:00004de0       _Con_ClearNotify           00405de0 f   cl_console.obj
 0001:00004df0       _Con_Clear_f               00405df0 f   cl_console.obj
 0001:00004e10       _Con_Close                 00405e10 f   cl_console.obj
 0001:00004e50       _Con_DrawConsole           00405e50 f   cl_console.obj
 0001:00004eb0       _Con_DrawNotify            00405eb0 f   cl_console.obj
 0001:00005080       _Con_DrawSolidConsole      00406080 f   cl_console.obj
 0001:000053c0       _Con_Dump_f                004063c0 f   cl_console.obj
 0001:00005570       _Con_Init                  00406570 f   cl_console.obj
 0001:00005650       _Con_Linefeed              00406650 f   cl_console.obj
 0001:00005700       _Con_MessageMode2_f        00406700 f   cl_console.obj
 0001:00005740       _Con_MessageMode3_f        00406740 f   cl_console.obj
 0001:00005790       _Con_MessageMode4_f        00406790 f   cl_console.obj
 0001:000057e0       _Con_MessageMode_f         004067e0 f   cl_console.obj
 0001:00005820       _Con_PageDown              00406820 f   cl_console.obj
 0001:00005840       _Con_PageUp                00406840 f   cl_console.obj
 0001:00005870       _Con_RunConsole            00406870 f   cl_console.obj
 0001:00005920       _Con_ToggleConsole_f       00406920 f   cl_console.obj
 0001:00005960       _Con_Top                   00406960 f   cl_console.obj
 0001:00005980       _CL_AdjustAngles           00406980 f   cl_input.obj
 0001:00005aa0       _CL_CmdButtons             00406aa0 f   cl_input.obj
 0001:00005b00       _CL_CreateCmd              00406b00 f   cl_input.obj
 0001:00005c20       _CL_CreateNewCommands      00406c20 f   cl_input.obj
 0001:00005ca0       _CL_FinishMove             00406ca0 f   cl_input.obj
 0001:00005d00       _CL_InitInput              00406d00 f   cl_input.obj
 0001:000060c0       _CL_JoystickEvent          004070c0 f   cl_input.obj
 0001:000060f0       _CL_JoystickMove           004070f0 f   cl_input.obj
 0001:00006220       _CL_KeyMove                00407220 f   cl_input.obj
 0001:000063a0       _CL_KeyState               004073a0 f   cl_input.obj
 0001:00006430       _CL_MouseEvent             00407430 f   cl_input.obj
 0001:000064a0       _CL_MouseMove              004074a0 f   cl_input.obj
 0001:00006700       _CL_ReadyToSendPacket      00407700 f   cl_input.obj
 0001:00006800       _CL_SendCmd                00407800 f   cl_input.obj
 0001:00006860       _CL_WritePacket            00407860 f   cl_input.obj
 0001:00006b60       _IN_BackDown               00407b60 f   cl_input.obj
 0001:00006b70       _IN_BackUp                 00407b70 f   cl_input.obj
 0001:00006b80       _IN_Button0Down            00407b80 f   cl_input.obj
 0001:00006b90       _IN_Button0Up              00407b90 f   cl_input.obj
 0001:00006ba0       _IN_Button10Down           00407ba0 f   cl_input.obj
 0001:00006bb0       _IN_Button10Up             00407bb0 f   cl_input.obj
 0001:00006bc0       _IN_Button11Down           00407bc0 f   cl_input.obj
 0001:00006bd0       _IN_Button11Up             00407bd0 f   cl_input.obj
 0001:00006be0       _IN_Button12Down           00407be0 f   cl_input.obj
 0001:00006bf0       _IN_Button12Up             00407bf0 f   cl_input.obj
 0001:00006c00       _IN_Button13Down           00407c00 f   cl_input.obj
 0001:00006c10       _IN_Button13Up             00407c10 f   cl_input.obj
 0001:00006c20       _IN_Button14Down           00407c20 f   cl_input.obj
 0001:00006c30       _IN_Button14Up             00407c30 f   cl_input.obj
 0001:00006c40       _IN_Button1Down            00407c40 f   cl_input.obj
 0001:00006c50       _IN_Button1Up              00407c50 f   cl_input.obj
 0001:00006c60       _IN_Button2Down            00407c60 f   cl_input.obj
 0001:00006c70       _IN_Button2Up              00407c70 f   cl_input.obj
 0001:00006c80       _IN_Button3Down            00407c80 f   cl_input.obj
 0001:00006c90       _IN_Button3Up              00407c90 f   cl_input.obj
 0001:00006ca0       _IN_Button4Down            00407ca0 f   cl_input.obj
 0001:00006cb0       _IN_Button4Up              00407cb0 f   cl_input.obj
 0001:00006cc0       _IN_Button5Down            00407cc0 f   cl_input.obj
 0001:00006cd0       _IN_Button5Up              00407cd0 f   cl_input.obj
 0001:00006ce0       _IN_Button6Down            00407ce0 f   cl_input.obj
 0001:00006cf0       _IN_Button6Up              00407cf0 f   cl_input.obj
 0001:00006d00       _IN_Button7Down            00407d00 f   cl_input.obj
 0001:00006d10       _IN_Button7Up              00407d10 f   cl_input.obj
 0001:00006d20       _IN_Button8Down            00407d20 f   cl_input.obj
 0001:00006d30       _IN_Button8Up              00407d30 f   cl_input.obj
 0001:00006d40       _IN_Button9Down            00407d40 f   cl_input.obj
 0001:00006d50       _IN_Button9Up              00407d50 f   cl_input.obj
 0001:00006d60       _IN_CenterView             00407d60 f   cl_input.obj
 0001:00006d90       _IN_DownDown               00407d90 f   cl_input.obj
 0001:00006da0       _IN_DownUp                 00407da0 f   cl_input.obj
 0001:00006db0       _IN_ForwardDown            00407db0 f   cl_input.obj
 0001:00006dc0       _IN_ForwardUp              00407dc0 f   cl_input.obj
 0001:00006dd0       _IN_KeyDown                00407dd0 f   cl_input.obj
 0001:00006e50       _IN_KeyUp                  00407e50 f   cl_input.obj
 0001:00006ef0       _IN_LeftDown               00407ef0 f   cl_input.obj
 0001:00006f00       _IN_LeftUp                 00407f00 f   cl_input.obj
 0001:00006f10       _IN_LookdownDown           00407f10 f   cl_input.obj
 0001:00006f20       _IN_LookdownUp             00407f20 f   cl_input.obj
 0001:00006f30       _IN_LookupDown             00407f30 f   cl_input.obj
 0001:00006f40       _IN_LookupUp               00407f40 f   cl_input.obj
 0001:00006f50       _IN_MLookDown              00407f50 f   cl_input.obj
 0001:00006f60       _IN_MLookUp                00407f60 f   cl_input.obj
 0001:00006fa0       _IN_MoveleftDown           00407fa0 f   cl_input.obj
 0001:00006fb0       _IN_MoveleftUp             00407fb0 f   cl_input.obj
 0001:00006fc0       _IN_MoverightDown          00407fc0 f   cl_input.obj
 0001:00006fd0       _IN_MoverightUp            00407fd0 f   cl_input.obj
 0001:00006fe0       _IN_RightDown              00407fe0 f   cl_input.obj
 0001:00006ff0       _IN_RightUp                00407ff0 f   cl_input.obj
 0001:00007000       _IN_SpeedDown              00408000 f   cl_input.obj
 0001:00007010       _IN_SpeedUp                00408010 f   cl_input.obj
 0001:00007020       _IN_StrafeDown             00408020 f   cl_input.obj
 0001:00007030       _IN_StrafeUp               00408030 f   cl_input.obj
 0001:00007040       _IN_UpDown                 00408040 f   cl_input.obj
 0001:00007050       _IN_UpUp                   00408050 f   cl_input.obj
 0001:00007060       _CL_AddKeyUpCommands       00408060 f   cl_keys.obj
 0001:00007140       _CL_CharEvent              00408140 f   cl_keys.obj
 0001:000071b0       _CL_InitKeyCommands        004081b0 f   cl_keys.obj
 0001:000071f0       _CL_KeyEvent               004081f0 f   cl_keys.obj
 0001:000075a0       _Console_Key               004085a0 f   cl_keys.obj
 0001:00007910       _Field_BigDraw             00408910 f   cl_keys.obj
 0001:00007930       _Field_CharEvent           00408930 f   cl_keys.obj
 0001:00007a40       _Field_Draw                00408a40 f   cl_keys.obj
 0001:00007a60       _Field_KeyDownEvent        00408a60 f   cl_keys.obj
 0001:00007ba0       _Field_Paste               00408ba0 f   cl_keys.obj
 0001:00007d10       _Field_VariableSizeDraw    00408d10 f   cl_keys.obj
 0001:00007ee0       _Key_Bind_f                00408ee0 f   cl_keys.obj
 0001:00008090       _Key_Bindlist_f            00409090 f   cl_keys.obj
 0001:00008180       _Key_ClearStates           00409180 f   cl_keys.obj
 0001:00008240       _Key_GetBinding            00409240 f   cl_keys.obj
 0001:00008260       _Key_GetKey                00409260 f   cl_keys.obj
 0001:000082b0       _Key_GetOverstrikeMode     004092b0 f   cl_keys.obj
 0001:000082c0       _Key_IsDown                004092c0 f   cl_keys.obj
 0001:000082e0       _Key_KeynumToString        004092e0 f   cl_keys.obj
 0001:00008390       _Key_SetBinding            00409390 f   cl_keys.obj
 0001:000083d0       _Key_SetOverstrikeMode     004093d0 f   cl_keys.obj
 0001:000083e0       _Key_StringToKeynum        004093e0 f   cl_keys.obj
 0001:000084b0       _Key_Unbind_f              004094b0 f   cl_keys.obj
 0001:00008530       _Key_Unbindall_f           00409530 f   cl_keys.obj
 0001:00008580       _Key_WriteBindings         00409580 f   cl_keys.obj
 0001:00008690       _Message_Key               00409690 f   cl_keys.obj
 0001:00008780       _CL_AddReliableCommand     00409780 f   cl_main.obj
 0001:000087e0       _CL_BeginDownload          004097e0 f   cl_main.obj
 0001:000088e0       _CL_CDDialog               004098e0 f   cl_main.obj
 0001:000088f0       _CL_CDKeyValidate          004098f0 f   cl_main.obj
 0001:000089e0       _CL_CheckForResend         004099e0 f   cl_main.obj
 0001:00008c20       _CL_CheckTimeout           00409c20 f   cl_main.obj
 0001:00008ca0       _CL_ClearPing              00409ca0 f   cl_main.obj
 0001:00008cc0       _CL_ClearState             00409cc0 f   cl_main.obj
 0001:00008ce0       _CL_Clientinfo_f           00409ce0 f   cl_main.obj
 0001:00008d30       _CL_Configstrings_f        00409d30 f   cl_main.obj
 0001:00008d80       _CL_Connect_f              00409d80 f   cl_main.obj
 0001:00008f40       _CL_ConnectionlessPacket   00409f40 f   cl_main.obj
 0001:000092f0       _CL_DemoCompleted          0040a2f0 f   cl_main.obj
 0001:00009370       _CL_DemoFilename           0040a370 f   cl_main.obj
 0001:00009400       _CL_Disconnect             0040a400 f   cl_main.obj
 0001:00009530       _CL_DisconnectPacket       0040a530 f   cl_main.obj
 0001:000095b0       _CL_Disconnect_f           0040a5b0 f   cl_main.obj
 0001:000095f0       _CL_DownloadsComplete      0040a5f0 f   cl_main.obj
 0001:000096c0       _CL_FlushMemory            0040a6c0 f   cl_main.obj
 0001:00009730       _CL_ForwardCommandToServer 0040a730 f   cl_main.obj
 0001:00009790       _CL_ForwardToServer_f      0040a790 f   cl_main.obj
 0001:000097d0       _CL_Frame                  0040a7d0 f   cl_main.obj
 0001:00009950       _CL_GetFreePing            0040a950 f   cl_main.obj
 0001:00009a10       _CL_GetPing                0040aa10 f   cl_main.obj
 0001:00009ae0       _CL_GetPingInfo            0040aae0 f   cl_main.obj
 0001:00009b20       _CL_GetPingQueueCount      0040ab20 f   cl_main.obj
 0001:00009b70       _CL_GetServerStatus        0040ab70 f   cl_main.obj
 0001:00009cb0       _CL_GlobalServers_f        0040acb0 f   cl_main.obj
 0001:00009e50       _CL_Init                   0040ae50 f   cl_main.obj
 0001:0000a480       _CL_InitDownloads          0040b480 f   cl_main.obj
 0001:0000a530       _CL_InitRef                0040b530 f   cl_main.obj
 0001:0000a650       _CL_InitRenderer           0040b650 f   cl_main.obj
 0001:0000a6b0       _CL_InitServerInfo         0040b6b0 f   cl_main.obj
 0001:0000a730       _CL_LocalServers_f         0040b730 f   cl_main.obj
 0001:0000a830       _CL_MapLoading             0040b830 f   cl_main.obj
 0001:0000a920       _CL_MotdPacket             0040b920 f   cl_main.obj
 0001:0000a9e0       _CL_NextDemo               0040b9e0 f   cl_main.obj
 0001:0000aa70       _CL_NextDownload           0040ba70 f   cl_main.obj
 0001:0000ab10       _CL_OpenedPK3List_f        0040bb10 f   cl_main.obj
 0001:0000ab30       _CL_PacketEvent            0040bb30 f   cl_main.obj
 0001:0000ac70       _CL_Ping_f                 0040bc70 f   cl_main.obj
 0001:0000ad40       _CL_PlayDemo_f             0040bd40 f   cl_main.obj
 0001:0000af90       _CL_Rcon_f                 0040bf90 f   cl_main.obj
 0001:0000b160       _CL_ReadDemoMessage        0040c160 f   cl_main.obj
 0001:0000b280       _CL_Reconnect_f            0040c280 f   cl_main.obj
 0001:0000b300       _CL_Record_f               0040c300 f   cl_main.obj
 0001:0000b6b0       _CL_RefMalloc              0040c6b0 f   cl_main.obj
 0001:0000b6d0       _CL_RefPrintf              0040c6d0 f   cl_main.obj
 0001:0000b780       _CL_ReferencedPK3List_f    0040c780 f   cl_main.obj
 0001:0000b7a0       _CL_RequestAuthorization   0040c7a0 f   cl_main.obj
 0001:0000b950       _CL_RequestMotd            0040c950 f   cl_main.obj
 0001:0000bad0       _CL_ResetPureClientAtServer 0040cad0 f   cl_main.obj
 0001:0000bb30       _CL_ScaledMilliseconds     0040cb30 f   cl_main.obj
 0001:0000bb50       _CL_SendPureChecksums      0040cb50 f   cl_main.obj
 0001:0000bc30       _CL_ServerInfoPacket       0040cc30 f   cl_main.obj
 0001:0000bfa0       _CL_ServerStatus           0040cfa0 f   cl_main.obj
 0001:0000c190       _CL_ServerStatusResponse   0040d190 f   cl_main.obj
 0001:0000c490       _CL_ServerStatus_f         0040d490 f   cl_main.obj
 0001:0000c590       _CL_ServersResponsePacket  0040d590 f   cl_main.obj
 0001:0000c820       _CL_SetModel_f             0040d820 f   cl_main.obj
 0001:0000cb30       _CL_Setenv_f               0040db30 f   cl_main.obj
 0001:0000cc70       _CL_ShowIP_f               0040dc70 f   cl_main.obj
 0001:0000cc80       _CL_Shutdown               0040dc80 f   cl_main.obj
 0001:0000cde0       _CL_ShutdownAll            0040dde0 f   cl_main.obj
 0001:0000ce30       _CL_Snd_Restart_f          0040de30 f   cl_main.obj
 0001:0000ce40       _CL_StartDemoLoop          0040de40 f   cl_main.obj
 0001:0000ce60       _CL_StartHunkUsers         0040de60 f   cl_main.obj
 0001:0000ced0       _CL_StopRecord_f           0040ded0 f   cl_main.obj
 0001:0000cf60       _CL_UpdateVisiblePings_f   0040df60 f   cl_main.obj
 0001:0000d260       _CL_Vid_Restart_f          0040e260 f   cl_main.obj
 0001:0000d3b0       _CL_WriteDemoMessage       0040e3b0 f   cl_main.obj
 0001:0000d580       _CL_Netchan_Process        0040e580 f   cl_net_chan.obj
 0001:0000d5c0       _CL_Netchan_Transmit       0040e5c0 f   cl_net_chan.obj
 0001:0000d5f0       _CL_Netchan_TransmitNextFragment 0040e5f0 f   cl_net_chan.obj
 0001:0000d600       _CL_ParseDownload          0040e600 f   cl_parse.obj
 0001:0000d800       _CL_ParseGamestate         0040e800 f   cl_parse.obj
 0001:0000d9d0       _CL_ParsePacketEntities    0040e9d0 f   cl_parse.obj
 0001:0000dce0       _CL_ParseServerMessage     0040ece0 f   cl_parse.obj
 0001:0000de70       _CL_ParseSnapshot          0040ee70 f   cl_parse.obj
 0001:0000e110       _CL_SystemInfoChanged      0040f110 f   cl_parse.obj
 0001:0000e2a0       _SCR_AdjustFrom640         0040f2a0 f   cl_scrn.obj
 0001:0000e330       _SCR_DebugGraph            0040f330 f   cl_scrn.obj
 0001:0000e370       _SCR_DrawBigString         0040f370 f   cl_scrn.obj
 0001:0000e4e0       _SCR_DrawDebugGraph        0040f4e0 f   cl_scrn.obj
 0001:0000e690       _SCR_DrawDemoRecording     0040f690 f   cl_scrn.obj
 0001:0000e740       _SCR_DrawPic               0040f740 f   cl_scrn.obj
 0001:0000e7e0       _SCR_DrawScreenField       0040f7e0 f   cl_scrn.obj
 0001:0000e9e0       _SCR_DrawSmallChar         0040f9e0 f   cl_scrn.obj
 0001:0000eaa0       _SCR_DrawSmallStringExt    0040faa0 f   cl_scrn.obj
 0001:0000ec20       _SCR_DrawStringExt         0040fc20 f   cl_scrn.obj
 0001:0000ed80       _SCR_FillRect              0040fd80 f   cl_scrn.obj
 0001:0000ee30       _SCR_Init                  0040fe30 f   cl_scrn.obj
 0001:0000eec0       _SCR_UpdateScreen          0040fec0 f   cl_scrn.obj
 0001:0000f070       _CL_InitUI                 00410070 f   cl_ui.obj
 0001:0000f130       _CL_ShutdownUI             00410130 f   cl_ui.obj
 0001:0000f170       _CL_UISystemCalls          00410170 f   cl_ui.obj
 0001:0000fff0       _Key_GetCatcher            00410ff0 f   cl_ui.obj
 0001:00010000       _Key_SetCatcher            00411000 f   cl_ui.obj
 0001:000106c0       _LAN_LoadCachedServers     004116c0 f   cl_ui.obj
 0001:00010a50       _LAN_SaveServersToCache    00411a50 f   cl_ui.obj
 0001:00010b60       _UI_GameCommand            00411b60 f   cl_ui.obj
 0001:00010b80       _UI_usesUniqueCDKey        00411b80 f   cl_ui.obj
 0001:00010ba0       _S_AdpcmDecode             00411ba0 f   snd_adpcm.obj
 0001:00010cb0       _S_AdpcmEncodeSound        00411cb0 f   snd_adpcm.obj
 0001:00010e60       _S_AdpcmGetSamples         00411e60 f   snd_adpcm.obj
 0001:00010eb0       _S_AddLoopSounds           00411eb0 f   snd_dma.obj
 0001:00011060       _S_AddLoopingSound         00412060 f   snd_dma.obj
 0001:000112c0       _S_AddRealLoopingSound     004122c0 f   snd_dma.obj
 0001:000113c0       _S_BeginRegistration       004123c0 f   snd_dma.obj
 0001:00011420       _S_ChannelSetup            00412420 f   snd_dma.obj
 0001:00011470       _S_ClearLoopingSounds      00412470 f   snd_dma.obj
 0001:000114c0       _S_ClearSoundBuffer        004124c0 f   snd_dma.obj
 0001:00011560       _S_DisableSounds           00412560 f   snd_dma.obj
 0001:000116d0       _S_FindWavChunk            004126d0 f   snd_dma.obj
 0001:00011770       _S_FreeOldestSound         00412770 f   snd_dma.obj
 0001:00011800       _S_GetSoundtime            00412800 f   snd_dma.obj
 0001:00011910       _S_Init                    00412910 f   snd_dma.obj
 0001:00011ad0       _S_Music_f                 00412ad0 f   snd_dma.obj
 0001:00011b30       _S_Play_f                  00412b30 f   snd_dma.obj
 0001:00011c30       _S_RawSamples              00412c30 f   snd_dma.obj
 0001:00011ef0       _S_RegisterSound           00412ef0 f   snd_dma.obj
 0001:00011fb0       _S_Respatialize            00412fb0 f   snd_dma.obj
 0001:00012130       _S_ScanChannelStarts       00413130 f   snd_dma.obj
 0001:000121b0       _S_Shutdown                004131b0 f   snd_dma.obj
 0001:00012200       _S_SoundInfo_f             00413200 f   snd_dma.obj
 0001:000122f0       _S_SoundList_f             004132f0 f   snd_dma.obj
 0001:000123f0       _S_SpatializeOrigin        004133f0 f   snd_dma.obj
 0001:00012560       _S_StartBackgroundTrack    00413560 f   snd_dma.obj
 0001:00012820       _S_StartLocalSound         00413820 f   snd_dma.obj
 0001:00012870       _S_StartSound              00413870 f   snd_dma.obj
 0001:00012b20       _S_StopAllSounds           00413b20 f   snd_dma.obj
 0001:00012b60       _S_StopBackgroundTrack     00413b60 f   snd_dma.obj
 0001:00012ba0       _S_StopLoopingSound        00413ba0 f   snd_dma.obj
 0001:00012bd0       _S_Update                  00413bd0 f   snd_dma.obj
 0001:00012c60       _S_UpdateBackgroundTrack   00413c60 f   snd_dma.obj
 0001:00012e50       _S_UpdateEntityPosition    00413e50 f   snd_dma.obj
 0001:00012ea0       _S_Update_                 00413ea0 f   snd_dma.obj
 0001:00012fc0       _S_memoryLoad              00413fc0 f   snd_dma.obj
 0001:000133d0       _SND_free                  004143d0 f   snd_mem.obj
 0001:000133f0       _SND_malloc                004143f0 f   snd_mem.obj
 0001:00013440       _SND_setup                 00414440 f   snd_mem.obj
 0001:000134d0       _S_DisplayFreeMemory       004144d0 f   snd_mem.obj
 0001:000134f0       _S_LoadSound               004144f0 f   snd_mem.obj
 0001:00013840       _S_PaintChannelFromADPCM   00414840 f   snd_mix.obj
 0001:00013960       _S_PaintChannelFromMuLaw   00414960 f   snd_mix.obj
 0001:00013ab0       _S_PaintChannelFromWavelet 00414ab0 f   snd_mix.obj
 0001:00013bb0       _S_PaintChannels           00414bb0 f   snd_mix.obj
 0001:00013e60       _S_TransferPaintBuffer     00414e60 f   snd_mix.obj
 0001:00013fc0       _S_TransferStereo16        00414fc0 f   snd_mix.obj
 0001:00014030       _S_WriteLinearBlastStereo16 00415030 f   snd_mix.obj
 0001:000140b0       _daub4                     004150b0 f   snd_wavelet.obj
 0001:00014410       _decodeWavelet             00415410 f   snd_wavelet.obj
 0001:00014540       _AddPointToBounds          00415540 f   q_math.obj
 0001:000145c0       _AngleVectors              004155c0 f   q_math.obj
 0001:00014780       _AxisClear                 00415780 f   q_math.obj
 0001:000147d0       _AxisCopy                  004157d0 f   q_math.obj
 0001:00014810       _BoxOnPlaneSide            00415810 f   q_math.obj
 0001:00014a50       _ClampChar                 00415a50 f   q_math.obj
 0001:00014a70       _ClearBounds               00415a70 f   q_math.obj
 0001:00014ab0       _ColorBytes4               00415ab0 f   q_math.obj
 0001:00014b00       _MakeNormalVectors         00415b00 f   q_math.obj
 0001:00014c70       _MatrixMultiply            00415c70 f   q_math.obj
 0001:00014e00       _PerpendicularVector       00415e00 f   q_math.obj
 0001:00014fd0       _PlaneFromPoints           00415fd0 f   q_math.obj
 0001:00015120       _Q_fabs                    00416120 f   q_math.obj
 0001:00015130       _Q_random                  00416130 f   q_math.obj
 0001:00015160       _Q_rsqrt                   00416160 f   q_math.obj
 0001:000151b0       _RadiusFromBounds          004161b0 f   q_math.obj
 0001:00015270       _RotatePointAroundVector   00416270 f   q_math.obj
 0001:00015690       _SetPlaneSignbits          00416690 f   q_math.obj
 0001:000156c0       _VectorNormalize           004166c0 f   q_math.obj
 0001:00015780       _VectorNormalize2          00416780 f   q_math.obj
 0001:00015830       _VectorRotate              00416830 f   q_math.obj
 0001:000158c0       _vectoangles               004168c0 f   q_math.obj
 0001:00015a40       _COM_Compress              00416a40 f   q_shared.obj
 0001:00015b50       _COM_DefaultExtension      00416b50 f   q_shared.obj
 0001:00015be0       _COM_Parse                 00416be0 f   q_shared.obj
 0001:00015c00       _COM_ParseExt              00416c00 f   q_shared.obj
 0001:00015d90       _COM_SkipPath              00416d90 f   q_shared.obj
 0001:00015dc0       _COM_StripExtension        00416dc0 f   q_shared.obj
 0001:00015df0       _Com_sprintf               00416df0 f   q_shared.obj
 0001:00015eb0       _Info_NextPair             00416eb0 f   q_shared.obj
 0001:00015f20       _Info_RemoveKey            00416f20 f   q_shared.obj
 0001:00016030       _Info_RemoveKey_Big        00417030 f   q_shared.obj
 0001:00016150       _Info_SetValueForKey       00417150 f   q_shared.obj
 0001:00016300       _Info_SetValueForKey_Big   00417300 f   q_shared.obj
 0001:000164a0       _Info_ValueForKey          004174a0 f   q_shared.obj
 0001:000165c0       _Q_CleanStr                004175c0 f   q_shared.obj
 0001:00016610       _Q_PrintStrlen             00417610 f   q_shared.obj
 0001:00016650       _Q_strcat                  00417650 f   q_shared.obj
 0001:000166e0       _Q_stricmp                 004176e0 f   q_shared.obj
 0001:00016710       _Q_stricmpn                00417710 f   q_shared.obj
 0001:00016790       _Q_strlwr                  00417790 f   q_shared.obj
 0001:000167c0       _Q_strncmp                 004177c0 f   q_shared.obj
 0001:00016810       _Q_strncpyz                00417810 f   q_shared.obj
 0001:00016870       _Q_strrchr                 00417870 f   q_shared.obj
 0001:000168a0       _ShortSwap                 004178a0 f   q_shared.obj
 0001:000168c0       _SkipBracedSection         004178c0 f   q_shared.obj
 0001:00016a30       _SkipRestOfLine            00417a30 f   q_shared.obj
 0001:00016a60       _va                        00417a60 f   q_shared.obj
 0001:00016aa0       _Cbuf_AddText              00417aa0 f   cmd.obj
 0001:00016b00       _Cbuf_Execute              00417b00 f   cmd.obj
 0001:00016ce0       _Cbuf_ExecuteText          00417ce0 f   cmd.obj
 0001:00016d50       _Cbuf_Init                 00417d50 f   cmd.obj
 0001:00016d70       _Cbuf_InsertText           00417d70 f   cmd.obj
 0001:00016df0       _Cmd_AddCommand            00417df0 f   cmd.obj
 0001:00016e80       _Cmd_Argc                  00417e80 f   cmd.obj
 0001:00016e90       _Cmd_Args                  00417e90 f   cmd.obj
 0001:00016f30       _Cmd_ArgsBuffer            00417f30 f   cmd.obj
 0001:00016f50       _Cmd_ArgsFrom              00417f50 f   cmd.obj
 0001:00017000       _Cmd_Argv                  00418000 f   cmd.obj
 0001:00017020       _Cmd_ArgvBuffer            00418020 f   cmd.obj
 0001:00017060       _Cmd_Cmd                   00418060 f   cmd.obj
 0001:00017070       _Cmd_CommandCompletion     00418070 f   cmd.obj
 0001:000170a0       _Cmd_Echo_f                004180a0 f   cmd.obj
 0001:000170f0       _Cmd_Exec_f                004180f0 f   cmd.obj
 0001:000171d0       _Cmd_ExecuteString         004181d0 f   cmd.obj
 0001:000172a0       _Cmd_Init                  004182a0 f   cmd.obj
 0001:000172f0       _Cmd_List_f                004182f0 f   cmd.obj
 0001:00017360       _Cmd_RemoveCommand         00418360 f   cmd.obj
 0001:000173e0       _Cmd_TokenizeString        004183e0 f   cmd.obj
 0001:00017500       _Cmd_Vstr_f                00418500 f   cmd.obj
 0001:00017540       _Cmd_Wait_f                00418540 f   cmd.obj
 0001:00017570       _CM_ClearMap               00418570 f   cm_load.obj
 0001:00017590       _CM_ClipHandleToModel      00418590 f   cm_load.obj
 0001:00017610       _CM_EntityString           00418610 f   cm_load.obj
 0001:00017620       _CM_InitBoxHull            00418620 f   cm_load.obj
 0001:00017760       _CM_InlineModel            00418760 f   cm_load.obj
 0001:00017790       _CM_LeafArea               00418790 f   cm_load.obj
 0001:000177d0       _CM_LeafCluster            004187d0 f   cm_load.obj
 0001:00017800       _CM_LoadMap                00418800 f   cm_load.obj
 0001:00017aa0       _CM_ModelBounds            00418aa0 f   cm_load.obj
 0001:00017ae0       _CM_NumInlineModels        00418ae0 f   cm_load.obj
 0001:00017af0       _CM_TempBoxModel           00418af0 f   cm_load.obj
 0001:00017c60       _CMod_LoadBrushSides       00418c60 f   cm_load.obj
 0001:00017d10       _CMod_LoadBrushes          00418d10 f   cm_load.obj
 0001:00017e60       _CMod_LoadLeafBrushes      00418e60 f   cm_load.obj
 0001:00017ed0       _CMod_LoadLeafSurfaces     00418ed0 f   cm_load.obj
 0001:00017f40       _CMod_LoadLeafs            00418f40 f   cm_load.obj
 0001:00018050       _CMod_LoadNodes            00419050 f   cm_load.obj
 0001:00018100       _CMod_LoadPatches          00419100 f   cm_load.obj
 0001:00018350       _CMod_LoadPlanes           00419350 f   cm_load.obj
 0001:00018460       _CMod_LoadShaders          00419460 f   cm_load.obj
 0001:000184f0       _CMod_LoadSubmodels        004194f0 f   cm_load.obj
 0001:000186b0       _CMod_LoadVisibility       004196b0 f   cm_load.obj
 0001:00018740       _CM_AddFacetBevels         00419740 f   cm_patch.obj
 0001:00019220       _CM_ClearLevelPatches      0041a220 f   cm_patch.obj
 0001:00019240       _CM_DrawDebugSurface       0041a240 f   cm_patch.obj
 0001:00019a00       _CM_FindPlane2             0041aa00 f   cm_patch.obj
 0001:00019be0       _CM_GeneratePatchCollide   0041abe0 f   cm_patch.obj
 0001:0001a820       _CM_PositionTestInPatchCollide 0041b820 f   cm_patch.obj
 0001:0001b060       _CM_SnapVector             0041c060 f   cm_patch.obj
 0001:0001b510       _CM_TracePointThroughPatchCollide 0041c510 f   cm_patch.obj
 0001:0001b870       _CM_TraceThroughPatchCollide 0041c870 f   cm_patch.obj
 0001:0001c1f0       _BaseWindingForPlane       0041d1f0 f   cm_polylib.obj
 0001:0001c530       _ChopWindingInPlace        0041d530 f   cm_polylib.obj
 0001:0001c960       _CopyWinding               0041d960 f   cm_polylib.obj
 0001:0001c9d0       _FreeWinding               0041d9d0 f   cm_polylib.obj
 0001:0001ca10       _WindingBounds             0041da10 f   cm_polylib.obj
 0001:0001cac0       _CM_AdjustAreaPortalState  0041dac0 f   cm_test.obj
 0001:0001cb80       _CM_AreasConnected         0041db80 f   cm_test.obj
 0001:0001cbe0       _CM_BoxLeafnums            0041dbe0 f   cm_test.obj
 0001:0001cc90       _CM_BoxLeafnums_r          0041dc90 f   cm_test.obj
 0001:0001cd00       _CM_ClusterPVS             0041dd00 f   cm_test.obj
 0001:0001cd40       _CM_FloodAreaConnections   0041dd40 f   cm_test.obj
 0001:0001ce00       _CM_FloodArea_r            0041de00 f   cm_test.obj
 0001:0001ce80       _CM_PointContents          0041de80 f   cm_test.obj
 0001:0001cf70       _CM_PointLeafnum           0041df70 f   cm_test.obj
 0001:0001cf90       _CM_PointLeafnum_r         0041df90 f   cm_test.obj
 0001:0001d020       _CM_StoreLeafs             0041e020 f   cm_test.obj
 0001:0001d060       _CM_TransformedPointContents 0041e060 f   cm_test.obj
 0001:0001d1b0       _CM_WriteAreaBits          0041e1b0 f   cm_test.obj
 0001:0001d240       _CM_BoxTrace               0041e240 f   cm_trace.obj
 0001:0001d270       _CM_PositionTest           0041e270 f   cm_trace.obj
 0001:0001d3c0       _CM_TestBoundingBoxInCapsule 0041e3c0 f   cm_trace.obj
 0001:0001d510       _CM_TestBoxInBrush         0041e510 f   cm_trace.obj
 0001:0001d750       _CM_TestCapsuleInCapsule   0041e750 f   cm_trace.obj
 0001:0001da20       _CM_TestInLeaf             0041ea20 f   cm_trace.obj
 0001:0001db20       _CM_Trace                  0041eb20 f   cm_trace.obj
 0001:0001e300       _CM_TraceBoundingBoxThroughCapsule 0041f300 f   cm_trace.obj
 0001:0001e450       _CM_TraceCapsuleThroughCapsule 0041f450 f   cm_trace.obj
 0001:0001e720       _CM_TraceThroughBrush      0041f720 f   cm_trace.obj
 0001:0001eb90       _CM_TraceThroughLeaf       0041fb90 f   cm_trace.obj
 0001:0001ecc0       _CM_TraceThroughSphere     0041fcc0 f   cm_trace.obj
 0001:0001f200       _CM_TraceThroughTree       00420200 f   cm_trace.obj
 0001:0001f5a0       _CM_TraceThroughVerticalCylinder 004205a0 f   cm_trace.obj
 0001:0001fac0       _CM_TransformedBoxTrace    00420ac0 f   cm_trace.obj
 0001:0001ffd0       _Com_AddStartupCommands    00420fd0 f   common.obj
 0001:00020030       _Com_AppendCDKey           00421030 f   common.obj
 0001:00020120       _Com_BeginRedirect         00421120 f   common.obj
 0001:00020160       _Com_DPrintf               00421160 f   common.obj
 0001:000201c0       _Com_EndRedirect           004211c0 f   common.obj
 0001:00020200       _Com_Error                 00421200 f   common.obj
 0001:000203f0       _Com_EventLoop             004213f0 f   common.obj
 0001:00020790       _Com_Filter                00421790 f   common.obj
 0001:00020a10       _Com_FilterPath            00421a10 f   common.obj
 0001:00020d10       _Com_Frame                 00421d10 f   common.obj
 0001:00021050       _Com_GetRealEvent          00422050 f   common.obj
 0001:00021160       _Com_HashKey               00422160 f   common.obj
 0001:000211b0       _Com_Init                  004221b0 f   common.obj
 0001:00021600       _Com_InitHunkMemory        00422600 f   common.obj
 0001:00021740       _Com_InitJournaling        00422740 f   common.obj
 0001:00021820       _Com_InitSmallZoneMemory   00422820 f   common.obj
 0001:000218c0       _Com_InitZoneMemory        004228c0 f   common.obj
 0001:00021980       _Com_Memcpy                00422980 f   common.obj
 0001:00021a90       _Com_Meminfo_f             00422a90 f   common.obj
 0001:00021cf0       _Com_Memset                00422cf0 f   common.obj
 0001:00021da0       _Com_Milliseconds          00422da0 f   common.obj
 0001:00021e10       _Com_ModifyMsec            00422e10 f   common.obj
 0001:00021ec0       _Com_ParseCommandLine      00422ec0 f   common.obj
 0001:00021f30       _Com_Prefetch              00422f30 f   common.obj
 0001:00021f70       _Com_Printf                00422f70 f   common.obj
 0001:00022130       _Com_PushEvent             00423130 f   common.obj
 0001:000221d0       _Com_Quit_f                004231d0 f   common.obj
 0001:00022240       _Com_ReadCDKey             00423240 f   common.obj
 0001:000222f0       _Com_RealTime              004232f0 f   common.obj
 0001:00022360       _Com_RunAndTimeServerPacket 00423360 f   common.obj
 0001:000223d0       _Com_SafeMode              004233d0 f   common.obj
 0001:00022450       _Com_Shutdown              00423450 f   common.obj
 0001:00022490       _Com_StartupVariable       00423490 f   common.obj
 0001:00022570       _Com_StringContains        00423570 f   common.obj
 0001:00022630       _Com_TouchMemory           00423630 f   common.obj
 0001:00022740       _Com_WriteConfigToFile     00423740 f   common.obj
 0001:00022790       _Com_WriteConfig_f         00423790 f   common.obj
 0001:00022860       _Com_WriteConfiguration    00423860 f   common.obj
 0001:00022930       _CopyString                00423930 f   common.obj
 0001:000229a0       _Field_Clear               004239a0 f   common.obj
 0001:000229d0       _Field_CompleteCommand     004239d0 f   common.obj
 0001:00022c30       _Hunk_Alloc                00423c30 f   common.obj
 0001:00022d50       _Hunk_AllocateTempMemory   00423d50 f   common.obj
 0001:00022e30       _Hunk_CheckMark            00423e30 f   common.obj
 0001:00022e50       _Hunk_Clear                00423e50 f   common.obj
 0001:00022ea0       _Hunk_ClearTempMemory      00423ea0 f   common.obj
 0001:00022ec0       _Hunk_ClearToMark          00423ec0 f   common.obj
 0001:00022ee0       _Hunk_FreeTempMemory       00423ee0 f   common.obj
 0001:00022f60       _Hunk_MemoryRemaining      00423f60 f   common.obj
 0001:00022f90       _Hunk_SetMark              00423f90 f   common.obj
 0001:00022ff0       _Info_Print                00423ff0 f   common.obj
 0001:00023140       _Q_acos                    00424140 f   common.obj
 0001:00023180       _S_Malloc                  00424180 f   common.obj
 0001:000231a0       _Z_AvailableMemory         004241a0 f   common.obj
 0001:000231b0       _Z_CheckHeap               004241b0 f   common.obj
 0001:00023230       _Z_Free                    00424230 f   common.obj
 0001:00023320       _Z_Malloc                  00424320 f   common.obj
 0001:00023350       _Z_TagMalloc               00424350 f   common.obj
 0001:00023440       __copyDWord                00424440 f   common.obj
 0001:000235a0       _Cvar_Command              004245a0 f   cvar.obj
 0001:00023620       _Cvar_CommandCompletion    00424620 f   cvar.obj
 0001:000236a0       _Cvar_Get                  004246a0 f   cvar.obj
 0001:00023880       _Cvar_InfoString           00424880 f   cvar.obj
 0001:000238d0       _Cvar_InfoStringBuffer     004248d0 f   cvar.obj
 0001:000238f0       _Cvar_InfoString_Big       004248f0 f   cvar.obj
 0001:00023940       _Cvar_Init                 00424940 f   cvar.obj
 0001:000239e0       _Cvar_List_f               004249e0 f   cvar.obj
 0001:00023b30       _Cvar_Register             00424b30 f   cvar.obj
 0001:00023b80       _Cvar_Reset                00424b80 f   cvar.obj
 0001:00023ba0       _Cvar_Reset_f              00424ba0 f   cvar.obj
 0001:00023bd0       _Cvar_Restart_f            00424bd0 f   cvar.obj
 0001:00023c60       _Cvar_Set                  00424c60 f   cvar.obj
 0001:00023c80       _Cvar_Set2                 00424c80 f   cvar.obj
 0001:00023f00       _Cvar_SetA_f               00424f00 f   cvar.obj
 0001:00023f40       _Cvar_SetCheatState        00424f40 f   cvar.obj
 0001:00023fc0       _Cvar_SetLatched           00424fc0 f   cvar.obj
 0001:00023fe0       _Cvar_SetS_f               00424fe0 f   cvar.obj
 0001:00024020       _Cvar_SetU_f               00425020 f   cvar.obj
 0001:00024060       _Cvar_SetValue             00425060 f   cvar.obj
 0001:000240e0       _Cvar_Set_f                004250e0 f   cvar.obj
 0001:000244d0       _Cvar_Toggle_f             004254d0 f   cvar.obj
 0001:00024540       _Cvar_Update               00425540 f   cvar.obj
 0001:000245f0       _Cvar_VariableIntegerValue 004255f0 f   cvar.obj
 0001:00024610       _Cvar_VariableString       00425610 f   cvar.obj
 0001:00024630       _Cvar_VariableStringBuffer 00425630 f   cvar.obj
 0001:00024660       _Cvar_VariableValue        00425660 f   cvar.obj
 0001:00024680       _Cvar_WriteVariables       00425680 f   cvar.obj
 0001:000249b0       _FS_BuildOSPath            004259b0 f   files.obj
 0001:00024a70       _FS_ClearPakReferences     00425a70 f   files.obj
 0001:00024ab0       _FS_ComparePaks            00425ab0 f   files.obj
 0001:00024cb0       _FS_ConditionalRestart     00425cb0 f   files.obj
 0001:00024e70       _FS_Dir_f                  00425e70 f   files.obj
 0001:00024f40       _FS_FCloseFile             00425f40 f   files.obj
 0001:00025000       _FS_FOpenFileAppend        00426000 f   files.obj
 0001:000250f0       _FS_FOpenFileByMode        004260f0 f   files.obj
 0001:00025230       _FS_FOpenFileRead          00426230 f   files.obj
 0001:00025950       _FS_FOpenFileWrite         00426950 f   files.obj
 0001:00025a40       _FS_FTell                  00426a40 f   files.obj
 0001:00025a70       _FS_FileExists             00426a70 f   files.obj
 0001:00025b10       _FS_FileIsInPAK            00426b10 f   files.obj
 0001:00025c30       _FS_FilenameCompare        00426c30 f   files.obj
 0001:00025ca0       _FS_Flush                  00426ca0 f   files.obj
 0001:00025cc0       _FS_ForceFlush             00426cc0 f   files.obj
 0001:00025ce0       _FS_FreeFile               00426ce0 f   files.obj
 0001:00025d40       _FS_FreeFileList           00426d40 f   files.obj
 0001:00025da0       _FS_GetFileList            00426da0 f   files.obj
 0001:00025eb0       _FS_GetModList             00426eb0 f   files.obj
 0001:00026340       _FS_InitFilesystem         00427340 f   files.obj
 0001:000263e0       _FS_Initialized            004273e0 f   files.obj
 0001:000263f0       _FS_ListFiles              004273f0 f   files.obj
 0001:00026410       _FS_ListFilteredFiles      00427410 f   files.obj
 0001:000267a0       _FS_LoadStack              004277a0 f   files.obj
 0001:00026bd0       _FS_LoadedPakChecksums     00427bd0 f   files.obj
 0001:00026c20       _FS_LoadedPakNames         00427c20 f   files.obj
 0001:00026c80       _FS_LoadedPakPureChecksums 00427c80 f   files.obj
 0001:00026cd0       _FS_NewDir_f               00427cd0 f   files.obj
 0001:00026dd0       _FS_PakIsPure              00427dd0 f   files.obj
 0001:00026e10       _FS_PathCmp                00427e10 f   files.obj
 0001:00026e80       _FS_Path_f                 00427e80 f   files.obj
 0001:00026f60       _FS_Printf                 00427f60 f   files.obj
 0001:00026fd0       _FS_PureServerSetLoadedPaks 00427fd0 f   files.obj
 0001:000270e0       _FS_PureServerSetReferencedPaks 004280e0 f   files.obj
 0001:000271a0       _FS_Read                   004281a0 f   files.obj
 0001:00027270       _FS_Read2                  00428270 f   files.obj
 0001:000272e0       _FS_ReadFile               004282e0 f   files.obj
 0001:00027560       _FS_ReferencedPakChecksums 00428560 f   files.obj
 0001:000275d0       _FS_ReferencedPakNames     004285d0 f   files.obj
 0001:00027690       _FS_ReferencedPakPureChecksums 00428690 f   files.obj
 0001:00027880       _FS_Restart                00428880 f   files.obj
 0001:00027a20       _FS_SV_FOpenFileRead       00428a20 f   files.obj
 0001:00027c50       _FS_SV_FOpenFileWrite      00428c50 f   files.obj
 0001:00027d60       _FS_SV_FileExists          00428d60 f   files.obj
 0001:00027dc0       _FS_SV_Rename              00428dc0 f   files.obj
 0001:00027e80       _FS_Seek                   00428e80 f   files.obj
 0001:000281c0       _FS_ShiftedStrStr          004291c0 f   files.obj
 0001:00028240       _FS_Shutdown               00429240 f   files.obj
 0001:00028360       _FS_SortFileList           00429360 f   files.obj
 0001:000287c0       _FS_TouchFile_f            004297c0 f   files.obj
 0001:00028810       _FS_Write                  00429810 f   files.obj
 0001:000288e0       _FS_WriteFile              004298e0 f   files.obj
 0001:00028960       _FS_filelength             00429960 f   files.obj
 0001:000289a0       _FS_idPak                  004299a0 f   files.obj
 0001:00028b70       _Huff_Compress             00429b70 f   huffman.obj
 0001:00028cf0       _Huff_Decompress           00429cf0 f   huffman.obj
 0001:00028fc0       _Huff_Init                 00429fc0 f   huffman.obj
 0001:000290d0       _Huff_Receive              0042a0d0 f   huffman.obj
 0001:00029130       _Huff_addRef               0042a130 f   huffman.obj
 0001:000292e0       _Huff_getBit               0042a2e0 f   huffman.obj
 0001:00029310       _Huff_offsetReceive        0042a310 f   huffman.obj
 0001:00029380       _Huff_offsetTransmit       0042a380 f   huffman.obj
 0001:000293c0       _Huff_putBit               0042a3c0 f   huffman.obj
 0001:00029400       _Huff_transmit             0042a400 f   huffman.obj
 0001:00029790       _Com_BlockChecksum         0042a790 f   md4.obj
 0001:00029810       _Com_BlockChecksumKey      0042a810 f   md4.obj
 0001:000298a0       _MD4Final                  0042a8a0 f   md4.obj
 0001:00029e60       _MD4Update                 0042ae60 f   md4.obj
 0001:00029f10       _MSG_BeginReadingOOB       0042af10 f   msg.obj
 0001:00029f30       _MSG_Bitstream             0042af30 f   msg.obj
 0001:00029f40       _MSG_Clear                 0042af40 f   msg.obj
 0001:00029f60       _MSG_Copy                  0042af60 f   msg.obj
 0001:00029fb0       _MSG_Init                  0042afb0 f   msg.obj
 0001:00029ff0       _MSG_InitOOB               0042aff0 f   msg.obj
 0001:0002a030       _MSG_ReadBigString         0042b030 f   msg.obj
 0001:0002a0a0       _MSG_ReadBits              0042b0a0 f   msg.obj
 0001:0002a1e0       _MSG_ReadByte              0042b1e0 f   msg.obj
 0001:0002a210       _MSG_ReadData              0042b210 f   msg.obj
 0001:0002a250       _MSG_ReadDeltaEntity       0042b250 f   msg.obj
 0001:0002a4e0       _MSG_ReadDeltaPlayerstate  0042b4e0 f   msg.obj
 0001:0002a9d0       _MSG_ReadDeltaUsercmdKey   0042b9d0 f   msg.obj
 0001:0002ac00       _MSG_ReadLong              0042bc00 f   msg.obj
 0001:0002ac30       _MSG_ReadShort             0042bc30 f   msg.obj
 0001:0002ac60       _MSG_ReadString            0042bc60 f   msg.obj
 0001:0002ace0       _MSG_ReadStringLine        0042bce0 f   msg.obj
 0001:0002ad50       _MSG_ReportChangeVectors_f 0042bd50 f   msg.obj
 0001:0002ad80       _MSG_WriteBigString        0042bd80 f   msg.obj
 0001:0002ae70       _MSG_WriteBits             0042be70 f   msg.obj
 0001:0002aff0       _MSG_WriteByte             0042bff0 f   msg.obj
 0001:0002b010       _MSG_WriteData             0042c010 f   msg.obj
 0001:0002b040       _MSG_WriteDeltaEntity      0042c040 f   msg.obj
 0001:0002b310       _MSG_WriteDeltaPlayerstate 0042c310 f   msg.obj
 0001:0002bd20       _MSG_WriteDeltaUsercmdKey  0042cd20 f   msg.obj
 0001:0002bf90       _MSG_WriteLong             0042cf90 f   msg.obj
 0001:0002bfb0       _MSG_WriteShort            0042cfb0 f   msg.obj
 0001:0002bfd0       _MSG_WriteString           0042cfd0 f   msg.obj
 0001:0002c0b0       _MSG_initHuffman           0042d0b0 f   msg.obj
 0001:0002c120       _NET_AdrToString           0042d120 f   net_chan.obj
 0001:0002c250       _NET_CompareAdr            0042d250 f   net_chan.obj
 0001:0002c370       _NET_CompareBaseAdr        0042d370 f   net_chan.obj
 0001:0002c470       _NET_GetLoopPacket         0042d470 f   net_chan.obj
 0001:0002c500       _NET_IsLocalAddress        0042d500 f   net_chan.obj
 0001:0002c510       _NET_OutOfBandData         0042d510 f   net_chan.obj
 0001:0002c630       _NET_OutOfBandPrint        0042d630 f   net_chan.obj
 0001:0002c6b0       _NET_SendPacket            0042d6b0 f   net_chan.obj
 0001:0002c750       _NET_StringToAdr           0042d750 f   net_chan.obj
 0001:0002c870       _Netchan_Init              0042d870 f   net_chan.obj
 0001:0002c8e0       _Netchan_Process           0042d8e0 f   net_chan.obj
 0001:0002cbd0       _Netchan_Setup             0042dbd0 f   net_chan.obj
 0001:0002cc20       _Netchan_Transmit          0042dc20 f   net_chan.obj
 0001:0002cd70       _Netchan_TransmitNextFragment 0042dd70 f   net_chan.obj
 0001:0002f380       _unzClose                  00430380 f   unzip.obj
 0001:0002f3c0       _unzCloseCurrentFile       004303c0 f   unzip.obj
 0001:0002f430       _unzGetCurrentFileInfo     00430430 f   unzip.obj
 0001:0002f460       _unzGetCurrentFileInfoPosition 00430460 f   unzip.obj
 0001:0002f480       _unzGetGlobalInfo          00430480 f   unzip.obj
 0001:0002f4b0       _unzGoToFirstFile          004304b0 f   unzip.obj
 0001:0002f500       _unzGoToNextFile           00430500 f   unzip.obj
 0001:0002f570       _unzOpen                   00430570 f   unzip.obj
 0001:0002f6d0       _unzOpenCurrentFile        004306d0 f   unzip.obj
 0001:0002f800       _unzReOpen                 00430800 f   unzip.obj
 0001:0002f850       _unzReadCurrentFile        00430850 f   unzip.obj
 0001:0002f9b0       _unzSetCurrentFileInfoPosition 004309b0 f   unzip.obj
 0001:0002ff10       _unzlocal_SearchCentralDir 00430f10 f   unzip.obj
 0001:00030020       _unztell                   00431020 f   unzip.obj
 0001:00030070       _ParseHex                  00431070 f   vm.obj
 0001:000300c0       _VM_ArgPtr                 004310c0 f   vm.obj
 0001:000300f0       _VM_Call                   004310f0 f   vm.obj
 0001:000301e0       _VM_Clear                  004311e0 f   vm.obj
 0001:00030230       _VM_Create                 00431230 f   vm.obj
 0001:00030560       _VM_Debug                  00431560 f   vm.obj
 0001:00030570       _VM_DllSyscall             00431570 f   vm.obj
 0001:00030590       _VM_ExplicitArgPtr         00431590 f   vm.obj
 0001:000305d0       _VM_Free                   004315d0 f   vm.obj
 0001:00030620       _VM_Init                   00431620 f   vm.obj
 0001:00030690       _VM_LoadSymbols            00431690 f   vm.obj
 0001:000308c0       _VM_Restart                004318c0 f   vm.obj
 0001:00030aa0       _VM_VmInfo_f               00431aa0 f   vm.obj
 0001:00030b40       _VM_VmProfile_f            00431b40 f   vm.obj
 0001:00030c40       _VM_CallInterpreted        00431c40 f   vm_interpreted.obj
 0001:00031430       _VM_PrepareInterpreter     00432430 f   vm_interpreted.obj
 0001:00031590       _AsmCall                   00432590 f   vm_x86.obj
 0001:000317f0       _EmitMovEBXEDI             004327f0 f   vm_x86.obj
 0001:000319a0       _VM_CallCompiled           004329a0 f   vm_x86.obj
 0001:00031b40       _VM_Compile                00432b40 f   vm_x86.obj
 0001:00033250       _BotClientCommand          00434250 f   sv_bot.obj
 0001:00033270       _BotDrawDebugPolygons      00434270 f   sv_bot.obj
 0001:000333f0       _BotImport_BSPEntityData   004343f0 f   sv_bot.obj
 0001:00033400       _BotImport_BSPModelMinsMaxsOrigin 00434400 f   sv_bot.obj
 0001:00033510       _BotImport_DebugLineCreate 00434510 f   sv_bot.obj
 0001:00033540       _BotImport_DebugLineDelete 00434540 f   sv_bot.obj
 0001:00033540       _BotImport_DebugPolygonDelete 00434540 f   sv_bot.obj
 0001:00033560       _BotImport_DebugLineShow   00434560 f   sv_bot.obj
 0001:00033790       _BotImport_DebugPolygonCreate 00434790 f   sv_bot.obj
 0001:00033810       _BotImport_EntityTrace     00434810 f   sv_bot.obj
 0001:000338b0       _BotImport_FreeMemory      004348b0 f   sv_bot.obj
 0001:000338c0       _BotImport_GetMemory       004348c0 f   sv_bot.obj
 0001:000338e0       _BotImport_HunkAlloc       004348e0 f   sv_bot.obj
 0001:00033910       _BotImport_PointContents   00434910 f   sv_bot.obj
 0001:00033930       _BotImport_Print           00434930 f   sv_bot.obj
 0001:00033a50       _BotImport_Trace           00434a50 f   sv_bot.obj
 0001:00033af0       _BotImport_inPVS           00434af0 f   sv_bot.obj
 0001:00033b00       _SV_BotAllocateClient      00434b00 f   sv_bot.obj
 0001:00033b70       _SV_BotFrame               00434b70 f   sv_bot.obj
 0001:00033ba0       _SV_BotFreeClient          00434ba0 f   sv_bot.obj
 0001:00033c00       _SV_BotGetConsoleMessage   00434c00 f   sv_bot.obj
 0001:00033c60       _SV_BotGetSnapshotEntity   00434c60 f   sv_bot.obj
 0001:00033cc0       _SV_BotInitBotLib          00434cc0 f   sv_bot.obj
 0001:00033df0       _SV_BotInitCvars           00434df0 f   sv_bot.obj
 0001:00034030       _SV_BotLibSetup            00435030 f   sv_bot.obj
 0001:00034060       _SV_BotLibShutdown         00435060 f   sv_bot.obj
 0001:00034080       _SV_AddOperatorCommands    00435080 f   sv_ccmds.obj
 0001:000347a0       _SV_Heartbeat_f            004357a0 f   sv_ccmds.obj
 0001:00035020       _SV_StopDownload_f         00436020 f   sv_client.obj
 0001:00035070       _SV_DoneDownload_f         00436070 f   sv_client.obj
 0001:000350a0       _SV_NextDownload_f         004360a0 f   sv_client.obj
 0001:00035170       _SV_BeginDownload_f        00436170 f   sv_client.obj
 0001:00035520       _SV_AuthorizeIpPacket      00436520 f   sv_client.obj
 0001:00035890       _SV_ClientEnterWorld       00436890 f   sv_client.obj
 0001:00035940       _SV_ClientThink            00436940 f   sv_client.obj
 0001:00035a00       _SV_DirectConnect          00436a00 f   sv_client.obj
 0001:00036220       _SV_DropClient             00437220 f   sv_client.obj
 0001:000363b0       _SV_ExecuteClientCommand   004373b0 f   sv_client.obj
 0001:00036490       _SV_ExecuteClientMessage   00437490 f   sv_client.obj
 0001:00036600       _SV_GetChallenge           00437600 f   sv_client.obj
 0001:000369e0       _SV_SendClientGameState    004379e0 f   sv_client.obj
 0001:00036e40       _SV_UserinfoChanged        00437e40 f   sv_client.obj
 0001:00037050       _SV_WriteDownloadToClient  00438050 f   sv_client.obj
 0001:00037530       _SV_AdjustAreaPortalState  00438530 f   sv_game.obj
 0001:00037590       _SV_EntityContact          00438590 f   sv_game.obj
 0001:00037600       _SV_GEntityForSvEntity     00438600 f   sv_game.obj
 0001:00037630       _SV_GameClientNum          00438630 f   sv_game.obj
 0001:00037650       _SV_GameCommand            00438650 f   sv_game.obj
 0001:00037670       _SV_GameDropClient         00438670 f   sv_game.obj
 0001:000376a0       _SV_GameSendServerCommand  004386a0 f   sv_game.obj
 0001:000376f0       _SV_GameSystemCalls        004386f0 f   sv_game.obj
 0001:000398f0       _SV_GentityNum             0043a8f0 f   sv_game.obj
 0001:00039910       _SV_GetServerinfo          0043a910 f   sv_game.obj
 0001:00039950       _SV_GetUsercmd             0043a950 f   sv_game.obj
 0001:000399a0       _SV_InitGameProgs          0043a9a0 f   sv_game.obj
 0001:00039a80       _SV_LocateGameData         0043aa80 f   sv_game.obj
 0001:00039ab0       _SV_RestartGameProgs       0043aab0 f   sv_game.obj
 0001:00039b00       _SV_SetBrushModel          0043ab00 f   sv_game.obj
 0001:00039be0       _SV_ShutdownGameProgs      0043abe0 f   sv_game.obj
 0001:00039c10       _SV_SvEntityForGentity     0043ac10 f   sv_game.obj
 0001:00039c50       _SV_inPVS                  0043ac50 f   sv_game.obj
 0001:00039cd0       _SV_inPVSIgnorePortals     0043acd0 f   sv_game.obj
 0001:00039d40       _SV_ChangeMaxClients       0043ad40 f   sv_init.obj
 0001:00039ee0       _SV_ClearServer            0043aee0 f   sv_init.obj
 0001:00039f20       _SV_CreateBaseline         0043af20 f   sv_init.obj
 0001:00039f80       _SV_FinalMessage           0043af80 f   sv_init.obj
 0001:0003a010       _SV_GetConfigstring        0043b010 f   sv_init.obj
 0001:0003a080       _SV_GetUserinfo            0043b080 f   sv_init.obj
 0001:0003a0e0       _SV_Init                   0043b0e0 f   sv_init.obj
 0001:0003a460       _SV_SetConfigstring        0043b460 f   sv_init.obj
 0001:0003a650       _SV_SetUserinfo            0043b650 f   sv_init.obj
 0001:0003a6d0       _SV_Shutdown               0043b6d0 f   sv_init.obj
 0001:0003a790       _SV_SpawnServer            0043b790 f   sv_init.obj
 0001:0003ac10       _SV_Startup                0043bc10 f   sv_init.obj
 0001:0003acd0       _SVC_Info                  0043bcd0 f   sv_main.obj
 0001:0003af30       _SVC_RemoteCommand         0043bf30 f   sv_main.obj
 0001:0003b100       _SVC_Status                0043c100 f   sv_main.obj
 0001:0003b310       _SV_AddServerCommand       0043c310 f   sv_main.obj
 0001:0003b3c0       _SV_CalcPings              0043c3c0 f   sv_main.obj
 0001:0003b4c0       _SV_CheckPaused            0043c4c0 f   sv_main.obj
 0001:0003b540       _SV_CheckTimeouts          0043c540 f   sv_main.obj
 0001:0003b620       _SV_ConnectionlessPacket   0043c620 f   sv_main.obj
 0001:0003b820       _SV_ExpandNewlines         0043c820 f   sv_main.obj
 0001:0003b880       _SV_FlushRedirect          0043c880 f   sv_main.obj
 0001:0003b8b0       _SV_Frame                  0043c8b0 f   sv_main.obj
 0001:0003bac0       _SV_MasterHeartbeat        0043cac0 f   sv_main.obj
 0001:0003bc20       _SV_MasterShutdown         0043cc20 f   sv_main.obj
 0001:0003bc40       _SV_PacketEvent            0043cc40 f   sv_main.obj
 0001:0003bd90       _SV_SendServerCommand      0043cd90 f   sv_main.obj
 0001:0003bfe0       _SV_Netchan_Process        0043cfe0 f   sv_net_chan.obj
 0001:0003c020       _SV_Netchan_Transmit       0043d020 f   sv_net_chan.obj
 0001:0003c0c0       _SV_Netchan_TransmitNextFragment 0043d0c0 f   sv_net_chan.obj
 0001:0003c830       _SV_SendClientMessages     0043d830 f   sv_snapshot.obj
 0001:0003c8b0       _SV_SendClientSnapshot     0043d8b0 f   sv_snapshot.obj
 0001:0003c9a0       _SV_SendMessageToClient    0043d9a0 f   sv_snapshot.obj
 0001:0003cac0       _SV_UpdateServerCommandsToClient 0043dac0 f   sv_snapshot.obj
 0001:0003cc70       _SV_AreaEntities           0043dc70 f   sv_world.obj
 0001:0003ccb0       _SV_AreaEntities_r         0043dcb0 f   sv_world.obj
 0001:0003cdc0       _SV_ClearWorld             0043ddc0 f   sv_world.obj
 0001:0003ce20       _SV_ClipHandleForEntity    0043de20 f   sv_world.obj
 0001:0003ce80       _SV_ClipMoveToEntities     0043de80 f   sv_world.obj
 0001:0003d080       _SV_ClipToEntity           0043e080 f   sv_world.obj
 0001:0003d110       _SV_CreateworldSector      0043e110 f   sv_world.obj
 0001:0003d250       _SV_LinkEntity             0043e250 f   sv_world.obj
 0001:0003d750       _SV_PointContents          0043e750 f   sv_world.obj
 0001:0003d860       _SV_SectorList_f           0043e860 f   sv_world.obj
 0001:0003d8a0       _SV_Trace                  0043e8a0 f   sv_world.obj
 0001:0003da90       _SV_UnlinkEntity           0043ea90 f   sv_world.obj
 0001:0003db00       _IN_Activate               0043eb00 f   win_input.obj
 0001:0003db20       _IN_ActivateDIMouse        0043eb20 f   win_input.obj
 0001:0003db60       _IN_ActivateMouse          0043eb60 f   win_input.obj
 0001:0003dba0       _IN_ActivateWin32Mouse     0043eba0 f   win_input.obj
 0001:0003dc70       _IN_DIMouse                0043ec70 f   win_input.obj
 0001:0003ded0       _IN_DeactivateMouse        0043eed0 f   win_input.obj
 0001:0003df20       _IN_Frame                  0043ef20 f   win_input.obj
 0001:0003e000       _IN_Init                   0043f000 f   win_input.obj
 0001:0003e140       _IN_InitDIMouse            0043f140 f   win_input.obj
 0001:0003e340       _IN_JoyMove                0043f340 f   win_input.obj
 0001:0003e660       _IN_MouseEvent             0043f660 f   win_input.obj
 0001:0003e6f0       _IN_MouseMove              0043f6f0 f   win_input.obj
 0001:0003e770       _IN_Shutdown               0043f770 f   win_input.obj
 0001:0003e7e0       _IN_StartupJoystick        0043f7e0 f   win_input.obj
 0001:0003ea70       _IN_StartupMouse           0043fa70 f   win_input.obj
 0001:0003eb30       _JoyToF                    0043fb30 f   win_input.obj
 0001:0003edb0       _Sys_Cwd                   0043fdb0 f   win_main.obj
 0001:0003edd0       _Sys_DefaultCDPath         0043fdd0 f   win_main.obj
 0001:0003ede0       _Sys_Error                 0043fde0 f   win_main.obj
 0001:0003ee90       _Sys_FreeFileList          0043fe90 f   win_main.obj
 0001:0003eed0       _Sys_GetClipboardData      0043fed0 f   win_main.obj
 0001:0003ef60       _Sys_GetEvent              0043ff60 f   win_main.obj
 0001:0003f130       _Sys_In_Restart_f          00440130 f   win_main.obj
 0001:0003f140       _Sys_Init                  00440140 f   win_main.obj
 0001:0003f510       _Sys_ListFiles             00440510 f   win_main.obj
 0001:0003f810       _Sys_ListFilteredFiles     00440810 f   win_main.obj
 0001:0003fa00       _Sys_LoadDll               00440a00 f   win_main.obj
 0001:0003fb90       _Sys_LowPhysicalMemory     00440b90 f   win_main.obj
 0001:0003fbd0       _Sys_Mkdir                 00440bd0 f   win_main.obj
 0001:0003fbe0       _Sys_Net_Restart_f         00440be0 f   win_main.obj
 0001:0003fbf0       _Sys_Print                 00440bf0 f   win_main.obj
 0001:0003fc00       _Sys_QueEvent              00440c00 f   win_main.obj
 0001:0003fca0       _Sys_Quit                  00440ca0 f   win_main.obj
 0001:0003fcc0       _Sys_StreamSeek            00440cc0 f   win_main.obj
 0001:0003fcd0       _Sys_StreamedRead          00440cd0 f   win_main.obj
 0001:0003fcf0       _Sys_UnloadDll             00440cf0 f   win_main.obj
 0001:0003fd20       _WinMain@16                00440d20 f   win_main.obj
 0001:0003fe30       _NET_Config                00440e30 f   win_net.obj
 0001:0003ff50       _NET_ErrorString           00440f50 f   win_net.obj
 0001:000402e0       _NET_GetLocalAddress       004412e0 f   win_net.obj
 0001:00040440       _NET_IPSocket              00441440 f   win_net.obj
 0001:000405f0       _NET_IPXSocket             004415f0 f   win_net.obj
 0001:00040740       _NET_Init                  00441740 f   win_net.obj
 0001:00040790       _NET_OpenIP                00441790 f   win_net.obj
 0001:00040840       _NET_OpenSocks             00441840 f   win_net.obj
 0001:00040c40       _NET_Restart               00441c40 f   win_net.obj
 0001:00040c50       _NetadrToSockadr           00441c50 f   win_net.obj
 0001:00040cf0       _Sys_GetPacket             00441cf0 f   win_net.obj
 0001:00040f50       _Sys_IsLANAddress          00441f50 f   win_net.obj
 0001:000410e0       _Sys_SendPacket            004420e0 f   win_net.obj
 0001:00041220       _Sys_ShowIP                00442220 f   win_net.obj
 0001:00041270       _Sys_StringToAdr           00442270 f   win_net.obj
 0001:000412f0       _Sys_StringToSockaddr      004422f0 f   win_net.obj
 0001:000418c0       _Sys_DefaultInstallPath    004428c0 f   win_shared.obj
 0001:000418d0       _Sys_GetCurrentUser        004428d0 f   win_shared.obj
 0001:00041940       _Sys_GetProcessorId        00442940 f   win_shared.obj
 0001:00041990       _Sys_Milliseconds          00442990 f   win_shared.obj
 0001:000419c0       _Sys_SnapVector            004429c0 f   win_shared.obj
 0001:00041a70       _SNDDMA_Activate           00442a70 f   win_snd.obj
 0001:00041ab0       _SNDDMA_BeginPainting      00442ab0 f   win_snd.obj
 0001:00041bc0       _SNDDMA_GetDMAPos          00442bc0 f   win_snd.obj
 0001:00041c30       _SNDDMA_Init               00442c30 f   win_snd.obj
 0001:00041c80       _SNDDMA_InitDS             00442c80 f   win_snd.obj
 0001:00041f90       _SNDDMA_Shutdown           00442f90 f   win_snd.obj
 0001:000420f0       _SNDDMA_Submit             004430f0 f   win_snd.obj
 0001:000424a0       _Conbuf_AppendText         004434a0 f   win_syscon.obj
 0001:00042600       _InputLineWndProc@16       00443600 f   win_syscon.obj
 0001:00042730       _Sys_ConsoleInput          00443730 f   win_syscon.obj
 0001:00042760       _Sys_CreateConsole         00443760 f   win_syscon.obj
 0001:00042ad0       _Sys_DestroyConsole        00443ad0 f   win_syscon.obj
 0001:00042b10       _Sys_SetErrorText          00443b10 f   win_syscon.obj
 0001:00042ba0       _Sys_ShowConsole           00443ba0 f   win_syscon.obj
 0001:00042c20       _MainWndProc@16            00443c20 f   win_wndproc.obj
 0001:00043410       _bind@12                   00444410 f   wsock32:WSOCK32.dll
 0001:00043416       _closesocket@4             00444416 f   wsock32:WSOCK32.dll
 0001:0004341c       _connect@12                0044441c f   wsock32:WSOCK32.dll
 0001:00043422       _ioctlsocket@12            00444422 f   wsock32:WSOCK32.dll
 0001:00043428       _htons@4                   00444428 f   wsock32:WSOCK32.dll
 0001:0004342e       _inet_addr@4               0044442e f   wsock32:WSOCK32.dll
 0001:00043434       _ntohl@4                   00444434 f   wsock32:WSOCK32.dll
 0001:0004343a       _recv@16                   0044443a f   wsock32:WSOCK32.dll
 0001:00043440       _recvfrom@24               00444440 f   wsock32:WSOCK32.dll
 0001:00043446       _send@16                   00444446 f   wsock32:WSOCK32.dll
 0001:0004344c       _sendto@24                 0044444c f   wsock32:WSOCK32.dll
 0001:00043452       _setsockopt@20             00444452 f   wsock32:WSOCK32.dll
 0001:00043458       _socket@12                 00444458 f   wsock32:WSOCK32.dll
 0001:0004345e       _gethostbyname@4           0044445e f   wsock32:WSOCK32.dll
 0001:00043464       _gethostname@8             00444464 f   wsock32:WSOCK32.dll
 0001:0004346a       _WSAStartup@8              0044446a f   wsock32:WSOCK32.dll
 0001:00043470       _WSAGetLastError@0         00444470 f   wsock32:WSOCK32.dll
 0001:00043480       _BotLibSetup               00444480 f   botlib:be_interface.obj
 0001:000434b0       _Export_BotLibLoadMap      004444b0 f   botlib:be_interface.obj
 0001:00043510       _Export_BotLibSetup        00444510 f   botlib:be_interface.obj
 0001:000435e0       _Export_BotLibShutdown     004445e0 f   botlib:be_interface.obj
 0001:00043650       _Export_BotLibStartFrame   00444650 f   botlib:be_interface.obj
 0001:00043680       _Export_BotLibUpdateEntity 00444680 f   botlib:be_interface.obj
 0001:000436c0       _Export_BotLibVarGet       004446c0 f   botlib:be_interface.obj
 0001:000436f0       _Export_BotLibVarSet       004446f0 f   botlib:be_interface.obj
 0001:00043710       _GetBotLibAPI              00444710 f   botlib:be_interface.obj
 0001:00043c40       _Sys_MilliSeconds          00444c40 f   botlib:be_interface.obj
 0001:00043c60       _ValidEntityNumber         00444c60 f   botlib:be_interface.obj
 0001:00043ca0       _Log_Close                 00444ca0 f   botlib:l_log.obj
 0001:00043cf0       _Log_Open                  00444cf0 f   botlib:l_log.obj
 0001:00043dd0       _Log_Shutdown              00444dd0 f   botlib:l_log.obj
 0001:00043de0       _Log_Write                 00444de0 f   botlib:l_log.obj
 0001:00043e10       _LibVar                    00444e10 f   botlib:l_libvar.obj
 0001:00043e80       _LibVarAlloc               00444e80 f   botlib:l_libvar.obj
 0001:00043ef0       _LibVarDeAlloc             00444ef0 f   botlib:l_libvar.obj
 0001:00043f20       _LibVarDeAllocAll          00444f20 f   botlib:l_libvar.obj
 0001:00043f60       _LibVarGet                 00444f60 f   botlib:l_libvar.obj
 0001:00043fa0       _LibVarGetString           00444fa0 f   botlib:l_libvar.obj
 0001:00043fc0       _LibVarGetValue            00444fc0 f   botlib:l_libvar.obj
 0001:00043fe0       _LibVarSet                 00444fe0 f   botlib:l_libvar.obj
 0001:00044060       _LibVarString              00445060 f   botlib:l_libvar.obj
 0001:00044080       _LibVarStringValue         00445080 f   botlib:l_libvar.obj
 0001:00044120       _LibVarValue               00445120 f   botlib:l_libvar.obj
 0001:00044140       _PC_DollarDirective_evalfloat 00445140 f   botlib:l_precomp.obj
 0001:00044240       _PC_Directive_include      00445240 f   botlib:l_precomp.obj
 0001:00044460       _PC_Directive_undef        00445460 f   botlib:l_precomp.obj
 0001:000445b0       _PC_Directive_define       004455b0 f   botlib:l_precomp.obj
 0001:00044ad0       _PC_Directive_ifdef        00445ad0 f   botlib:l_precomp.obj
 0001:00044af0       _PC_Directive_ifndef       00445af0 f   botlib:l_precomp.obj
 0001:00044b10       _PC_Directive_else         00445b10 f   botlib:l_precomp.obj
 0001:00044b80       _PC_Directive_endif        00445b80 f   botlib:l_precomp.obj
 0001:00044bc0       _PC_Directive_elif         00445bc0 f   botlib:l_precomp.obj
 0001:00044c30       _PC_Directive_if           00445c30 f   botlib:l_precomp.obj
 0001:00044c70       _PC_Directive_line         00445c70 f   botlib:l_precomp.obj
 0001:00044c90       _PC_Directive_error        00445c90 f   botlib:l_precomp.obj
 0001:00044cf0       _PC_Directive_pragma       00445cf0 f   botlib:l_precomp.obj
 0001:00044d40       _PC_Directive_eval         00445d40 f   botlib:l_precomp.obj
 0001:00044e10       _PC_Directive_evalfloat    00445e10 f   botlib:l_precomp.obj
 0001:00044ef0       _PC_DollarDirective_evalint 00445ef0 f   botlib:l_precomp.obj
 0001:00044fd0       _FreeSource                00445fd0 f   botlib:l_precomp.obj
 0001:000450d0       _LoadSourceFile            004460d0 f   botlib:l_precomp.obj
 0001:00045170       _PC_AddDefineToHash        00446170 f   botlib:l_precomp.obj
 0001:000451a0       _PC_AddGlobalDefine        004461a0 f   botlib:l_precomp.obj
 0001:000451d0       _PC_AddGlobalDefinesToSource 004461d0 f   botlib:l_precomp.obj
 0001:00045210       _PC_CheckOpenSourceHandles 00446210 f   botlib:l_precomp.obj
 0001:00045240       _PC_CheckTokenString       00446240 f   botlib:l_precomp.obj
 0001:000452e0       _PC_ClearTokenWhiteSpace   004462e0 f   botlib:l_precomp.obj
 0001:00045310       _PC_ConvertPath            00446310 f   botlib:l_precomp.obj
 0001:00045370       _PC_CopyDefine             00446370 f   botlib:l_precomp.obj
 0001:00045460       _PC_CopyToken              00446460 f   botlib:l_precomp.obj
 0001:000454b0       _PC_DefineFromString       004464b0 f   botlib:l_precomp.obj
 0001:000455d0       _PC_Directive_if_def       004465d0 f   botlib:l_precomp.obj
 0001:000456a0       _PC_DollarEvaluate         004466a0 f   botlib:l_precomp.obj
 0001:00045930       _PC_Evaluate               00446930 f   botlib:l_precomp.obj
 0001:00045b40       _PC_EvaluateTokens         00446b40 f   botlib:l_precomp.obj
 0001:00046710       _PC_ExpandBuiltinDefine    00447710 f   botlib:l_precomp.obj
 0001:00046900       _PC_ExpandDefine           00447900 f   botlib:l_precomp.obj
 0001:00046be0       _PC_ExpandDefineIntoSource 00447be0 f   botlib:l_precomp.obj
 0001:00046c40       _PC_ExpectAnyToken         00447c40 f   botlib:l_precomp.obj
 0001:00046c70       _PC_ExpectTokenString      00447c70 f   botlib:l_precomp.obj
 0001:00046d40       _PC_ExpectTokenType        00447d40 f   botlib:l_precomp.obj
 0001:00047050       _PC_FindDefineParm         00448050 f   botlib:l_precomp.obj
 0001:000470c0       _PC_FindHashedDefine       004480c0 f   botlib:l_precomp.obj
 0001:00047120       _PC_FreeDefine             00448120 f   botlib:l_precomp.obj
 0001:00047180       _PC_FreeSourceHandle       00448180 f   botlib:l_precomp.obj
 0001:000471c0       _PC_FreeToken              004481c0 f   botlib:l_precomp.obj
 0001:000471e0       _PC_LoadSourceHandle       004481e0 f   botlib:l_precomp.obj
 0001:00047250       _PC_MergeTokens            00448250 f   botlib:l_precomp.obj
 0001:000472e0       _PC_NameHash               004482e0 f   botlib:l_precomp.obj
 0001:00047320       _PC_OperatorPriority       00448320 f   botlib:l_precomp.obj
 0001:000473f0       _PC_PopIndent              004483f0 f   botlib:l_precomp.obj
 0001:00047450       _PC_PushIndent             00448450 f   botlib:l_precomp.obj
 0001:000474a0       _PC_PushScript             004484a0 f   botlib:l_precomp.obj
 0001:00047500       _PC_ReadDefineParms        00448500 f   botlib:l_precomp.obj
 0001:00047850       _PC_ReadDirective          00448850 f   botlib:l_precomp.obj
 0001:00047960       _PC_ReadDollarDirective    00448960 f   botlib:l_precomp.obj
 0001:00047a80       _PC_ReadLine               00448a80 f   botlib:l_precomp.obj
 0001:00047b00       _PC_ReadSourceToken        00448b00 f   botlib:l_precomp.obj
 0001:00047c10       _PC_ReadToken              00448c10 f   botlib:l_precomp.obj
 0001:00047dd0       _PC_ReadTokenHandle        00448dd0 f   botlib:l_precomp.obj
 0001:00047ea0       _PC_RemoveAllGlobalDefines 00448ea0 f   botlib:l_precomp.obj
 0001:00047ed0       _PC_SetBaseFolder          00448ed0 f   botlib:l_precomp.obj
 0001:00047ee0       _PC_SourceFileAndLine      00448ee0 f   botlib:l_precomp.obj
 0001:00047f50       _PC_StringizeTokens        00448f50 f   botlib:l_precomp.obj
 0001:00048000       _PC_UnreadLastToken        00449000 f   botlib:l_precomp.obj
 0001:00048020       _PC_UnreadSourceToken      00449020 f   botlib:l_precomp.obj
 0001:00048050       _PC_UnreadToken            00449050 f   botlib:l_precomp.obj
 0001:00048060       _PC_WhiteSpaceBeforeToken  00449060 f   botlib:l_precomp.obj
 0001:00048080       _SourceError               00449080 f   botlib:l_precomp.obj
 0001:000480e0       _SourceWarning             004490e0 f   botlib:l_precomp.obj
 0001:00048140       _UnreadSignToken           00449140 f   botlib:l_precomp.obj
 0001:000481c0       _AAS_ContinueInit          004491c0 f   botlib:be_aas_main.obj
 0001:00048280       _AAS_Error                 00449280 f   botlib:be_aas_main.obj
 0001:000482d0       _AAS_Initialized           004492d0 f   botlib:be_aas_main.obj
 0001:000482e0       _AAS_LoadFiles             004492e0 f   botlib:be_aas_main.obj
 0001:00048370       _AAS_LoadMap               00449370 f   botlib:be_aas_main.obj
 0001:000483c0       _AAS_Loaded                004493c0 f   botlib:be_aas_main.obj
 0001:000483d0       _AAS_ProjectPointOntoVector 004493d0 f   botlib:be_aas_main.obj
 0001:000484c0       _AAS_SetInitialized        004494c0 f   botlib:be_aas_main.obj
 0001:000484e0       _AAS_Setup                 004494e0 f   botlib:be_aas_main.obj
 0001:00048580       _AAS_Shutdown              00449580 f   botlib:be_aas_main.obj
 0001:000485e0       _AAS_StartFrame            004495e0 f   botlib:be_aas_main.obj
 0001:00048710       _AAS_Time                  00449710 f   botlib:be_aas_main.obj
 0001:00048720       _AAS_EntityInfo            00449720 f   botlib:be_aas_entity.obj
 0001:000487a0       _AAS_EntityModelNum        004497a0 f   botlib:be_aas_entity.obj
 0001:000487f0       _AAS_EntityModelindex      004497f0 f   botlib:be_aas_entity.obj
 0001:00048830       _AAS_EntityType            00449830 f   botlib:be_aas_entity.obj
 0001:00048880       _AAS_InvalidateEntities    00449880 f   botlib:be_aas_entity.obj
 0001:000488c0       _AAS_NextEntity            004498c0 f   botlib:be_aas_entity.obj
 0001:00048910       _AAS_OriginOfMoverWithModelNum 00449910 f   botlib:be_aas_entity.obj
 0001:00048970       _AAS_ResetEntityLinks      00449970 f   botlib:be_aas_entity.obj
 0001:000489b0       _AAS_UnlinkInvalidEntities 004499b0 f   botlib:be_aas_entity.obj
 0001:00048a20       _AAS_UpdateEntity          00449a20 f   botlib:be_aas_entity.obj
 0001:00048d80       _AAS_AASLinkEntity         00449d80 f   botlib:be_aas_sample.obj
 0001:00048f20       _AAS_AllocAASLink          00449f20 f   botlib:be_aas_sample.obj
 0001:00048f60       _AAS_AreaEntityCollision   00449f60 f   botlib:be_aas_sample.obj
 0001:00049060       _AAS_AreaInfo              0044a060 f   botlib:be_aas_sample.obj
 0001:00049150       _AAS_AreaPresenceType      0044a150 f   botlib:be_aas_sample.obj
 0001:000491a0       _AAS_BBoxAreas             0044a1a0 f   botlib:be_aas_sample.obj
 0001:000491f0       _AAS_BoxOnPlaneSide2       0044a1f0 f   botlib:be_aas_sample.obj
 0001:000492e0       _AAS_DeAllocAASLink        0044a2e0 f   botlib:be_aas_sample.obj
 0001:00049320       _AAS_FreeAASLinkHeap       0044a320 f   botlib:be_aas_sample.obj
 0001:00049350       _AAS_FreeAASLinkedEntities 0044a350 f   botlib:be_aas_sample.obj
 0001:00049370       _AAS_InitAASLinkHeap       0044a370 f   botlib:be_aas_sample.obj
 0001:00049440       _AAS_InitAASLinkedEntities 0044a440 f   botlib:be_aas_sample.obj
 0001:00049480       _AAS_LinkEntityClientBBox  0044a480 f   botlib:be_aas_sample.obj
 0001:00049520       _AAS_PlaneFromNum          0044a520 f   botlib:be_aas_sample.obj
 0001:00049540       _AAS_PointAreaNum          0044a540 f   botlib:be_aas_sample.obj
 0001:000495e0       _AAS_PointInsideFace       0044a5e0 f   botlib:be_aas_sample.obj
 0001:00049770       _AAS_PointPresenceType     0044a770 f   botlib:be_aas_sample.obj
 0001:000497b0       _AAS_PointReachabilityAreaIndex 0044a7b0 f   botlib:be_aas_sample.obj
 0001:00049a80       _AAS_PresenceTypeBoundingBox 0044aa80 f   botlib:be_aas_sample.obj
 0001:00049b40       _AAS_TraceAreas            0044ab40 f   botlib:be_aas_sample.obj
 0001:00049e50       _AAS_TraceClientBBox       0044ae50 f   botlib:be_aas_sample.obj
 0001:0004a5e0       _AAS_UnlinkFromAreas       0044b5e0 f   botlib:be_aas_sample.obj
 0001:0004a640       _AAS_AllocReachability     0044b640 f   botlib:be_aas_reach.obj
 0001:0004a680       _AAS_AreaClusterPortal     0044b680 f   botlib:be_aas_reach.obj
 0001:0004a6a0       _AAS_AreaCrouch            0044b6a0 f   botlib:be_aas_reach.obj
 0001:0004a6d0       _AAS_AreaDoNotEnter        0044b6d0 f   botlib:be_aas_reach.obj
 0001:0004a6f0       _AAS_AreaGrounded          0044b6f0 f   botlib:be_aas_reach.obj
 0001:0004a710       _AAS_AreaJumpPad           0044b710 f   botlib:be_aas_reach.obj
 0001:0004a730       _AAS_AreaLadder            0044b730 f   botlib:be_aas_reach.obj
 0001:0004a750       _AAS_AreaReachability      0044b750 f   botlib:be_aas_reach.obj
 0001:0004a790       _AAS_AreaSwim              0044b790 f   botlib:be_aas_reach.obj
 0001:0004a7c0       _AAS_AreaTeleporter        0044b7c0 f   botlib:be_aas_reach.obj
 0001:0004a7e0       _AAS_AreaVolume            0044b7e0 f   botlib:be_aas_reach.obj
 0001:0004a900       _AAS_BestReachableArea     0044b900 f   botlib:be_aas_reach.obj
 0001:0004abe0       _AAS_BestReachableFromJumpPadArea 0044bbe0 f   botlib:be_aas_reach.obj
 0001:0004aea0       _AAS_BestReachableLinkArea 0044bea0 f   botlib:be_aas_reach.obj
 0001:0004af10       _AAS_ClosestEdgePoints     0044bf10 f   botlib:be_aas_reach.obj
 0001:0004bb80       _AAS_ContinueInitReachability 0044cb80 f   botlib:be_aas_reach.obj
 0001:0004be90       _AAS_FaceArea              0044ce90 f   botlib:be_aas_reach.obj
 0001:0004c030       _AAS_FaceCenter            0044d030 f   botlib:be_aas_reach.obj
 0001:0004c190       _AAS_FallDamageDistance    0044d190 f   botlib:be_aas_reach.obj
 0001:0004c1e0       _AAS_FallDelta             0044d1e0 f   botlib:be_aas_reach.obj
 0001:0004c250       _AAS_FindFaceReachabilities 0044d250 f   botlib:be_aas_reach.obj
 0001:0004c7c0       _AAS_FreeReachability      0044d7c0 f   botlib:be_aas_reach.obj
 0001:0004c7f0       _AAS_GetJumpPadInfo        0044d7f0 f   botlib:be_aas_reach.obj
 0001:0004cc30       _AAS_InitReachability      0044dc30 f   botlib:be_aas_reach.obj
 0001:0004ccc0       _AAS_MaxJumpDistance       0044dcc0 f   botlib:be_aas_reach.obj
 0001:0004cd20       _AAS_MaxJumpHeight         0044dd20 f   botlib:be_aas_reach.obj
 0001:0004cd60       _AAS_ReachabilityExists    0044dd60 f   botlib:be_aas_reach.obj
 0001:0004cd90       _AAS_Reachability_Elevator 0044dd90 f   botlib:be_aas_reach.obj
 0001:0004d8a0       _AAS_Reachability_EqualFloorHeight 0044e8a0 f   botlib:be_aas_reach.obj
 0001:0004df20       _AAS_Reachability_FuncBobbing 0044ef20 f   botlib:be_aas_reach.obj
 0001:0004e960       _AAS_Reachability_Grapple  0044f960 f   botlib:be_aas_reach.obj
 0001:0004f360       _AAS_Reachability_Jump     00450360 f   botlib:be_aas_reach.obj
 0001:000500c0       _AAS_Reachability_JumpPad  004510c0 f   botlib:be_aas_reach.obj
 0001:000508e0       _AAS_Reachability_Ladder   004518e0 f   botlib:be_aas_reach.obj
[...]
 0003:0044ca34       _dllInitNames              00945a34     renderer:win_qgl.obj
 0003:0044ca38       _dllInterleavedArrays      00945a38     renderer:win_qgl.obj
 0003:0044ca3c       _dllLightModelf            00945a3c     renderer:win_qgl.obj
 0003:0044ca40       _dllLightModelfv           00945a40     renderer:win_qgl.obj
 0003:0044ca44       _dllLightModeli            00945a44     renderer:win_qgl.obj
 0003:0044ca48       _dllLightModeliv           00945a48     renderer:win_qgl.obj
 0003:0044ca4c       _dllLightf                 00945a4c     renderer:win_qgl.obj
 0003:0044ca50       _dllLightfv                00945a50     renderer:win_qgl.obj
 0003:0044ca54       _dllLighti                 00945a54     renderer:win_qgl.obj
 0003:0044ca58       _dllLightiv                00945a58     renderer:win_qgl.obj
 0003:0044ca5c       _dllLineStipple            00945a5c     renderer:win_qgl.obj
 0003:0044ca60       _dllLineWidth              00945a60     renderer:win_qgl.obj
 0003:0044ca64       _dllListBase               00945a64     renderer:win_qgl.obj
 0003:0044ca68       _dllLoadIdentity           00945a68     renderer:win_qgl.obj
 0003:0044ca6c       _dllLoadMatrixd            00945a6c     renderer:win_qgl.obj
 0003:0044ca70       _dllLoadMatrixf            00945a70     renderer:win_qgl.obj
 0003:0044ca74       _dllLoadName               00945a74     renderer:win_qgl.obj
 0003:0044ca78       _dllLogicOp                00945a78     renderer:win_qgl.obj
 0003:0044ca7c       _dllMap1d                  00945a7c     renderer:win_qgl.obj
 0003:0044ca80       _dllMap1f                  00945a80     renderer:win_qgl.obj
 0003:0044ca84       _dllMap2d                  00945a84     renderer:win_qgl.obj
 0003:0044ca88       _dllMap2f                  00945a88     renderer:win_qgl.obj
 0003:0044ca8c       _dllMapGrid1d              00945a8c     renderer:win_qgl.obj
 0003:0044ca90       _dllMapGrid1f              00945a90     renderer:win_qgl.obj
 0003:0044ca94       _dllMapGrid2d              00945a94     renderer:win_qgl.obj
 0003:0044ca98       _dllMapGrid2f              00945a98     renderer:win_qgl.obj
 0003:0044ca9c       _dllMaterialf              00945a9c     renderer:win_qgl.obj
 0003:0044caa0       _dllMaterialfv             00945aa0     renderer:win_qgl.obj
 0003:0044caa4       _dllMateriali              00945aa4     renderer:win_qgl.obj
 0003:0044caa8       _dllMaterialiv             00945aa8     renderer:win_qgl.obj
 0003:0044caac       _dllMatrixMode             00945aac     renderer:win_qgl.obj
 0003:0044cab0       _dllMultMatrixd            00945ab0     renderer:win_qgl.obj
 0003:0044cab4       _dllMultMatrixf            00945ab4     renderer:win_qgl.obj
 0003:0044cab8       _dllNewList                00945ab8     renderer:win_qgl.obj
 0003:0044cabc       _dllNormal3b               00945abc     renderer:win_qgl.obj
 0003:0044cac0       _dllNormal3bv              00945ac0     renderer:win_qgl.obj
 0003:0044cac4       _dllNormal3d               00945ac4     renderer:win_qgl.obj
 0003:0044cac8       _dllNormal3dv              00945ac8     renderer:win_qgl.obj
 0003:0044cacc       _dllNormal3f               00945acc     renderer:win_qgl.obj
 0003:0044cad0       _dllNormal3fv              00945ad0     renderer:win_qgl.obj
 0003:0044cad4       _dllNormal3i               00945ad4     renderer:win_qgl.obj
 0003:0044cad8       _dllNormal3iv              00945ad8     renderer:win_qgl.obj
 0003:0044cadc       _dllNormal3s               00945adc     renderer:win_qgl.obj
 0003:0044cae0       _dllNormal3sv              00945ae0     renderer:win_qgl.obj
 0003:0044cae4       _dllNormalPointer          00945ae4     renderer:win_qgl.obj
 0003:0044cae8       _dllOrtho                  00945ae8     renderer:win_qgl.obj
 0003:0044caec       _dllPassThrough            00945aec     renderer:win_qgl.obj
 0003:0044caf0       _dllPixelMapfv             00945af0     renderer:win_qgl.obj
 0003:0044caf4       _dllPixelMapuiv            00945af4     renderer:win_qgl.obj
 0003:0044caf8       _dllPixelMapusv            00945af8     renderer:win_qgl.obj
 0003:0044cafc       _dllPixelStoref            00945afc     renderer:win_qgl.obj
 0003:0044cb00       _dllPixelStorei            00945b00     renderer:win_qgl.obj
 0003:0044cb04       _dllPixelTransferf         00945b04     renderer:win_qgl.obj
 0003:0044cb08       _dllPixelTransferi         00945b08     renderer:win_qgl.obj
 0003:0044cb0c       _dllPixelZoom              00945b0c     renderer:win_qgl.obj
 0003:0044cb10       _dllPointSize              00945b10     renderer:win_qgl.obj
 0003:0044cb14       _dllPolygonMode            00945b14     renderer:win_qgl.obj
 0003:0044cb18       _dllPolygonOffset          00945b18     renderer:win_qgl.obj
 0003:0044cb1c       _dllPolygonStipple         00945b1c     renderer:win_qgl.obj
 0003:0044cb20       _dllPopAttrib              00945b20     renderer:win_qgl.obj
 0003:0044cb24       _dllPopClientAttrib        00945b24     renderer:win_qgl.obj
 0003:0044cb28       _dllPopMatrix              00945b28     renderer:win_qgl.obj
 0003:0044cb2c       _dllPopName                00945b2c     renderer:win_qgl.obj
 0003:0044cb30       _dllPrioritizeTextures     00945b30     renderer:win_qgl.obj
 0003:0044cb34       _dllPushAttrib             00945b34     renderer:win_qgl.obj
 0003:0044cb38       _dllPushClientAttrib       00945b38     renderer:win_qgl.obj
 0003:0044cb3c       _dllPushMatrix             00945b3c     renderer:win_qgl.obj
 0003:0044cb40       _dllPushName               00945b40     renderer:win_qgl.obj
 0003:0044cb44       _dllRasterPos2d            00945b44     renderer:win_qgl.obj
 0003:0044cb48       _dllRasterPos2dv           00945b48     renderer:win_qgl.obj
 0003:0044cb4c       _dllRasterPos2f            00945b4c     renderer:win_qgl.obj
 0003:0044cb50       _dllRasterPos2fv           00945b50     renderer:win_qgl.obj
 0003:0044cb54       _dllRasterPos2i            00945b54     renderer:win_qgl.obj
 0003:0044cb58       _dllRasterPos2iv           00945b58     renderer:win_qgl.obj
 0003:0044cb5c       _dllRasterPos2s            00945b5c     renderer:win_qgl.obj
 0003:0044cb60       _dllRasterPos2sv           00945b60     renderer:win_qgl.obj
 0003:0044cb64       _dllRasterPos3d            00945b64     renderer:win_qgl.obj
 0003:0044cb68       _dllRasterPos3dv           00945b68     renderer:win_qgl.obj
 0003:0044cb6c       _dllRasterPos3f            00945b6c     renderer:win_qgl.obj
 0003:0044cb70       _dllRasterPos3fv           00945b70     renderer:win_qgl.obj
 0003:0044cb74       _dllRasterPos3i            00945b74     renderer:win_qgl.obj
 0003:0044cb78       _dllRasterPos3iv           00945b78     renderer:win_qgl.obj
 0003:0044cb7c       _dllRasterPos3s            00945b7c     renderer:win_qgl.obj
 0003:0044cb80       _dllRasterPos3sv           00945b80     renderer:win_qgl.obj
 0003:0044cb84       _dllRasterPos4d            00945b84     renderer:win_qgl.obj
 0003:0044cb88       _dllRasterPos4dv           00945b88     renderer:win_qgl.obj
 0003:0044cb8c       _dllRasterPos4f            00945b8c     renderer:win_qgl.obj
 0003:0044cb90       _dllRasterPos4fv           00945b90     renderer:win_qgl.obj
 0003:0044cb94       _dllRasterPos4i            00945b94     renderer:win_qgl.obj
 0003:0044cb98       _dllRasterPos4iv           00945b98     renderer:win_qgl.obj
 0003:0044cb9c       _dllRasterPos4s            00945b9c     renderer:win_qgl.obj
 0003:0044cba0       _dllRasterPos4sv           00945ba0     renderer:win_qgl.obj
 0003:0044cba4       _dllReadBuffer             00945ba4     renderer:win_qgl.obj
 0003:0044cba8       _dllReadPixels             00945ba8     renderer:win_qgl.obj
 0003:0044cbac       _dllRectd                  00945bac     renderer:win_qgl.obj
 0003:0044cbb0       _dllRectdv                 00945bb0     renderer:win_qgl.obj
 0003:0044cbb4       _dllRectf                  00945bb4     renderer:win_qgl.obj
 0003:0044cbb8       _dllRectfv                 00945bb8     renderer:win_qgl.obj
 0003:0044cbbc       _dllRecti                  00945bbc     renderer:win_qgl.obj
 0003:0044cbc0       _dllRectiv                 00945bc0     renderer:win_qgl.obj
 0003:0044cbc4       _dllRects                  00945bc4     renderer:win_qgl.obj
 0003:0044cbc8       _dllRectsv                 00945bc8     renderer:win_qgl.obj
 0003:0044cbcc       _dllRotated                00945bcc     renderer:win_qgl.obj
 0003:0044cbd0       _dllRotatef                00945bd0     renderer:win_qgl.obj
 0003:0044cbd4       _dllScaled                 00945bd4     renderer:win_qgl.obj
 0003:0044cbd8       _dllScalef                 00945bd8     renderer:win_qgl.obj
 0003:0044cbdc       _dllScissor                00945bdc     renderer:win_qgl.obj
 0003:0044cbe0       _dllSelectBuffer           00945be0     renderer:win_qgl.obj
 0003:0044cbe4       _dllShadeModel             00945be4     renderer:win_qgl.obj
 0003:0044cbe8       _dllStencilFunc            00945be8     renderer:win_qgl.obj
 0003:0044cbec       _dllStencilMask            00945bec     renderer:win_qgl.obj
 0003:0044cbf0       _dllStencilOp              00945bf0     renderer:win_qgl.obj
 0003:0044cbf4       _dllTexCoord1d             00945bf4     renderer:win_qgl.obj
 0003:0044cbf8       _dllTexCoord1dv            00945bf8     renderer:win_qgl.obj
 0003:0044cbfc       _dllTexCoord1f             00945bfc     renderer:win_qgl.obj
 0003:0044cc00       _dllTexCoord1fv            00945c00     renderer:win_qgl.obj
 0003:0044cc04       _dllTexCoord1i             00945c04     renderer:win_qgl.obj
 0003:0044cc08       _dllTexCoord1iv            00945c08     renderer:win_qgl.obj
 0003:0044cc0c       _dllTexCoord1s             00945c0c     renderer:win_qgl.obj
 0003:0044cc10       _dllTexCoord1sv            00945c10     renderer:win_qgl.obj
 0003:0044cc14       _dllTexCoord2d             00945c14     renderer:win_qgl.obj
 0003:0044cc18       _dllTexCoord2dv            00945c18     renderer:win_qgl.obj
 0003:0044cc1c       _dllTexCoord2f             00945c1c     renderer:win_qgl.obj
 0003:0044cc20       _dllTexCoord2fv            00945c20     renderer:win_qgl.obj
 0003:0044cc24       _dllTexCoord2i             00945c24     renderer:win_qgl.obj
 0003:0044cc28       _dllTexCoord2iv            00945c28     renderer:win_qgl.obj
 0003:0044cc2c       _dllTexCoord2s             00945c2c     renderer:win_qgl.obj
 0003:0044cc30       _dllTexCoord2sv            00945c30     renderer:win_qgl.obj
 0003:0044cc34       _dllTexCoord3d             00945c34     renderer:win_qgl.obj
 0003:0044cc38       _dllTexCoord3dv            00945c38     renderer:win_qgl.obj
 0003:0044cc3c       _dllTexCoord3f             00945c3c     renderer:win_qgl.obj
 0003:0044cc40       _dllTexCoord3fv            00945c40     renderer:win_qgl.obj
 0003:0044cc44       _dllTexCoord3i             00945c44     renderer:win_qgl.obj
 0003:0044cc48       _dllTexCoord3iv            00945c48     renderer:win_qgl.obj
 0003:0044cc4c       _dllTexCoord3s             00945c4c     renderer:win_qgl.obj
 0003:0044cc50       _dllTexCoord3sv            00945c50     renderer:win_qgl.obj
 0003:0044cc54       _dllTexCoord4d             00945c54     renderer:win_qgl.obj
 0003:0044cc58       _dllTexCoord4dv            00945c58     renderer:win_qgl.obj
 0003:0044cc5c       _dllTexCoord4f             00945c5c     renderer:win_qgl.obj
 0003:0044cc60       _dllTexCoord4fv            00945c60     renderer:win_qgl.obj
 0003:0044cc64       _dllTexCoord4i             00945c64     renderer:win_qgl.obj
 0003:0044cc68       _dllTexCoord4iv            00945c68     renderer:win_qgl.obj
 0003:0044cc6c       _dllTexCoord4s             00945c6c     renderer:win_qgl.obj
 0003:0044cc70       _dllTexCoord4sv            00945c70     renderer:win_qgl.obj
 0003:0044cc74       _dllTexCoordPointer        00945c74     renderer:win_qgl.obj
 0003:0044cc78       _dllTexEnvf                00945c78     renderer:win_qgl.obj
 0003:0044cc7c       _dllTexEnvfv               00945c7c     renderer:win_qgl.obj
 0003:0044cc80       _dllTexEnvi                00945c80     renderer:win_qgl.obj
 0003:0044cc84       _dllTexEnviv               00945c84     renderer:win_qgl.obj
 0003:0044cc88       _dllTexGend                00945c88     renderer:win_qgl.obj
 0003:0044cc8c       _dllTexGendv               00945c8c     renderer:win_qgl.obj
 0003:0044cc90       _dllTexGenf                00945c90     renderer:win_qgl.obj
 0003:0044cc94       _dllTexGenfv               00945c94     renderer:win_qgl.obj
 0003:0044cc98       _dllTexGeni                00945c98     renderer:win_qgl.obj
 0003:0044cc9c       _dllTexGeniv               00945c9c     renderer:win_qgl.obj
 0003:0044cca0       _dllTexImage1D             00945ca0     renderer:win_qgl.obj
 0003:0044cca4       _dllTexImage2D             00945ca4     renderer:win_qgl.obj
 0003:0044cca8       _dllTexParameterf          00945ca8     renderer:win_qgl.obj
 0003:0044ccac       _dllTexParameterfv         00945cac     renderer:win_qgl.obj
 0003:0044ccb0       _dllTexParameteri          00945cb0     renderer:win_qgl.obj
 0003:0044ccb4       _dllTexParameteriv         00945cb4     renderer:win_qgl.obj
 0003:0044ccb8       _dllTexSubImage1D          00945cb8     renderer:win_qgl.obj
 0003:0044ccbc       _dllTexSubImage2D          00945cbc     renderer:win_qgl.obj
 0003:0044ccc0       _dllTranslated             00945cc0     renderer:win_qgl.obj
 0003:0044ccc4       _dllTranslatef             00945cc4     renderer:win_qgl.obj
 0003:0044ccc8       _dllVertex2d               00945cc8     renderer:win_qgl.obj
 0003:0044cccc       _dllVertex2dv              00945ccc     renderer:win_qgl.obj
 0003:0044ccd0       _dllVertex2f               00945cd0     renderer:win_qgl.obj
 0003:0044ccd4       _dllVertex2fv              00945cd4     renderer:win_qgl.obj
 0003:0044ccd8       _dllVertex2i               00945cd8     renderer:win_qgl.obj
 0003:0044ccdc       _dllVertex2iv              00945cdc     renderer:win_qgl.obj
 0003:0044cce0       _dllVertex2s               00945ce0     renderer:win_qgl.obj
 0003:0044cce4       _dllVertex2sv              00945ce4     renderer:win_qgl.obj
 0003:0044cce8       _dllVertex3d               00945ce8     renderer:win_qgl.obj
 0003:0044ccec       _dllVertex3dv              00945cec     renderer:win_qgl.obj
 0003:0044ccf0       _dllVertex3f               00945cf0     renderer:win_qgl.obj
 0003:0044ccf4       _dllVertex3fv              00945cf4     renderer:win_qgl.obj
 0003:0044ccf8       _dllVertex3i               00945cf8     renderer:win_qgl.obj
 0003:0044ccfc       _dllVertex3iv              00945cfc     renderer:win_qgl.obj
 0003:0044cd00       _dllVertex3s               00945d00     renderer:win_qgl.obj
 0003:0044cd04       _dllVertex3sv              00945d04     renderer:win_qgl.obj
 0003:0044cd08       _dllVertex4d               00945d08     renderer:win_qgl.obj
 0003:0044cd0c       _dllVertex4dv              00945d0c     renderer:win_qgl.obj
 0003:0044cd10       _dllVertex4f               00945d10     renderer:win_qgl.obj
 0003:0044cd14       _dllVertex4fv              00945d14     renderer:win_qgl.obj
 0003:0044cd18       _dllVertex4i               00945d18     renderer:win_qgl.obj
 0003:0044cd1c       _dllVertex4iv              00945d1c     renderer:win_qgl.obj
 0003:0044cd20       _dllVertex4s               00945d20     renderer:win_qgl.obj
 0003:0044cd24       _dllVertex4sv              00945d24     renderer:win_qgl.obj
 0003:0044cd28       _dllVertexPointer          00945d28     renderer:win_qgl.obj
 0003:0044cd2c       _dllViewport               00945d2c     renderer:win_qgl.obj
 0003:0044cd30       ?prim@?1??PrimToString@@9@9 00945d30     renderer:win_qgl.obj
 0003:0044d130       ?buffer@?1??CapToString@@9@9 00946130     renderer:win_qgl.obj
 0003:0044d530       ?isEnabled@?1??QGL_EnableLogging@@9@9 00946530     renderer:win_qgl.obj
 0003:0044d534       _c_vertexes                00946534     renderer:tr_shade.obj
 0003:0044d538       _c_begins                  00946538     renderer:tr_shade.obj
 0003:0044d53c       _setArraysOnce             0094653c     renderer:tr_shade.obj
 0003:0044d540       _edgeDefs                  00946540     renderer:tr_shadows.obj
 0003:0048bd40       _numEdgeDefs               00984d40     renderer:tr_shadows.obj
 0003:0048cce0       _facing                    00985ce0     renderer:tr_shadows.obj
 0003:0048ec20       _s_oldHardwareGamma        00987c20     renderer:win_gamma.obj
 0003:0048f220       _s_cloudTexCoords          00988220     renderer:tr_sky.obj
 0003:00490150       _s_cloudTexP               00989150     renderer:tr_sky.obj
 0003:004908e8       _sky_mins                  009898e8     renderer:tr_sky.obj
 0003:00490918       _sky_maxs                  00989918     renderer:tr_sky.obj
 0003:00490948       _sky_min                   00989948     renderer:tr_sky.obj
 0003:0049094c       _sky_max                   0098994c     renderer:tr_sky.obj
 0003:00490950       _s_skyPoints               00989950     renderer:tr_sky.obj
 0003:00490d20       _s_skyTexCoords            00989d20     renderer:tr_sky.obj
 0003:00490fa8       ?tmp@?1??myftol@@9@9       00989fa8     renderer:tr_shade_calc.obj
 0003:00490fb0       _GS_ExceptionRecord        00989fb0     LIBCMT:gs_report.obj
 0003:00491000       _GS_ContextRecord          0098a000     LIBCMT:gs_report.obj
 0003:004912cc       _DebuggerWasPresent        0098a2cc     LIBCMT:gs_report.obj
 0003:004912d0       ___enable_percent_n        0098a2d0     LIBCMT:printf.obj
 0003:004912d4       _buf                       0098a2d4     LIBCMT:asctime.obj
 0003:00491330       _start_tics                0098a330     LIBCMT:clock.obj
 0003:00491340       __pmatherr_set             0098a340     LIBCMT:libm_error.obj
 0003:0049135c       _fSystemSet                0098a35c     LIBCMT:mbctype.obj
 0003:00491378       _lclcritsects              0098a378     LIBCMT:mlock.obj
 0003:004914d8       ?outmsg@?9??_NMSG_WRITE@@9@9 0098a4d8     LIBCMT:crt0msg.obj
 0003:00491b10       _lastTZ                    0098ab10     LIBCMT:tzset.obj
 0003:00491b14       ?first_time@?1??__tzset@@9@9 0098ab14     LIBCMT:tzset.obj
 0003:00491b18       _tzapiused                 0098ab18     LIBCMT:tzset.obj
 0003:00491b20       _tzinfo                    0098ab20     LIBCMT:tzset.obj
 0003:00491cd8       _ctrlc_action              0098acd8     LIBCMT:winsig.obj
 0003:00491cdc       _ctrlbreak_action          0098acdc     LIBCMT:winsig.obj
 0003:00491ce0       _abort_action              0098ace0     LIBCMT:winsig.obj
 0003:00491ce4       _term_action               0098ace4     LIBCMT:winsig.obj
 0003:00491ce8       _ConsoleCtrlHandler_Installed 0098ace8     LIBCMT:winsig.obj
 0003:00491cec       _g_pfnRtlGenRandom         0098acec     LIBCMT:rand_s.obj
 0003:00491cf0       ?_pgmname@?1??_setargv@@9@9 0098acf0     LIBCMT:stdargv.obj
 0003:00491e08       ___crtCallProc             0098ae08     LIBCMT:winapinls.obj
 0003:00491e0c       ?pfnMessageBox@?1??__crtMessageBoxW@@9@9 0098ae0c     LIBCMT:crtmboxw.obj
 0003:00491e10       ?pfnGetActiveWindow@?1??__crtMessageBoxW@@9@9 0098ae10     LIBCMT:crtmboxw.obj
 0003:00491e14       ?pfnGetLastActivePopup@?1??__crtMessageBoxW@@9@9 0098ae14     LIBCMT:crtmboxw.obj
 0003:00491e18       ?pfnGetProcessWindowStation@?1??__crtMessageBoxW@@9@9 0098ae18     LIBCMT:crtmboxw.obj
 0003:00491e1c       ?pfnGetUserObjectInformation@?1??__crtMessageBoxW@@9@9 0098ae1c     LIBCMT:crtmboxw.obj
 0004:00000000       INF_c_1917_0_4             00c90000     LIBCMT:svml_dpow2_sse2.obj
 0004:00000010       QNaN_c_1917_0_4            00c90010     LIBCMT:svml_dpow2_sse2.obj
 0005:00000130       $R000000                   00c91130     winquake.res
 0005:00000418       $R0002E8                   00c91418     winquake.res
 0005:00000430       $R000300                   00c91430     winquake.res
 0005:00000460       $R000330                   00c91460     winquake.res
